update_sorted_regs=:num -> num -> linear_scan_hidden_state -> (unit, state_exn) exc # linear_scan_hidden_state
update_sorted_moves=:num -> num # num # num -> linear_scan_hidden_state -> (unit, state_exn) exc # linear_scan_hidden_state
update_int_end=:num -> int -> linear_scan_hidden_state -> (unit, state_exn) exc # linear_scan_hidden_state
update_int_beg=:num -> int -> linear_scan_hidden_state -> (unit, state_exn) exc # linear_scan_hidden_state
update_colors=:num -> num -> linear_scan_hidden_state -> (unit, state_exn) exc # linear_scan_hidden_state
swap_regs=:num -> num -> linear_scan_hidden_state -> (unit, state_exn) exc # linear_scan_hidden_state
swap_moves=:num -> num -> linear_scan_hidden_state -> (unit, state_exn) exc # linear_scan_hidden_state
st_ex_FOLDL=:(β -> δ -> α -> (β, γ) exc # α) -> β -> δ list -> α -> (β, γ) exc # α
st_ex_FILTER_good=:(β -> α -> (bool, γ) exc # α) -> β list -> α -> (β list, γ) exc # α
spill_register=:linear_scan_state -> num -> linear_scan_hidden_state -> (linear_scan_state, state_exn) exc # linear_scan_hidden_state
sorted_regs_to_list=:num -> num -> linear_scan_hidden_state -> (num list, state_exn) exc # linear_scan_hidden_state
sorted_regs_sub=:num -> linear_scan_hidden_state -> (num, state_exn) exc # linear_scan_hidden_state
sorted_regs_length=:linear_scan_hidden_state -> (num, γ) exc # linear_scan_hidden_state
sorted_moves_to_list=:num -> num -> linear_scan_hidden_state -> ((num # num # num) list, state_exn) exc # linear_scan_hidden_state
sorted_moves_sub=:num -> linear_scan_hidden_state -> (num # num # num, state_exn) exc # linear_scan_hidden_state
sorted_moves_length=:linear_scan_hidden_state -> (num, γ) exc # linear_scan_hidden_state
sort_regs=:num -> num -> linear_scan_hidden_state -> (unit, state_exn) exc # linear_scan_hidden_state
sort_moves_rev=:(num # α) list -> (num # α) list
sort_moves=:num -> num -> linear_scan_hidden_state -> (unit, state_exn) exc # linear_scan_hidden_state
size_of_live_tree=:live_tree -> int
size_of_clash_tree=:clash_tree -> int
set_sorted_regs=:num list -> linear_scan_hidden_state -> (unit, γ) exc # linear_scan_hidden_state
set_sorted_moves=:(num # num # num) list -> linear_scan_hidden_state -> (unit, γ) exc # linear_scan_hidden_state
set_int_end=:int list -> linear_scan_hidden_state -> (unit, γ) exc # linear_scan_hidden_state
set_int_beg=:int list -> linear_scan_hidden_state -> (unit, γ) exc # linear_scan_hidden_state
set_colors=:num list -> linear_scan_hidden_state -> (unit, γ) exc # linear_scan_hidden_state
run_linear_reg_alloc_intervals=:clash_tree -> num -> (num # num) list -> (num # num # num) list -> num list -> num sptree$num_map -> num -> (num sptree$num_map, state_exn) exc
run_i_linear_scan_hidden_state=:(linear_scan_hidden_state -> (β, γ) exc # linear_scan_hidden_state) -> i_linear_scan_hidden_state -> (β, γ) exc
remove_inactive_intervals=:int -> linear_scan_state -> linear_scan_hidden_state -> (linear_scan_state, state_exn) exc # linear_scan_hidden_state
raise_Subscript=:linear_scan_hidden_state -> (α, state_exn) exc # linear_scan_hidden_state
raise_Fail=:string -> linear_scan_hidden_state -> (α, state_exn) exc # linear_scan_hidden_state
point_inside_interval=:int # int -> int -> bool
partition_regs=:num -> num -> int -> num -> linear_scan_hidden_state -> (num, state_exn) exc # linear_scan_hidden_state
partition_moves=:num -> num -> num -> linear_scan_hidden_state -> (num, state_exn) exc # linear_scan_hidden_state
numset_list_insert_nottailrec=:num list -> sptree$num_set -> sptree$num_set
numset_list_insert=:num list -> sptree$num_set -> sptree$num_set
numset_list_add_if_lt_monad=:num list -> int -> linear_scan_hidden_state -> (unit, state_exn) exc # linear_scan_hidden_state
numset_list_add_if_lt=:num list -> int -> int sptree$num_map -> int sptree$num_map
numset_list_add_if_gt_monad=:num list -> int -> linear_scan_hidden_state -> (unit, state_exn) exc # linear_scan_hidden_state
numset_list_add_if_gt=:num list -> int -> int sptree$num_map -> int sptree$num_map
numset_list_add_if=:num list -> int -> int sptree$num_map -> (int -> int -> bool) -> int sptree$num_map
live_tree_size=:live_tree -> num
live_tree_registers=:live_tree -> num -> bool
live_tree_CASE=:live_tree -> (num list -> α) -> (num list -> α) -> (live_tree -> live_tree -> α) -> (live_tree -> live_tree -> α) -> α
list_to_sorted_regs=:num list -> num -> linear_scan_hidden_state -> (unit, state_exn) exc # linear_scan_hidden_state
list_to_sorted_moves=:(num # num # num) list -> num -> linear_scan_hidden_state -> (unit, state_exn) exc # linear_scan_hidden_state
linear_scan_state_size=:linear_scan_state -> num
linear_scan_state_CASE=:linear_scan_state -> ((int # num) list -> num list -> sptree$num_set -> num -> num -> num -> α) -> α
linear_scan_reg_alloc=:num -> (num # num # num) list -> clash_tree -> (num # num) list -> (num sptree$num_map, state_exn) exc
linear_scan_hidden_state_size=:linear_scan_hidden_state -> num
linear_scan_hidden_state_CASE=:linear_scan_hidden_state -> (num list -> int list -> int list -> num list -> (num # num # num) list -> α) -> α
linear_reg_alloc_step_pass2=:num list sptree$num_map -> num list sptree$num_map -> linear_scan_state -> num -> linear_scan_hidden_state -> (linear_scan_state, state_exn) exc # linear_scan_hidden_state
linear_reg_alloc_step_pass1=:num list sptree$num_map -> num list sptree$num_map -> linear_scan_state -> num -> linear_scan_hidden_state -> (linear_scan_state, state_exn) exc # linear_scan_hidden_state
linear_reg_alloc_step_aux=:linear_scan_state -> sptree$num_set -> num list -> num -> int -> bool -> linear_scan_hidden_state -> (linear_scan_state, state_exn) exc # linear_scan_hidden_state
linear_reg_alloc_pass2_initial_state=:num -> num -> linear_scan_state
linear_reg_alloc_pass1_initial_state=:num -> linear_scan_state
linear_reg_alloc_intervals=:num -> (num # num) list -> (num # num # num) list -> num list -> linear_scan_hidden_state -> (unit, state_exn) exc # linear_scan_hidden_state
linear_reg_alloc_and_extract_coloration=:clash_tree -> num -> (num # num) list -> (num # num # num) list -> num list -> num sptree$num_map -> α -> linear_scan_hidden_state -> (num sptree$num_map, state_exn) exc # linear_scan_hidden_state
interval_intersect=:int # int -> int # int -> bool
int_end_sub=:num -> linear_scan_hidden_state -> (int, state_exn) exc # linear_scan_hidden_state
int_end_length=:linear_scan_hidden_state -> (num, γ) exc # linear_scan_hidden_state
int_beg_sub=:num -> linear_scan_hidden_state -> (int, state_exn) exc # linear_scan_hidden_state
int_beg_length=:linear_scan_hidden_state -> (num, γ) exc # linear_scan_hidden_state
i_linear_scan_hidden_state_size=:i_linear_scan_hidden_state -> num
i_linear_scan_hidden_state_CASE=:i_linear_scan_hidden_state -> (num # num -> num # int -> num # int -> num # num -> num # num # num # num -> α) -> α
handle_Subscript=:(linear_scan_hidden_state -> (α, state_exn) exc # linear_scan_hidden_state) -> (linear_scan_hidden_state -> (α, state_exn) exc # linear_scan_hidden_state) -> linear_scan_hidden_state -> (α, state_exn) exc # linear_scan_hidden_state
handle_Fail=:(linear_scan_hidden_state -> (α, state_exn) exc # linear_scan_hidden_state) -> (string -> linear_scan_hidden_state -> (α, state_exn) exc # linear_scan_hidden_state) -> linear_scan_hidden_state -> (α, state_exn) exc # linear_scan_hidden_state
get_sorted_regs=:linear_scan_hidden_state -> (num list, γ) exc # linear_scan_hidden_state
get_sorted_moves=:linear_scan_hidden_state -> ((num # num # num) list, γ) exc # linear_scan_hidden_state
get_live_tree=:clash_tree -> live_tree
get_live_backward=:live_tree -> sptree$num_set -> sptree$num_set
get_intervals_withlive=:live_tree -> int -> int sptree$num_map -> int sptree$num_map -> sptree$num_set -> int # int sptree$num_map # int sptree$num_map
get_intervals_ct_monad_aux=:clash_tree -> int -> sptree$num_set -> linear_scan_hidden_state -> (int # sptree$num_set, state_exn) exc # linear_scan_hidden_state
get_intervals_ct_monad=:clash_tree -> linear_scan_hidden_state -> (int, state_exn) exc # linear_scan_hidden_state
get_intervals_ct_aux=:clash_tree -> int -> int sptree$num_map -> int sptree$num_map -> sptree$num_set -> int # int sptree$num_map # int sptree$num_map # sptree$num_set
get_intervals_ct=:clash_tree -> int # int sptree$num_map # int sptree$num_map
get_intervals=:live_tree -> int -> int sptree$num_map -> int sptree$num_map -> int # int sptree$num_map # int sptree$num_map
get_int_end=:linear_scan_hidden_state -> (int list, γ) exc # linear_scan_hidden_state
get_int_beg=:linear_scan_hidden_state -> (int list, γ) exc # linear_scan_hidden_state
get_colors=:linear_scan_hidden_state -> (num list, γ) exc # linear_scan_hidden_state
fix_domination=:live_tree -> live_tree
find_spill=:linear_scan_state -> sptree$num_set -> num -> int -> bool -> linear_scan_hidden_state -> (linear_scan_state, state_exn) exc # linear_scan_hidden_state
find_reg_exchange=:num list -> num sptree$num_map -> num sptree$num_map -> linear_scan_hidden_state -> (num sptree$num_map # num sptree$num_map, state_exn) exc # linear_scan_hidden_state
find_last_stealable=:(α # num) list -> sptree$num_set -> linear_scan_hidden_state -> (((α # num) # (α # num) list) option, state_exn) exc # linear_scan_hidden_state
find_color_in_list=:num list -> sptree$num_set -> (num # num list) option
find_color_in_colornum=:linear_scan_state -> sptree$num_set -> linear_scan_state # num option
find_color=:linear_scan_state -> sptree$num_set -> linear_scan_state # num option
find_bijection_step=:bijection_state -> num -> bijection_state
find_bijection_init=:bijection_state
find_bijection_clash_tree=:bijection_state -> clash_tree -> bijection_state
extract_coloration=:num sptree$num_map -> num list -> num sptree$num_map -> linear_scan_hidden_state -> (num sptree$num_map, state_exn) exc # linear_scan_hidden_state
edges_to_adjlist=:(num # num) list -> num list sptree$num_map -> linear_scan_hidden_state -> (num list sptree$num_map, state_exn) exc # linear_scan_hidden_state
colors_sub=:num -> linear_scan_hidden_state -> (num, state_exn) exc # linear_scan_hidden_state
colors_length=:linear_scan_hidden_state -> (num, γ) exc # linear_scan_hidden_state
color_register=:linear_scan_state -> num -> num -> int -> linear_scan_hidden_state -> (linear_scan_state, state_exn) exc # linear_scan_hidden_state
check_startlive_prop=:live_tree -> int -> int sptree$num_map -> int sptree$num_map -> int -> bool
check_number_property_strong=:(int -> sptree$num_set -> bool) -> live_tree -> int -> sptree$num_set -> bool
check_number_property=:(int -> sptree$num_set -> bool) -> live_tree -> int -> sptree$num_set -> bool
check_live_tree=:(num -> num) -> live_tree -> sptree$num_set -> sptree$num_set -> (sptree$num_set # sptree$num_set) option
check_intervals=:(num -> α) -> int sptree$num_map -> int sptree$num_map -> bool
bijection_state_size=:bijection_state -> num
bijection_state_CASE=:bijection_state -> (num sptree$num_map -> num sptree$num_map -> num -> num -> num -> α) -> α
apply_reg_exchange=:num list -> linear_scan_hidden_state -> (unit, state_exn) exc # linear_scan_hidden_state
apply_bijection=:num sptree$num_map -> int sptree$num_map -> int sptree$num_map
apply_bij_on_clash_tree=:clash_tree -> num sptree$num_map -> clash_tree
add_active_interval=:int # num -> (int # num) list -> (int # num) list
Writes=:num list -> live_tree
Seq=:live_tree -> live_tree -> live_tree
Reads=:num list -> live_tree
MAP_colors=:(num -> num) -> num -> linear_scan_hidden_state -> (unit, state_exn) exc # linear_scan_hidden_state
Branch=:live_tree -> live_tree -> live_tree
