update_node_tag=:num -> tag -> ra_state -> (unit, state_exn) exc # ra_state
update_move_related=:num -> bool -> ra_state -> (unit, state_exn) exc # ra_state
update_move=:(num -> num) -> num # num # num -> num # num # num
update_degrees=:num -> num -> ra_state -> (unit, state_exn) exc # ra_state
update_coalesced=:num -> num -> ra_state -> (unit, state_exn) exc # ra_state
update_adj_ls=:num -> num list -> ra_state -> (unit, state_exn) exc # ra_state
unspill=:num -> ra_state -> (unit, state_exn) exc # ra_state
undir_move_insert=:α -> num -> num -> (α # num) list sptree$num_map -> (α # num) list sptree$num_map
unbound_colour=:num -> num list -> num
tag_size=:tag -> num
tag_col=:tag -> num
tag_CASE=:tag -> (num -> α) -> α -> α -> α
state_exn_size=:state_exn -> num
state_exn_CASE=:state_exn -> (string -> α) -> α -> α
st_ex_list_MIN_cost=:num sptree$num_map -> num list -> num -> num -> num -> num list -> ra_state -> (num # num list, state_exn) exc # ra_state
st_ex_list_MAX_deg=:num list -> num -> num -> num -> num list -> ra_state -> (num # num list, state_exn) exc # ra_state
st_ex_PARTITION=:(β -> α -> (bool, γ) exc # α) -> β list -> β list -> β list -> α -> (β list # β list, γ) exc # α
st_ex_MAP=:(δ -> α -> (β, γ) exc # α) -> δ list -> α -> (β list, γ) exc # α
st_ex_FOREACH=:γ list -> (γ -> α -> (δ, β) exc # α) -> α -> (unit, β) exc # α
st_ex_FIRST=:(num -> num -> ra_state -> (bool, state_exn) exc # ra_state) -> (num -> num -> ra_state -> (α option, state_exn) exc # ra_state) -> (β # num # num) list -> (β # num # num) list -> ra_state -> (((num # num) # α # (β # num # num) list) option # (β # num # num) list, state_exn) exc # ra_state
st_ex_FILTER=:(β -> α -> (bool, γ) exc # α) -> β list -> β list -> α -> (β list, γ) exc # α
split_degree=:num -> num -> num -> ra_state -> (bool, state_exn) exc # ra_state
sp_default=:num sptree$num_map -> num -> num
sorted_mem=:num -> num list -> bool
sorted_insert=:num -> num list -> num list -> num list
sort_moves=:(num # α) list -> (num # α) list
smerge=:(num # α) list -> (num # α) list -> (num # α) list
set_unavail_moves_wl=:(num # num # num) list -> ra_state -> (unit, γ) exc # ra_state
set_stack=:num list -> ra_state -> (unit, γ) exc # ra_state
set_spill_wl=:num list -> ra_state -> (unit, γ) exc # ra_state
set_simp_wl=:num list -> ra_state -> (unit, γ) exc # ra_state
set_node_tag=:tag list -> ra_state -> (unit, γ) exc # ra_state
set_move_related=:bool list -> ra_state -> (unit, γ) exc # ra_state
set_freeze_wl=:num list -> ra_state -> (unit, γ) exc # ra_state
set_dim=:num -> ra_state -> (unit, γ) exc # ra_state
set_degrees=:num list -> ra_state -> (unit, γ) exc # ra_state
set_coalesced=:num list -> ra_state -> (unit, γ) exc # ra_state
set_avail_moves_wl=:(num # num # num) list -> ra_state -> (unit, γ) exc # ra_state
set_adj_ls=:num list list -> ra_state -> (unit, γ) exc # ra_state
safe_div=:num -> num -> num
run_ira_state=:(ra_state -> (β, γ) exc # ra_state) -> ira_state -> (β, γ) exc
rpt_do_step=:num sptree$num_map option -> num -> num -> ra_state -> (unit, state_exn) exc # ra_state
revive_moves=:num list -> ra_state -> (unit, state_exn) exc # ra_state
respill=:num -> num -> ra_state -> (unit, state_exn) exc # ra_state
resort_moves=:(num # α) list sptree$num_map -> α list sptree$num_map
reset_move_related=:(α # num # num) list -> ra_state -> (unit, state_exn) exc # ra_state
remove_colours=:num list -> num list -> ra_state -> (num list, state_exn) exc # ra_state
reg_alloc_aux=:algorithm -> num sptree$num_map option -> num -> (num # num # num) list -> clash_tree -> (num # num) list -> sptree$num_set -> num sptree$num_map # num sptree$num_map # num -> (num sptree$num_map, state_exn) exc
reg_alloc=:algorithm -> num sptree$num_map option -> num -> (num # num # num) list -> clash_tree -> (num # num) list -> sptree$num_set -> (num sptree$num_map, state_exn) exc
raise_Subscript=:ra_state -> (α, state_exn) exc # ra_state
raise_Fail=:string -> ra_state -> (α, state_exn) exc # ra_state
ra_state_size=:ra_state -> num
ra_state_CASE=:ra_state -> (num list list -> tag list -> num list -> num -> num list -> num list -> num list -> (num # num # num) list -> (num # num # num) list -> num list -> bool list -> num list -> α) -> α
push_stack=:num -> ra_state -> (unit, state_exn) exc # ra_state
pri_move_insert=:α -> num -> β -> (α # β) list sptree$num_map -> (α # β) list sptree$num_map
numset_list_delete=:num list -> α sptree$num_map -> α sptree$num_map
num2algorithm=:num -> algorithm
node_tag_sub=:num -> ra_state -> (tag, state_exn) exc # ra_state
node_tag_length=:ra_state -> (num, γ) exc # ra_state
neg_first_match_col=:num -> num list -> num list -> ra_state -> (num option, state_exn) exc # ra_state
neg_biased_pref=:num -> num list sptree$num_map -> num -> num list -> ra_state -> (num option, state_exn) exc # ra_state
moves_to_sp=:(α # num # num) list -> (α # num) list sptree$num_map -> (α # num) list sptree$num_map
move_related_sub=:num -> ra_state -> (bool, state_exn) exc # ra_state
move_related_length=:ra_state -> (num, γ) exc # ra_state
mk_tags=:num -> sptree$num_set -> (num -> num) -> ra_state -> (unit, state_exn) exc # ra_state
mk_graph=:(num -> num) -> clash_tree -> num list -> ra_state -> (num list, state_exn) exc # ra_state
mk_bij_aux=:clash_tree -> num sptree$num_map # num sptree$num_map # num -> num sptree$num_map # num sptree$num_map # num
mk_bij=:clash_tree -> num sptree$num_map # num sptree$num_map # num
list_remap=:num list -> num sptree$num_map # num sptree$num_map # num -> num sptree$num_map # num sptree$num_map # num
list_insert_edge=:num -> num list -> ra_state -> (unit, state_exn) exc # ra_state
is_stack_var=:num -> bool
is_phy_var=:num -> bool
is_not_coalesced=:num -> ra_state -> (bool, state_exn) exc # ra_state
is_alloc_var=:num -> bool
is_Fixed_k=:num -> num -> ra_state -> (bool, state_exn) exc # ra_state
is_Fixed=:num -> ra_state -> (bool, state_exn) exc # ra_state
is_Atemp=:num -> ra_state -> (bool, state_exn) exc # ra_state
ira_state_size=:ira_state -> num
ira_state_CASE=:ira_state -> (num # num list -> num # tag -> num # num -> num -> num list -> num list -> num list -> (num # num # num) list -> (num # num # num) list -> num # num -> num # bool -> num list -> α) -> α
insert_edge=:num -> num -> ra_state -> (unit, state_exn) exc # ra_state
init_ra_state=:clash_tree -> (num # num) list -> sptree$num_set -> num sptree$num_map # num sptree$num_map # num -> ra_state -> (unit, state_exn) exc # ra_state
init_alloc1_heu=:(num # num # num) list -> num -> num -> ra_state -> (num, state_exn) exc # ra_state
inc_deg=:num -> num -> ra_state -> (unit, state_exn) exc # ra_state
handle_Subscript=:(ra_state -> (α, state_exn) exc # ra_state) -> (ra_state -> (α, state_exn) exc # ra_state) -> ra_state -> (α, state_exn) exc # ra_state
handle_Fail=:(ra_state -> (α, state_exn) exc # ra_state) -> (string -> ra_state -> (α, state_exn) exc # ra_state) -> ra_state -> (α, state_exn) exc # ra_state
get_unavail_moves_wl=:ra_state -> ((num # num # num) list, γ) exc # ra_state
get_stack=:ra_state -> (num list, γ) exc # ra_state
get_spill_wl=:ra_state -> (num list, γ) exc # ra_state
get_simp_wl=:ra_state -> (num list, γ) exc # ra_state
get_node_tag=:ra_state -> (tag list, γ) exc # ra_state
get_move_related=:ra_state -> (bool list, γ) exc # ra_state
get_freeze_wl=:ra_state -> (num list, γ) exc # ra_state
get_dim=:ra_state -> (num, γ) exc # ra_state
get_degrees=:ra_state -> (num list, γ) exc # ra_state
get_coalesced=:ra_state -> (num list, γ) exc # ra_state
get_avail_moves_wl=:ra_state -> ((num # num # num) list, γ) exc # ra_state
get_adj_ls=:ra_state -> (num list list, γ) exc # ra_state
full_consistency_ok=:num -> num -> num -> ra_state -> (bool, state_exn) exc # ra_state
first_match_col=:num list -> num list -> ra_state -> (num option, state_exn) exc # ra_state
extract_tag=:tag -> num
extract_color=:num sptree$num_map -> ra_state -> (num sptree$num_map, state_exn) exc # ra_state
extend_graph=:(α -> num) -> (α # α) list -> ra_state -> (unit, state_exn) exc # ra_state
extend_clique=:num list -> num list -> ra_state -> (num list, state_exn) exc # ra_state
do_upd_coalesce=:num -> ra_state -> (unit, state_exn) exc # ra_state
do_step=:num sptree$num_map option -> num -> ra_state -> (bool, state_exn) exc # ra_state
do_spill=:num sptree$num_map option -> num -> ra_state -> (bool, state_exn) exc # ra_state
do_simplify=:num -> ra_state -> (bool, state_exn) exc # ra_state
do_reg_alloc=:algorithm -> num sptree$num_map option -> num -> (num # num # num) list -> clash_tree -> (num # num) list -> sptree$num_set -> num sptree$num_map # num sptree$num_map # num -> ra_state -> (num sptree$num_map, state_exn) exc # ra_state
do_prefreeze=:num -> ra_state -> (bool, state_exn) exc # ra_state
do_freeze=:num -> ra_state -> (bool, state_exn) exc # ra_state
do_coalesce_real=:num -> num -> num list -> num list -> ra_state -> (unit, state_exn) exc # ra_state
do_coalesce=:num -> ra_state -> (bool, state_exn) exc # ra_state
do_alloc1=:(num # num # num) list -> num sptree$num_map option -> num -> ra_state -> (num list, state_exn) exc # ra_state
degrees_sub=:num -> ra_state -> (num, state_exn) exc # ra_state
degrees_length=:ra_state -> (num, γ) exc # ra_state
deg_or_inf=:num -> num -> ra_state -> (num, state_exn) exc # ra_state
dec_degree=:num -> ra_state -> (unit, state_exn) exc # ra_state
dec_deg=:num -> ra_state -> (unit, state_exn) exc # ra_state
consistency_ok=:num -> num -> ra_state -> (bool, state_exn) exc # ra_state
considered_var=:num -> num -> ra_state -> (bool, state_exn) exc # ra_state
coalesced_sub=:num -> ra_state -> (num, state_exn) exc # ra_state
coalesced_length=:ra_state -> (num, γ) exc # ra_state
coalesce_root=:num -> ra_state -> (num, state_exn) exc # ra_state
coalesce_parent=:num -> ra_state -> (num, state_exn) exc # ra_state
clique_insert_edge=:num list -> ra_state -> (unit, state_exn) exc # ra_state
clash_tree_size=:clash_tree -> num
clash_tree_CASE=:clash_tree -> (num list -> num list -> α) -> (sptree$num_set -> α) -> (sptree$num_set option -> clash_tree -> clash_tree -> α) -> (clash_tree -> clash_tree -> α) -> α
check_partial_col=:(num -> num) -> num list -> sptree$num_set -> sptree$num_set -> (sptree$num_set # sptree$num_set) option
check_col=:(num -> num) -> α sptree$num_map -> (α sptree$num_map # sptree$num_set) option
check_clash_tree=:(num -> num) -> clash_tree -> sptree$num_set -> sptree$num_set -> (sptree$num_set # sptree$num_set) option
canonize_move=:num -> num -> ra_state -> (num # num, state_exn) exc # ra_state
biased_pref=:num list sptree$num_map -> num -> num list -> ra_state -> (num option, state_exn) exc # ra_state
bg_ok=:num -> num -> num -> ra_state -> ((num list # num list) option, state_exn) exc # ra_state
assign_Stemps=:num -> (num -> num list -> ra_state -> (num option, state_exn) exc # ra_state) -> ra_state -> (unit, state_exn) exc # ra_state
assign_Stemp_tag=:num -> (num -> num list -> ra_state -> (num option, state_exn) exc # ra_state) -> num -> ra_state -> (unit, state_exn) exc # ra_state
assign_Atemps=:num -> num list -> (num -> num list -> ra_state -> (num option, state_exn) exc # ra_state) -> ra_state -> (unit, state_exn) exc # ra_state
assign_Atemp_tag=:num list -> (num -> num list -> ra_state -> (num option, state_exn) exc # ra_state) -> num -> ra_state -> (unit, state_exn) exc # ra_state
algorithm_size=:algorithm -> num
algorithm_CASE=:algorithm -> α -> α -> α
algorithm2num=:algorithm -> num
adj_ls_sub=:num -> ra_state -> (num list, state_exn) exc # ra_state
adj_ls_length=:ra_state -> (num, γ) exc # ra_state
add_unavail_moves_wl=:(num # num # num) list -> ra_state -> (unit, α) exc # ra_state
add_spill_wl=:num list -> ra_state -> (unit, α) exc # ra_state
add_simp_wl=:num list -> ra_state -> (unit, α) exc # ra_state
add_freeze_wl=:num list -> ra_state -> (unit, α) exc # ra_state
Subscript=:state_exn
Stemp=:tag
Simple=:algorithm
Set=:sptree$num_set -> clash_tree
Seq=:clash_tree -> clash_tree -> clash_tree
IRC=:algorithm
Fixed=:num -> tag
Fail=:string -> state_exn
Delta=:num list -> num list -> clash_tree
Branch=:sptree$num_set option -> clash_tree -> clash_tree -> clash_tree
Atemp=:tag
