CANDIDATE_TAG_COVERAGE 208/208; PINNED_TAG_COVERAGE 2571/2571; ACTUAL_TAGGED_ROOTS 2617
ALL_NAMESPACE_CONSTANTS 431035; PROOF_AND_TYPE_EDGES 12219750; FORBIDDEN_CLOSURES 60; TAGGED_FORBIDDEN_CLOSURES 0
DEPENDENCY tagged=false _private.Flapjack.Compiler.Backend.LinearScan.Proofs.RegExchange.0.Flapjack.LinearScan.subEqn: [_private.Flapjack.Compiler.Backend.LinearScan.Proofs.RegExchange.0.Flapjack.LinearScan.subEqn,
 Flapjack.holEl]
DEPENDENCY tagged=false Flapjack.LinearScan.applyRegExchangeCorrect.match_1_5: [Flapjack.LinearScan.applyRegExchangeCorrect.match_1_5,
 Flapjack.holEl]
DEPENDENCY tagged=false Flapjack.holEl._f: [Flapjack.holEl._f, Flapjack.holHd]
DEPENDENCY tagged=false Flapjack.holEl_of_length_le: [Flapjack.holEl_of_length_le, Flapjack.holHdNil]
DEPENDENCY tagged=false Flapjack.holEl_set: [Flapjack.holEl_set, Flapjack.holHdNil]
DEPENDENCY tagged=false Flapjack.LinearScan.numsetListAddIfGtMonadCorrect: [Flapjack.LinearScan.numsetListAddIfGtMonadCorrect,
 _private.Flapjack.Compiler.Backend.LinearScan.Proofs.IntervalMonad.0.Flapjack.LinearScan.sptreeEqListStep,
 Flapjack.holEl_set,
 Flapjack.holHdNil]
DEPENDENCY tagged=false Flapjack.LinearScan.numsetListAddIfGtMonadCorrect._proof_1_8: [Flapjack.LinearScan.numsetListAddIfGtMonadCorrect._proof_1_8,
 Flapjack.holEl]
DEPENDENCY tagged=false Flapjack.LinearScan.sortedMovesSubEqn: [Flapjack.LinearScan.sortedMovesSubEqn, Flapjack.holEl]
DEPENDENCY tagged=false Flapjack.LinearScan.findRegExchangeFoldrCorrect: [Flapjack.LinearScan.findRegExchangeFoldrCorrect,
 Flapjack.holEl]
DEPENDENCY tagged=false Flapjack.LinearScan.getIntervalsCtMonadCorrect._proof_1_3: [Flapjack.LinearScan.getIntervalsCtMonadCorrect._proof_1_3,
 Flapjack.holEl]
DEPENDENCY tagged=false Flapjack.LinearScan.mapColorsEq: [Flapjack.LinearScan.mapColorsEq,
 Flapjack.LinearScan.mapColorsEqLemma,
 Flapjack.holEl_set,
 Flapjack.holHdNil]
DEPENDENCY tagged=false Flapjack.LinearScan.intBegSubEqn: [Flapjack.LinearScan.intBegSubEqn, Flapjack.holEl]
DEPENDENCY tagged=false Flapjack.holHd.congr_simp: [Flapjack.holHd.congr_simp, Flapjack.holHd]
DEPENDENCY tagged=false Flapjack.LinearScan.sortedRegsSubEqn: [Flapjack.LinearScan.sortedRegsSubEqn, Flapjack.holEl]
DEPENDENCY tagged=false Flapjack.LinearScan.getIntervalsCtMonadAuxCorrect: [Flapjack.LinearScan.getIntervalsCtMonadAuxCorrect,
 Flapjack.LinearScan.numsetListAddIfGtMonadCorrect,
 _private.Flapjack.Compiler.Backend.LinearScan.Proofs.IntervalMonad.0.Flapjack.LinearScan.sptreeEqListStep,
 Flapjack.holEl_set,
 Flapjack.holHdNil]
DEPENDENCY tagged=false Flapjack.holHdNil.congr_simp: [Flapjack.holHdNil.congr_simp, Flapjack.holHdNil]
DEPENDENCY tagged=false Flapjack.LinearScan.getIntervalsCtMonadCorrect.match_1_1: [Flapjack.LinearScan.getIntervalsCtMonadCorrect.match_1_1,
 Flapjack.holEl]
DEPENDENCY tagged=false Flapjack.holEl_eq_getElem: [Flapjack.holEl_eq_getElem, Flapjack.holEl]
DEPENDENCY tagged=false Flapjack.LinearScan.numsetListAddIfGtMonadCorrect.match_1_1: [Flapjack.LinearScan.numsetListAddIfGtMonadCorrect.match_1_1,
 Flapjack.LinearScan.sptreeEqList,
 Flapjack.holEl]
DEPENDENCY tagged=false Flapjack.LinearScan.getIntervalsCtMonadAuxCorrect.match_1_10: [Flapjack.LinearScan.getIntervalsCtMonadAuxCorrect.match_1_10,
 Flapjack.LinearScan.sptreeEqList,
 Flapjack.holEl]
DEPENDENCY tagged=false Flapjack.LinearScan.findRegExchangeStep.eq_1: [Flapjack.LinearScan.findRegExchangeStep.eq_1,
 Flapjack.holEl]
DEPENDENCY tagged=false Flapjack.holEl_cons_succ: [Flapjack.holEl_cons_succ, Flapjack.holEl]
DEPENDENCY tagged=false Flapjack.LinearScan.numsetListAddIfGtMonadCorrect.match_1_3: [Flapjack.LinearScan.numsetListAddIfGtMonadCorrect.match_1_3,
 Flapjack.LinearScan.sptreeEqList,
 Flapjack.holEl]
DEPENDENCY tagged=false Flapjack.holEl_eq_getElem._f: [Flapjack.holEl_eq_getElem._f, Flapjack.holEl]
DEPENDENCY tagged=false Flapjack.LinearScan.findRegExchangeCorrect.match_1_1: [Flapjack.LinearScan.findRegExchangeCorrect.match_1_1,
 Flapjack.holEl]
DEPENDENCY tagged=false Flapjack.LinearScan.numsetListAddIfLtMonadCorrect: [Flapjack.LinearScan.numsetListAddIfLtMonadCorrect,
 _private.Flapjack.Compiler.Backend.LinearScan.Proofs.IntervalMonad.0.Flapjack.LinearScan.sptreeEqListStep,
 Flapjack.holEl_set,
 Flapjack.holHdNil]
DEPENDENCY tagged=false Flapjack.LinearScan.mapColorsEqLemma._proof_1_4: [Flapjack.LinearScan.mapColorsEqLemma._proof_1_4,
 Flapjack.holEl]
DEPENDENCY tagged=false Flapjack.holEl._sunfold: [Flapjack.holEl._sunfold, Flapjack.holHd]
DEPENDENCY tagged=false Flapjack.LinearScan.applyRegExchangeCorrect: [Flapjack.LinearScan.applyRegExchangeCorrect,
 Flapjack.LinearScan.mapColorsEq,
 Flapjack.LinearScan.mapColorsEqLemma,
 Flapjack.holEl_set,
 Flapjack.holHdNil]
DEPENDENCY tagged=false Flapjack.holEl.eq_2: [Flapjack.holEl.eq_2, Flapjack.holEl]
DEPENDENCY tagged=false Flapjack.holEl: [Flapjack.holEl]
DEPENDENCY tagged=false Flapjack.holEl.congr_simp: [Flapjack.holEl.congr_simp, Flapjack.holEl]
DEPENDENCY tagged=false Flapjack.LinearScan.mapColorsEqLemma._proof_1_2: [Flapjack.LinearScan.mapColorsEqLemma._proof_1_2,
 Flapjack.holEl]
DEPENDENCY tagged=false Flapjack.LinearScan.numsetListAddIfLtMonadCorrect.match_1_3: [Flapjack.LinearScan.numsetListAddIfLtMonadCorrect.match_1_3,
 Flapjack.LinearScan.sptreeEqList,
 Flapjack.holEl]
DEPENDENCY tagged=false Flapjack.holEl_of_length_le._f: [Flapjack.holEl_of_length_le._f, Flapjack.holHdNil]
DEPENDENCY tagged=false Flapjack.LinearScan.findRegExchangeFoldrCorrect.match_1_1: [Flapjack.LinearScan.findRegExchangeFoldrCorrect.match_1_1,
 Flapjack.holEl]
DEPENDENCY tagged=false _private.Flapjack.Compiler.Backend.LinearScan.Proofs.IntervalMonad.0.Flapjack.LinearScan.sptreeEqListLookup: [_private.Flapjack.Compiler.Backend.LinearScan.Proofs.IntervalMonad.0.Flapjack.LinearScan.sptreeEqListLookup,
 Flapjack.holEl]
DEPENDENCY tagged=false Flapjack.LinearScan.mapColorsEqLemma._proof_1_5: [Flapjack.LinearScan.mapColorsEqLemma._proof_1_5,
 Flapjack.holEl]
DEPENDENCY tagged=false _private.Flapjack.Compiler.Backend.LinearScan.Proofs.IntervalMonad.0.Flapjack.LinearScan.sptreeEqListStep: [_private.Flapjack.Compiler.Backend.LinearScan.Proofs.IntervalMonad.0.Flapjack.LinearScan.sptreeEqListStep,
 Flapjack.holEl_set,
 Flapjack.holHdNil]
DEPENDENCY tagged=false Flapjack.holEl.eq_1: [Flapjack.holEl.eq_1, Flapjack.holHd]
DEPENDENCY tagged=false Flapjack.LinearScan.colorsSubEqn: [Flapjack.LinearScan.colorsSubEqn, Flapjack.holEl]
DEPENDENCY tagged=false Flapjack.LinearScan.mapColorsEqLemma: [Flapjack.LinearScan.mapColorsEqLemma,
 Flapjack.holEl_set,
 Flapjack.holHdNil]
DEPENDENCY tagged=false Flapjack.LinearScan.sptreeEqList: [Flapjack.LinearScan.sptreeEqList, Flapjack.holEl]
DEPENDENCY tagged=false Flapjack.LinearScan.getIntervalsCtMonadAuxCorrect.match_1_1: [Flapjack.LinearScan.getIntervalsCtMonadAuxCorrect.match_1_1,
 Flapjack.LinearScan.sptreeEqList,
 Flapjack.holEl]
DEPENDENCY tagged=false Flapjack.holHd: [Flapjack.holHd]
DEPENDENCY tagged=false Flapjack.holEl.eq_def: [Flapjack.holEl.eq_def, Flapjack.holHd]
DEPENDENCY tagged=false Flapjack.LinearScan.numsetListAddIfLtMonadCorrect.match_1_1: [Flapjack.LinearScan.numsetListAddIfLtMonadCorrect.match_1_1,
 Flapjack.LinearScan.sptreeEqList,
 Flapjack.holEl]
DEPENDENCY tagged=false Flapjack.LinearScan.getIntervalsCtMonadCorrect: [Flapjack.LinearScan.getIntervalsCtMonadCorrect,
 Flapjack.LinearScan.numsetListAddIfGtMonadCorrect,
 _private.Flapjack.Compiler.Backend.LinearScan.Proofs.IntervalMonad.0.Flapjack.LinearScan.sptreeEqListStep,
 Flapjack.holEl_set,
 Flapjack.holHdNil]
DEPENDENCY tagged=false Flapjack.LinearScan.findRegExchangeFoldl: [Flapjack.LinearScan.findRegExchangeFoldl,
 Flapjack.holEl]
DEPENDENCY tagged=false Flapjack.LinearScan.mapColorsEqLemma._proof_1_3: [Flapjack.LinearScan.mapColorsEqLemma._proof_1_3,
 Flapjack.holEl]
DEPENDENCY tagged=false Flapjack.LinearScan.applyRegExchangeCorrect.match_1_3: [Flapjack.LinearScan.applyRegExchangeCorrect.match_1_3,
 Flapjack.holEl]
DEPENDENCY tagged=false Flapjack.LinearScan.intEndSubEqn: [Flapjack.LinearScan.intEndSubEqn, Flapjack.holEl]
DEPENDENCY tagged=false Flapjack.LinearScan.findRegExchangeCorrect: [Flapjack.LinearScan.findRegExchangeCorrect,
 Flapjack.holEl]
DEPENDENCY tagged=false Flapjack.LinearScan.numsetListAddIfLtMonadCorrect._proof_1_8: [Flapjack.LinearScan.numsetListAddIfLtMonadCorrect._proof_1_8,
 Flapjack.holEl]
DEPENDENCY tagged=false Flapjack.LinearScan.extractColorationOutput: [Flapjack.LinearScan.extractColorationOutput,
 Flapjack.holEl]
DEPENDENCY tagged=false Flapjack.holHdNil: [Flapjack.holHdNil]
DEPENDENCY tagged=false Flapjack.LinearScan.findRegExchangeFoldrCorrect.match_1_4: [Flapjack.LinearScan.findRegExchangeFoldrCorrect.match_1_4,
 Flapjack.holEl]
DEPENDENCY tagged=false Flapjack.LinearScan.getIntervalsCtMonadAuxCorrect.match_1_16: [Flapjack.LinearScan.getIntervalsCtMonadAuxCorrect.match_1_16,
 Flapjack.LinearScan.sptreeEqList,
 Flapjack.holEl]
DEPENDENCY tagged=false Flapjack.LinearScan.getIntervalsCtMonadAuxCorrect.match_1_13: [Flapjack.LinearScan.getIntervalsCtMonadAuxCorrect.match_1_13,
 Flapjack.LinearScan.sptreeEqList,
 Flapjack.holEl]
DEPENDENCY tagged=false Flapjack.LinearScan.findRegExchangeStep: [Flapjack.LinearScan.findRegExchangeStep,
 Flapjack.holEl]
PROFILE graph_ms=52037; nodes=431035; edges=12219750
