asm_binop_add=(1,99,99,F,255,2)
asm_binop_sub=(255,99,99,F,1,2)
asm_binop_and=(0,99,99,F,240,15)
asm_binop_or=(255,99,99,F,240,15)
asm_binop_xor=(165,99,99,F,170,15)
asm_lsl_reg_valid=(128,99,99,F,1,7)
asm_lsl_reg_invalid=(0,99,99,T,128,8)
asm_lsl_imm_past=(0,99,99,F,128,8)
asm_lsr_reg_invalid=(0,99,99,T,255,9)
asm_asr_reg_invalid=(255,99,99,T,128,9)
asm_ror_reg_invalid=(64,99,99,T,128,9)
asm_ror_imm_past=(64,99,99,F,128,9)
asm_shift_alias_count=(99,99,99,T,1,0)
asm_div_ok=(4,99,99,F,23,5)
asm_div_zero_write=(0,99,99,T,23,0)
asm_div_source_alias=(99,99,99,F,4,5)
asm_div_neg_dividend=(252,99,99,F,233,5)
asm_div_neg_divisor=(252,99,99,F,23,251)
asm_div_both_neg=(4,99,99,F,233,251)
asm_div_min_by_minus_one=(128,99,99,F,128,255)
asm_div_neg_source_alias=(99,99,99,F,252,5)
asm_longmul=(254,1,99,F,255,255)
asm_longmul_alias=(1,99,99,F,255,255)
asm_longdiv_ok=(37,2,7,F,1,5)
asm_longdiv_overflow_write=(255,0,1,T,255,255)
asm_longdiv_zero_write=(0,5,0,T,1,5)
asm_longdiv_alias=(37,99,7,F,1,5)
asm_addcarry=(1,99,1,F,255,1)
asm_addcarry_no_carry=(7,99,0,F,3,4)
asm_addcarry_alias=(1,99,99,F,255,1)
asm_addoverflow=(128,99,1,F,127,1)
asm_addoverflow_no_flag=(3,99,0,F,1,2)
asm_addoverflow_alias=(1,99,99,F,127,1)
asm_suboverflow=(127,99,1,F,128,1)
asm_suboverflow_alias=(1,99,99,F,128,1)
asm_prior_failure=(5,99,99,T,4,99)
asm_width1_carry=(0,1,1,F,1,1)
asm_width32_overflow=(2147483648,99,1,F,2147483647,1)
asm_width64_longmul=(1,18446744073709551614,99,F,18446744073709551615,2)
asm_upd_pc=99
asm_upd_reg=42
asm_upd_reg_other=11
asm_upd_fp_reg=18446744073709551615
asm_upd_mem=200
asm_upd_mem_other=8
asm_assert_false=T
asm_assert_prior=T
asm_reg_imm_reg=13
asm_reg_imm_imm=99
asm_is_test_equal=F
asm_is_test_lower=F
asm_is_test_less=F
asm_is_test_test=T
asm_is_test_notequal=F
asm_is_test_notlower=F
asm_is_test_notless=F
asm_is_test_nottest=T
