asm_fp_less_nan=T
asm_fp_less_equal_zero=T
asm_fp_equal_nan=T
asm_fp_equal_zero=T
asm_fp_mov_payload=T
asm_fp_abs_payload=T
asm_fp_neg_zero=T
asm_fp_sqrt_four=T
asm_fp_add_two=T
asm_fp_sub_zero=T
asm_fp_mul_four=T
asm_fp_div_half=T
asm_fp_fma_order=T
asm_fp_to_reg64=T
asm_fp_to_reg_alias32=T
asm_fp_from_reg64=T
asm_fp_from_reg32=T
asm_fp_from_reg8=T
asm_fp_to_int_tie_even=T
asm_fp_to_int_negative=T
asm_fp_to_int_overflow_bits=T
asm_fp_to_int_overflow_failed=T
asm_fp_to_int_inf_error=T
asm_fp_to_int_odd32=T
asm_fp_from_int64=T
asm_fp_from_int32=T
asm_fp_from_int8=T
asm_fp_from_int128=T
asm_fp_to_int_lower_alias32=T
asm_fp_to_int_upper_alias32=T
asm_fp_to_int_overflow32=T
asm_fp_to_reg8=T
asm_fp_from_reg128=T
asm_fp_prior_failure=T
