bmv_structure_size_0=0

bmv_invariant_0=T

bmv_key_ordered_0=T

bmv_structure_size_1=1

bmv_invariant_1=T

bmv_key_ordered_1=F

bmv_structure_size_2=1

bmv_invariant_2=F

bmv_key_ordered_2=F

bmv_structure_size_3=3

bmv_invariant_3=T

bmv_key_ordered_3=F

bmv_structure_size_4=3

bmv_invariant_4=F

bmv_key_ordered_4=F

bmv_structure_size_5=3

bmv_invariant_5=F

bmv_key_ordered_5=F

bmv_structure_size_6=4

bmv_invariant_6=T

bmv_key_ordered_6=F

bmv_structure_size_7=4

bmv_invariant_7=F

bmv_key_ordered_7=F

bmv_structure_size_8=2

bmv_invariant_8=T

bmv_key_ordered_8=F

bmv_structure_size_9=3

bmv_invariant_9=F

bmv_key_ordered_9=F

bmv_balance_0=T

bmv_balance_1=T

bmv_balance_2=F

bmv_balance_3=T

bmv_balance_4=F

bmv_balance_5=T

bmv_balance_6=F

bmv_full_invariant=⊢ (∀cmp. invariant cmp Tip ⇔ T) ∧ ∀cmp s k v l r. invariant cmp (Bin s k v l r) ⇔ s = 1 + structure_size l + structure_size r ∧ key_ordered cmp k l Greater ∧ key_ordered cmp k r Less ∧ balanced (size l) (size r) ∧ invariant cmp l ∧ invariant cmp r
