rtz64_zero_positive_zero=0w
rtz64_zero_negative_zero=0x8000000000000000w
rtz64_one_positive_zero=0x3FF0000000000000w
rtz64_one_negative_zero=0x3FF0000000000000w
rtz64_negative_one_positive_zero=0xBFF0000000000000w
rtz64_negative_one_negative_zero=0xBFF0000000000000w
rtz64_third_positive_zero=0x3FD5555555555555w
rtz64_third_negative_zero=0x3FD5555555555555w
rtz64_negative_third_positive_zero=0xBFD5555555555555w
rtz64_negative_third_negative_zero=0xBFD5555555555555w
rtz64_tie_even_positive_zero=0x4340000000000000w
rtz64_tie_even_negative_zero=0x4340000000000000w
rtz64_tie_odd_positive_zero=0x4340000000000001w
rtz64_tie_odd_negative_zero=0x4340000000000001w
rtz64_negative_tie_positive_zero=0xC340000000000000w
rtz64_negative_tie_negative_zero=0xC340000000000000w
rtz64_half_subnormal_positive_zero=0w
rtz64_half_subnormal_negative_zero=0x8000000000000000w
rtz64_negative_half_subnormal_positive_zero=0w
rtz64_negative_half_subnormal_negative_zero=0x8000000000000000w
rtz64_min_subnormal_positive_zero=1w
rtz64_min_subnormal_negative_zero=1w
rtz64_u64max_positive_zero=0x43EFFFFFFFFFFFFFw
rtz64_u64max_negative_zero=0x43EFFFFFFFFFFFFFw
rtz64_max_finite_positive_zero=0x7FEFFFFFFFFFFFFFw
rtz64_max_finite_negative_zero=0x7FEFFFFFFFFFFFFFw
rtz64_overflow_positive_zero=0x7FEFFFFFFFFFFFFFw
rtz64_overflow_negative_zero=0x7FEFFFFFFFFFFFFFw
rtz64_negative_overflow_positive_zero=0xFFEFFFFFFFFFFFFFw
rtz64_negative_overflow_negative_zero=0xFFEFFFFFFFFFFFFFw
