third=0x3FD5555555555555w
tenth=0x3FB999999999999Aw
neg_third=0xBFD5555555555555w
one=0x3FF0000000000000w
tie_down_even=0x3FF0000000000000w
tie_up_even=0x3FF0000000000002w
near_tie_up=0x3FF0000000000001w
sub_half_ulp=0w
sub_half_ulp_neg=0x8000000000000000w
sub_three_half=2w
sub_tiny_neg=0w
zero_toneg=0x8000000000000000w
zero_pos=0w
largest_exact=0x7FEFFFFFFFFFFFFFw
below_threshold=0x7FEFFFFFFFFFFFFFw
at_threshold=0x7FF0000000000000w
neg_threshold=0xFFF0000000000000w
min_normal=0x10000000000000w
max_subnormal_up=0x10000000000000w
big_odd=0x43B0000000000001w
