rte32_zero_positive_zero=0w
rte32_zero_negative_zero=0x80000000w
rte32_one_positive_zero=0x3F800000w
rte32_one_negative_zero=0x3F800000w
rte32_negative_one_positive_zero=0xBF800000w
rte32_negative_one_negative_zero=0xBF800000w
rte32_tie_even_positive_zero=0x4B800000w
rte32_tie_even_negative_zero=0x4B800000w
rte32_tie_odd_positive_zero=0x4B800002w
rte32_tie_odd_negative_zero=0x4B800002w
rte32_negative_tie_even_positive_zero=0xCB800000w
rte32_negative_tie_even_negative_zero=0xCB800000w
rte32_negative_tie_odd_positive_zero=0xCB800002w
rte32_negative_tie_odd_negative_zero=0xCB800002w
rte32_binade_boundary_positive_zero=0x4C000000w
rte32_binade_boundary_negative_zero=0x4C000000w
rte32_u32max_positive_zero=0x4F800000w
rte32_u32max_negative_zero=0x4F800000w
rte32_u64max_positive_zero=0x5F800000w
rte32_u64max_negative_zero=0x5F800000w
rte32_i64min_positive_zero=0xDF000000w
rte32_i64min_negative_zero=0xDF000000w
rte32_half_subnormal_positive_zero=0w
rte32_half_subnormal_negative_zero=0x80000000w
rte32_negative_half_subnormal_positive_zero=0w
rte32_negative_half_subnormal_negative_zero=0x80000000w
rte32_min_subnormal_positive_zero=1w
rte32_min_subnormal_negative_zero=1w
rte32_negative_min_subnormal_positive_zero=0x80000001w
rte32_negative_min_subnormal_negative_zero=0x80000001w
rte32_subnormal_tie_odd_positive_zero=2w
rte32_subnormal_tie_odd_negative_zero=2w
rte32_max_subnormal_positive_zero=0x7FFFFFw
rte32_max_subnormal_negative_zero=0x7FFFFFw
rte32_min_normal_positive_zero=0x800000w
rte32_min_normal_negative_zero=0x800000w
rte32_max_finite_positive_zero=0x7F7FFFFFw
rte32_max_finite_negative_zero=0x7F7FFFFFw
rte32_threshold_minus_one_positive_zero=0x7F7FFFFFw
rte32_threshold_minus_one_negative_zero=0x7F7FFFFFw
rte32_threshold_positive_zero=0x7F800000w
rte32_threshold_negative_zero=0x7F800000w
rte32_overflow_positive_zero=0x7F800000w
rte32_overflow_negative_zero=0x7F800000w
rte32_negative_threshold_plus_one_positive_zero=0xFF7FFFFFw
rte32_negative_threshold_plus_one_negative_zero=0xFF7FFFFFw
rte32_negative_threshold_positive_zero=0xFF800000w
rte32_negative_threshold_negative_zero=0xFF800000w
rte32_negative_overflow_positive_zero=0xFF800000w
rte32_negative_overflow_negative_zero=0xFF800000w
