empty=[]
inline_call=[(«id»,[],Return [Const 7w]); («main»,[],Seq Tick (Return [Const 7w]))]
duplicate_first=[(«id»,[],Return [Const 7w]); («id»,[],Return [Const 9w]);
 («main»,[],Seq Tick (Return [Const 7w]))]
nested_inline=[(«leaf»,[],Return [Const 7w]); («mid»,[],Seq Tick (Return [Const 7w]));
 («main»,[],Seq Tick (Seq Tick (Return [Const 7w])))]
mutual_cycle=[(«f»,[],Seq Tick (Call NONE «f» [])); («g»,[],Seq Tick (Call NONE «g» []));
 («main»,[],Seq Tick (Seq Tick (Call NONE «f» [])))]
handled_call=[(«id»,[],Return [Const 7w]);
 («main»,[],
  Dec 1 (Const 0w)
    (Call (SOME ([1],SOME (0w,Seq Skip (Seq Tick (Return [Const 7w]))))) «id»
       []))]
aggregate_return=[(«pair»,[],Return [Const 7w; Const 9w]);
 («main»,[],Seq Tick (Return [Const 7w; Const 9w]))]
params_two_words=[(«pair»,[0; 1],Skip)]
global_dest=[(«f»,[],Skip); («g»,[0; 1],Call (SOME ([0; 1],NONE)) «f» [])]
handled_missing_dest=[(«f»,[],Skip);
 («g»,[0; 1],
  Call
    (SOME
       ([],
        SOME
          (0w,
           Seq
             (Seq (Assign 0 (LoadGlob 0w))
                (Seq (Assign 1 (LoadGlob 1w)) Skip)) Skip))) «f» [])]
done=T
