init_memory_full_def=∀k xs. init_memory k xs = list_Seq [const_inst 0 bytes_in_word; sub_inst k 0; const_inst 0 0w; store_inst 0 k; store_list_code (k + 1) 0 xs]
init_memory_type=:num -> (α word + num) list -> α prog
init_memory_1_0_0=Seq (const_inst 0 0w) (Seq (sub_inst 0 0) (Seq (const_inst 0 0w) (Seq (store_inst 0 0) Skip)))
init_memory_1_0_0_eq=T
init_memory_1_0_1=Seq (const_inst 0 0w) (Seq (sub_inst 0 0) (Seq (const_inst 0 0w) (Seq (store_inst 0 0) (Seq (Seq (const_inst 0 17w) (Seq (store_inst 0 1) (Inst (Arith (Binop Add 1 1 (Imm 0w)))))) Skip))))
init_memory_1_0_1_eq=T
init_memory_1_0_2=Seq (const_inst 0 0w) (Seq (sub_inst 0 0) (Seq (const_inst 0 0w) (Seq (store_inst 0 0) (Seq (Seq (store_inst 0 1) (Inst (Arith (Binop Add 1 1 (Imm 0w))))) Skip))))
init_memory_1_0_2_eq=T
init_memory_1_0_3=Seq (const_inst 0 0w) (Seq (sub_inst 0 0) (Seq (const_inst 0 0w) (Seq (store_inst 0 0) (Seq (Seq (const_inst 0 0w) (Seq (store_inst 0 1) (Inst (Arith (Binop Add 1 1 (Imm 0w)))))) (Seq (Seq (store_inst 0 1) (Inst (Arith (Binop Add 1 1 (Imm 0w))))) (Seq (Seq (const_inst 0 0x100000000000000000009w) (Seq (store_inst 0 1) (Inst (Arith (Binop Add 1 1 (Imm 0w)))))) Skip))))))
init_memory_1_0_3_eq=T
init_memory_1_1_0=Seq (const_inst 0 0w) (Seq (sub_inst 1 0) (Seq (const_inst 0 0w) (Seq (store_inst 0 1) Skip)))
init_memory_1_1_0_eq=T
init_memory_1_1_1=Seq (const_inst 0 0w) (Seq (sub_inst 1 0) (Seq (const_inst 0 0w) (Seq (store_inst 0 1) (Seq (Seq (const_inst 0 17w) (Seq (store_inst 0 2) (Inst (Arith (Binop Add 2 2 (Imm 0w)))))) Skip))))
init_memory_1_1_1_eq=T
init_memory_1_1_2=Seq (const_inst 0 0w) (Seq (sub_inst 1 0) (Seq (const_inst 0 0w) (Seq (store_inst 0 1) (Seq (Seq (store_inst 0 2) (Inst (Arith (Binop Add 2 2 (Imm 0w))))) Skip))))
init_memory_1_1_2_eq=T
init_memory_1_1_3=Seq (const_inst 0 0w) (Seq (sub_inst 1 0) (Seq (const_inst 0 0w) (Seq (store_inst 0 1) (Seq (Seq (const_inst 0 0w) (Seq (store_inst 0 2) (Inst (Arith (Binop Add 2 2 (Imm 0w)))))) (Seq (Seq (store_inst 1 2) (Inst (Arith (Binop Add 2 2 (Imm 0w))))) (Seq (Seq (const_inst 0 0x100000000000000000009w) (Seq (store_inst 0 2) (Inst (Arith (Binop Add 2 2 (Imm 0w)))))) Skip))))))
init_memory_1_1_3_eq=T
init_memory_1_23_0=Seq (const_inst 0 0w) (Seq (sub_inst 23 0) (Seq (const_inst 0 0w) (Seq (store_inst 0 23) Skip)))
init_memory_1_23_0_eq=T
init_memory_1_23_1=Seq (const_inst 0 0w) (Seq (sub_inst 23 0) (Seq (const_inst 0 0w) (Seq (store_inst 0 23) (Seq (Seq (const_inst 0 17w) (Seq (store_inst 0 24) (Inst (Arith (Binop Add 24 24 (Imm 0w)))))) Skip))))
init_memory_1_23_1_eq=T
init_memory_1_23_2=Seq (const_inst 0 0w) (Seq (sub_inst 23 0) (Seq (const_inst 0 0w) (Seq (store_inst 0 23) (Seq (Seq (store_inst 0 24) (Inst (Arith (Binop Add 24 24 (Imm 0w))))) Skip))))
init_memory_1_23_2_eq=T
init_memory_1_23_3=Seq (const_inst 0 0w) (Seq (sub_inst 23 0) (Seq (const_inst 0 0w) (Seq (store_inst 0 23) (Seq (Seq (const_inst 0 0w) (Seq (store_inst 0 24) (Inst (Arith (Binop Add 24 24 (Imm 0w)))))) (Seq (Seq (store_inst 23 24) (Inst (Arith (Binop Add 24 24 (Imm 0w))))) (Seq (Seq (const_inst 0 0x100000000000000000009w) (Seq (store_inst 0 24) (Inst (Arith (Binop Add 24 24 (Imm 0w)))))) Skip))))))
init_memory_1_23_3_eq=T
init_memory_1_1208925819614629174706185_0=Seq (const_inst 0 0w) (Seq (sub_inst 1208925819614629174706185 0) (Seq (const_inst 0 0w) (Seq (store_inst 0 1208925819614629174706185) Skip)))
init_memory_1_1208925819614629174706185_0_eq=T
init_memory_1_1208925819614629174706185_1=Seq (const_inst 0 0w) (Seq (sub_inst 1208925819614629174706185 0) (Seq (const_inst 0 0w) (Seq (store_inst 0 1208925819614629174706185) (Seq (Seq (const_inst 0 17w) (Seq (store_inst 0 1208925819614629174706186) (Inst (Arith (Binop Add 1208925819614629174706186 1208925819614629174706186 (Imm 0w)))))) Skip))))
init_memory_1_1208925819614629174706185_1_eq=T
init_memory_1_1208925819614629174706185_2=Seq (const_inst 0 0w) (Seq (sub_inst 1208925819614629174706185 0) (Seq (const_inst 0 0w) (Seq (store_inst 0 1208925819614629174706185) (Seq (Seq (store_inst 0 1208925819614629174706186) (Inst (Arith (Binop Add 1208925819614629174706186 1208925819614629174706186 (Imm 0w))))) Skip))))
init_memory_1_1208925819614629174706185_2_eq=T
init_memory_1_1208925819614629174706185_3=Seq (const_inst 0 0w) (Seq (sub_inst 1208925819614629174706185 0) (Seq (const_inst 0 0w) (Seq (store_inst 0 1208925819614629174706185) (Seq (Seq (const_inst 0 0w) (Seq (store_inst 0 1208925819614629174706186) (Inst (Arith (Binop Add 1208925819614629174706186 1208925819614629174706186 (Imm 0w)))))) (Seq (Seq (store_inst 1208925819614629174706185 1208925819614629174706186) (Inst (Arith (Binop Add 1208925819614629174706186 1208925819614629174706186 (Imm 0w))))) (Seq (Seq (const_inst 0 0x100000000000000000009w) (Seq (store_inst 0 1208925819614629174706186) (Inst (Arith (Binop Add 1208925819614629174706186 1208925819614629174706186 (Imm 0w)))))) Skip))))))
init_memory_1_1208925819614629174706185_3_eq=T
init_memory_8_0_0=Seq (const_inst 0 1w) (Seq (sub_inst 0 0) (Seq (const_inst 0 0w) (Seq (store_inst 0 0) Skip)))
init_memory_8_0_0_eq=T
init_memory_8_0_1=Seq (const_inst 0 1w) (Seq (sub_inst 0 0) (Seq (const_inst 0 0w) (Seq (store_inst 0 0) (Seq (Seq (const_inst 0 17w) (Seq (store_inst 0 1) (add_1_inst 1))) Skip))))
init_memory_8_0_1_eq=T
init_memory_8_0_2=Seq (const_inst 0 1w) (Seq (sub_inst 0 0) (Seq (const_inst 0 0w) (Seq (store_inst 0 0) (Seq (Seq (store_inst 0 1) (add_1_inst 1)) Skip))))
init_memory_8_0_2_eq=T
init_memory_8_0_3=Seq (const_inst 0 1w) (Seq (sub_inst 0 0) (Seq (const_inst 0 0w) (Seq (store_inst 0 0) (Seq (Seq (const_inst 0 0w) (Seq (store_inst 0 1) (add_1_inst 1))) (Seq (Seq (store_inst 0 1) (add_1_inst 1)) (Seq (Seq (const_inst 0 0x100000000000000000009w) (Seq (store_inst 0 1) (add_1_inst 1))) Skip))))))
init_memory_8_0_3_eq=T
init_memory_8_1_0=Seq (const_inst 0 1w) (Seq (sub_inst 1 0) (Seq (const_inst 0 0w) (Seq (store_inst 0 1) Skip)))
init_memory_8_1_0_eq=T
init_memory_8_1_1=Seq (const_inst 0 1w) (Seq (sub_inst 1 0) (Seq (const_inst 0 0w) (Seq (store_inst 0 1) (Seq (Seq (const_inst 0 17w) (Seq (store_inst 0 2) (add_1_inst 2))) Skip))))
init_memory_8_1_1_eq=T
init_memory_8_1_2=Seq (const_inst 0 1w) (Seq (sub_inst 1 0) (Seq (const_inst 0 0w) (Seq (store_inst 0 1) (Seq (Seq (store_inst 0 2) (add_1_inst 2)) Skip))))
init_memory_8_1_2_eq=T
init_memory_8_1_3=Seq (const_inst 0 1w) (Seq (sub_inst 1 0) (Seq (const_inst 0 0w) (Seq (store_inst 0 1) (Seq (Seq (const_inst 0 0w) (Seq (store_inst 0 2) (add_1_inst 2))) (Seq (Seq (store_inst 1 2) (add_1_inst 2)) (Seq (Seq (const_inst 0 0x100000000000000000009w) (Seq (store_inst 0 2) (add_1_inst 2))) Skip))))))
init_memory_8_1_3_eq=T
init_memory_8_23_0=Seq (const_inst 0 1w) (Seq (sub_inst 23 0) (Seq (const_inst 0 0w) (Seq (store_inst 0 23) Skip)))
init_memory_8_23_0_eq=T
init_memory_8_23_1=Seq (const_inst 0 1w) (Seq (sub_inst 23 0) (Seq (const_inst 0 0w) (Seq (store_inst 0 23) (Seq (Seq (const_inst 0 17w) (Seq (store_inst 0 24) (add_1_inst 24))) Skip))))
init_memory_8_23_1_eq=T
init_memory_8_23_2=Seq (const_inst 0 1w) (Seq (sub_inst 23 0) (Seq (const_inst 0 0w) (Seq (store_inst 0 23) (Seq (Seq (store_inst 0 24) (add_1_inst 24)) Skip))))
init_memory_8_23_2_eq=T
init_memory_8_23_3=Seq (const_inst 0 1w) (Seq (sub_inst 23 0) (Seq (const_inst 0 0w) (Seq (store_inst 0 23) (Seq (Seq (const_inst 0 0w) (Seq (store_inst 0 24) (add_1_inst 24))) (Seq (Seq (store_inst 23 24) (add_1_inst 24)) (Seq (Seq (const_inst 0 0x100000000000000000009w) (Seq (store_inst 0 24) (add_1_inst 24))) Skip))))))
init_memory_8_23_3_eq=T
init_memory_8_1208925819614629174706185_0=Seq (const_inst 0 1w) (Seq (sub_inst 1208925819614629174706185 0) (Seq (const_inst 0 0w) (Seq (store_inst 0 1208925819614629174706185) Skip)))
init_memory_8_1208925819614629174706185_0_eq=T
init_memory_8_1208925819614629174706185_1=Seq (const_inst 0 1w) (Seq (sub_inst 1208925819614629174706185 0) (Seq (const_inst 0 0w) (Seq (store_inst 0 1208925819614629174706185) (Seq (Seq (const_inst 0 17w) (Seq (store_inst 0 1208925819614629174706186) (add_1_inst 1208925819614629174706186))) Skip))))
init_memory_8_1208925819614629174706185_1_eq=T
init_memory_8_1208925819614629174706185_2=Seq (const_inst 0 1w) (Seq (sub_inst 1208925819614629174706185 0) (Seq (const_inst 0 0w) (Seq (store_inst 0 1208925819614629174706185) (Seq (Seq (store_inst 0 1208925819614629174706186) (add_1_inst 1208925819614629174706186)) Skip))))
init_memory_8_1208925819614629174706185_2_eq=T
init_memory_8_1208925819614629174706185_3=Seq (const_inst 0 1w) (Seq (sub_inst 1208925819614629174706185 0) (Seq (const_inst 0 0w) (Seq (store_inst 0 1208925819614629174706185) (Seq (Seq (const_inst 0 0w) (Seq (store_inst 0 1208925819614629174706186) (add_1_inst 1208925819614629174706186))) (Seq (Seq (store_inst 1208925819614629174706185 1208925819614629174706186) (add_1_inst 1208925819614629174706186)) (Seq (Seq (const_inst 0 0x100000000000000000009w) (Seq (store_inst 0 1208925819614629174706186) (add_1_inst 1208925819614629174706186))) Skip))))))
init_memory_8_1208925819614629174706185_3_eq=T
init_memory_64_0_0=Seq (const_inst 0 8w) (Seq (sub_inst 0 0) (Seq (const_inst 0 0w) (Seq (store_inst 0 0) Skip)))
init_memory_64_0_0_eq=T
init_memory_64_0_1=Seq (const_inst 0 8w) (Seq (sub_inst 0 0) (Seq (const_inst 0 0w) (Seq (store_inst 0 0) (Seq (Seq (const_inst 0 17w) (Seq (store_inst 0 1) (Inst (Arith (Binop Add 1 1 (Imm 8w)))))) Skip))))
init_memory_64_0_1_eq=T
init_memory_64_0_2=Seq (const_inst 0 8w) (Seq (sub_inst 0 0) (Seq (const_inst 0 0w) (Seq (store_inst 0 0) (Seq (Seq (store_inst 0 1) (Inst (Arith (Binop Add 1 1 (Imm 8w))))) Skip))))
init_memory_64_0_2_eq=T
init_memory_64_0_3=Seq (const_inst 0 8w) (Seq (sub_inst 0 0) (Seq (const_inst 0 0w) (Seq (store_inst 0 0) (Seq (Seq (const_inst 0 0w) (Seq (store_inst 0 1) (Inst (Arith (Binop Add 1 1 (Imm 8w)))))) (Seq (Seq (store_inst 0 1) (Inst (Arith (Binop Add 1 1 (Imm 8w))))) (Seq (Seq (const_inst 0 0x100000000000000000009w) (Seq (store_inst 0 1) (Inst (Arith (Binop Add 1 1 (Imm 8w)))))) Skip))))))
init_memory_64_0_3_eq=T
init_memory_64_1_0=Seq (const_inst 0 8w) (Seq (sub_inst 1 0) (Seq (const_inst 0 0w) (Seq (store_inst 0 1) Skip)))
init_memory_64_1_0_eq=T
init_memory_64_1_1=Seq (const_inst 0 8w) (Seq (sub_inst 1 0) (Seq (const_inst 0 0w) (Seq (store_inst 0 1) (Seq (Seq (const_inst 0 17w) (Seq (store_inst 0 2) (Inst (Arith (Binop Add 2 2 (Imm 8w)))))) Skip))))
init_memory_64_1_1_eq=T
init_memory_64_1_2=Seq (const_inst 0 8w) (Seq (sub_inst 1 0) (Seq (const_inst 0 0w) (Seq (store_inst 0 1) (Seq (Seq (store_inst 0 2) (Inst (Arith (Binop Add 2 2 (Imm 8w))))) Skip))))
init_memory_64_1_2_eq=T
init_memory_64_1_3=Seq (const_inst 0 8w) (Seq (sub_inst 1 0) (Seq (const_inst 0 0w) (Seq (store_inst 0 1) (Seq (Seq (const_inst 0 0w) (Seq (store_inst 0 2) (Inst (Arith (Binop Add 2 2 (Imm 8w)))))) (Seq (Seq (store_inst 1 2) (Inst (Arith (Binop Add 2 2 (Imm 8w))))) (Seq (Seq (const_inst 0 0x100000000000000000009w) (Seq (store_inst 0 2) (Inst (Arith (Binop Add 2 2 (Imm 8w)))))) Skip))))))
init_memory_64_1_3_eq=T
init_memory_64_23_0=Seq (const_inst 0 8w) (Seq (sub_inst 23 0) (Seq (const_inst 0 0w) (Seq (store_inst 0 23) Skip)))
init_memory_64_23_0_eq=T
init_memory_64_23_1=Seq (const_inst 0 8w) (Seq (sub_inst 23 0) (Seq (const_inst 0 0w) (Seq (store_inst 0 23) (Seq (Seq (const_inst 0 17w) (Seq (store_inst 0 24) (Inst (Arith (Binop Add 24 24 (Imm 8w)))))) Skip))))
init_memory_64_23_1_eq=T
init_memory_64_23_2=Seq (const_inst 0 8w) (Seq (sub_inst 23 0) (Seq (const_inst 0 0w) (Seq (store_inst 0 23) (Seq (Seq (store_inst 0 24) (Inst (Arith (Binop Add 24 24 (Imm 8w))))) Skip))))
init_memory_64_23_2_eq=T
init_memory_64_23_3=Seq (const_inst 0 8w) (Seq (sub_inst 23 0) (Seq (const_inst 0 0w) (Seq (store_inst 0 23) (Seq (Seq (const_inst 0 0w) (Seq (store_inst 0 24) (Inst (Arith (Binop Add 24 24 (Imm 8w)))))) (Seq (Seq (store_inst 23 24) (Inst (Arith (Binop Add 24 24 (Imm 8w))))) (Seq (Seq (const_inst 0 0x100000000000000000009w) (Seq (store_inst 0 24) (Inst (Arith (Binop Add 24 24 (Imm 8w)))))) Skip))))))
init_memory_64_23_3_eq=T
init_memory_64_1208925819614629174706185_0=Seq (const_inst 0 8w) (Seq (sub_inst 1208925819614629174706185 0) (Seq (const_inst 0 0w) (Seq (store_inst 0 1208925819614629174706185) Skip)))
init_memory_64_1208925819614629174706185_0_eq=T
init_memory_64_1208925819614629174706185_1=Seq (const_inst 0 8w) (Seq (sub_inst 1208925819614629174706185 0) (Seq (const_inst 0 0w) (Seq (store_inst 0 1208925819614629174706185) (Seq (Seq (const_inst 0 17w) (Seq (store_inst 0 1208925819614629174706186) (Inst (Arith (Binop Add 1208925819614629174706186 1208925819614629174706186 (Imm 8w)))))) Skip))))
init_memory_64_1208925819614629174706185_1_eq=T
init_memory_64_1208925819614629174706185_2=Seq (const_inst 0 8w) (Seq (sub_inst 1208925819614629174706185 0) (Seq (const_inst 0 0w) (Seq (store_inst 0 1208925819614629174706185) (Seq (Seq (store_inst 0 1208925819614629174706186) (Inst (Arith (Binop Add 1208925819614629174706186 1208925819614629174706186 (Imm 8w))))) Skip))))
init_memory_64_1208925819614629174706185_2_eq=T
init_memory_64_1208925819614629174706185_3=Seq (const_inst 0 8w) (Seq (sub_inst 1208925819614629174706185 0) (Seq (const_inst 0 0w) (Seq (store_inst 0 1208925819614629174706185) (Seq (Seq (const_inst 0 0w) (Seq (store_inst 0 1208925819614629174706186) (Inst (Arith (Binop Add 1208925819614629174706186 1208925819614629174706186 (Imm 8w)))))) (Seq (Seq (store_inst 1208925819614629174706185 1208925819614629174706186) (Inst (Arith (Binop Add 1208925819614629174706186 1208925819614629174706186 (Imm 8w))))) (Seq (Seq (const_inst 0 0x100000000000000000009w) (Seq (store_inst 0 1208925819614629174706186) (Inst (Arith (Binop Add 1208925819614629174706186 1208925819614629174706186 (Imm 8w)))))) Skip))))))
init_memory_64_1208925819614629174706185_3_eq=T
init_memory_80_0_0=Seq (const_inst 0 10w) (Seq (sub_inst 0 0) (Seq (const_inst 0 0w) (Seq (store_inst 0 0) Skip)))
init_memory_80_0_0_eq=T
init_memory_80_0_1=Seq (const_inst 0 10w) (Seq (sub_inst 0 0) (Seq (const_inst 0 0w) (Seq (store_inst 0 0) (Seq (Seq (const_inst 0 17w) (Seq (store_inst 0 1) (Inst (Arith (Binop Add 1 1 (Imm 10w)))))) Skip))))
init_memory_80_0_1_eq=T
init_memory_80_0_2=Seq (const_inst 0 10w) (Seq (sub_inst 0 0) (Seq (const_inst 0 0w) (Seq (store_inst 0 0) (Seq (Seq (store_inst 0 1) (Inst (Arith (Binop Add 1 1 (Imm 10w))))) Skip))))
init_memory_80_0_2_eq=T
init_memory_80_0_3=Seq (const_inst 0 10w) (Seq (sub_inst 0 0) (Seq (const_inst 0 0w) (Seq (store_inst 0 0) (Seq (Seq (const_inst 0 0w) (Seq (store_inst 0 1) (Inst (Arith (Binop Add 1 1 (Imm 10w)))))) (Seq (Seq (store_inst 0 1) (Inst (Arith (Binop Add 1 1 (Imm 10w))))) (Seq (Seq (const_inst 0 0x100000000000000000009w) (Seq (store_inst 0 1) (Inst (Arith (Binop Add 1 1 (Imm 10w)))))) Skip))))))
init_memory_80_0_3_eq=T
init_memory_80_1_0=Seq (const_inst 0 10w) (Seq (sub_inst 1 0) (Seq (const_inst 0 0w) (Seq (store_inst 0 1) Skip)))
init_memory_80_1_0_eq=T
init_memory_80_1_1=Seq (const_inst 0 10w) (Seq (sub_inst 1 0) (Seq (const_inst 0 0w) (Seq (store_inst 0 1) (Seq (Seq (const_inst 0 17w) (Seq (store_inst 0 2) (Inst (Arith (Binop Add 2 2 (Imm 10w)))))) Skip))))
init_memory_80_1_1_eq=T
init_memory_80_1_2=Seq (const_inst 0 10w) (Seq (sub_inst 1 0) (Seq (const_inst 0 0w) (Seq (store_inst 0 1) (Seq (Seq (store_inst 0 2) (Inst (Arith (Binop Add 2 2 (Imm 10w))))) Skip))))
init_memory_80_1_2_eq=T
init_memory_80_1_3=Seq (const_inst 0 10w) (Seq (sub_inst 1 0) (Seq (const_inst 0 0w) (Seq (store_inst 0 1) (Seq (Seq (const_inst 0 0w) (Seq (store_inst 0 2) (Inst (Arith (Binop Add 2 2 (Imm 10w)))))) (Seq (Seq (store_inst 1 2) (Inst (Arith (Binop Add 2 2 (Imm 10w))))) (Seq (Seq (const_inst 0 0x100000000000000000009w) (Seq (store_inst 0 2) (Inst (Arith (Binop Add 2 2 (Imm 10w)))))) Skip))))))
init_memory_80_1_3_eq=T
init_memory_80_23_0=Seq (const_inst 0 10w) (Seq (sub_inst 23 0) (Seq (const_inst 0 0w) (Seq (store_inst 0 23) Skip)))
init_memory_80_23_0_eq=T
init_memory_80_23_1=Seq (const_inst 0 10w) (Seq (sub_inst 23 0) (Seq (const_inst 0 0w) (Seq (store_inst 0 23) (Seq (Seq (const_inst 0 17w) (Seq (store_inst 0 24) (Inst (Arith (Binop Add 24 24 (Imm 10w)))))) Skip))))
init_memory_80_23_1_eq=T
init_memory_80_23_2=Seq (const_inst 0 10w) (Seq (sub_inst 23 0) (Seq (const_inst 0 0w) (Seq (store_inst 0 23) (Seq (Seq (store_inst 0 24) (Inst (Arith (Binop Add 24 24 (Imm 10w))))) Skip))))
init_memory_80_23_2_eq=T
init_memory_80_23_3=Seq (const_inst 0 10w) (Seq (sub_inst 23 0) (Seq (const_inst 0 0w) (Seq (store_inst 0 23) (Seq (Seq (const_inst 0 0w) (Seq (store_inst 0 24) (Inst (Arith (Binop Add 24 24 (Imm 10w)))))) (Seq (Seq (store_inst 23 24) (Inst (Arith (Binop Add 24 24 (Imm 10w))))) (Seq (Seq (const_inst 0 0x100000000000000000009w) (Seq (store_inst 0 24) (Inst (Arith (Binop Add 24 24 (Imm 10w)))))) Skip))))))
init_memory_80_23_3_eq=T
init_memory_80_1208925819614629174706185_0=Seq (const_inst 0 10w) (Seq (sub_inst 1208925819614629174706185 0) (Seq (const_inst 0 0w) (Seq (store_inst 0 1208925819614629174706185) Skip)))
init_memory_80_1208925819614629174706185_0_eq=T
init_memory_80_1208925819614629174706185_1=Seq (const_inst 0 10w) (Seq (sub_inst 1208925819614629174706185 0) (Seq (const_inst 0 0w) (Seq (store_inst 0 1208925819614629174706185) (Seq (Seq (const_inst 0 17w) (Seq (store_inst 0 1208925819614629174706186) (Inst (Arith (Binop Add 1208925819614629174706186 1208925819614629174706186 (Imm 10w)))))) Skip))))
init_memory_80_1208925819614629174706185_1_eq=T
init_memory_80_1208925819614629174706185_2=Seq (const_inst 0 10w) (Seq (sub_inst 1208925819614629174706185 0) (Seq (const_inst 0 0w) (Seq (store_inst 0 1208925819614629174706185) (Seq (Seq (store_inst 0 1208925819614629174706186) (Inst (Arith (Binop Add 1208925819614629174706186 1208925819614629174706186 (Imm 10w))))) Skip))))
init_memory_80_1208925819614629174706185_2_eq=T
init_memory_80_1208925819614629174706185_3=Seq (const_inst 0 10w) (Seq (sub_inst 1208925819614629174706185 0) (Seq (const_inst 0 0w) (Seq (store_inst 0 1208925819614629174706185) (Seq (Seq (const_inst 0 0w) (Seq (store_inst 0 1208925819614629174706186) (Inst (Arith (Binop Add 1208925819614629174706186 1208925819614629174706186 (Imm 10w)))))) (Seq (Seq (store_inst 1208925819614629174706185 1208925819614629174706186) (Inst (Arith (Binop Add 1208925819614629174706186 1208925819614629174706186 (Imm 10w))))) (Seq (Seq (const_inst 0 0x100000000000000000009w) (Seq (store_inst 0 1208925819614629174706186) (Inst (Arith (Binop Add 1208925819614629174706186 1208925819614629174706186 (Imm 10w)))))) Skip))))))
init_memory_80_1208925819614629174706185_3_eq=T
