amoadd_w_definition=∀aq rl rd rs1 rs2. dfn'AMOADD_W (aq,rl,rd,rs1,rs2) = (λstate. (let v = GPR rs1 state in if (1 >< 0) v ≠ 0w then signalAddressException (AMO_Misaligned,v) state else (let (v0,s) = translateAddr (v,Data,Write) state in case v0 of NONE => signalAddressException (Store_AMO_Fault,v) s | SOME pAddr => (let v = sw2sw ((31 >< 0) (rawReadData pAddr s)) in rawWriteData (pAddr,GPR rs2 s + v,4) (write'GPR (v,rd) s)))))
amoadd_w_type=:word1 # word1 # word5 # word5 # word5 -> riscv_state -> riscv_state
amoadd_d_definition=∀aq rl rd rs1 rs2. dfn'AMOADD_D (aq,rl,rd,rs1,rs2) = (λstate. (let v = GPR rs1 state in if (2 >< 0) v ≠ 0w then signalAddressException (AMO_Misaligned,v) state else (let (v0,s) = translateAddr (v,Data,Write) state in case v0 of NONE => signalAddressException (Store_AMO_Fault,v) s | SOME pAddr => (let v = rawReadData pAddr s in rawWriteData (pAddr,GPR rs2 s + v,8) (write'GPR (v,rd) s)))))
amoadd_d_type=:word1 # word1 # word5 # word5 # word5 -> riscv_state -> riscv_state
amoxor_w_definition=∀aq rl rd rs1 rs2. dfn'AMOXOR_W (aq,rl,rd,rs1,rs2) = (λstate. (let v = GPR rs1 state in if (1 >< 0) v ≠ 0w then signalAddressException (AMO_Misaligned,v) state else (let (v0,s) = translateAddr (v,Data,Write) state in case v0 of NONE => signalAddressException (Store_AMO_Fault,v) s | SOME pAddr => (let v = sw2sw ((31 >< 0) (rawReadData pAddr s)) in rawWriteData (pAddr,GPR rs2 s ⊕ v,4) (write'GPR (v,rd) s)))))
amoxor_w_type=:word1 # word1 # word5 # word5 # word5 -> riscv_state -> riscv_state
amoxor_d_definition=∀aq rl rd rs1 rs2. dfn'AMOXOR_D (aq,rl,rd,rs1,rs2) = (λstate. (let v = GPR rs1 state in if (2 >< 0) v ≠ 0w then signalAddressException (AMO_Misaligned,v) state else (let (v0,s) = translateAddr (v,Data,Write) state in case v0 of NONE => signalAddressException (Store_AMO_Fault,v) s | SOME pAddr => (let v = rawReadData pAddr s in rawWriteData (pAddr,GPR rs2 s ⊕ v,8) (write'GPR (v,rd) s)))))
amoxor_d_type=:word1 # word1 # word5 # word5 # word5 -> riscv_state -> riscv_state
amoand_w_definition=∀aq rl rd rs1 rs2. dfn'AMOAND_W (aq,rl,rd,rs1,rs2) = (λstate. (let v = GPR rs1 state in if (1 >< 0) v ≠ 0w then signalAddressException (AMO_Misaligned,v) state else (let (v0,s) = translateAddr (v,Data,Write) state in case v0 of NONE => signalAddressException (Store_AMO_Fault,v) s | SOME pAddr => (let v = sw2sw ((31 >< 0) (rawReadData pAddr s)) in rawWriteData (pAddr,GPR rs2 s && v,4) (write'GPR (v,rd) s)))))
amoand_w_type=:word1 # word1 # word5 # word5 # word5 -> riscv_state -> riscv_state
amoand_d_definition=∀aq rl rd rs1 rs2. dfn'AMOAND_D (aq,rl,rd,rs1,rs2) = (λstate. (let v = GPR rs1 state in if (2 >< 0) v ≠ 0w then signalAddressException (AMO_Misaligned,v) state else (let (v0,s) = translateAddr (v,Data,Write) state in case v0 of NONE => signalAddressException (Store_AMO_Fault,v) s | SOME pAddr => (let v = rawReadData pAddr s in rawWriteData (pAddr,GPR rs2 s && v,8) (write'GPR (v,rd) s)))))
amoand_d_type=:word1 # word1 # word5 # word5 # word5 -> riscv_state -> riscv_state
amoor_w_definition=∀aq rl rd rs1 rs2. dfn'AMOOR_W (aq,rl,rd,rs1,rs2) = (λstate. (let v = GPR rs1 state in if (1 >< 0) v ≠ 0w then signalAddressException (AMO_Misaligned,v) state else (let (v0,s) = translateAddr (v,Data,Write) state in case v0 of NONE => signalAddressException (Store_AMO_Fault,v) s | SOME pAddr => (let v = sw2sw ((31 >< 0) (rawReadData pAddr s)) in rawWriteData (pAddr,GPR rs2 s ‖ v,4) (write'GPR (v,rd) s)))))
amoor_w_type=:word1 # word1 # word5 # word5 # word5 -> riscv_state -> riscv_state
amoor_d_definition=∀aq rl rd rs1 rs2. dfn'AMOOR_D (aq,rl,rd,rs1,rs2) = (λstate. (let v = GPR rs1 state in if (2 >< 0) v ≠ 0w then signalAddressException (AMO_Misaligned,v) state else (let (v0,s) = translateAddr (v,Data,Write) state in case v0 of NONE => signalAddressException (Store_AMO_Fault,v) s | SOME pAddr => (let v = rawReadData pAddr s in rawWriteData (pAddr,GPR rs2 s ‖ v,8) (write'GPR (v,rd) s)))))
amoor_d_type=:word1 # word1 # word5 # word5 # word5 -> riscv_state -> riscv_state
amoadd_w_aligned_rd3=(18446744073547317376,18446744073547317376,81985529216486895,(0,NONE),T,18364758544655339119,0,18364758544655339119,[111; 78; 0; 128; 152; 186; 220; 254],NONE,NONE,T,1,7)
amoadd_w_aligned_rd0=(81985529216486895,81985529216486895,81985529216486895,(0,NONE),T,18364758544655339119,0,18364758544655339119,[111; 78; 0; 128; 152; 186; 220; 254],NONE,NONE,T,1,7)
amoadd_w_aligned_rd2=(81985529216486895,81985529216486895,81985529216486895,(0,NONE),T,18364758544655339119,0,18364758544655339119,[111; 78; 0; 128; 152; 186; 220; 254],NONE,NONE,T,1,7)
amoadd_w_positive_memory_rd3=(305419903,305419903,81985529216486895,(0,NONE),T,1311768467482879086,0,1311768467482879086,[110; 36; 224; 155; 120; 86; 52; 18],NONE,NONE,T,1,7)
amoadd_w_rs2_zero_rd3=(0,99,99,(0,NONE),T,18364758546640568448,0,18364758546640568448,[128; 128; 84; 246; 152; 186; 220; 254],NONE,NONE,T,1,7)
amoadd_w_address_wrap_rd3=(81985529216486895,81985529216486895,81985529216486895,(3,SOME 18446744073709551615),T,71737338072814720,0,18364758546640568448,[128; 128; 84; 246; 152; 186; 220; 254],NONE,NONE,T,1,7)
amoadd_w_core_wrap_rd3=(18446744073547317376,18446744073547317376,81985529216486895,(0,NONE),T,18364758544655339119,0,18364758544655339119,[111; 78; 0; 128; 152; 186; 220; 254],NONE,NONE,T,1,255)
amoadd_w_rv32_mode_rd3=(18446744073547317376,18446744073547317376,81985529216486895,(0,NONE),T,18364758544655339119,0,18364758544655339119,[111; 78; 0; 128; 152; 186; 220; 254],NONE,NONE,T,1,7)
amoadd_w_rv128_mode_rd3=(18446744073547317376,18446744073547317376,81985529216486895,(0,NONE),T,18364758544655339119,0,18364758544655339119,[111; 78; 0; 128; 152; 186; 220; 254],NONE,NONE,T,1,7)
amoadd_w_write_walk_returned_state_rd3=(3175,3175,81985529216486895,(0,NONE),T,2309741142,0,2309741142,[86; 218; 171; 137; 0; 0; 0; 0],SOME (63,F,1073741823,18446744072635809792,0,0,77,0,T,3,T,0,3,T,0),NONE,T,1,7)
amoadd_w_read_only_page_fault_rd3=(81985529216486895,81985529216486895,81985529216486895,(4,SOME 0),T,3077,0,3077,[5; 12; 0; 0; 0; 0; 0; 0],NONE,NONE,T,1,7)
amoadd_w_invalid_pte_fault_rd3=(81985529216486895,81985529216486895,81985529216486895,(4,SOME 0),T,0,0,0,[0; 0; 0; 0; 0; 0; 0; 0],NONE,NONE,T,1,7)
amoadd_w_rs1_zero_rd3=(18446744073547317376,18446744073547317376,81985529216486895,(0,NONE),T,18364758544655339119,0,18364758544655339119,[111; 78; 0; 128; 152; 186; 220; 254],NONE,NONE,T,1,7)
amoadd_d_aligned_rd3=(18364758546640568448,18364758546640568448,81985529216486895,(0,NONE),T,2147503727,0,2147503727,[111; 78; 0; 128; 0; 0; 0; 0],NONE,NONE,T,1,7)
amoadd_d_aligned_rd0=(81985529216486895,81985529216486895,81985529216486895,(0,NONE),T,2147503727,0,2147503727,[111; 78; 0; 128; 0; 0; 0; 0],NONE,NONE,T,1,7)
amoadd_d_aligned_rd2=(81985529216486895,81985529216486895,81985529216486895,(0,NONE),T,2147503727,0,2147503727,[111; 78; 0; 128; 0; 0; 0; 0],NONE,NONE,T,1,7)
amoadd_d_positive_memory_rd3=(1311768465173141119,1311768465173141119,81985529216486895,(0,NONE),T,1393753994389628014,0,1393753994389628014,[110; 36; 224; 155; 223; 155; 87; 19],NONE,NONE,T,1,7)
amoadd_d_rs2_zero_rd3=(0,99,99,(0,NONE),T,18364758546640568448,0,18364758546640568448,[128; 128; 84; 246; 152; 186; 220; 254],NONE,NONE,T,1,7)
amoadd_d_address_wrap_rd3=(81985529216486895,81985529216486895,81985529216486895,(3,SOME 18446744073709551615),T,71737338072814720,0,18364758546640568448,[128; 128; 84; 246; 152; 186; 220; 254],NONE,NONE,T,1,7)
amoadd_d_core_wrap_rd3=(18364758546640568448,18364758546640568448,81985529216486895,(0,NONE),T,2147503727,0,2147503727,[111; 78; 0; 128; 0; 0; 0; 0],NONE,NONE,T,1,255)
amoadd_d_rv32_mode_rd3=(18364758546640568448,18364758546640568448,81985529216486895,(0,NONE),T,2147503727,0,2147503727,[111; 78; 0; 128; 0; 0; 0; 0],NONE,NONE,T,1,7)
amoadd_d_rv128_mode_rd3=(18364758546640568448,18364758546640568448,81985529216486895,(0,NONE),T,2147503727,0,2147503727,[111; 78; 0; 128; 0; 0; 0; 0],NONE,NONE,T,1,7)
amoadd_d_write_walk_returned_state_rd3=(3175,3175,81985529216486895,(0,NONE),T,81985529216490070,0,81985529216490070,[86; 218; 171; 137; 103; 69; 35; 1],SOME (63,F,1073741823,18446744072635809792,0,0,77,0,T,3,T,0,3,T,0),NONE,T,1,7)
amoadd_d_read_only_page_fault_rd3=(81985529216486895,81985529216486895,81985529216486895,(4,SOME 0),T,3077,0,3077,[5; 12; 0; 0; 0; 0; 0; 0],NONE,NONE,T,1,7)
amoadd_d_invalid_pte_fault_rd3=(81985529216486895,81985529216486895,81985529216486895,(4,SOME 0),T,0,0,0,[0; 0; 0; 0; 0; 0; 0; 0],NONE,NONE,T,1,7)
amoadd_d_rs1_zero_rd3=(18364758546640568448,18364758546640568448,81985529216486895,(0,NONE),T,2147503727,0,2147503727,[111; 78; 0; 128; 0; 0; 0; 0],NONE,NONE,T,1,7)
amoadd_w_overflow_rd3=(18446744073709551615,18446744073709551615,18446744073709551615,(0,NONE),T,18446744073709551614,0,18446744073709551614,[254; 255; 255; 255; 255; 255; 255; 255],NONE,NONE,T,1,7)
amoadd_w_order_0_1_rd3=(18446744073547317376,18446744073547317376,81985529216486895,(0,NONE),T,18364758544655339119,0,18364758544655339119,[111; 78; 0; 128; 152; 186; 220; 254],NONE,NONE,T,1,7)
amoadd_w_order_1_0_rd3=(18446744073547317376,18446744073547317376,81985529216486895,(0,NONE),T,18364758544655339119,0,18364758544655339119,[111; 78; 0; 128; 152; 186; 220; 254],NONE,NONE,T,1,7)
amoadd_w_order_1_1_rd3=(18446744073547317376,18446744073547317376,81985529216486895,(0,NONE),T,18364758544655339119,0,18364758544655339119,[111; 78; 0; 128; 152; 186; 220; 254],NONE,NONE,T,1,7)
amoadd_w_misaligned_1_rd3=(81985529216486895,81985529216486895,81985529216486895,(3,SOME 1),T,15905193217759412224,254,18364758546640568448,[128; 128; 84; 246; 152; 186; 220; 254],NONE,NONE,T,1,7)
amoadd_w_misaligned_2_rd3=(81985529216486895,81985529216486895,81985529216486895,(3,SOME 2),T,13445767530308173824,65244,18364758546640568448,[128; 128; 84; 246; 152; 186; 220; 254],NONE,NONE,T,1,7)
amoadd_w_misaligned_3_rd3=(81985529216486895,81985529216486895,81985529216486895,(3,SOME 3),T,11022090048915898368,16702650,18364758546640568448,[128; 128; 84; 246; 152; 186; 220; 254],NONE,NONE,T,1,7)
amoadd_d_overflow_rd3=(18446744073709551615,18446744073709551615,18446744073709551615,(0,NONE),T,18446744073709551614,0,18446744073709551614,[254; 255; 255; 255; 255; 255; 255; 255],NONE,NONE,T,1,7)
amoadd_d_order_0_1_rd3=(18364758546640568448,18364758546640568448,81985529216486895,(0,NONE),T,2147503727,0,2147503727,[111; 78; 0; 128; 0; 0; 0; 0],NONE,NONE,T,1,7)
amoadd_d_order_1_0_rd3=(18364758546640568448,18364758546640568448,81985529216486895,(0,NONE),T,2147503727,0,2147503727,[111; 78; 0; 128; 0; 0; 0; 0],NONE,NONE,T,1,7)
amoadd_d_order_1_1_rd3=(18364758546640568448,18364758546640568448,81985529216486895,(0,NONE),T,2147503727,0,2147503727,[111; 78; 0; 128; 0; 0; 0; 0],NONE,NONE,T,1,7)
amoadd_d_misaligned_1_rd3=(81985529216486895,81985529216486895,81985529216486895,(3,SOME 1),T,15905193217759412224,254,18364758546640568448,[128; 128; 84; 246; 152; 186; 220; 254],NONE,NONE,T,1,7)
amoadd_d_misaligned_2_rd3=(81985529216486895,81985529216486895,81985529216486895,(3,SOME 2),T,13445767530308173824,65244,18364758546640568448,[128; 128; 84; 246; 152; 186; 220; 254],NONE,NONE,T,1,7)
amoadd_d_misaligned_3_rd3=(81985529216486895,81985529216486895,81985529216486895,(3,SOME 3),T,11022090048915898368,16702650,18364758546640568448,[128; 128; 84; 246; 152; 186; 220; 254],NONE,NONE,T,1,7)
amoadd_d_misaligned_4_rd3=(81985529216486895,81985529216486895,81985529216486895,(3,SOME 4),T,17749953318618136576,4275878552,18364758546640568448,[128; 128; 84; 246; 152; 186; 220; 254],NONE,NONE,T,1,7)
amoadd_d_misaligned_5_rd3=(81985529216486895,81985529216486895,81985529216486895,(3,SOME 5),T,6089007433693265920,1094624909558,18364758546640568448,[128; 128; 84; 246; 152; 186; 220; 254],NONE,NONE,T,1,7)
amoadd_d_misaligned_6_rd3=(81985529216486895,81985529216486895,81985529216486895,(3,SOME 6),T,9259400833873739776,280223976846932,18364758546640568448,[128; 128; 84; 246; 152; 186; 220; 254],NONE,NONE,T,1,7)
amoadd_d_misaligned_7_rd3=(81985529216486895,81985529216486895,81985529216486895,(3,SOME 7),T,9223372036854775808,71737338072814720,18364758546640568448,[128; 128; 84; 246; 152; 186; 220; 254],NONE,NONE,T,1,7)
amoxor_w_aligned_rd3=(18446744073547317376,18446744073547317376,81985529216486895,(0,NONE),T,18364758544655273327,0,18364758544655273327,[111; 77; 255; 127; 152; 186; 220; 254],NONE,NONE,T,1,7)
amoxor_w_aligned_rd0=(81985529216486895,81985529216486895,81985529216486895,(0,NONE),T,18364758544655273327,0,18364758544655273327,[111; 77; 255; 127; 152; 186; 220; 254],NONE,NONE,T,1,7)
amoxor_w_aligned_rd2=(81985529216486895,81985529216486895,81985529216486895,(0,NONE),T,18364758544655273327,0,18364758544655273327,[111; 77; 255; 127; 152; 186; 220; 254],NONE,NONE,T,1,7)
amoxor_w_positive_memory_rd3=(305419903,305419903,81985529216486895,(0,NONE),T,1311768467478649744,0,1311768467478649744,[144; 155; 159; 155; 120; 86; 52; 18],NONE,NONE,T,1,7)
amoxor_w_rs2_zero_rd3=(0,99,99,(0,NONE),T,18364758546640568448,0,18364758546640568448,[128; 128; 84; 246; 152; 186; 220; 254],NONE,NONE,T,1,7)
amoxor_w_address_wrap_rd3=(81985529216486895,81985529216486895,81985529216486895,(3,SOME 18446744073709551615),T,71737338072814720,0,18364758546640568448,[128; 128; 84; 246; 152; 186; 220; 254],NONE,NONE,T,1,7)
amoxor_w_core_wrap_rd3=(18446744073547317376,18446744073547317376,81985529216486895,(0,NONE),T,18364758544655273327,0,18364758544655273327,[111; 77; 255; 127; 152; 186; 220; 254],NONE,NONE,T,1,255)
amoxor_w_rv32_mode_rd3=(18446744073547317376,18446744073547317376,81985529216486895,(0,NONE),T,18364758544655273327,0,18364758544655273327,[111; 77; 255; 127; 152; 186; 220; 254],NONE,NONE,T,1,7)
amoxor_w_rv128_mode_rd3=(18446744073547317376,18446744073547317376,81985529216486895,(0,NONE),T,18364758544655273327,0,18364758544655273327,[111; 77; 255; 127; 152; 186; 220; 254],NONE,NONE,T,1,7)
amoxor_w_write_walk_returned_state_rd3=(3175,3175,81985529216486895,(0,NONE),T,2309734792,0,2309734792,[136; 193; 171; 137; 0; 0; 0; 0],SOME (63,F,1073741823,18446744072635809792,0,0,77,0,T,3,T,0,3,T,0),NONE,T,1,7)
amoxor_w_read_only_page_fault_rd3=(81985529216486895,81985529216486895,81985529216486895,(4,SOME 0),T,3077,0,3077,[5; 12; 0; 0; 0; 0; 0; 0],NONE,NONE,T,1,7)
amoxor_w_invalid_pte_fault_rd3=(81985529216486895,81985529216486895,81985529216486895,(4,SOME 0),T,0,0,0,[0; 0; 0; 0; 0; 0; 0; 0],NONE,NONE,T,1,7)
amoxor_w_rs1_zero_rd3=(18446744073547317376,18446744073547317376,81985529216486895,(0,NONE),T,18364758544655273327,0,18364758544655273327,[111; 77; 255; 127; 152; 186; 220; 254],NONE,NONE,T,1,7)
amoxor_d_aligned_rd3=(18364758546640568448,18364758546640568448,81985529216486895,(0,NONE),T,18446744071562022255,0,18446744071562022255,[111; 77; 255; 127; 255; 255; 255; 255],NONE,NONE,T,1,7)
amoxor_d_aligned_rd0=(81985529216486895,81985529216486895,81985529216486895,(0,NONE),T,18446744071562022255,0,18446744071562022255,[111; 77; 255; 127; 255; 255; 255; 255],NONE,NONE,T,1,7)
amoxor_d_aligned_rd2=(81985529216486895,81985529216486895,81985529216486895,(0,NONE),T,18446744071562022255,0,18446744071562022255,[111; 77; 255; 127; 255; 255; 255; 255],NONE,NONE,T,1,7)
amoxor_d_positive_memory_rd3=(1311768465173141119,1311768465173141119,81985529216486895,(0,NONE),T,1375589237660818320,0,1375589237660818320,[144; 155; 159; 155; 31; 19; 23; 19],NONE,NONE,T,1,7)
amoxor_d_rs2_zero_rd3=(0,99,99,(0,NONE),T,18364758546640568448,0,18364758546640568448,[128; 128; 84; 246; 152; 186; 220; 254],NONE,NONE,T,1,7)
amoxor_d_address_wrap_rd3=(81985529216486895,81985529216486895,81985529216486895,(3,SOME 18446744073709551615),T,71737338072814720,0,18364758546640568448,[128; 128; 84; 246; 152; 186; 220; 254],NONE,NONE,T,1,7)
amoxor_d_core_wrap_rd3=(18364758546640568448,18364758546640568448,81985529216486895,(0,NONE),T,18446744071562022255,0,18446744071562022255,[111; 77; 255; 127; 255; 255; 255; 255],NONE,NONE,T,1,255)
amoxor_d_rv32_mode_rd3=(18364758546640568448,18364758546640568448,81985529216486895,(0,NONE),T,18446744071562022255,0,18446744071562022255,[111; 77; 255; 127; 255; 255; 255; 255],NONE,NONE,T,1,7)
amoxor_d_rv128_mode_rd3=(18364758546640568448,18364758546640568448,81985529216486895,(0,NONE),T,18446744071562022255,0,18446744071562022255,[111; 77; 255; 127; 255; 255; 255; 255],NONE,NONE,T,1,7)
amoxor_d_write_walk_returned_state_rd3=(3175,3175,81985529216486895,(0,NONE),T,81985529216483720,0,81985529216483720,[136; 193; 171; 137; 103; 69; 35; 1],SOME (63,F,1073741823,18446744072635809792,0,0,77,0,T,3,T,0,3,T,0),NONE,T,1,7)
amoxor_d_read_only_page_fault_rd3=(81985529216486895,81985529216486895,81985529216486895,(4,SOME 0),T,3077,0,3077,[5; 12; 0; 0; 0; 0; 0; 0],NONE,NONE,T,1,7)
amoxor_d_invalid_pte_fault_rd3=(81985529216486895,81985529216486895,81985529216486895,(4,SOME 0),T,0,0,0,[0; 0; 0; 0; 0; 0; 0; 0],NONE,NONE,T,1,7)
amoxor_d_rs1_zero_rd3=(18364758546640568448,18364758546640568448,81985529216486895,(0,NONE),T,18446744071562022255,0,18446744071562022255,[111; 77; 255; 127; 255; 255; 255; 255],NONE,NONE,T,1,7)
amoxor_w_overflow_rd3=(18446744073709551615,18446744073709551615,18446744073709551615,(0,NONE),T,18446744069414584320,0,18446744069414584320,[0; 0; 0; 0; 255; 255; 255; 255],NONE,NONE,T,1,7)
amoxor_w_order_0_1_rd3=(18446744073547317376,18446744073547317376,81985529216486895,(0,NONE),T,18364758544655273327,0,18364758544655273327,[111; 77; 255; 127; 152; 186; 220; 254],NONE,NONE,T,1,7)
amoxor_w_order_1_0_rd3=(18446744073547317376,18446744073547317376,81985529216486895,(0,NONE),T,18364758544655273327,0,18364758544655273327,[111; 77; 255; 127; 152; 186; 220; 254],NONE,NONE,T,1,7)
amoxor_w_order_1_1_rd3=(18446744073547317376,18446744073547317376,81985529216486895,(0,NONE),T,18364758544655273327,0,18364758544655273327,[111; 77; 255; 127; 152; 186; 220; 254],NONE,NONE,T,1,7)
amoxor_w_misaligned_1_rd3=(81985529216486895,81985529216486895,81985529216486895,(3,SOME 1),T,15905193217759412224,254,18364758546640568448,[128; 128; 84; 246; 152; 186; 220; 254],NONE,NONE,T,1,7)
amoxor_w_misaligned_2_rd3=(81985529216486895,81985529216486895,81985529216486895,(3,SOME 2),T,13445767530308173824,65244,18364758546640568448,[128; 128; 84; 246; 152; 186; 220; 254],NONE,NONE,T,1,7)
amoxor_w_misaligned_3_rd3=(81985529216486895,81985529216486895,81985529216486895,(3,SOME 3),T,11022090048915898368,16702650,18364758546640568448,[128; 128; 84; 246; 152; 186; 220; 254],NONE,NONE,T,1,7)
amoxor_d_overflow_rd3=(18446744073709551615,18446744073709551615,18446744073709551615,(0,NONE),T,0,0,0,[0; 0; 0; 0; 0; 0; 0; 0],NONE,NONE,T,1,7)
amoxor_d_order_0_1_rd3=(18364758546640568448,18364758546640568448,81985529216486895,(0,NONE),T,18446744071562022255,0,18446744071562022255,[111; 77; 255; 127; 255; 255; 255; 255],NONE,NONE,T,1,7)
amoxor_d_order_1_0_rd3=(18364758546640568448,18364758546640568448,81985529216486895,(0,NONE),T,18446744071562022255,0,18446744071562022255,[111; 77; 255; 127; 255; 255; 255; 255],NONE,NONE,T,1,7)
amoxor_d_order_1_1_rd3=(18364758546640568448,18364758546640568448,81985529216486895,(0,NONE),T,18446744071562022255,0,18446744071562022255,[111; 77; 255; 127; 255; 255; 255; 255],NONE,NONE,T,1,7)
amoxor_d_misaligned_1_rd3=(81985529216486895,81985529216486895,81985529216486895,(3,SOME 1),T,15905193217759412224,254,18364758546640568448,[128; 128; 84; 246; 152; 186; 220; 254],NONE,NONE,T,1,7)
amoxor_d_misaligned_2_rd3=(81985529216486895,81985529216486895,81985529216486895,(3,SOME 2),T,13445767530308173824,65244,18364758546640568448,[128; 128; 84; 246; 152; 186; 220; 254],NONE,NONE,T,1,7)
amoxor_d_misaligned_3_rd3=(81985529216486895,81985529216486895,81985529216486895,(3,SOME 3),T,11022090048915898368,16702650,18364758546640568448,[128; 128; 84; 246; 152; 186; 220; 254],NONE,NONE,T,1,7)
amoxor_d_misaligned_4_rd3=(81985529216486895,81985529216486895,81985529216486895,(3,SOME 4),T,17749953318618136576,4275878552,18364758546640568448,[128; 128; 84; 246; 152; 186; 220; 254],NONE,NONE,T,1,7)
amoxor_d_misaligned_5_rd3=(81985529216486895,81985529216486895,81985529216486895,(3,SOME 5),T,6089007433693265920,1094624909558,18364758546640568448,[128; 128; 84; 246; 152; 186; 220; 254],NONE,NONE,T,1,7)
amoxor_d_misaligned_6_rd3=(81985529216486895,81985529216486895,81985529216486895,(3,SOME 6),T,9259400833873739776,280223976846932,18364758546640568448,[128; 128; 84; 246; 152; 186; 220; 254],NONE,NONE,T,1,7)
amoxor_d_misaligned_7_rd3=(81985529216486895,81985529216486895,81985529216486895,(3,SOME 7),T,9223372036854775808,71737338072814720,18364758546640568448,[128; 128; 84; 246; 152; 186; 220; 254],NONE,NONE,T,1,7)
amoand_w_aligned_rd3=(18446744073547317376,18446744073547317376,81985529216486895,(0,NONE),T,18364758544655351936,0,18364758544655351936,[128; 128; 0; 128; 152; 186; 220; 254],NONE,NONE,T,1,7)
amoand_w_aligned_rd0=(81985529216486895,81985529216486895,81985529216486895,(0,NONE),T,18364758544655351936,0,18364758544655351936,[128; 128; 0; 128; 152; 186; 220; 254],NONE,NONE,T,1,7)
amoand_w_aligned_rd2=(81985529216486895,81985529216486895,81985529216486895,(0,NONE),T,18364758544655351936,0,18364758544655351936,[128; 128; 0; 128; 152; 186; 220; 254],NONE,NONE,T,1,7)
amoand_w_positive_memory_rd3=(305419903,305419903,81985529216486895,(0,NONE),T,1311768464869835887,0,1311768464869835887,[111; 68; 32; 0; 120; 86; 52; 18],NONE,NONE,T,1,7)
amoand_w_rs2_zero_rd3=(0,99,99,(0,NONE),T,18364758542507835392,0,18364758542507835392,[0; 0; 0; 0; 152; 186; 220; 254],NONE,NONE,T,1,7)
amoand_w_address_wrap_rd3=(81985529216486895,81985529216486895,81985529216486895,(3,SOME 18446744073709551615),T,71737338072814720,0,18364758546640568448,[128; 128; 84; 246; 152; 186; 220; 254],NONE,NONE,T,1,7)
amoand_w_core_wrap_rd3=(18446744073547317376,18446744073547317376,81985529216486895,(0,NONE),T,18364758544655351936,0,18364758544655351936,[128; 128; 0; 128; 152; 186; 220; 254],NONE,NONE,T,1,255)
amoand_w_rv32_mode_rd3=(18446744073547317376,18446744073547317376,81985529216486895,(0,NONE),T,18364758544655351936,0,18364758544655351936,[128; 128; 0; 128; 152; 186; 220; 254],NONE,NONE,T,1,7)
amoand_w_rv128_mode_rd3=(18446744073547317376,18446744073547317376,81985529216486895,(0,NONE),T,18364758544655351936,0,18364758544655351936,[128; 128; 0; 128; 152; 186; 220; 254],NONE,NONE,T,1,7)
amoand_w_write_walk_returned_state_rd3=(3175,3175,81985529216486895,(0,NONE),T,3175,0,3175,[103; 12; 0; 0; 0; 0; 0; 0],SOME (63,F,1073741823,18446744072635809792,0,0,77,0,T,3,T,0,3,T,0),NONE,T,1,7)
amoand_w_read_only_page_fault_rd3=(81985529216486895,81985529216486895,81985529216486895,(4,SOME 0),T,3077,0,3077,[5; 12; 0; 0; 0; 0; 0; 0],NONE,NONE,T,1,7)
amoand_w_invalid_pte_fault_rd3=(81985529216486895,81985529216486895,81985529216486895,(4,SOME 0),T,0,0,0,[0; 0; 0; 0; 0; 0; 0; 0],NONE,NONE,T,1,7)
amoand_w_rs1_zero_rd3=(18446744073547317376,18446744073547317376,81985529216486895,(0,NONE),T,18364758544655351936,0,18364758544655351936,[128; 128; 0; 128; 152; 186; 220; 254],NONE,NONE,T,1,7)
amoand_d_aligned_rd3=(18364758546640568448,18364758546640568448,81985529216486895,(0,NONE),T,2147516544,0,2147516544,[128; 128; 0; 128; 0; 0; 0; 0],NONE,NONE,T,1,7)
amoand_d_aligned_rd0=(81985529216486895,81985529216486895,81985529216486895,(0,NONE),T,2147516544,0,2147516544,[128; 128; 0; 128; 0; 0; 0; 0],NONE,NONE,T,1,7)
amoand_d_aligned_rd2=(81985529216486895,81985529216486895,81985529216486895,(0,NONE),T,2147516544,0,2147516544,[128; 128; 0; 128; 0; 0; 0; 0],NONE,NONE,T,1,7)
amoand_d_positive_memory_rd3=(1311768465173141119,1311768465173141119,81985529216486895,(0,NONE),T,9082378364404847,0,9082378364404847,[111; 68; 32; 0; 96; 68; 32; 0],NONE,NONE,T,1,7)
amoand_d_rs2_zero_rd3=(0,99,99,(0,NONE),T,0,0,0,[0; 0; 0; 0; 0; 0; 0; 0],NONE,NONE,T,1,7)
amoand_d_address_wrap_rd3=(81985529216486895,81985529216486895,81985529216486895,(3,SOME 18446744073709551615),T,71737338072814720,0,18364758546640568448,[128; 128; 84; 246; 152; 186; 220; 254],NONE,NONE,T,1,7)
amoand_d_core_wrap_rd3=(18364758546640568448,18364758546640568448,81985529216486895,(0,NONE),T,2147516544,0,2147516544,[128; 128; 0; 128; 0; 0; 0; 0],NONE,NONE,T,1,255)
amoand_d_rv32_mode_rd3=(18364758546640568448,18364758546640568448,81985529216486895,(0,NONE),T,2147516544,0,2147516544,[128; 128; 0; 128; 0; 0; 0; 0],NONE,NONE,T,1,7)
amoand_d_rv128_mode_rd3=(18364758546640568448,18364758546640568448,81985529216486895,(0,NONE),T,2147516544,0,2147516544,[128; 128; 0; 128; 0; 0; 0; 0],NONE,NONE,T,1,7)
amoand_d_write_walk_returned_state_rd3=(3175,3175,81985529216486895,(0,NONE),T,3175,0,3175,[103; 12; 0; 0; 0; 0; 0; 0],SOME (63,F,1073741823,18446744072635809792,0,0,77,0,T,3,T,0,3,T,0),NONE,T,1,7)
amoand_d_read_only_page_fault_rd3=(81985529216486895,81985529216486895,81985529216486895,(4,SOME 0),T,3077,0,3077,[5; 12; 0; 0; 0; 0; 0; 0],NONE,NONE,T,1,7)
amoand_d_invalid_pte_fault_rd3=(81985529216486895,81985529216486895,81985529216486895,(4,SOME 0),T,0,0,0,[0; 0; 0; 0; 0; 0; 0; 0],NONE,NONE,T,1,7)
amoand_d_rs1_zero_rd3=(18364758546640568448,18364758546640568448,81985529216486895,(0,NONE),T,2147516544,0,2147516544,[128; 128; 0; 128; 0; 0; 0; 0],NONE,NONE,T,1,7)
amoand_w_overflow_rd3=(18446744073709551615,18446744073709551615,18446744073709551615,(0,NONE),T,18446744073709551615,0,18446744073709551615,[255; 255; 255; 255; 255; 255; 255; 255],NONE,NONE,T,1,7)
amoand_w_order_0_1_rd3=(18446744073547317376,18446744073547317376,81985529216486895,(0,NONE),T,18364758544655351936,0,18364758544655351936,[128; 128; 0; 128; 152; 186; 220; 254],NONE,NONE,T,1,7)
amoand_w_order_1_0_rd3=(18446744073547317376,18446744073547317376,81985529216486895,(0,NONE),T,18364758544655351936,0,18364758544655351936,[128; 128; 0; 128; 152; 186; 220; 254],NONE,NONE,T,1,7)
amoand_w_order_1_1_rd3=(18446744073547317376,18446744073547317376,81985529216486895,(0,NONE),T,18364758544655351936,0,18364758544655351936,[128; 128; 0; 128; 152; 186; 220; 254],NONE,NONE,T,1,7)
amoand_w_misaligned_1_rd3=(81985529216486895,81985529216486895,81985529216486895,(3,SOME 1),T,15905193217759412224,254,18364758546640568448,[128; 128; 84; 246; 152; 186; 220; 254],NONE,NONE,T,1,7)
amoand_w_misaligned_2_rd3=(81985529216486895,81985529216486895,81985529216486895,(3,SOME 2),T,13445767530308173824,65244,18364758546640568448,[128; 128; 84; 246; 152; 186; 220; 254],NONE,NONE,T,1,7)
amoand_w_misaligned_3_rd3=(81985529216486895,81985529216486895,81985529216486895,(3,SOME 3),T,11022090048915898368,16702650,18364758546640568448,[128; 128; 84; 246; 152; 186; 220; 254],NONE,NONE,T,1,7)
amoand_d_overflow_rd3=(18446744073709551615,18446744073709551615,18446744073709551615,(0,NONE),T,18446744073709551615,0,18446744073709551615,[255; 255; 255; 255; 255; 255; 255; 255],NONE,NONE,T,1,7)
amoand_d_order_0_1_rd3=(18364758546640568448,18364758546640568448,81985529216486895,(0,NONE),T,2147516544,0,2147516544,[128; 128; 0; 128; 0; 0; 0; 0],NONE,NONE,T,1,7)
amoand_d_order_1_0_rd3=(18364758546640568448,18364758546640568448,81985529216486895,(0,NONE),T,2147516544,0,2147516544,[128; 128; 0; 128; 0; 0; 0; 0],NONE,NONE,T,1,7)
amoand_d_order_1_1_rd3=(18364758546640568448,18364758546640568448,81985529216486895,(0,NONE),T,2147516544,0,2147516544,[128; 128; 0; 128; 0; 0; 0; 0],NONE,NONE,T,1,7)
amoand_d_misaligned_1_rd3=(81985529216486895,81985529216486895,81985529216486895,(3,SOME 1),T,15905193217759412224,254,18364758546640568448,[128; 128; 84; 246; 152; 186; 220; 254],NONE,NONE,T,1,7)
amoand_d_misaligned_2_rd3=(81985529216486895,81985529216486895,81985529216486895,(3,SOME 2),T,13445767530308173824,65244,18364758546640568448,[128; 128; 84; 246; 152; 186; 220; 254],NONE,NONE,T,1,7)
amoand_d_misaligned_3_rd3=(81985529216486895,81985529216486895,81985529216486895,(3,SOME 3),T,11022090048915898368,16702650,18364758546640568448,[128; 128; 84; 246; 152; 186; 220; 254],NONE,NONE,T,1,7)
amoand_d_misaligned_4_rd3=(81985529216486895,81985529216486895,81985529216486895,(3,SOME 4),T,17749953318618136576,4275878552,18364758546640568448,[128; 128; 84; 246; 152; 186; 220; 254],NONE,NONE,T,1,7)
amoand_d_misaligned_5_rd3=(81985529216486895,81985529216486895,81985529216486895,(3,SOME 5),T,6089007433693265920,1094624909558,18364758546640568448,[128; 128; 84; 246; 152; 186; 220; 254],NONE,NONE,T,1,7)
amoand_d_misaligned_6_rd3=(81985529216486895,81985529216486895,81985529216486895,(3,SOME 6),T,9259400833873739776,280223976846932,18364758546640568448,[128; 128; 84; 246; 152; 186; 220; 254],NONE,NONE,T,1,7)
amoand_d_misaligned_7_rd3=(81985529216486895,81985529216486895,81985529216486895,(3,SOME 7),T,9223372036854775808,71737338072814720,18364758546640568448,[128; 128; 84; 246; 152; 186; 220; 254],NONE,NONE,T,1,7)
amoor_w_aligned_rd3=(18446744073547317376,18446744073547317376,81985529216486895,(0,NONE),T,18364758546802789871,0,18364758546802789871,[239; 205; 255; 255; 152; 186; 220; 254],NONE,NONE,T,1,7)
amoor_w_aligned_rd0=(81985529216486895,81985529216486895,81985529216486895,(0,NONE),T,18364758546802789871,0,18364758546802789871,[239; 205; 255; 255; 152; 186; 220; 254],NONE,NONE,T,1,7)
amoor_w_aligned_rd2=(81985529216486895,81985529216486895,81985529216486895,(0,NONE),T,18364758546802789871,0,18364758546802789871,[239; 205; 255; 255; 152; 186; 220; 254],NONE,NONE,T,1,7)
amoor_w_positive_memory_rd3=(305419903,305419903,81985529216486895,(0,NONE),T,1311768467480764415,0,1311768467480764415,[255; 223; 191; 155; 120; 86; 52; 18],NONE,NONE,T,1,7)
amoor_w_rs2_zero_rd3=(0,99,99,(0,NONE),T,18364758546640568448,0,18364758546640568448,[128; 128; 84; 246; 152; 186; 220; 254],NONE,NONE,T,1,7)
amoor_w_address_wrap_rd3=(81985529216486895,81985529216486895,81985529216486895,(3,SOME 18446744073709551615),T,71737338072814720,0,18364758546640568448,[128; 128; 84; 246; 152; 186; 220; 254],NONE,NONE,T,1,7)
amoor_w_core_wrap_rd3=(18446744073547317376,18446744073547317376,81985529216486895,(0,NONE),T,18364758546802789871,0,18364758546802789871,[239; 205; 255; 255; 152; 186; 220; 254],NONE,NONE,T,1,255)
amoor_w_rv32_mode_rd3=(18446744073547317376,18446744073547317376,81985529216486895,(0,NONE),T,18364758546802789871,0,18364758546802789871,[239; 205; 255; 255; 152; 186; 220; 254],NONE,NONE,T,1,7)
amoor_w_rv128_mode_rd3=(18446744073547317376,18446744073547317376,81985529216486895,(0,NONE),T,18364758546802789871,0,18364758546802789871,[239; 205; 255; 255; 152; 186; 220; 254],NONE,NONE,T,1,7)
amoor_w_write_walk_returned_state_rd3=(3175,3175,81985529216486895,(0,NONE),T,2309737967,0,2309737967,[239; 205; 171; 137; 0; 0; 0; 0],SOME (63,F,1073741823,18446744072635809792,0,0,77,0,T,3,T,0,3,T,0),NONE,T,1,7)
amoor_w_read_only_page_fault_rd3=(81985529216486895,81985529216486895,81985529216486895,(4,SOME 0),T,3077,0,3077,[5; 12; 0; 0; 0; 0; 0; 0],NONE,NONE,T,1,7)
amoor_w_invalid_pte_fault_rd3=(81985529216486895,81985529216486895,81985529216486895,(4,SOME 0),T,0,0,0,[0; 0; 0; 0; 0; 0; 0; 0],NONE,NONE,T,1,7)
amoor_w_rs1_zero_rd3=(18446744073547317376,18446744073547317376,81985529216486895,(0,NONE),T,18364758546802789871,0,18364758546802789871,[239; 205; 255; 255; 152; 186; 220; 254],NONE,NONE,T,1,7)
amoor_d_aligned_rd3=(18364758546640568448,18364758546640568448,81985529216486895,(0,NONE),T,18446744073709538799,0,18446744073709538799,[239; 205; 255; 255; 255; 255; 255; 255],NONE,NONE,T,1,7)
amoor_d_aligned_rd0=(81985529216486895,81985529216486895,81985529216486895,(0,NONE),T,18446744073709538799,0,18446744073709538799,[239; 205; 255; 255; 255; 255; 255; 255],NONE,NONE,T,1,7)
amoor_d_aligned_rd2=(81985529216486895,81985529216486895,81985529216486895,(0,NONE),T,18446744073709538799,0,18446744073709538799,[239; 205; 255; 255; 255; 255; 255; 255],NONE,NONE,T,1,7)
amoor_d_positive_memory_rd3=(1311768465173141119,1311768465173141119,81985529216486895,(0,NONE),T,1384671616025223167,0,1384671616025223167,[255; 223; 191; 155; 127; 87; 55; 19],NONE,NONE,T,1,7)
amoor_d_rs2_zero_rd3=(0,99,99,(0,NONE),T,18364758546640568448,0,18364758546640568448,[128; 128; 84; 246; 152; 186; 220; 254],NONE,NONE,T,1,7)
amoor_d_address_wrap_rd3=(81985529216486895,81985529216486895,81985529216486895,(3,SOME 18446744073709551615),T,71737338072814720,0,18364758546640568448,[128; 128; 84; 246; 152; 186; 220; 254],NONE,NONE,T,1,7)
amoor_d_core_wrap_rd3=(18364758546640568448,18364758546640568448,81985529216486895,(0,NONE),T,18446744073709538799,0,18446744073709538799,[239; 205; 255; 255; 255; 255; 255; 255],NONE,NONE,T,1,255)
amoor_d_rv32_mode_rd3=(18364758546640568448,18364758546640568448,81985529216486895,(0,NONE),T,18446744073709538799,0,18446744073709538799,[239; 205; 255; 255; 255; 255; 255; 255],NONE,NONE,T,1,7)
amoor_d_rv128_mode_rd3=(18364758546640568448,18364758546640568448,81985529216486895,(0,NONE),T,18446744073709538799,0,18446744073709538799,[239; 205; 255; 255; 255; 255; 255; 255],NONE,NONE,T,1,7)
amoor_d_write_walk_returned_state_rd3=(3175,3175,81985529216486895,(0,NONE),T,81985529216486895,0,81985529216486895,[239; 205; 171; 137; 103; 69; 35; 1],SOME (63,F,1073741823,18446744072635809792,0,0,77,0,T,3,T,0,3,T,0),NONE,T,1,7)
amoor_d_read_only_page_fault_rd3=(81985529216486895,81985529216486895,81985529216486895,(4,SOME 0),T,3077,0,3077,[5; 12; 0; 0; 0; 0; 0; 0],NONE,NONE,T,1,7)
amoor_d_invalid_pte_fault_rd3=(81985529216486895,81985529216486895,81985529216486895,(4,SOME 0),T,0,0,0,[0; 0; 0; 0; 0; 0; 0; 0],NONE,NONE,T,1,7)
amoor_d_rs1_zero_rd3=(18364758546640568448,18364758546640568448,81985529216486895,(0,NONE),T,18446744073709538799,0,18446744073709538799,[239; 205; 255; 255; 255; 255; 255; 255],NONE,NONE,T,1,7)
amoor_w_overflow_rd3=(18446744073709551615,18446744073709551615,18446744073709551615,(0,NONE),T,18446744073709551615,0,18446744073709551615,[255; 255; 255; 255; 255; 255; 255; 255],NONE,NONE,T,1,7)
amoor_w_order_0_1_rd3=(18446744073547317376,18446744073547317376,81985529216486895,(0,NONE),T,18364758546802789871,0,18364758546802789871,[239; 205; 255; 255; 152; 186; 220; 254],NONE,NONE,T,1,7)
amoor_w_order_1_0_rd3=(18446744073547317376,18446744073547317376,81985529216486895,(0,NONE),T,18364758546802789871,0,18364758546802789871,[239; 205; 255; 255; 152; 186; 220; 254],NONE,NONE,T,1,7)
amoor_w_order_1_1_rd3=(18446744073547317376,18446744073547317376,81985529216486895,(0,NONE),T,18364758546802789871,0,18364758546802789871,[239; 205; 255; 255; 152; 186; 220; 254],NONE,NONE,T,1,7)
amoor_w_misaligned_1_rd3=(81985529216486895,81985529216486895,81985529216486895,(3,SOME 1),T,15905193217759412224,254,18364758546640568448,[128; 128; 84; 246; 152; 186; 220; 254],NONE,NONE,T,1,7)
amoor_w_misaligned_2_rd3=(81985529216486895,81985529216486895,81985529216486895,(3,SOME 2),T,13445767530308173824,65244,18364758546640568448,[128; 128; 84; 246; 152; 186; 220; 254],NONE,NONE,T,1,7)
amoor_w_misaligned_3_rd3=(81985529216486895,81985529216486895,81985529216486895,(3,SOME 3),T,11022090048915898368,16702650,18364758546640568448,[128; 128; 84; 246; 152; 186; 220; 254],NONE,NONE,T,1,7)
amoor_d_overflow_rd3=(18446744073709551615,18446744073709551615,18446744073709551615,(0,NONE),T,18446744073709551615,0,18446744073709551615,[255; 255; 255; 255; 255; 255; 255; 255],NONE,NONE,T,1,7)
amoor_d_order_0_1_rd3=(18364758546640568448,18364758546640568448,81985529216486895,(0,NONE),T,18446744073709538799,0,18446744073709538799,[239; 205; 255; 255; 255; 255; 255; 255],NONE,NONE,T,1,7)
amoor_d_order_1_0_rd3=(18364758546640568448,18364758546640568448,81985529216486895,(0,NONE),T,18446744073709538799,0,18446744073709538799,[239; 205; 255; 255; 255; 255; 255; 255],NONE,NONE,T,1,7)
amoor_d_order_1_1_rd3=(18364758546640568448,18364758546640568448,81985529216486895,(0,NONE),T,18446744073709538799,0,18446744073709538799,[239; 205; 255; 255; 255; 255; 255; 255],NONE,NONE,T,1,7)
amoor_d_misaligned_1_rd3=(81985529216486895,81985529216486895,81985529216486895,(3,SOME 1),T,15905193217759412224,254,18364758546640568448,[128; 128; 84; 246; 152; 186; 220; 254],NONE,NONE,T,1,7)
amoor_d_misaligned_2_rd3=(81985529216486895,81985529216486895,81985529216486895,(3,SOME 2),T,13445767530308173824,65244,18364758546640568448,[128; 128; 84; 246; 152; 186; 220; 254],NONE,NONE,T,1,7)
amoor_d_misaligned_3_rd3=(81985529216486895,81985529216486895,81985529216486895,(3,SOME 3),T,11022090048915898368,16702650,18364758546640568448,[128; 128; 84; 246; 152; 186; 220; 254],NONE,NONE,T,1,7)
amoor_d_misaligned_4_rd3=(81985529216486895,81985529216486895,81985529216486895,(3,SOME 4),T,17749953318618136576,4275878552,18364758546640568448,[128; 128; 84; 246; 152; 186; 220; 254],NONE,NONE,T,1,7)
amoor_d_misaligned_5_rd3=(81985529216486895,81985529216486895,81985529216486895,(3,SOME 5),T,6089007433693265920,1094624909558,18364758546640568448,[128; 128; 84; 246; 152; 186; 220; 254],NONE,NONE,T,1,7)
amoor_d_misaligned_6_rd3=(81985529216486895,81985529216486895,81985529216486895,(3,SOME 6),T,9259400833873739776,280223976846932,18364758546640568448,[128; 128; 84; 246; 152; 186; 220; 254],NONE,NONE,T,1,7)
amoor_d_misaligned_7_rd3=(81985529216486895,81985529216486895,81985529216486895,(3,SOME 7),T,9223372036854775808,71737338072814720,18364758546640568448,[128; 128; 84; 246; 152; 186; 220; 254],NONE,NONE,T,1,7)
