amomin_w_definition=∀aq rl rd rs1 rs2. dfn'AMOMIN_W (aq,rl,rd,rs1,rs2) = (λstate. (let v = GPR rs1 state in if (1 >< 0) v ≠ 0w then signalAddressException (AMO_Misaligned,v) state else (let (v0,s) = translateAddr (v,Data,Write) state in case v0 of NONE => signalAddressException (Store_AMO_Fault,v) s | SOME pAddr => (let v = sw2sw ((31 >< 0) (rawReadData pAddr s)) in rawWriteData (pAddr,word_smin (GPR rs2 s) v,4) (write'GPR (v,rd) s)))))
amomin_w_type=:word1 # word1 # word5 # word5 # word5 -> riscv_state -> riscv_state
amomin_d_definition=∀aq rl rd rs1 rs2. dfn'AMOMIN_D (aq,rl,rd,rs1,rs2) = (λstate. (let v = GPR rs1 state in if (2 >< 0) v ≠ 0w then signalAddressException (AMO_Misaligned,v) state else (let (v0,s) = translateAddr (v,Data,Write) state in case v0 of NONE => signalAddressException (Store_AMO_Fault,v) s | SOME pAddr => (let v = rawReadData pAddr s in rawWriteData (pAddr,word_smin (GPR rs2 s) v,8) (write'GPR (v,rd) s)))))
amomin_d_type=:word1 # word1 # word5 # word5 # word5 -> riscv_state -> riscv_state
amomax_w_definition=∀aq rl rd rs1 rs2. dfn'AMOMAX_W (aq,rl,rd,rs1,rs2) = (λstate. (let v = GPR rs1 state in if (1 >< 0) v ≠ 0w then signalAddressException (AMO_Misaligned,v) state else (let (v0,s) = translateAddr (v,Data,Write) state in case v0 of NONE => signalAddressException (Store_AMO_Fault,v) s | SOME pAddr => (let v = sw2sw ((31 >< 0) (rawReadData pAddr s)) in rawWriteData (pAddr,word_smax (GPR rs2 s) v,4) (write'GPR (v,rd) s)))))
amomax_w_type=:word1 # word1 # word5 # word5 # word5 -> riscv_state -> riscv_state
amomax_d_definition=∀aq rl rd rs1 rs2. dfn'AMOMAX_D (aq,rl,rd,rs1,rs2) = (λstate. (let v = GPR rs1 state in if (2 >< 0) v ≠ 0w then signalAddressException (AMO_Misaligned,v) state else (let (v0,s) = translateAddr (v,Data,Write) state in case v0 of NONE => signalAddressException (Store_AMO_Fault,v) s | SOME pAddr => (let v = rawReadData pAddr s in rawWriteData (pAddr,word_smax (GPR rs2 s) v,8) (write'GPR (v,rd) s)))))
amomax_d_type=:word1 # word1 # word5 # word5 # word5 -> riscv_state -> riscv_state
amominu_w_definition=∀aq rl rd rs1 rs2. dfn'AMOMINU_W (aq,rl,rd,rs1,rs2) = (λstate. (let v = GPR rs1 state in if (1 >< 0) v ≠ 0w then signalAddressException (AMO_Misaligned,v) state else (let (v0,s) = translateAddr (v,Data,Write) state in case v0 of NONE => signalAddressException (Store_AMO_Fault,v) s | SOME pAddr => (let v = sw2sw ((31 >< 0) (rawReadData pAddr s)) in rawWriteData (pAddr,word_min (GPR rs2 s) v,4) (write'GPR (v,rd) s)))))
amominu_w_type=:word1 # word1 # word5 # word5 # word5 -> riscv_state -> riscv_state
amominu_d_definition=∀aq rl rd rs1 rs2. dfn'AMOMINU_D (aq,rl,rd,rs1,rs2) = (λstate. (let v = GPR rs1 state in if (2 >< 0) v ≠ 0w then signalAddressException (AMO_Misaligned,v) state else (let (v0,s) = translateAddr (v,Data,Write) state in case v0 of NONE => signalAddressException (Store_AMO_Fault,v) s | SOME pAddr => (let v = rawReadData pAddr s in rawWriteData (pAddr,word_min (GPR rs2 s) v,8) (write'GPR (v,rd) s)))))
amominu_d_type=:word1 # word1 # word5 # word5 # word5 -> riscv_state -> riscv_state
amomaxu_w_definition=∀aq rl rd rs1 rs2. dfn'AMOMAXU_W (aq,rl,rd,rs1,rs2) = (λstate. (let v = GPR rs1 state in if (1 >< 0) v ≠ 0w then signalAddressException (AMO_Misaligned,v) state else (let (v0,s) = translateAddr (v,Data,Write) state in case v0 of NONE => signalAddressException (Store_AMO_Fault,v) s | SOME pAddr => (let v = sw2sw ((31 >< 0) (rawReadData pAddr s)) in rawWriteData (pAddr,word_max (GPR rs2 s) v,4) (write'GPR (v,rd) s)))))
amomaxu_w_type=:word1 # word1 # word5 # word5 # word5 -> riscv_state -> riscv_state
amomaxu_d_definition=∀aq rl rd rs1 rs2. dfn'AMOMAXU_D (aq,rl,rd,rs1,rs2) = (λstate. (let v = GPR rs1 state in if (2 >< 0) v ≠ 0w then signalAddressException (AMO_Misaligned,v) state else (let (v0,s) = translateAddr (v,Data,Write) state in case v0 of NONE => signalAddressException (Store_AMO_Fault,v) s | SOME pAddr => (let v = rawReadData pAddr s in rawWriteData (pAddr,word_max (GPR rs2 s) v,8) (write'GPR (v,rd) s)))))
amomaxu_d_type=:word1 # word1 # word5 # word5 # word5 -> riscv_state -> riscv_state
amomin_w_aligned_rd3=(18446744073547317376,18446744073547317376,81985529216486895,(0,NONE),T,18364758546640568448,0,18364758546640568448,[128; 128; 84; 246; 152; 186; 220; 254],NONE,NONE,T,1,7)
amomin_w_aligned_rd0=(81985529216486895,81985529216486895,81985529216486895,(0,NONE),T,18364758546640568448,0,18364758546640568448,[128; 128; 84; 246; 152; 186; 220; 254],NONE,NONE,T,1,7)
amomin_w_aligned_rd2=(81985529216486895,81985529216486895,81985529216486895,(0,NONE),T,18364758546640568448,0,18364758546640568448,[128; 128; 84; 246; 152; 186; 220; 254],NONE,NONE,T,1,7)
amomin_w_positive_memory_rd3=(305419903,305419903,81985529216486895,(0,NONE),T,1311768465173141119,0,1311768465173141119,[127; 86; 52; 18; 120; 86; 52; 18],NONE,NONE,T,1,7)
amomin_w_rs2_zero_rd3=(0,99,99,(0,NONE),T,18364758546640568448,0,18364758546640568448,[128; 128; 84; 246; 152; 186; 220; 254],NONE,NONE,T,1,7)
amomin_w_address_wrap_rd3=(81985529216486895,81985529216486895,81985529216486895,(3,SOME 18446744073709551615),T,71737338072814720,0,18364758546640568448,[128; 128; 84; 246; 152; 186; 220; 254],NONE,NONE,T,1,7)
amomin_w_core_wrap_rd3=(18446744073547317376,18446744073547317376,81985529216486895,(0,NONE),T,18364758546640568448,0,18364758546640568448,[128; 128; 84; 246; 152; 186; 220; 254],NONE,NONE,T,1,255)
amomin_w_rv32_mode_rd3=(18446744073547317376,18446744073547317376,81985529216486895,(0,NONE),T,18364758546640568448,0,18364758546640568448,[128; 128; 84; 246; 152; 186; 220; 254],NONE,NONE,T,1,7)
amomin_w_rv128_mode_rd3=(18446744073547317376,18446744073547317376,81985529216486895,(0,NONE),T,18364758546640568448,0,18364758546640568448,[128; 128; 84; 246; 152; 186; 220; 254],NONE,NONE,T,1,7)
amomin_w_write_walk_returned_state_rd3=(3175,3175,81985529216486895,(0,NONE),T,3175,0,3175,[103; 12; 0; 0; 0; 0; 0; 0],SOME (63,F,1073741823,18446744072635809792,0,0,77,0,T,3,T,0,3,T,0),NONE,T,1,7)
amomin_w_read_only_page_fault_rd3=(81985529216486895,81985529216486895,81985529216486895,(4,SOME 0),T,3077,0,3077,[5; 12; 0; 0; 0; 0; 0; 0],NONE,NONE,T,1,7)
amomin_w_invalid_pte_fault_rd3=(81985529216486895,81985529216486895,81985529216486895,(4,SOME 0),T,0,0,0,[0; 0; 0; 0; 0; 0; 0; 0],NONE,NONE,T,1,7)
amomin_w_rs1_zero_rd3=(18446744073547317376,18446744073547317376,81985529216486895,(0,NONE),T,18364758546640568448,0,18364758546640568448,[128; 128; 84; 246; 152; 186; 220; 254],NONE,NONE,T,1,7)
amomin_d_aligned_rd3=(18364758546640568448,18364758546640568448,81985529216486895,(0,NONE),T,18364758546640568448,0,18364758546640568448,[128; 128; 84; 246; 152; 186; 220; 254],NONE,NONE,T,1,7)
amomin_d_aligned_rd0=(81985529216486895,81985529216486895,81985529216486895,(0,NONE),T,18364758546640568448,0,18364758546640568448,[128; 128; 84; 246; 152; 186; 220; 254],NONE,NONE,T,1,7)
amomin_d_aligned_rd2=(81985529216486895,81985529216486895,81985529216486895,(0,NONE),T,18364758546640568448,0,18364758546640568448,[128; 128; 84; 246; 152; 186; 220; 254],NONE,NONE,T,1,7)
amomin_d_positive_memory_rd3=(1311768465173141119,1311768465173141119,81985529216486895,(0,NONE),T,81985529216486895,0,81985529216486895,[239; 205; 171; 137; 103; 69; 35; 1],NONE,NONE,T,1,7)
amomin_d_rs2_zero_rd3=(0,99,99,(0,NONE),T,18364758546640568448,0,18364758546640568448,[128; 128; 84; 246; 152; 186; 220; 254],NONE,NONE,T,1,7)
amomin_d_address_wrap_rd3=(81985529216486895,81985529216486895,81985529216486895,(3,SOME 18446744073709551615),T,71737338072814720,0,18364758546640568448,[128; 128; 84; 246; 152; 186; 220; 254],NONE,NONE,T,1,7)
amomin_d_core_wrap_rd3=(18364758546640568448,18364758546640568448,81985529216486895,(0,NONE),T,18364758546640568448,0,18364758546640568448,[128; 128; 84; 246; 152; 186; 220; 254],NONE,NONE,T,1,255)
amomin_d_rv32_mode_rd3=(18364758546640568448,18364758546640568448,81985529216486895,(0,NONE),T,18364758546640568448,0,18364758546640568448,[128; 128; 84; 246; 152; 186; 220; 254],NONE,NONE,T,1,7)
amomin_d_rv128_mode_rd3=(18364758546640568448,18364758546640568448,81985529216486895,(0,NONE),T,18364758546640568448,0,18364758546640568448,[128; 128; 84; 246; 152; 186; 220; 254],NONE,NONE,T,1,7)
amomin_d_write_walk_returned_state_rd3=(3175,3175,81985529216486895,(0,NONE),T,3175,0,3175,[103; 12; 0; 0; 0; 0; 0; 0],SOME (63,F,1073741823,18446744072635809792,0,0,77,0,T,3,T,0,3,T,0),NONE,T,1,7)
amomin_d_read_only_page_fault_rd3=(81985529216486895,81985529216486895,81985529216486895,(4,SOME 0),T,3077,0,3077,[5; 12; 0; 0; 0; 0; 0; 0],NONE,NONE,T,1,7)
amomin_d_invalid_pte_fault_rd3=(81985529216486895,81985529216486895,81985529216486895,(4,SOME 0),T,0,0,0,[0; 0; 0; 0; 0; 0; 0; 0],NONE,NONE,T,1,7)
amomin_d_rs1_zero_rd3=(18364758546640568448,18364758546640568448,81985529216486895,(0,NONE),T,18364758546640568448,0,18364758546640568448,[128; 128; 84; 246; 152; 186; 220; 254],NONE,NONE,T,1,7)
amomin_w_overflow_rd3=(18446744073709551615,18446744073709551615,18446744073709551615,(0,NONE),T,18446744073709551615,0,18446744073709551615,[255; 255; 255; 255; 255; 255; 255; 255],NONE,NONE,T,1,7)
amomin_w_order_0_1_rd3=(18446744073547317376,18446744073547317376,81985529216486895,(0,NONE),T,18364758546640568448,0,18364758546640568448,[128; 128; 84; 246; 152; 186; 220; 254],NONE,NONE,T,1,7)
amomin_w_order_1_0_rd3=(18446744073547317376,18446744073547317376,81985529216486895,(0,NONE),T,18364758546640568448,0,18364758546640568448,[128; 128; 84; 246; 152; 186; 220; 254],NONE,NONE,T,1,7)
amomin_w_order_1_1_rd3=(18446744073547317376,18446744073547317376,81985529216486895,(0,NONE),T,18364758546640568448,0,18364758546640568448,[128; 128; 84; 246; 152; 186; 220; 254],NONE,NONE,T,1,7)
amomin_w_misaligned_1_rd3=(81985529216486895,81985529216486895,81985529216486895,(3,SOME 1),T,15905193217759412224,254,18364758546640568448,[128; 128; 84; 246; 152; 186; 220; 254],NONE,NONE,T,1,7)
amomin_w_misaligned_2_rd3=(81985529216486895,81985529216486895,81985529216486895,(3,SOME 2),T,13445767530308173824,65244,18364758546640568448,[128; 128; 84; 246; 152; 186; 220; 254],NONE,NONE,T,1,7)
amomin_w_misaligned_3_rd3=(81985529216486895,81985529216486895,81985529216486895,(3,SOME 3),T,11022090048915898368,16702650,18364758546640568448,[128; 128; 84; 246; 152; 186; 220; 254],NONE,NONE,T,1,7)
amomin_d_overflow_rd3=(18446744073709551615,18446744073709551615,18446744073709551615,(0,NONE),T,18446744073709551615,0,18446744073709551615,[255; 255; 255; 255; 255; 255; 255; 255],NONE,NONE,T,1,7)
amomin_d_order_0_1_rd3=(18364758546640568448,18364758546640568448,81985529216486895,(0,NONE),T,18364758546640568448,0,18364758546640568448,[128; 128; 84; 246; 152; 186; 220; 254],NONE,NONE,T,1,7)
amomin_d_order_1_0_rd3=(18364758546640568448,18364758546640568448,81985529216486895,(0,NONE),T,18364758546640568448,0,18364758546640568448,[128; 128; 84; 246; 152; 186; 220; 254],NONE,NONE,T,1,7)
amomin_d_order_1_1_rd3=(18364758546640568448,18364758546640568448,81985529216486895,(0,NONE),T,18364758546640568448,0,18364758546640568448,[128; 128; 84; 246; 152; 186; 220; 254],NONE,NONE,T,1,7)
amomin_d_misaligned_1_rd3=(81985529216486895,81985529216486895,81985529216486895,(3,SOME 1),T,15905193217759412224,254,18364758546640568448,[128; 128; 84; 246; 152; 186; 220; 254],NONE,NONE,T,1,7)
amomin_d_misaligned_2_rd3=(81985529216486895,81985529216486895,81985529216486895,(3,SOME 2),T,13445767530308173824,65244,18364758546640568448,[128; 128; 84; 246; 152; 186; 220; 254],NONE,NONE,T,1,7)
amomin_d_misaligned_3_rd3=(81985529216486895,81985529216486895,81985529216486895,(3,SOME 3),T,11022090048915898368,16702650,18364758546640568448,[128; 128; 84; 246; 152; 186; 220; 254],NONE,NONE,T,1,7)
amomin_d_misaligned_4_rd3=(81985529216486895,81985529216486895,81985529216486895,(3,SOME 4),T,17749953318618136576,4275878552,18364758546640568448,[128; 128; 84; 246; 152; 186; 220; 254],NONE,NONE,T,1,7)
amomin_d_misaligned_5_rd3=(81985529216486895,81985529216486895,81985529216486895,(3,SOME 5),T,6089007433693265920,1094624909558,18364758546640568448,[128; 128; 84; 246; 152; 186; 220; 254],NONE,NONE,T,1,7)
amomin_d_misaligned_6_rd3=(81985529216486895,81985529216486895,81985529216486895,(3,SOME 6),T,9259400833873739776,280223976846932,18364758546640568448,[128; 128; 84; 246; 152; 186; 220; 254],NONE,NONE,T,1,7)
amomin_d_misaligned_7_rd3=(81985529216486895,81985529216486895,81985529216486895,(3,SOME 7),T,9223372036854775808,71737338072814720,18364758546640568448,[128; 128; 84; 246; 152; 186; 220; 254],NONE,NONE,T,1,7)
amomin_w_both_zero_rd3=(0,0,0,(0,NONE),T,0,0,0,[0; 0; 0; 0; 0; 0; 0; 0],NONE,NONE,T,1,7)
amomin_w_equal_rd3=(17,17,17,(0,NONE),T,17,0,17,[17; 0; 0; 0; 0; 0; 0; 0],NONE,NONE,T,1,7)
amomin_w_old_signed_min_rd3=(18446744071562067968,18446744071562067968,0,(0,NONE),T,2147483648,0,2147483648,[0; 0; 0; 128; 0; 0; 0; 0],NONE,NONE,T,1,7)
amomin_w_source_signed_min_rd3=(1,1,9223372036854775808,(0,NONE),T,0,0,0,[0; 0; 0; 0; 0; 0; 0; 0],NONE,NONE,T,1,7)
amomin_w_old_signed_max_rd3=(2147483647,2147483647,18446744073709551615,(0,NONE),T,4294967295,0,4294967295,[255; 255; 255; 255; 0; 0; 0; 0],NONE,NONE,T,1,7)
amomin_w_source_upper32_rd3=(1,1,4294967296,(0,NONE),T,1,0,1,[1; 0; 0; 0; 0; 0; 0; 0],NONE,NONE,T,1,7)
amomin_d_both_zero_rd3=(0,0,0,(0,NONE),T,0,0,0,[0; 0; 0; 0; 0; 0; 0; 0],NONE,NONE,T,1,7)
amomin_d_equal_rd3=(17,17,17,(0,NONE),T,17,0,17,[17; 0; 0; 0; 0; 0; 0; 0],NONE,NONE,T,1,7)
amomin_d_old_signed_min_rd3=(9223372036854775808,9223372036854775808,0,(0,NONE),T,9223372036854775808,0,9223372036854775808,[0; 0; 0; 0; 0; 0; 0; 128],NONE,NONE,T,1,7)
amomin_d_source_signed_min_rd3=(1,1,9223372036854775808,(0,NONE),T,9223372036854775808,0,9223372036854775808,[0; 0; 0; 0; 0; 0; 0; 128],NONE,NONE,T,1,7)
amomin_d_old_signed_max_rd3=(9223372036854775807,9223372036854775807,18446744073709551615,(0,NONE),T,18446744073709551615,0,18446744073709551615,[255; 255; 255; 255; 255; 255; 255; 255],NONE,NONE,T,1,7)
amomin_d_source_upper32_rd3=(1,1,4294967296,(0,NONE),T,1,0,1,[1; 0; 0; 0; 0; 0; 0; 0],NONE,NONE,T,1,7)
amomax_w_aligned_rd3=(18446744073547317376,18446744073547317376,81985529216486895,(0,NONE),T,18364758544817573359,0,18364758544817573359,[239; 205; 171; 137; 152; 186; 220; 254],NONE,NONE,T,1,7)
amomax_w_aligned_rd0=(81985529216486895,81985529216486895,81985529216486895,(0,NONE),T,18364758544817573359,0,18364758544817573359,[239; 205; 171; 137; 152; 186; 220; 254],NONE,NONE,T,1,7)
amomax_w_aligned_rd2=(81985529216486895,81985529216486895,81985529216486895,(0,NONE),T,18364758544817573359,0,18364758544817573359,[239; 205; 171; 137; 152; 186; 220; 254],NONE,NONE,T,1,7)
amomax_w_positive_memory_rd3=(305419903,305419903,81985529216486895,(0,NONE),T,1311768467177459183,0,1311768467177459183,[239; 205; 171; 137; 120; 86; 52; 18],NONE,NONE,T,1,7)
amomax_w_rs2_zero_rd3=(0,99,99,(0,NONE),T,18364758542507835392,0,18364758542507835392,[0; 0; 0; 0; 152; 186; 220; 254],NONE,NONE,T,1,7)
amomax_w_address_wrap_rd3=(81985529216486895,81985529216486895,81985529216486895,(3,SOME 18446744073709551615),T,71737338072814720,0,18364758546640568448,[128; 128; 84; 246; 152; 186; 220; 254],NONE,NONE,T,1,7)
amomax_w_core_wrap_rd3=(18446744073547317376,18446744073547317376,81985529216486895,(0,NONE),T,18364758544817573359,0,18364758544817573359,[239; 205; 171; 137; 152; 186; 220; 254],NONE,NONE,T,1,255)
amomax_w_rv32_mode_rd3=(18446744073547317376,18446744073547317376,81985529216486895,(0,NONE),T,18364758544817573359,0,18364758544817573359,[239; 205; 171; 137; 152; 186; 220; 254],NONE,NONE,T,1,7)
amomax_w_rv128_mode_rd3=(18446744073547317376,18446744073547317376,81985529216486895,(0,NONE),T,18364758544817573359,0,18364758544817573359,[239; 205; 171; 137; 152; 186; 220; 254],NONE,NONE,T,1,7)
amomax_w_write_walk_returned_state_rd3=(3175,3175,81985529216486895,(0,NONE),T,2309737967,0,2309737967,[239; 205; 171; 137; 0; 0; 0; 0],SOME (63,F,1073741823,18446744072635809792,0,0,77,0,T,3,T,0,3,T,0),NONE,T,1,7)
amomax_w_read_only_page_fault_rd3=(81985529216486895,81985529216486895,81985529216486895,(4,SOME 0),T,3077,0,3077,[5; 12; 0; 0; 0; 0; 0; 0],NONE,NONE,T,1,7)
amomax_w_invalid_pte_fault_rd3=(81985529216486895,81985529216486895,81985529216486895,(4,SOME 0),T,0,0,0,[0; 0; 0; 0; 0; 0; 0; 0],NONE,NONE,T,1,7)
amomax_w_rs1_zero_rd3=(18446744073547317376,18446744073547317376,81985529216486895,(0,NONE),T,18364758544817573359,0,18364758544817573359,[239; 205; 171; 137; 152; 186; 220; 254],NONE,NONE,T,1,7)
amomax_d_aligned_rd3=(18364758546640568448,18364758546640568448,81985529216486895,(0,NONE),T,81985529216486895,0,81985529216486895,[239; 205; 171; 137; 103; 69; 35; 1],NONE,NONE,T,1,7)
amomax_d_aligned_rd0=(81985529216486895,81985529216486895,81985529216486895,(0,NONE),T,81985529216486895,0,81985529216486895,[239; 205; 171; 137; 103; 69; 35; 1],NONE,NONE,T,1,7)
amomax_d_aligned_rd2=(81985529216486895,81985529216486895,81985529216486895,(0,NONE),T,81985529216486895,0,81985529216486895,[239; 205; 171; 137; 103; 69; 35; 1],NONE,NONE,T,1,7)
amomax_d_positive_memory_rd3=(1311768465173141119,1311768465173141119,81985529216486895,(0,NONE),T,1311768465173141119,0,1311768465173141119,[127; 86; 52; 18; 120; 86; 52; 18],NONE,NONE,T,1,7)
amomax_d_rs2_zero_rd3=(0,99,99,(0,NONE),T,0,0,0,[0; 0; 0; 0; 0; 0; 0; 0],NONE,NONE,T,1,7)
amomax_d_address_wrap_rd3=(81985529216486895,81985529216486895,81985529216486895,(3,SOME 18446744073709551615),T,71737338072814720,0,18364758546640568448,[128; 128; 84; 246; 152; 186; 220; 254],NONE,NONE,T,1,7)
amomax_d_core_wrap_rd3=(18364758546640568448,18364758546640568448,81985529216486895,(0,NONE),T,81985529216486895,0,81985529216486895,[239; 205; 171; 137; 103; 69; 35; 1],NONE,NONE,T,1,255)
amomax_d_rv32_mode_rd3=(18364758546640568448,18364758546640568448,81985529216486895,(0,NONE),T,81985529216486895,0,81985529216486895,[239; 205; 171; 137; 103; 69; 35; 1],NONE,NONE,T,1,7)
amomax_d_rv128_mode_rd3=(18364758546640568448,18364758546640568448,81985529216486895,(0,NONE),T,81985529216486895,0,81985529216486895,[239; 205; 171; 137; 103; 69; 35; 1],NONE,NONE,T,1,7)
amomax_d_write_walk_returned_state_rd3=(3175,3175,81985529216486895,(0,NONE),T,81985529216486895,0,81985529216486895,[239; 205; 171; 137; 103; 69; 35; 1],SOME (63,F,1073741823,18446744072635809792,0,0,77,0,T,3,T,0,3,T,0),NONE,T,1,7)
amomax_d_read_only_page_fault_rd3=(81985529216486895,81985529216486895,81985529216486895,(4,SOME 0),T,3077,0,3077,[5; 12; 0; 0; 0; 0; 0; 0],NONE,NONE,T,1,7)
amomax_d_invalid_pte_fault_rd3=(81985529216486895,81985529216486895,81985529216486895,(4,SOME 0),T,0,0,0,[0; 0; 0; 0; 0; 0; 0; 0],NONE,NONE,T,1,7)
amomax_d_rs1_zero_rd3=(18364758546640568448,18364758546640568448,81985529216486895,(0,NONE),T,81985529216486895,0,81985529216486895,[239; 205; 171; 137; 103; 69; 35; 1],NONE,NONE,T,1,7)
amomax_w_overflow_rd3=(18446744073709551615,18446744073709551615,18446744073709551615,(0,NONE),T,18446744073709551615,0,18446744073709551615,[255; 255; 255; 255; 255; 255; 255; 255],NONE,NONE,T,1,7)
amomax_w_order_0_1_rd3=(18446744073547317376,18446744073547317376,81985529216486895,(0,NONE),T,18364758544817573359,0,18364758544817573359,[239; 205; 171; 137; 152; 186; 220; 254],NONE,NONE,T,1,7)
amomax_w_order_1_0_rd3=(18446744073547317376,18446744073547317376,81985529216486895,(0,NONE),T,18364758544817573359,0,18364758544817573359,[239; 205; 171; 137; 152; 186; 220; 254],NONE,NONE,T,1,7)
amomax_w_order_1_1_rd3=(18446744073547317376,18446744073547317376,81985529216486895,(0,NONE),T,18364758544817573359,0,18364758544817573359,[239; 205; 171; 137; 152; 186; 220; 254],NONE,NONE,T,1,7)
amomax_w_misaligned_1_rd3=(81985529216486895,81985529216486895,81985529216486895,(3,SOME 1),T,15905193217759412224,254,18364758546640568448,[128; 128; 84; 246; 152; 186; 220; 254],NONE,NONE,T,1,7)
amomax_w_misaligned_2_rd3=(81985529216486895,81985529216486895,81985529216486895,(3,SOME 2),T,13445767530308173824,65244,18364758546640568448,[128; 128; 84; 246; 152; 186; 220; 254],NONE,NONE,T,1,7)
amomax_w_misaligned_3_rd3=(81985529216486895,81985529216486895,81985529216486895,(3,SOME 3),T,11022090048915898368,16702650,18364758546640568448,[128; 128; 84; 246; 152; 186; 220; 254],NONE,NONE,T,1,7)
amomax_d_overflow_rd3=(18446744073709551615,18446744073709551615,18446744073709551615,(0,NONE),T,18446744073709551615,0,18446744073709551615,[255; 255; 255; 255; 255; 255; 255; 255],NONE,NONE,T,1,7)
amomax_d_order_0_1_rd3=(18364758546640568448,18364758546640568448,81985529216486895,(0,NONE),T,81985529216486895,0,81985529216486895,[239; 205; 171; 137; 103; 69; 35; 1],NONE,NONE,T,1,7)
amomax_d_order_1_0_rd3=(18364758546640568448,18364758546640568448,81985529216486895,(0,NONE),T,81985529216486895,0,81985529216486895,[239; 205; 171; 137; 103; 69; 35; 1],NONE,NONE,T,1,7)
amomax_d_order_1_1_rd3=(18364758546640568448,18364758546640568448,81985529216486895,(0,NONE),T,81985529216486895,0,81985529216486895,[239; 205; 171; 137; 103; 69; 35; 1],NONE,NONE,T,1,7)
amomax_d_misaligned_1_rd3=(81985529216486895,81985529216486895,81985529216486895,(3,SOME 1),T,15905193217759412224,254,18364758546640568448,[128; 128; 84; 246; 152; 186; 220; 254],NONE,NONE,T,1,7)
amomax_d_misaligned_2_rd3=(81985529216486895,81985529216486895,81985529216486895,(3,SOME 2),T,13445767530308173824,65244,18364758546640568448,[128; 128; 84; 246; 152; 186; 220; 254],NONE,NONE,T,1,7)
amomax_d_misaligned_3_rd3=(81985529216486895,81985529216486895,81985529216486895,(3,SOME 3),T,11022090048915898368,16702650,18364758546640568448,[128; 128; 84; 246; 152; 186; 220; 254],NONE,NONE,T,1,7)
amomax_d_misaligned_4_rd3=(81985529216486895,81985529216486895,81985529216486895,(3,SOME 4),T,17749953318618136576,4275878552,18364758546640568448,[128; 128; 84; 246; 152; 186; 220; 254],NONE,NONE,T,1,7)
amomax_d_misaligned_5_rd3=(81985529216486895,81985529216486895,81985529216486895,(3,SOME 5),T,6089007433693265920,1094624909558,18364758546640568448,[128; 128; 84; 246; 152; 186; 220; 254],NONE,NONE,T,1,7)
amomax_d_misaligned_6_rd3=(81985529216486895,81985529216486895,81985529216486895,(3,SOME 6),T,9259400833873739776,280223976846932,18364758546640568448,[128; 128; 84; 246; 152; 186; 220; 254],NONE,NONE,T,1,7)
amomax_d_misaligned_7_rd3=(81985529216486895,81985529216486895,81985529216486895,(3,SOME 7),T,9223372036854775808,71737338072814720,18364758546640568448,[128; 128; 84; 246; 152; 186; 220; 254],NONE,NONE,T,1,7)
amomax_w_both_zero_rd3=(0,0,0,(0,NONE),T,0,0,0,[0; 0; 0; 0; 0; 0; 0; 0],NONE,NONE,T,1,7)
amomax_w_equal_rd3=(17,17,17,(0,NONE),T,17,0,17,[17; 0; 0; 0; 0; 0; 0; 0],NONE,NONE,T,1,7)
amomax_w_old_signed_min_rd3=(18446744071562067968,18446744071562067968,0,(0,NONE),T,0,0,0,[0; 0; 0; 0; 0; 0; 0; 0],NONE,NONE,T,1,7)
amomax_w_source_signed_min_rd3=(1,1,9223372036854775808,(0,NONE),T,1,0,1,[1; 0; 0; 0; 0; 0; 0; 0],NONE,NONE,T,1,7)
amomax_w_old_signed_max_rd3=(2147483647,2147483647,18446744073709551615,(0,NONE),T,2147483647,0,2147483647,[255; 255; 255; 127; 0; 0; 0; 0],NONE,NONE,T,1,7)
amomax_w_source_upper32_rd3=(1,1,4294967296,(0,NONE),T,0,0,0,[0; 0; 0; 0; 0; 0; 0; 0],NONE,NONE,T,1,7)
amomax_d_both_zero_rd3=(0,0,0,(0,NONE),T,0,0,0,[0; 0; 0; 0; 0; 0; 0; 0],NONE,NONE,T,1,7)
amomax_d_equal_rd3=(17,17,17,(0,NONE),T,17,0,17,[17; 0; 0; 0; 0; 0; 0; 0],NONE,NONE,T,1,7)
amomax_d_old_signed_min_rd3=(9223372036854775808,9223372036854775808,0,(0,NONE),T,0,0,0,[0; 0; 0; 0; 0; 0; 0; 0],NONE,NONE,T,1,7)
amomax_d_source_signed_min_rd3=(1,1,9223372036854775808,(0,NONE),T,1,0,1,[1; 0; 0; 0; 0; 0; 0; 0],NONE,NONE,T,1,7)
amomax_d_old_signed_max_rd3=(9223372036854775807,9223372036854775807,18446744073709551615,(0,NONE),T,9223372036854775807,0,9223372036854775807,[255; 255; 255; 255; 255; 255; 255; 127],NONE,NONE,T,1,7)
amomax_d_source_upper32_rd3=(1,1,4294967296,(0,NONE),T,4294967296,0,4294967296,[0; 0; 0; 0; 1; 0; 0; 0],NONE,NONE,T,1,7)
amominu_w_aligned_rd3=(18446744073547317376,18446744073547317376,81985529216486895,(0,NONE),T,18364758544817573359,0,18364758544817573359,[239; 205; 171; 137; 152; 186; 220; 254],NONE,NONE,T,1,7)
amominu_w_aligned_rd0=(81985529216486895,81985529216486895,81985529216486895,(0,NONE),T,18364758544817573359,0,18364758544817573359,[239; 205; 171; 137; 152; 186; 220; 254],NONE,NONE,T,1,7)
amominu_w_aligned_rd2=(81985529216486895,81985529216486895,81985529216486895,(0,NONE),T,18364758544817573359,0,18364758544817573359,[239; 205; 171; 137; 152; 186; 220; 254],NONE,NONE,T,1,7)
amominu_w_positive_memory_rd3=(305419903,305419903,81985529216486895,(0,NONE),T,1311768465173141119,0,1311768465173141119,[127; 86; 52; 18; 120; 86; 52; 18],NONE,NONE,T,1,7)
amominu_w_rs2_zero_rd3=(0,99,99,(0,NONE),T,18364758542507835392,0,18364758542507835392,[0; 0; 0; 0; 152; 186; 220; 254],NONE,NONE,T,1,7)
amominu_w_address_wrap_rd3=(81985529216486895,81985529216486895,81985529216486895,(3,SOME 18446744073709551615),T,71737338072814720,0,18364758546640568448,[128; 128; 84; 246; 152; 186; 220; 254],NONE,NONE,T,1,7)
amominu_w_core_wrap_rd3=(18446744073547317376,18446744073547317376,81985529216486895,(0,NONE),T,18364758544817573359,0,18364758544817573359,[239; 205; 171; 137; 152; 186; 220; 254],NONE,NONE,T,1,255)
amominu_w_rv32_mode_rd3=(18446744073547317376,18446744073547317376,81985529216486895,(0,NONE),T,18364758544817573359,0,18364758544817573359,[239; 205; 171; 137; 152; 186; 220; 254],NONE,NONE,T,1,7)
amominu_w_rv128_mode_rd3=(18446744073547317376,18446744073547317376,81985529216486895,(0,NONE),T,18364758544817573359,0,18364758544817573359,[239; 205; 171; 137; 152; 186; 220; 254],NONE,NONE,T,1,7)
amominu_w_write_walk_returned_state_rd3=(3175,3175,81985529216486895,(0,NONE),T,3175,0,3175,[103; 12; 0; 0; 0; 0; 0; 0],SOME (63,F,1073741823,18446744072635809792,0,0,77,0,T,3,T,0,3,T,0),NONE,T,1,7)
amominu_w_read_only_page_fault_rd3=(81985529216486895,81985529216486895,81985529216486895,(4,SOME 0),T,3077,0,3077,[5; 12; 0; 0; 0; 0; 0; 0],NONE,NONE,T,1,7)
amominu_w_invalid_pte_fault_rd3=(81985529216486895,81985529216486895,81985529216486895,(4,SOME 0),T,0,0,0,[0; 0; 0; 0; 0; 0; 0; 0],NONE,NONE,T,1,7)
amominu_w_rs1_zero_rd3=(18446744073547317376,18446744073547317376,81985529216486895,(0,NONE),T,18364758544817573359,0,18364758544817573359,[239; 205; 171; 137; 152; 186; 220; 254],NONE,NONE,T,1,7)
amominu_d_aligned_rd3=(18364758546640568448,18364758546640568448,81985529216486895,(0,NONE),T,81985529216486895,0,81985529216486895,[239; 205; 171; 137; 103; 69; 35; 1],NONE,NONE,T,1,7)
amominu_d_aligned_rd0=(81985529216486895,81985529216486895,81985529216486895,(0,NONE),T,81985529216486895,0,81985529216486895,[239; 205; 171; 137; 103; 69; 35; 1],NONE,NONE,T,1,7)
amominu_d_aligned_rd2=(81985529216486895,81985529216486895,81985529216486895,(0,NONE),T,81985529216486895,0,81985529216486895,[239; 205; 171; 137; 103; 69; 35; 1],NONE,NONE,T,1,7)
amominu_d_positive_memory_rd3=(1311768465173141119,1311768465173141119,81985529216486895,(0,NONE),T,81985529216486895,0,81985529216486895,[239; 205; 171; 137; 103; 69; 35; 1],NONE,NONE,T,1,7)
amominu_d_rs2_zero_rd3=(0,99,99,(0,NONE),T,0,0,0,[0; 0; 0; 0; 0; 0; 0; 0],NONE,NONE,T,1,7)
amominu_d_address_wrap_rd3=(81985529216486895,81985529216486895,81985529216486895,(3,SOME 18446744073709551615),T,71737338072814720,0,18364758546640568448,[128; 128; 84; 246; 152; 186; 220; 254],NONE,NONE,T,1,7)
amominu_d_core_wrap_rd3=(18364758546640568448,18364758546640568448,81985529216486895,(0,NONE),T,81985529216486895,0,81985529216486895,[239; 205; 171; 137; 103; 69; 35; 1],NONE,NONE,T,1,255)
amominu_d_rv32_mode_rd3=(18364758546640568448,18364758546640568448,81985529216486895,(0,NONE),T,81985529216486895,0,81985529216486895,[239; 205; 171; 137; 103; 69; 35; 1],NONE,NONE,T,1,7)
amominu_d_rv128_mode_rd3=(18364758546640568448,18364758546640568448,81985529216486895,(0,NONE),T,81985529216486895,0,81985529216486895,[239; 205; 171; 137; 103; 69; 35; 1],NONE,NONE,T,1,7)
amominu_d_write_walk_returned_state_rd3=(3175,3175,81985529216486895,(0,NONE),T,3175,0,3175,[103; 12; 0; 0; 0; 0; 0; 0],SOME (63,F,1073741823,18446744072635809792,0,0,77,0,T,3,T,0,3,T,0),NONE,T,1,7)
amominu_d_read_only_page_fault_rd3=(81985529216486895,81985529216486895,81985529216486895,(4,SOME 0),T,3077,0,3077,[5; 12; 0; 0; 0; 0; 0; 0],NONE,NONE,T,1,7)
amominu_d_invalid_pte_fault_rd3=(81985529216486895,81985529216486895,81985529216486895,(4,SOME 0),T,0,0,0,[0; 0; 0; 0; 0; 0; 0; 0],NONE,NONE,T,1,7)
amominu_d_rs1_zero_rd3=(18364758546640568448,18364758546640568448,81985529216486895,(0,NONE),T,81985529216486895,0,81985529216486895,[239; 205; 171; 137; 103; 69; 35; 1],NONE,NONE,T,1,7)
amominu_w_overflow_rd3=(18446744073709551615,18446744073709551615,18446744073709551615,(0,NONE),T,18446744073709551615,0,18446744073709551615,[255; 255; 255; 255; 255; 255; 255; 255],NONE,NONE,T,1,7)
amominu_w_order_0_1_rd3=(18446744073547317376,18446744073547317376,81985529216486895,(0,NONE),T,18364758544817573359,0,18364758544817573359,[239; 205; 171; 137; 152; 186; 220; 254],NONE,NONE,T,1,7)
amominu_w_order_1_0_rd3=(18446744073547317376,18446744073547317376,81985529216486895,(0,NONE),T,18364758544817573359,0,18364758544817573359,[239; 205; 171; 137; 152; 186; 220; 254],NONE,NONE,T,1,7)
amominu_w_order_1_1_rd3=(18446744073547317376,18446744073547317376,81985529216486895,(0,NONE),T,18364758544817573359,0,18364758544817573359,[239; 205; 171; 137; 152; 186; 220; 254],NONE,NONE,T,1,7)
amominu_w_misaligned_1_rd3=(81985529216486895,81985529216486895,81985529216486895,(3,SOME 1),T,15905193217759412224,254,18364758546640568448,[128; 128; 84; 246; 152; 186; 220; 254],NONE,NONE,T,1,7)
amominu_w_misaligned_2_rd3=(81985529216486895,81985529216486895,81985529216486895,(3,SOME 2),T,13445767530308173824,65244,18364758546640568448,[128; 128; 84; 246; 152; 186; 220; 254],NONE,NONE,T,1,7)
amominu_w_misaligned_3_rd3=(81985529216486895,81985529216486895,81985529216486895,(3,SOME 3),T,11022090048915898368,16702650,18364758546640568448,[128; 128; 84; 246; 152; 186; 220; 254],NONE,NONE,T,1,7)
amominu_d_overflow_rd3=(18446744073709551615,18446744073709551615,18446744073709551615,(0,NONE),T,18446744073709551615,0,18446744073709551615,[255; 255; 255; 255; 255; 255; 255; 255],NONE,NONE,T,1,7)
amominu_d_order_0_1_rd3=(18364758546640568448,18364758546640568448,81985529216486895,(0,NONE),T,81985529216486895,0,81985529216486895,[239; 205; 171; 137; 103; 69; 35; 1],NONE,NONE,T,1,7)
amominu_d_order_1_0_rd3=(18364758546640568448,18364758546640568448,81985529216486895,(0,NONE),T,81985529216486895,0,81985529216486895,[239; 205; 171; 137; 103; 69; 35; 1],NONE,NONE,T,1,7)
amominu_d_order_1_1_rd3=(18364758546640568448,18364758546640568448,81985529216486895,(0,NONE),T,81985529216486895,0,81985529216486895,[239; 205; 171; 137; 103; 69; 35; 1],NONE,NONE,T,1,7)
amominu_d_misaligned_1_rd3=(81985529216486895,81985529216486895,81985529216486895,(3,SOME 1),T,15905193217759412224,254,18364758546640568448,[128; 128; 84; 246; 152; 186; 220; 254],NONE,NONE,T,1,7)
amominu_d_misaligned_2_rd3=(81985529216486895,81985529216486895,81985529216486895,(3,SOME 2),T,13445767530308173824,65244,18364758546640568448,[128; 128; 84; 246; 152; 186; 220; 254],NONE,NONE,T,1,7)
amominu_d_misaligned_3_rd3=(81985529216486895,81985529216486895,81985529216486895,(3,SOME 3),T,11022090048915898368,16702650,18364758546640568448,[128; 128; 84; 246; 152; 186; 220; 254],NONE,NONE,T,1,7)
amominu_d_misaligned_4_rd3=(81985529216486895,81985529216486895,81985529216486895,(3,SOME 4),T,17749953318618136576,4275878552,18364758546640568448,[128; 128; 84; 246; 152; 186; 220; 254],NONE,NONE,T,1,7)
amominu_d_misaligned_5_rd3=(81985529216486895,81985529216486895,81985529216486895,(3,SOME 5),T,6089007433693265920,1094624909558,18364758546640568448,[128; 128; 84; 246; 152; 186; 220; 254],NONE,NONE,T,1,7)
amominu_d_misaligned_6_rd3=(81985529216486895,81985529216486895,81985529216486895,(3,SOME 6),T,9259400833873739776,280223976846932,18364758546640568448,[128; 128; 84; 246; 152; 186; 220; 254],NONE,NONE,T,1,7)
amominu_d_misaligned_7_rd3=(81985529216486895,81985529216486895,81985529216486895,(3,SOME 7),T,9223372036854775808,71737338072814720,18364758546640568448,[128; 128; 84; 246; 152; 186; 220; 254],NONE,NONE,T,1,7)
amominu_w_both_zero_rd3=(0,0,0,(0,NONE),T,0,0,0,[0; 0; 0; 0; 0; 0; 0; 0],NONE,NONE,T,1,7)
amominu_w_equal_rd3=(17,17,17,(0,NONE),T,17,0,17,[17; 0; 0; 0; 0; 0; 0; 0],NONE,NONE,T,1,7)
amominu_w_old_signed_min_rd3=(18446744071562067968,18446744071562067968,0,(0,NONE),T,0,0,0,[0; 0; 0; 0; 0; 0; 0; 0],NONE,NONE,T,1,7)
amominu_w_source_signed_min_rd3=(1,1,9223372036854775808,(0,NONE),T,1,0,1,[1; 0; 0; 0; 0; 0; 0; 0],NONE,NONE,T,1,7)
amominu_w_old_signed_max_rd3=(2147483647,2147483647,18446744073709551615,(0,NONE),T,2147483647,0,2147483647,[255; 255; 255; 127; 0; 0; 0; 0],NONE,NONE,T,1,7)
amominu_w_source_upper32_rd3=(1,1,4294967296,(0,NONE),T,1,0,1,[1; 0; 0; 0; 0; 0; 0; 0],NONE,NONE,T,1,7)
amominu_d_both_zero_rd3=(0,0,0,(0,NONE),T,0,0,0,[0; 0; 0; 0; 0; 0; 0; 0],NONE,NONE,T,1,7)
amominu_d_equal_rd3=(17,17,17,(0,NONE),T,17,0,17,[17; 0; 0; 0; 0; 0; 0; 0],NONE,NONE,T,1,7)
amominu_d_old_signed_min_rd3=(9223372036854775808,9223372036854775808,0,(0,NONE),T,0,0,0,[0; 0; 0; 0; 0; 0; 0; 0],NONE,NONE,T,1,7)
amominu_d_source_signed_min_rd3=(1,1,9223372036854775808,(0,NONE),T,1,0,1,[1; 0; 0; 0; 0; 0; 0; 0],NONE,NONE,T,1,7)
amominu_d_old_signed_max_rd3=(9223372036854775807,9223372036854775807,18446744073709551615,(0,NONE),T,9223372036854775807,0,9223372036854775807,[255; 255; 255; 255; 255; 255; 255; 127],NONE,NONE,T,1,7)
amominu_d_source_upper32_rd3=(1,1,4294967296,(0,NONE),T,1,0,1,[1; 0; 0; 0; 0; 0; 0; 0],NONE,NONE,T,1,7)
amomaxu_w_aligned_rd3=(18446744073547317376,18446744073547317376,81985529216486895,(0,NONE),T,18364758546640568448,0,18364758546640568448,[128; 128; 84; 246; 152; 186; 220; 254],NONE,NONE,T,1,7)
amomaxu_w_aligned_rd0=(81985529216486895,81985529216486895,81985529216486895,(0,NONE),T,18364758546640568448,0,18364758546640568448,[128; 128; 84; 246; 152; 186; 220; 254],NONE,NONE,T,1,7)
amomaxu_w_aligned_rd2=(81985529216486895,81985529216486895,81985529216486895,(0,NONE),T,18364758546640568448,0,18364758546640568448,[128; 128; 84; 246; 152; 186; 220; 254],NONE,NONE,T,1,7)
amomaxu_w_positive_memory_rd3=(305419903,305419903,81985529216486895,(0,NONE),T,1311768467177459183,0,1311768467177459183,[239; 205; 171; 137; 120; 86; 52; 18],NONE,NONE,T,1,7)
amomaxu_w_rs2_zero_rd3=(0,99,99,(0,NONE),T,18364758546640568448,0,18364758546640568448,[128; 128; 84; 246; 152; 186; 220; 254],NONE,NONE,T,1,7)
amomaxu_w_address_wrap_rd3=(81985529216486895,81985529216486895,81985529216486895,(3,SOME 18446744073709551615),T,71737338072814720,0,18364758546640568448,[128; 128; 84; 246; 152; 186; 220; 254],NONE,NONE,T,1,7)
amomaxu_w_core_wrap_rd3=(18446744073547317376,18446744073547317376,81985529216486895,(0,NONE),T,18364758546640568448,0,18364758546640568448,[128; 128; 84; 246; 152; 186; 220; 254],NONE,NONE,T,1,255)
amomaxu_w_rv32_mode_rd3=(18446744073547317376,18446744073547317376,81985529216486895,(0,NONE),T,18364758546640568448,0,18364758546640568448,[128; 128; 84; 246; 152; 186; 220; 254],NONE,NONE,T,1,7)
amomaxu_w_rv128_mode_rd3=(18446744073547317376,18446744073547317376,81985529216486895,(0,NONE),T,18364758546640568448,0,18364758546640568448,[128; 128; 84; 246; 152; 186; 220; 254],NONE,NONE,T,1,7)
amomaxu_w_write_walk_returned_state_rd3=(3175,3175,81985529216486895,(0,NONE),T,2309737967,0,2309737967,[239; 205; 171; 137; 0; 0; 0; 0],SOME (63,F,1073741823,18446744072635809792,0,0,77,0,T,3,T,0,3,T,0),NONE,T,1,7)
amomaxu_w_read_only_page_fault_rd3=(81985529216486895,81985529216486895,81985529216486895,(4,SOME 0),T,3077,0,3077,[5; 12; 0; 0; 0; 0; 0; 0],NONE,NONE,T,1,7)
amomaxu_w_invalid_pte_fault_rd3=(81985529216486895,81985529216486895,81985529216486895,(4,SOME 0),T,0,0,0,[0; 0; 0; 0; 0; 0; 0; 0],NONE,NONE,T,1,7)
amomaxu_w_rs1_zero_rd3=(18446744073547317376,18446744073547317376,81985529216486895,(0,NONE),T,18364758546640568448,0,18364758546640568448,[128; 128; 84; 246; 152; 186; 220; 254],NONE,NONE,T,1,7)
amomaxu_d_aligned_rd3=(18364758546640568448,18364758546640568448,81985529216486895,(0,NONE),T,18364758546640568448,0,18364758546640568448,[128; 128; 84; 246; 152; 186; 220; 254],NONE,NONE,T,1,7)
amomaxu_d_aligned_rd0=(81985529216486895,81985529216486895,81985529216486895,(0,NONE),T,18364758546640568448,0,18364758546640568448,[128; 128; 84; 246; 152; 186; 220; 254],NONE,NONE,T,1,7)
amomaxu_d_aligned_rd2=(81985529216486895,81985529216486895,81985529216486895,(0,NONE),T,18364758546640568448,0,18364758546640568448,[128; 128; 84; 246; 152; 186; 220; 254],NONE,NONE,T,1,7)
amomaxu_d_positive_memory_rd3=(1311768465173141119,1311768465173141119,81985529216486895,(0,NONE),T,1311768465173141119,0,1311768465173141119,[127; 86; 52; 18; 120; 86; 52; 18],NONE,NONE,T,1,7)
amomaxu_d_rs2_zero_rd3=(0,99,99,(0,NONE),T,18364758546640568448,0,18364758546640568448,[128; 128; 84; 246; 152; 186; 220; 254],NONE,NONE,T,1,7)
amomaxu_d_address_wrap_rd3=(81985529216486895,81985529216486895,81985529216486895,(3,SOME 18446744073709551615),T,71737338072814720,0,18364758546640568448,[128; 128; 84; 246; 152; 186; 220; 254],NONE,NONE,T,1,7)
amomaxu_d_core_wrap_rd3=(18364758546640568448,18364758546640568448,81985529216486895,(0,NONE),T,18364758546640568448,0,18364758546640568448,[128; 128; 84; 246; 152; 186; 220; 254],NONE,NONE,T,1,255)
amomaxu_d_rv32_mode_rd3=(18364758546640568448,18364758546640568448,81985529216486895,(0,NONE),T,18364758546640568448,0,18364758546640568448,[128; 128; 84; 246; 152; 186; 220; 254],NONE,NONE,T,1,7)
amomaxu_d_rv128_mode_rd3=(18364758546640568448,18364758546640568448,81985529216486895,(0,NONE),T,18364758546640568448,0,18364758546640568448,[128; 128; 84; 246; 152; 186; 220; 254],NONE,NONE,T,1,7)
amomaxu_d_write_walk_returned_state_rd3=(3175,3175,81985529216486895,(0,NONE),T,81985529216486895,0,81985529216486895,[239; 205; 171; 137; 103; 69; 35; 1],SOME (63,F,1073741823,18446744072635809792,0,0,77,0,T,3,T,0,3,T,0),NONE,T,1,7)
amomaxu_d_read_only_page_fault_rd3=(81985529216486895,81985529216486895,81985529216486895,(4,SOME 0),T,3077,0,3077,[5; 12; 0; 0; 0; 0; 0; 0],NONE,NONE,T,1,7)
amomaxu_d_invalid_pte_fault_rd3=(81985529216486895,81985529216486895,81985529216486895,(4,SOME 0),T,0,0,0,[0; 0; 0; 0; 0; 0; 0; 0],NONE,NONE,T,1,7)
amomaxu_d_rs1_zero_rd3=(18364758546640568448,18364758546640568448,81985529216486895,(0,NONE),T,18364758546640568448,0,18364758546640568448,[128; 128; 84; 246; 152; 186; 220; 254],NONE,NONE,T,1,7)
amomaxu_w_overflow_rd3=(18446744073709551615,18446744073709551615,18446744073709551615,(0,NONE),T,18446744073709551615,0,18446744073709551615,[255; 255; 255; 255; 255; 255; 255; 255],NONE,NONE,T,1,7)
amomaxu_w_order_0_1_rd3=(18446744073547317376,18446744073547317376,81985529216486895,(0,NONE),T,18364758546640568448,0,18364758546640568448,[128; 128; 84; 246; 152; 186; 220; 254],NONE,NONE,T,1,7)
amomaxu_w_order_1_0_rd3=(18446744073547317376,18446744073547317376,81985529216486895,(0,NONE),T,18364758546640568448,0,18364758546640568448,[128; 128; 84; 246; 152; 186; 220; 254],NONE,NONE,T,1,7)
amomaxu_w_order_1_1_rd3=(18446744073547317376,18446744073547317376,81985529216486895,(0,NONE),T,18364758546640568448,0,18364758546640568448,[128; 128; 84; 246; 152; 186; 220; 254],NONE,NONE,T,1,7)
amomaxu_w_misaligned_1_rd3=(81985529216486895,81985529216486895,81985529216486895,(3,SOME 1),T,15905193217759412224,254,18364758546640568448,[128; 128; 84; 246; 152; 186; 220; 254],NONE,NONE,T,1,7)
amomaxu_w_misaligned_2_rd3=(81985529216486895,81985529216486895,81985529216486895,(3,SOME 2),T,13445767530308173824,65244,18364758546640568448,[128; 128; 84; 246; 152; 186; 220; 254],NONE,NONE,T,1,7)
amomaxu_w_misaligned_3_rd3=(81985529216486895,81985529216486895,81985529216486895,(3,SOME 3),T,11022090048915898368,16702650,18364758546640568448,[128; 128; 84; 246; 152; 186; 220; 254],NONE,NONE,T,1,7)
amomaxu_d_overflow_rd3=(18446744073709551615,18446744073709551615,18446744073709551615,(0,NONE),T,18446744073709551615,0,18446744073709551615,[255; 255; 255; 255; 255; 255; 255; 255],NONE,NONE,T,1,7)
amomaxu_d_order_0_1_rd3=(18364758546640568448,18364758546640568448,81985529216486895,(0,NONE),T,18364758546640568448,0,18364758546640568448,[128; 128; 84; 246; 152; 186; 220; 254],NONE,NONE,T,1,7)
amomaxu_d_order_1_0_rd3=(18364758546640568448,18364758546640568448,81985529216486895,(0,NONE),T,18364758546640568448,0,18364758546640568448,[128; 128; 84; 246; 152; 186; 220; 254],NONE,NONE,T,1,7)
amomaxu_d_order_1_1_rd3=(18364758546640568448,18364758546640568448,81985529216486895,(0,NONE),T,18364758546640568448,0,18364758546640568448,[128; 128; 84; 246; 152; 186; 220; 254],NONE,NONE,T,1,7)
amomaxu_d_misaligned_1_rd3=(81985529216486895,81985529216486895,81985529216486895,(3,SOME 1),T,15905193217759412224,254,18364758546640568448,[128; 128; 84; 246; 152; 186; 220; 254],NONE,NONE,T,1,7)
amomaxu_d_misaligned_2_rd3=(81985529216486895,81985529216486895,81985529216486895,(3,SOME 2),T,13445767530308173824,65244,18364758546640568448,[128; 128; 84; 246; 152; 186; 220; 254],NONE,NONE,T,1,7)
amomaxu_d_misaligned_3_rd3=(81985529216486895,81985529216486895,81985529216486895,(3,SOME 3),T,11022090048915898368,16702650,18364758546640568448,[128; 128; 84; 246; 152; 186; 220; 254],NONE,NONE,T,1,7)
amomaxu_d_misaligned_4_rd3=(81985529216486895,81985529216486895,81985529216486895,(3,SOME 4),T,17749953318618136576,4275878552,18364758546640568448,[128; 128; 84; 246; 152; 186; 220; 254],NONE,NONE,T,1,7)
amomaxu_d_misaligned_5_rd3=(81985529216486895,81985529216486895,81985529216486895,(3,SOME 5),T,6089007433693265920,1094624909558,18364758546640568448,[128; 128; 84; 246; 152; 186; 220; 254],NONE,NONE,T,1,7)
amomaxu_d_misaligned_6_rd3=(81985529216486895,81985529216486895,81985529216486895,(3,SOME 6),T,9259400833873739776,280223976846932,18364758546640568448,[128; 128; 84; 246; 152; 186; 220; 254],NONE,NONE,T,1,7)
amomaxu_d_misaligned_7_rd3=(81985529216486895,81985529216486895,81985529216486895,(3,SOME 7),T,9223372036854775808,71737338072814720,18364758546640568448,[128; 128; 84; 246; 152; 186; 220; 254],NONE,NONE,T,1,7)
amomaxu_w_both_zero_rd3=(0,0,0,(0,NONE),T,0,0,0,[0; 0; 0; 0; 0; 0; 0; 0],NONE,NONE,T,1,7)
amomaxu_w_equal_rd3=(17,17,17,(0,NONE),T,17,0,17,[17; 0; 0; 0; 0; 0; 0; 0],NONE,NONE,T,1,7)
amomaxu_w_old_signed_min_rd3=(18446744071562067968,18446744071562067968,0,(0,NONE),T,2147483648,0,2147483648,[0; 0; 0; 128; 0; 0; 0; 0],NONE,NONE,T,1,7)
amomaxu_w_source_signed_min_rd3=(1,1,9223372036854775808,(0,NONE),T,0,0,0,[0; 0; 0; 0; 0; 0; 0; 0],NONE,NONE,T,1,7)
amomaxu_w_old_signed_max_rd3=(2147483647,2147483647,18446744073709551615,(0,NONE),T,4294967295,0,4294967295,[255; 255; 255; 255; 0; 0; 0; 0],NONE,NONE,T,1,7)
amomaxu_w_source_upper32_rd3=(1,1,4294967296,(0,NONE),T,0,0,0,[0; 0; 0; 0; 0; 0; 0; 0],NONE,NONE,T,1,7)
amomaxu_d_both_zero_rd3=(0,0,0,(0,NONE),T,0,0,0,[0; 0; 0; 0; 0; 0; 0; 0],NONE,NONE,T,1,7)
amomaxu_d_equal_rd3=(17,17,17,(0,NONE),T,17,0,17,[17; 0; 0; 0; 0; 0; 0; 0],NONE,NONE,T,1,7)
amomaxu_d_old_signed_min_rd3=(9223372036854775808,9223372036854775808,0,(0,NONE),T,9223372036854775808,0,9223372036854775808,[0; 0; 0; 0; 0; 0; 0; 128],NONE,NONE,T,1,7)
amomaxu_d_source_signed_min_rd3=(1,1,9223372036854775808,(0,NONE),T,9223372036854775808,0,9223372036854775808,[0; 0; 0; 0; 0; 0; 0; 128],NONE,NONE,T,1,7)
amomaxu_d_old_signed_max_rd3=(9223372036854775807,9223372036854775807,18446744073709551615,(0,NONE),T,18446744073709551615,0,18446744073709551615,[255; 255; 255; 255; 255; 255; 255; 255],NONE,NONE,T,1,7)
amomaxu_d_source_upper32_rd3=(1,1,4294967296,(0,NONE),T,4294967296,0,4294967296,[0; 0; 0; 0; 1; 0; 0; 0],NONE,NONE,T,1,7)
