csr_unknown_read_0=UNDEFINED "unexpected CSR read at 0"
csr_prior_read_0=T
csr_arb_0=T
csr_unknown_write_0=INTERNAL_ERROR "unexpected CSR write to 0"
csr_prior_write_0=T
csr_unknown_read_773=UNDEFINED "unexpected CSR read at 305"
csr_prior_read_773=T
csr_arb_773=T
csr_unknown_write_773=INTERNAL_ERROR "unexpected CSR write to 305"
csr_prior_write_773=T
csr_unknown_read_1922=UNDEFINED "unexpected CSR read at 782"
csr_prior_read_1922=T
csr_arb_1922=T
csr_unknown_write_1922=INTERNAL_ERROR "unexpected CSR write to 782"
csr_prior_write_1922=T
csr_unknown_read_4095=UNDEFINED "unexpected CSR read at FFF"
csr_prior_read_4095=T
csr_arb_4095=T
csr_unknown_write_4095=INTERNAL_ERROR "unexpected CSR write to FFF"
csr_prior_write_4095=T
