counter_read_0_3072=0x87654321FEDCBAA4w
counter_read_0_2304=0x87654321FEDCBAA4w
counter_read_0_3073=0x87654321FEDCBA9Aw
counter_read_0_2305=0x87654321FEDCBA9Aw
counter_read_0_3074=0x87654321FEDCBAB2w
counter_read_0_2306=0x87654321FEDCBAB2w
counter_read_0_3329=0x87654321FEDCBA9Cw
counter_read_0_2561=0x87654321FEDCBA9Cw
counter_read_0_3585=0x87654321FEDCBA9Dw
counter_read_0_2817=0x87654321FEDCBA9Dw
counter_read_0_1793=0x87654321FEDCBA9Ew
counter_read_0_3200=0xFFFFFFFF87654321w
counter_read_0_2432=0xFFFFFFFF87654321w
counter_read_0_3201=0xFFFFFFFF87654321w
counter_read_0_2433=0xFFFFFFFF87654321w
counter_read_0_3202=0xFFFFFFFF87654321w
counter_read_0_2434=0xFFFFFFFF87654321w
counter_read_0_3457=0xFFFFFFFF87654321w
counter_read_0_2689=0xFFFFFFFF87654321w
counter_read_0_3713=0xFFFFFFFF87654321w
counter_read_0_2945=0xFFFFFFFF87654321w
counter_read_0_1857=0xFFFFFFFF87654321w
counter_write_0_2304=0xABCDEF1234567885w
counter_write_0_2305=0xABCDEF1234567890w
counter_write_0_2306=0xABCDEF1234567879w
counter_write_0_1793=0xABCDEF1234567890w
counter_write_0_2817=0xABCDEF1234567890w
counter_write_0_2432=0xFEDCBA99w
counter_write_0_2433=0xFEDCBA9Aw
counter_write_0_2434=0xFEDCBA9Bw
counter_write_0_1857=0xFEDCBA9Ew
counter_write_0_2945=0xFEDCBA9Dw
counter_read_1_3072=0x87654321FEDCBAA4w
counter_read_1_2304=0x87654321FEDCBAA4w
counter_read_1_3073=0x87654321FEDCBA9Aw
counter_read_1_2305=0x87654321FEDCBA9Aw
counter_read_1_3074=0x87654321FEDCBAB2w
counter_read_1_2306=0x87654321FEDCBAB2w
counter_read_1_3329=0x87654321FEDCBA9Cw
counter_read_1_2561=0x87654321FEDCBA9Cw
counter_read_1_3585=0x87654321FEDCBA9Dw
counter_read_1_2817=0x87654321FEDCBA9Dw
counter_read_1_1793=0x87654321FEDCBA9Ew
counter_read_1_3200=0xFFFFFFFF87654321w
counter_read_1_2432=0xFFFFFFFF87654321w
counter_read_1_3201=0xFFFFFFFF87654321w
counter_read_1_2433=0xFFFFFFFF87654321w
counter_read_1_3202=0xFFFFFFFF87654321w
counter_read_1_2434=0xFFFFFFFF87654321w
counter_read_1_3457=0xFFFFFFFF87654321w
counter_read_1_2689=0xFFFFFFFF87654321w
counter_read_1_3713=0xFFFFFFFF87654321w
counter_read_1_2945=0xFFFFFFFF87654321w
counter_read_1_1857=0xFFFFFFFF87654321w
counter_write_1_2304=0xABCDEF1234567899w
counter_write_1_2305=0xABCDEF12345678A4w
counter_write_1_2306=0xABCDEF123456788Dw
counter_write_1_1793=0xABCDEF12345678A4w
counter_write_1_2817=0xABCDEF12345678A4w
counter_write_1_2432=0xFEDCBA9Aw
counter_write_1_2433=0xFEDCBA9Bw
counter_write_1_2434=0xFEDCBA9Cw
counter_write_1_1857=0xFEDCBA9Fw
counter_write_1_2945=0xFEDCBA9Ew
counter_read_2_3072=0x7654320FEDCBAA6w
counter_read_2_2304=0x7654320FEDCBAA6w
counter_read_2_3073=0x7654320FEDCBA9Cw
counter_read_2_2305=0x7654320FEDCBA9Cw
counter_read_2_3074=0x7654320FEDCBAB4w
counter_read_2_2306=0x7654320FEDCBAB4w
counter_read_2_3329=0x7654320FEDCBA9Ew
counter_read_2_2561=0x7654320FEDCBA9Ew
counter_read_2_3585=0x7654320FEDCBA9Fw
counter_read_2_2817=0x7654320FEDCBA9Fw
counter_read_2_1793=0x7654320FEDCBAA0w
counter_read_2_3200=0x7654320w
counter_read_2_2432=0x7654320w
counter_read_2_3201=0x7654320w
counter_read_2_2433=0x7654320w
counter_read_2_3202=0x7654320w
counter_read_2_2434=0x7654320w
counter_read_2_3457=0x7654320w
counter_read_2_2689=0x7654320w
counter_read_2_3713=0x7654320w
counter_read_2_2945=0x7654320w
counter_read_2_1857=0x7654320w
counter_write_2_2304=0x2BCDEF13345678ABw
counter_write_2_2305=0x2BCDEF13345678B6w
counter_write_2_2306=0x2BCDEF133456789Fw
counter_write_2_1793=0x2BCDEF13345678B6w
counter_write_2_2817=0x2BCDEF13345678B6w
counter_write_2_2432=0xFEDCBA9Bw
counter_write_2_2433=0xFEDCBA9Cw
counter_write_2_2434=0xFEDCBA9Dw
counter_write_2_1857=0xFEDCBAA0w
counter_write_2_2945=0xFEDCBA9Fw
counter_read_3_3072=0x7654321FEDCBAA7w
counter_read_3_2304=0x7654321FEDCBAA7w
counter_read_3_3073=0x7654321FEDCBA9Dw
counter_read_3_2305=0x7654321FEDCBA9Dw
counter_read_3_3074=0x7654321FEDCBAB5w
counter_read_3_2306=0x7654321FEDCBAB5w
counter_read_3_3329=0x7654321FEDCBA9Fw
counter_read_3_2561=0x7654321FEDCBA9Fw
counter_read_3_3585=0x7654321FEDCBAA0w
counter_read_3_2817=0x7654321FEDCBAA0w
counter_read_3_1793=0x7654321FEDCBAA1w
counter_read_3_3200=0x7654321w
counter_read_3_2432=0x7654321w
counter_read_3_3201=0x7654321w
counter_read_3_2433=0x7654321w
counter_read_3_3202=0x7654321w
counter_read_3_2434=0x7654321w
counter_read_3_3457=0x7654321w
counter_read_3_2689=0x7654321w
counter_read_3_3713=0x7654321w
counter_read_3_2945=0x7654321w
counter_read_3_1857=0x7654321w
counter_write_3_2304=0x2BCDEF12345678BEw
counter_write_3_2305=0x2BCDEF12345678C9w
counter_write_3_2306=0x2BCDEF12345678B2w
counter_write_3_1793=0x2BCDEF12345678C9w
counter_write_3_2817=0x2BCDEF12345678C9w
counter_write_3_2432=0xFEDCBA9Cw
counter_write_3_2433=0xFEDCBA9Dw
counter_write_3_2434=0xFEDCBA9Ew
counter_write_3_1857=0xFEDCBAA1w
counter_write_3_2945=0xFEDCBAA0w
counter_read_4_3072=0x87654320FEDCBAA8w
counter_read_4_2304=0x87654320FEDCBAA8w
counter_read_4_3073=0x87654320FEDCBA9Ew
counter_read_4_2305=0x87654320FEDCBA9Ew
counter_read_4_3074=0x87654320FEDCBAB6w
counter_read_4_2306=0x87654320FEDCBAB6w
counter_read_4_3329=0x87654320FEDCBAA0w
counter_read_4_2561=0x87654320FEDCBAA0w
counter_read_4_3585=0x87654320FEDCBAA1w
counter_read_4_2817=0x87654320FEDCBAA1w
counter_read_4_1793=0x87654320FEDCBAA2w
counter_read_4_3200=0xFFFFFFFF87654320w
counter_read_4_2432=0xFFFFFFFF87654320w
counter_read_4_3201=0xFFFFFFFF87654320w
counter_read_4_2433=0xFFFFFFFF87654320w
counter_read_4_3202=0xFFFFFFFF87654320w
counter_read_4_2434=0xFFFFFFFF87654320w
counter_read_4_3457=0xFFFFFFFF87654320w
counter_read_4_2689=0xFFFFFFFF87654320w
counter_read_4_3713=0xFFFFFFFF87654320w
counter_read_4_2945=0xFFFFFFFF87654320w
counter_read_4_1857=0xFFFFFFFF87654320w
counter_write_4_2304=0xABCDEF13345678D1w
counter_write_4_2305=0xABCDEF13345678DCw
counter_write_4_2306=0xABCDEF13345678C5w
counter_write_4_1793=0xABCDEF13345678DCw
counter_write_4_2817=0xABCDEF13345678DCw
counter_write_4_2432=0xFEDCBA9Dw
counter_write_4_2433=0xFEDCBA9Ew
counter_write_4_2434=0xFEDCBA9Fw
counter_write_4_1857=0xFEDCBAA2w
counter_write_4_2945=0xFEDCBAA1w
counter_read_5_3072=0x9999999A99999999w
counter_read_5_2304=0x9999999A99999999w
counter_read_5_3073=0x9999999A9999998Fw
counter_read_5_2305=0x9999999A9999998Fw
counter_read_5_3074=0x9999999A999999A7w
counter_read_5_2306=0x9999999A999999A7w
counter_read_5_3329=0x9999999A99999991w
counter_read_5_2561=0x9999999A99999991w
counter_read_5_3585=0x9999999A99999992w
counter_read_5_2817=0x9999999A99999992w
counter_read_5_1793=0x9999999A99999993w
counter_read_5_3200=0xFFFFFFFF9999999Aw
counter_read_5_2432=0xFFFFFFFF9999999Aw
counter_read_5_3201=0xFFFFFFFF9999999Aw
counter_read_5_2433=0xFFFFFFFF9999999Aw
counter_read_5_3202=0xFFFFFFFF9999999Aw
counter_read_5_2434=0xFFFFFFFF9999999Aw
counter_read_5_3457=0xFFFFFFFF9999999Aw
counter_read_5_2689=0xFFFFFFFF9999999Aw
counter_read_5_3713=0xFFFFFFFF9999999Aw
counter_read_5_2945=0xFFFFFFFF9999999Aw
counter_read_5_1857=0xFFFFFFFF9999999Aw
counter_write_5_2304=0x99999899999999F4w
counter_write_5_2305=0x99999899999999FFw
counter_write_5_2306=0x99999899999999E8w
counter_write_5_1793=0x99999899999999FFw
counter_write_5_2817=0x99999899999999FFw
counter_write_5_2432=0xFEDCBA9Ew
counter_write_5_2433=0xFEDCBA9Fw
counter_write_5_2434=0xFEDCBAA0w
counter_write_5_1857=0xFEDCBAA3w
counter_write_5_2945=0xFEDCBAA2w
