csr_special_write_321=T
csr_special_write_833=T
csr_special_write_770=T
csr_special_write_772=T
csr_special_write_834=T
csr_special_write_836=T
csr_special_write_289=T
csr_special_write_801=T
csr_special_write_256=T
csr_special_write_260=T
csr_special_write_324=T
csr_special_write_768=T
csr_ipi_equation=T
csr_ipi_write=T
csr_fp_write_1=T
csr_fp_write_2=T
csr_fp_write_3=T
csr_ipi_boundary_0_0=T
csr_ipi_boundary_0_1=T
csr_ipi_boundary_0_2=T
csr_ipi_boundary_0_255=T
csr_ipi_boundary_0_256=T
csr_ipi_boundary_1_0=T
csr_ipi_boundary_1_1=T
csr_ipi_boundary_1_2=T
csr_ipi_boundary_1_255=T
csr_ipi_boundary_1_256=T
csr_ipi_boundary_255_0=T
csr_ipi_boundary_255_1=T
csr_ipi_boundary_255_2=T
csr_ipi_boundary_255_255=T
csr_ipi_boundary_255_256=T
csr_ipi_boundary_256_0=T
csr_ipi_boundary_256_1=T
csr_ipi_boundary_256_2=T
csr_ipi_boundary_256_255=T
csr_ipi_boundary_256_256=T
csr_ipi_boundary_257_0=T
csr_ipi_boundary_257_1=T
csr_ipi_boundary_257_2=T
csr_ipi_boundary_257_255=T
csr_ipi_boundary_257_256=T
csr_ipi_boundary_18446744073709551615_0=T
csr_ipi_boundary_18446744073709551615_1=T
csr_ipi_boundary_18446744073709551615_2=T
csr_ipi_boundary_18446744073709551615_255=T
csr_ipi_boundary_18446744073709551615_256=T
