Encode_type=:instruction -> word32
Encode_hypotheses=0
opc_type=:word8 -> word7
opc_hypotheses=0
Itype_type=:word7 # word3 # word5 # word5 # word12 -> word32
Itype_hypotheses=0
Stype_type=:word7 # word3 # word5 # word5 # word12 -> word32
Stype_hypotheses=0
Rtype_type=:word7 # word3 # word5 # word5 # word5 # word7 -> word32
Rtype_hypotheses=0
R4type_type=:word7 # word3 # word5 # word5 # word5 # word5 # word2 -> word32
R4type_hypotheses=0
SBtype_type=:word7 # word3 # word5 # word5 # word12 -> word32
SBtype_hypotheses=0
Utype_type=:word7 # word5 # word20 -> word32
Utype_hypotheses=0
UJtype_type=:word7 # word5 # word20 -> word32
UJtype_hypotheses=0
amofunc_type=:word5 # word1 # word1 -> word7
amofunc_hypotheses=0
Encode_AMOADD_D_0=12335
Encode_AMOADD_D_1=134201263
Encode_AMOADD_D_2=89534895
Encode_AMOADD_D_3=66993327
Encode_AMOADD_W_0=8239
Encode_AMOADD_W_1=134197167
Encode_AMOADD_W_2=42969903
Encode_AMOADD_W_3=68070703
Encode_AMOAND_D_0=1610625071
Encode_AMOAND_D_1=1744813999
Encode_AMOAND_D_2=1706636463
Encode_AMOAND_D_3=1646214575
Encode_AMOAND_W_0=1610620975
Encode_AMOAND_W_1=1744809903
Encode_AMOAND_W_2=1659022895
Encode_AMOAND_W_3=1680846383
Encode_AMOMAXU_D_0=3758108719
Encode_AMOMAXU_D_1=3892297647
Encode_AMOMAXU_D_2=3827054511
Encode_AMOMAXU_D_3=3794812591
Encode_AMOMAXU_W_0=3758104623
Encode_AMOMAXU_W_1=3892293551
Encode_AMOMAXU_W_2=3812991279
Encode_AMOMAXU_W_3=3829444399
Encode_AMOMAX_D_0=2684366895
Encode_AMOMAX_D_1=2818555823
Encode_AMOMAX_D_2=2759801519
Encode_AMOMAX_D_3=2723233711
Encode_AMOMAX_W_0=2684362799
Encode_AMOMAX_W_1=2818551727
Encode_AMOMAX_W_2=2745738287
Encode_AMOMAX_W_3=2757861423
Encode_AMOMINU_D_0=3221237807
Encode_AMOMINU_D_1=3355426735
Encode_AMOMINU_D_2=3302112687
Encode_AMOMINU_D_3=3262263471
Encode_AMOMINU_W_0=3221233711
Encode_AMOMINU_W_1=3355422639
Encode_AMOMINU_W_2=3255543599
Encode_AMOMINU_W_3=3296895279
Encode_AMOMIN_D_0=2147495983
Encode_AMOMIN_D_1=2281684911
Encode_AMOMIN_D_2=2234855599
Encode_AMOMIN_D_3=2190684591
Encode_AMOMIN_W_0=2147491887
Encode_AMOMIN_W_1=2281680815
Encode_AMOMIN_W_2=2188290607
Encode_AMOMIN_W_3=2225316399
Encode_AMOOR_D_0=1073754159
Encode_AMOOR_D_1=1207943087
Encode_AMOOR_D_2=1167602607
Encode_AMOOR_D_3=1119105711
Encode_AMOOR_W_0=1073750063
Encode_AMOOR_W_1=1207938991
Encode_AMOOR_W_2=1119989039
Encode_AMOOR_W_3=1153737519
Encode_AMOSWAP_D_0=134230063
Encode_AMOSWAP_D_1=268418991
Encode_AMOSWAP_D_2=234567343
Encode_AMOSWAP_D_3=181744559
Encode_AMOSWAP_W_0=134225967
Encode_AMOSWAP_W_1=268414895
Encode_AMOSWAP_W_2=186949679
Encode_AMOSWAP_W_3=216376367
Encode_AMOXOR_D_0=536883247
Encode_AMOXOR_D_1=671072175
Encode_AMOXOR_D_2=610154927
Encode_AMOXOR_D_3=586560687
Encode_AMOXOR_W_0=536879151
Encode_AMOXOR_W_1=671068079
Encode_AMOXOR_W_2=596091695
Encode_AMOXOR_W_3=621192495
Encode_LR_D_0=268447791
Encode_LR_D_1=370130863
Encode_LR_D_2=335625391
Encode_LR_D_3=302462383
Encode_LR_W_0=268443695
Encode_LR_W_1=370126767
Encode_LR_W_2=302687791
Encode_LR_W_3=336045615
Encode_SC_D_0=268447791
Encode_SC_D_1=402636719
Encode_SC_D_2=353648559
Encode_SC_D_3=322451119
Encode_SC_W_0=402661423
Encode_SC_W_1=536850351
Encode_SC_W_2=441297199
Encode_SC_W_3=491300655
Encode_ADDI_0=19
Encode_ADDI_1=4294938515
Encode_ADDI_2=902695315
Encode_ADDI_3=2180383891
Encode_ADDIW_0=27
Encode_ADDIW_1=4294938523
Encode_ADDIW_2=922190619
Encode_ADDIW_3=2181465371
Encode_ANDI_0=28691
Encode_ANDI_1=4294967187
Encode_ANDI_2=941718675
Encode_ANDI_3=2182575507
Encode_AUIPC_0=23
Encode_AUIPC_1=4294967191
Encode_AUIPC_2=4015639
Encode_AUIPC_3=2147612183
Encode_LUI_0=55
Encode_LUI_1=4294967223
Encode_LUI_2=4095927
Encode_LUI_3=2147616439
Encode_ORI_0=24595
Encode_ORI_1=4294963091
Encode_ORI_2=1002301715
Encode_ORI_3=2185815827
Encode_SLTI_0=8211
Encode_SLTI_1=4294946707
Encode_SLTI_2=1021780627
Encode_SLTI_3=2186880915
Encode_SLTIU_0=12307
Encode_SLTIU_1=4294950803
Encode_SLTIU_2=1041284115
Encode_SLTIU_3=2187966483
Encode_XORI_0=16403
Encode_XORI_1=4294954899
Encode_XORI_2=1061832083
Encode_XORI_3=2189052051
Encode_ADD_0=51
Encode_ADD_1=33525683
Encode_ADD_2=17010483
Encode_ADD_3=25856307
Encode_ADDW_0=59
Encode_ADDW_1=33525691
Encode_ADDW_2=3999931
Encode_ADDW_3=26937787
Encode_AND_0=28723
Encode_AND_1=33554355
Encode_AND_2=23523891
Encode_AND_3=28047923
Encode_OR_0=24627
Encode_OR_1=33550259
Encode_OR_2=9464755
Encode_OR_3=29125299
Encode_SLT_0=8243
Encode_SLT_1=33533875
Encode_SLT_2=29992243
Encode_SLT_3=30190387
Encode_SLTU_0=12339
Encode_SLTU_1=33537971
Encode_SLTU_2=15941299
Encode_SLTU_3=31275955
Encode_SUB_0=1073741875
Encode_SUB_1=1107267507
Encode_SUB_2=1076660275
Encode_SUB_3=1106086963
Encode_SUBW_0=1073741883
Encode_SUBW_1=1107267515
Encode_SUBW_2=1096155579
Encode_SUBW_3=1107168443
Encode_XOR_0=16435
Encode_XOR_1=33542067
Encode_XOR_2=9423667
Encode_XOR_3=970035
Encode_BEQ_0=99
Encode_BEQ_1=4294938595
Encode_BEQ_2=388268771
Encode_BEQ_3=2280489315
Encode_BGE_0=20579
Encode_BGE_1=4294959075
Encode_BGE_2=408835555
Encode_BGE_3=2281591395
Encode_BGEU_0=28771
Encode_BGEU_1=4294967267
Encode_BGEU_2=461895907
Encode_BGEU_3=2249126755
Encode_BLT_0=16483
Encode_BLT_1=4294954979
Encode_BLT_2=481381347
Encode_BLT_3=2250196067
Encode_BLTU_0=24675
Encode_BLTU_1=4294963171
Encode_BLTU_2=535490275
Encode_BLTU_3=2251285859
Encode_BNE_0=4195
Encode_BNE_1=4294942691
Encode_BNE_2=588517859
Encode_BNE_3=2251298403
Encode_JAL_0=111
Encode_JAL_1=4294967279
Encode_JAL_2=745541103
Encode_JAL_3=2256535791
Encode_JALR_0=103
Encode_JALR_1=4294938599
Encode_JALR_2=1400604519
Encode_JALR_3=2206368103
Encode_FADD_D_0=33554515
Encode_FADD_D_1=67108819
Encode_FADD_D_2=53813459
Encode_FADD_D_3=43188691
Encode_FADD_S_0=83
Encode_FADD_S_1=33554387
Encode_FADD_S_2=7264851
Encode_FADD_S_3=10719827
Encode_FDIV_D_0=436207699
Encode_FDIV_D_1=469762003
Encode_FDIV_D_2=462947283
Encode_FDIV_D_3=448013011
Encode_FDIV_S_0=402653267
Encode_FDIV_S_1=436207571
Encode_FDIV_S_2=415350099
Encode_FDIV_S_3=415544147
Encode_FEQ_D_0=2717917267
Encode_FEQ_D_1=2751442899
Encode_FEQ_D_2=2751145683
Encode_FEQ_D_3=2731877331
Encode_FEQ_S_0=2684362835
Encode_FEQ_S_1=2717888467
Encode_FEQ_S_2=2703532115
Encode_FEQ_S_3=2699404371
Encode_FLE_D_0=2717909075
Encode_FLE_D_1=2751434707
Encode_FLE_D_2=2724071891
Encode_FLE_D_3=2734032083
Encode_FLE_S_0=2684354643
Encode_FLE_S_1=2717880275
Encode_FLE_S_2=2710012755
Encode_FLE_S_3=2701559123
Encode_FLT_D_0=2717913171
Encode_FLT_D_1=2751438803
Encode_FLT_D_2=2729516243
Encode_FLT_D_3=2736199123
Encode_FLT_S_0=2684358739
Encode_FLT_S_1=2717884371
Encode_FLT_S_2=2716505683
Encode_FLT_S_3=2703726163
Encode_FMADD_D_0=33554499
Encode_FMADD_D_1=4227858371
Encode_FMADD_D_2=3541311427
Encode_FMADD_D_3=3006813891
Encode_FMADD_S_0=67
Encode_FMADD_S_1=4194303939
Encode_FMADD_S_2=1749928259
Encode_FMADD_S_3=3108562755
Encode_FMAX_D_0=704647251
Encode_FMAX_D_1=738172883
Encode_FMAX_D_2=729223891
Encode_FMAX_D_3=727259091
Encode_FMAX_S_0=671092819
Encode_FMAX_S_1=704618451
Encode_FMAX_S_2=681614419
Encode_FMAX_S_3=694786131
Encode_FMIN_D_0=704643155
Encode_FMIN_D_1=738168787
Encode_FMIN_D_2=735708627
Encode_FMIN_D_3=729417939
Encode_FMIN_S_0=671088723
Encode_FMIN_S_1=704614355
Encode_FMIN_S_2=688099155
Encode_FMIN_S_3=696944979
Encode_FMSUB_D_0=33554503
Encode_FMSUB_D_1=4227858375
Encode_FMSUB_D_2=1648179399
Encode_FMSUB_D_3=3818600903
Encode_FMSUB_S_0=71
Encode_FMSUB_S_1=4194303943
Encode_FMSUB_S_2=4184269383
Encode_FMSUB_S_3=3920349767
Encode_FMUL_D_0=301989971
Encode_FMUL_D_1=335544275
Encode_FMUL_D_2=311430099
Encode_FMUL_D_3=331098835
Encode_FMUL_S_0=268435539
Encode_FMUL_S_1=301989843
Encode_FMUL_S_2=298431827
Encode_FMUL_S_3=298629971
Encode_FNMADD_D_0=33554511
Encode_FNMADD_D_1=4227858383
Encode_FNMADD_D_2=3270737615
Encode_FNMADD_D_3=64846799
Encode_FNMADD_S_0=79
Encode_FNMADD_S_1=4194303951
Encode_FNMADD_S_2=1479321679
Encode_FNMADD_S_3=166562895
Encode_FNMSUB_D_0=33554507
Encode_FNMSUB_D_1=4227858379
Encode_FNMSUB_D_2=4082520523
Encode_FNMSUB_D_3=335420619
Encode_FNMSUB_S_0=75
Encode_FNMSUB_S_1=4194303947
Encode_FNMSUB_S_2=2291108683
Encode_FNMSUB_S_3=403615051
Encode_FSQRT_D_0=1509949523
Encode_FSQRT_D_1=1510997971
Encode_FSQRT_D_2=1510544595
Encode_FSQRT_D_3=1510956499
Encode_FSQRT_S_0=1476395091
Encode_FSQRT_S_1=1477443539
Encode_FSQRT_S_2=1476578899
Encode_FSQRT_S_3=1477439059
Encode_FSUB_D_0=167772243
Encode_FSUB_D_1=201326547
Encode_FSUB_D_2=169609171
Encode_FSUB_D_3=170929875
Encode_FSUB_S_0=134217811
Encode_FSUB_S_1=167772115
Encode_FSUB_S_2=155562323
Encode_FSUB_S_3=138461011
Encode_FCLASS_D_0=3791654995
Encode_FCLASS_D_1=3792674771
Encode_FCLASS_D_2=3792640723
Encode_FCLASS_D_3=3791724499
Encode_FCLASS_S_0=3758100563
Encode_FCLASS_S_1=3759120339
Encode_FCLASS_S_2=3758658643
Encode_FCLASS_S_3=3758198867
Encode_FCVT_D_L_0=3525312595
Encode_FCVT_D_L_1=3526361043
Encode_FCVT_D_L_2=3525459411
Encode_FCVT_D_L_3=3525456083
Encode_FCVT_D_LU_0=3526361171
Encode_FCVT_D_LU_1=3527409619
Encode_FCVT_D_LU_2=3527141203
Encode_FCVT_D_LU_3=3526541651
Encode_FCVT_D_S_0=1107296339
Encode_FCVT_D_S_1=1108344787
Encode_FCVT_D_S_2=1107628243
Encode_FCVT_D_S_3=1107513811
Encode_FCVT_D_W_0=3523215443
Encode_FCVT_D_W_1=3524263891
Encode_FCVT_D_W_2=3524184659
Encode_FCVT_D_W_3=3523469907
Encode_FCVT_D_WU_0=3524264019
Encode_FCVT_D_WU_1=3525312467
Encode_FCVT_D_WU_2=3524817875
Encode_FCVT_D_WU_3=3524555475
Encode_FCVT_LU_D_0=3257925715
Encode_FCVT_LU_D_1=3258974163
Encode_FCVT_LU_D_2=3258035539
Encode_FCVT_LU_D_3=3258221395
Encode_FCVT_LU_S_0=3224371283
Encode_FCVT_LU_S_1=3225419731
Encode_FCVT_LU_S_2=3225114323
Encode_FCVT_LU_S_3=3224703955
Encode_FCVT_L_D_0=3256877139
Encode_FCVT_L_D_1=3257925587
Encode_FCVT_L_D_2=3257172051
Encode_FCVT_L_D_3=3257246803
Encode_FCVT_L_S_0=3223322707
Encode_FCVT_L_S_1=3224371155
Encode_FCVT_L_S_2=3224254931
Encode_FCVT_L_S_3=3223729363
Encode_FCVT_S_D_0=1074790483
Encode_FCVT_S_D_1=1075838931
Encode_FCVT_S_D_2=1075307347
Encode_FCVT_S_D_3=1075234131
Encode_FCVT_S_L_0=3491758163
Encode_FCVT_S_L_1=3492806611
Encode_FCVT_S_L_2=3491830995
Encode_FCVT_S_L_3=3492238803
Encode_FCVT_S_LU_0=3492806739
Encode_FCVT_S_LU_1=3493855187
Encode_FCVT_S_LU_2=3493512787
Encode_FCVT_S_LU_3=3493324371
Encode_FCVT_S_W_0=3489661011
Encode_FCVT_S_W_1=3490709459
Encode_FCVT_S_W_2=3489955795
Encode_FCVT_S_W_3=3490215635
Encode_FCVT_S_WU_0=3490709587
Encode_FCVT_S_WU_1=3491758035
Encode_FCVT_S_WU_2=3491604819
Encode_FCVT_S_WU_3=3491268435
Encode_FCVT_WU_D_0=3255828563
Encode_FCVT_WU_D_1=3256877011
Encode_FCVT_WU_D_2=3256308435
Encode_FCVT_WU_D_3=3256424403
Encode_FCVT_WU_S_0=3222274131
Encode_FCVT_WU_S_1=3223322579
Encode_FCVT_WU_S_2=3222309971
Encode_FCVT_WU_S_3=3222906963
Encode_FCVT_W_D_0=3254779987
Encode_FCVT_W_D_1=3255828435
Encode_FCVT_W_D_2=3255449043
Encode_FCVT_W_D_3=3255449811
Encode_FCVT_W_S_0=3221225555
Encode_FCVT_W_S_1=3222274003
Encode_FCVT_W_S_2=3221483347
Encode_FCVT_W_S_3=3221932371
Encode_FMV_D_X_0=4060086355
Encode_FMV_D_X_1=4061106131
Encode_FMV_D_X_2=4060940499
Encode_FMV_D_X_3=4060809683
Encode_FMV_S_X_0=4026531923
Encode_FMV_S_X_1=4027551699
Encode_FMV_S_X_2=4026958419
Encode_FMV_S_X_3=4027288147
Encode_FMV_X_D_0=3791650899
Encode_FMV_X_D_1=3792670675
Encode_FMV_X_D_2=3791653843
Encode_FMV_X_D_3=3792440019
Encode_FMV_X_S_0=3758096467
Encode_FMV_X_S_1=3759116243
Encode_FMV_X_S_2=3758720339
Encode_FMV_X_S_3=3758918483
Encode_FSGNJN_D_0=570429523
Encode_FSGNJN_D_1=603955155
Encode_FSGNJN_D_2=586358483
Encode_FSGNJN_D_3=601693139
Encode_FSGNJN_S_0=536875091
Encode_FSGNJN_S_1=570400723
Encode_FSGNJN_S_2=539793491
Encode_FSGNJN_S_3=569220179
Encode_FSGNJX_D_0=570433619
Encode_FSGNJX_D_1=603959251
Encode_FSGNJX_D_2=592847315
Encode_FSGNJX_D_3=603860179
Encode_FSGNJX_S_0=536879187
Encode_FSGNJX_S_1=570404819
Encode_FSGNJX_S_2=546286419
Encode_FSGNJX_S_3=537832787
Encode_FSGNJ_D_0=570425427
Encode_FSGNJ_D_1=603951059
Encode_FSGNJ_D_2=599327955
Encode_FSGNJ_D_3=572460499
Encode_FSGNJ_S_0=536870995
Encode_FSGNJ_S_1=570396627
Encode_FSGNJ_S_2=551718483
Encode_FSGNJ_S_3=539987539
Encode_FENCE_0=15
Encode_FENCE_1=268406671
Encode_FENCE_2=10225551
Encode_FENCE_3=199233167
Encode_FENCE_I_0=4111
Encode_FENCE_I_1=4294942607
Encode_FENCE_I_2=2595590415
Encode_FENCE_I_3=2269159183
Encode_FLD_0=12295
Encode_FLD_1=4294950791
Encode_FLD_2=2616146567
Encode_FLD_3=2270248839
Encode_FLW_0=8199
Encode_FLW_1=4294946695
Encode_FLW_2=2635637767
Encode_FLW_3=2271322119
Encode_FSD_0=12327
Encode_FSD_1=4294950823
Encode_FSD_2=2655892007
Encode_FSD_3=2252389287
Encode_FSW_0=8231
Encode_FSW_1=4294946727
Encode_FSW_2=2675387303
Encode_FSW_3=2253466663
Encode_FETCH_FAULT_0=0
Encode_FETCH_FAULT_1=0
Encode_FETCH_FAULT_2=0
Encode_FETCH_FAULT_3=0
Encode_FETCH_MISALIGNED_0=0
Encode_FETCH_MISALIGNED_1=0
Encode_FETCH_MISALIGNED_2=0
Encode_FETCH_MISALIGNED_3=0
Encode_LB_0=3
Encode_LB_1=4294938499
Encode_LB_2=2735211395
Encode_LB_3=2276721283
Encode_LBU_0=16387
Encode_LBU_1=4294954883
Encode_LBU_2=2754727171
Encode_LBU_3=2277819139
Encode_LD_0=12291
Encode_LD_1=4294950787
Encode_LD_2=2775266947
Encode_LD_3=2278896515
Encode_LH_0=4099
Encode_LH_1=4294942595
Encode_LH_2=2794754051
Encode_LH_3=2279969795
Encode_LHU_0=20483
Encode_LHU_1=4294958979
Encode_LHU_2=2815318403
Encode_LHU_3=2281067651
Encode_LW_0=8195
Encode_LW_1=4294946691
Encode_LW_2=2834801411
Encode_LW_3=2282136835
Encode_LWU_0=24579
Encode_LWU_1=4294963075
Encode_LWU_2=2854317187
Encode_LWU_3=2283234691
Encode_DIV_0=33570867
Encode_DIV_1=67096499
Encode_DIV_2=65717811
Encode_DIV_3=52938291
Encode_DIVU_0=33574963
Encode_DIVU_1=67100595
Encode_DIVU_2=51666867
Encode_DIVU_3=54023859
Encode_DIVUW_0=33574971
Encode_DIVUW_1=67100603
Encode_DIVUW_2=38656315
Encode_DIVUW_3=55105339
Encode_DIVW_0=33570875
Encode_DIVW_1=67096507
Encode_DIVW_2=58147515
Encode_DIVW_3=56182715
Encode_MUL_0=33554483
Encode_MUL_1=67080115
Encode_MUL_2=44076083
Encode_MUL_3=57247795
Encode_MULH_0=33558579
Encode_MULH_1=67084211
Encode_MULH_2=64624051
Encode_MULH_3=58333363
Encode_MULHSU_0=33562675
Encode_MULHSU_1=67088307
Encode_MULHSU_2=50573107
Encode_MULHSU_3=59418931
Encode_MULHU_0=33566771
Encode_MULHU_1=67092403
Encode_MULHU_2=37566643
Encode_MULHU_3=60504499
Encode_MULW_0=33554491
Encode_MULW_1=67080123
Encode_MULW_2=57049659
Encode_MULW_3=61573691
Encode_REM_0=33579059
Encode_REM_1=67104691
Encode_REM_2=43019187
Encode_REM_3=62679731
Encode_REMU_0=33583155
Encode_REMU_1=67108787
Encode_REMU_2=63567155
Encode_REMU_3=63765299
Encode_REMUW_0=33583163
Encode_REMUW_1=67108795
Encode_REMUW_2=49512123
Encode_REMUW_3=64846779
Encode_REMW_0=33579067
Encode_REMW_1=67104699
Encode_REMW_2=36497467
Encode_REMW_3=65924155
Encode_SLL_0=4147
Encode_SLL_1=33529779
Encode_SLL_2=22417843
Encode_SLL_3=33430707
Encode_SLLI_0=4115
Encode_SLLI_1=67084179
Encode_SLLI_2=27237139
Encode_SLLI_3=51289363
Encode_SLLIW_0=4123
Encode_SLLIW_1=33529755
Encode_SLLIW_2=28906651
Encode_SLLIW_3=2039195
Encode_SLLW_0=4155
Encode_SLLW_1=33529787
Encode_SLLW_2=14851643
Encode_SLLW_3=3120699
Encode_SRA_0=1073762355
Encode_SRA_1=1107287987
Encode_SRA_2=1075599283
Encode_SRA_3=1076911795
Encode_SRAI_0=1073762323
Encode_SRAI_1=1140842387
Encode_SRAI_2=1112920339
Encode_SRAI_3=1128324883
Encode_SRAIW_0=1073762331
Encode_SRAIW_1=1107287963
Encode_SRAIW_2=1082088091
Encode_SRAIW_3=1079074715
Encode_SRAW_0=1073762363
Encode_SRAW_1=1107287995
Encode_SRAW_2=1101583419
Encode_SRAW_3=1080152123
Encode_SRL_0=20531
Encode_SRL_1=33546163
Encode_SRL_2=13786547
Encode_SRL_3=7491763
Encode_SRLI_0=20499
Encode_SRLI_1=67100563
Encode_SRLI_2=52156179
Encode_SRLI_3=58904851
Encode_SRLIW_0=20507
Encode_SRLIW_1=33546139
Encode_SRLIW_2=20271259
Encode_SRLIW_3=9654683
Encode_SRLW_0=20539
Encode_SRLW_1=33546171
Encode_SRLW_2=7264827
Encode_SRLW_3=10736187
Encode_SB_0=35
Encode_SB_1=4294938531
Encode_SB_2=3372451875
Encode_SB_3=2290257315
Encode_SD_0=12323
Encode_SD_1=4294950819
Encode_SD_2=3393008035
Encode_SD_3=2291351075
Encode_SH_0=4131
Encode_SH_1=4294942627
Encode_SH_2=3412499235
Encode_SH_3=2292424355
Encode_SW_0=8227
Encode_SW_1=4294946723
Encode_SW_2=3431998627
Encode_SW_3=2293509923
Encode_CSRRC_0=12403
Encode_CSRRC_1=4294950899
Encode_CSRRC_2=3452844531
Encode_CSRRC_3=2314614003
Encode_CSRRCI_0=28787
Encode_CSRRCI_1=4294967283
Encode_CSRRCI_2=3472356211
Encode_CSRRCI_3=2315711859
Encode_CSRRS_0=8307
Encode_CSRRS_1=4294946803
Encode_CSRRS_2=3491835123
Encode_CSRRS_3=2316772851
Encode_CSRRSI_0=24691
Encode_CSRRSI_1=4294963187
Encode_CSRRSI_2=3512395379
Encode_CSRRSI_3=2317870707
Encode_CSRRW_0=4211
Encode_CSRRW_1=4294942707
Encode_CSRRW_2=3531874291
Encode_CSRRW_3=2318931699
Encode_CSRRWI_0=20595
Encode_CSRRWI_1=4294959091
Encode_CSRRWI_2=3552434547
Encode_CSRRWI_3=2320029555
Encode_EBREAK_0=1048691
Encode_ECALL_0=115
Encode_ERET_0=268435571
Encode_MRTS_0=810549363
Encode_SFENCE_VM_0=269484147
Encode_SFENCE_VM_1=270499955
Encode_SFENCE_VM_2=270041203
Encode_SFENCE_VM_3=270106739
Encode_WFI_0=270532723
Encode_UnknownInstruction_0=0
