fp_bits_FSGNJ_S_0_0_0=T
fp_bits_FSGNJ_S_0_0_1=T
fp_bits_FSGNJ_S_0_0_2=T
fp_bits_FSGNJ_S_0_0_7=T
fp_bits_FSGNJ_S_0_1_0=T
fp_bits_FSGNJ_S_0_1_1=T
fp_bits_FSGNJ_S_0_1_2=T
fp_bits_FSGNJ_S_0_1_7=T
fp_bits_FSGNJ_S_0_2_0=T
fp_bits_FSGNJ_S_0_2_1=T
fp_bits_FSGNJ_S_0_2_2=T
fp_bits_FSGNJ_S_0_2_7=T
fp_bits_FSGNJ_S_0_3_0=T
fp_bits_FSGNJ_S_0_3_1=T
fp_bits_FSGNJ_S_0_3_2=T
fp_bits_FSGNJ_S_0_3_7=T
fp_bits_FSGNJ_S_0_4_0=T
fp_bits_FSGNJ_S_0_4_1=T
fp_bits_FSGNJ_S_0_4_2=T
fp_bits_FSGNJ_S_0_4_7=T
fp_bits_FSGNJ_S_0_5_0=T
fp_bits_FSGNJ_S_0_5_1=T
fp_bits_FSGNJ_S_0_5_2=T
fp_bits_FSGNJ_S_0_5_7=T
fp_bits_FSGNJ_S_0_6_0=T
fp_bits_FSGNJ_S_0_6_1=T
fp_bits_FSGNJ_S_0_6_2=T
fp_bits_FSGNJ_S_0_6_7=T
fp_bits_FSGNJ_S_0_7_0=T
fp_bits_FSGNJ_S_0_7_1=T
fp_bits_FSGNJ_S_0_7_2=T
fp_bits_FSGNJ_S_0_7_7=T
fp_bits_FSGNJ_S_0_8_0=T
fp_bits_FSGNJ_S_0_8_1=T
fp_bits_FSGNJ_S_0_8_2=T
fp_bits_FSGNJ_S_0_8_7=T
fp_bits_FSGNJ_S_0_9_0=T
fp_bits_FSGNJ_S_0_9_1=T
fp_bits_FSGNJ_S_0_9_2=T
fp_bits_FSGNJ_S_0_9_7=T
fp_bits_FSGNJ_S_0_10_0=T
fp_bits_FSGNJ_S_0_10_1=T
fp_bits_FSGNJ_S_0_10_2=T
fp_bits_FSGNJ_S_0_10_7=T
fp_bits_FSGNJ_S_0_11_0=T
fp_bits_FSGNJ_S_0_11_1=T
fp_bits_FSGNJ_S_0_11_2=T
fp_bits_FSGNJ_S_0_11_7=T
fp_bits_FSGNJ_S_1_0_0=T
fp_bits_FSGNJ_S_1_0_1=T
fp_bits_FSGNJ_S_1_0_2=T
fp_bits_FSGNJ_S_1_0_7=T
fp_bits_FSGNJ_S_1_1_0=T
fp_bits_FSGNJ_S_1_1_1=T
fp_bits_FSGNJ_S_1_1_2=T
fp_bits_FSGNJ_S_1_1_7=T
fp_bits_FSGNJ_S_1_2_0=T
fp_bits_FSGNJ_S_1_2_1=T
fp_bits_FSGNJ_S_1_2_2=T
fp_bits_FSGNJ_S_1_2_7=T
fp_bits_FSGNJ_S_1_3_0=T
fp_bits_FSGNJ_S_1_3_1=T
fp_bits_FSGNJ_S_1_3_2=T
fp_bits_FSGNJ_S_1_3_7=T
fp_bits_FSGNJ_S_1_4_0=T
fp_bits_FSGNJ_S_1_4_1=T
fp_bits_FSGNJ_S_1_4_2=T
fp_bits_FSGNJ_S_1_4_7=T
fp_bits_FSGNJ_S_1_5_0=T
fp_bits_FSGNJ_S_1_5_1=T
fp_bits_FSGNJ_S_1_5_2=T
fp_bits_FSGNJ_S_1_5_7=T
fp_bits_FSGNJ_S_1_6_0=T
fp_bits_FSGNJ_S_1_6_1=T
fp_bits_FSGNJ_S_1_6_2=T
fp_bits_FSGNJ_S_1_6_7=T
fp_bits_FSGNJ_S_1_7_0=T
fp_bits_FSGNJ_S_1_7_1=T
fp_bits_FSGNJ_S_1_7_2=T
fp_bits_FSGNJ_S_1_7_7=T
fp_bits_FSGNJ_S_1_8_0=T
fp_bits_FSGNJ_S_1_8_1=T
fp_bits_FSGNJ_S_1_8_2=T
fp_bits_FSGNJ_S_1_8_7=T
fp_bits_FSGNJ_S_1_9_0=T
fp_bits_FSGNJ_S_1_9_1=T
fp_bits_FSGNJ_S_1_9_2=T
fp_bits_FSGNJ_S_1_9_7=T
fp_bits_FSGNJ_S_1_10_0=T
fp_bits_FSGNJ_S_1_10_1=T
fp_bits_FSGNJ_S_1_10_2=T
fp_bits_FSGNJ_S_1_10_7=T
fp_bits_FSGNJ_S_1_11_0=T
fp_bits_FSGNJ_S_1_11_1=T
fp_bits_FSGNJ_S_1_11_2=T
fp_bits_FSGNJ_S_1_11_7=T
fp_bits_FSGNJ_S_2_0_0=T
fp_bits_FSGNJ_S_2_0_1=T
fp_bits_FSGNJ_S_2_0_2=T
fp_bits_FSGNJ_S_2_0_7=T
fp_bits_FSGNJ_S_2_1_0=T
fp_bits_FSGNJ_S_2_1_1=T
fp_bits_FSGNJ_S_2_1_2=T
fp_bits_FSGNJ_S_2_1_7=T
fp_bits_FSGNJ_S_2_2_0=T
fp_bits_FSGNJ_S_2_2_1=T
fp_bits_FSGNJ_S_2_2_2=T
fp_bits_FSGNJ_S_2_2_7=T
fp_bits_FSGNJ_S_2_3_0=T
fp_bits_FSGNJ_S_2_3_1=T
fp_bits_FSGNJ_S_2_3_2=T
fp_bits_FSGNJ_S_2_3_7=T
fp_bits_FSGNJ_S_2_4_0=T
fp_bits_FSGNJ_S_2_4_1=T
fp_bits_FSGNJ_S_2_4_2=T
fp_bits_FSGNJ_S_2_4_7=T
fp_bits_FSGNJ_S_2_5_0=T
fp_bits_FSGNJ_S_2_5_1=T
fp_bits_FSGNJ_S_2_5_2=T
fp_bits_FSGNJ_S_2_5_7=T
fp_bits_FSGNJ_S_2_6_0=T
fp_bits_FSGNJ_S_2_6_1=T
fp_bits_FSGNJ_S_2_6_2=T
fp_bits_FSGNJ_S_2_6_7=T
fp_bits_FSGNJ_S_2_7_0=T
fp_bits_FSGNJ_S_2_7_1=T
fp_bits_FSGNJ_S_2_7_2=T
fp_bits_FSGNJ_S_2_7_7=T
fp_bits_FSGNJ_S_2_8_0=T
fp_bits_FSGNJ_S_2_8_1=T
fp_bits_FSGNJ_S_2_8_2=T
fp_bits_FSGNJ_S_2_8_7=T
fp_bits_FSGNJ_S_2_9_0=T
fp_bits_FSGNJ_S_2_9_1=T
fp_bits_FSGNJ_S_2_9_2=T
fp_bits_FSGNJ_S_2_9_7=T
fp_bits_FSGNJ_S_2_10_0=T
fp_bits_FSGNJ_S_2_10_1=T
fp_bits_FSGNJ_S_2_10_2=T
fp_bits_FSGNJ_S_2_10_7=T
fp_bits_FSGNJ_S_2_11_0=T
fp_bits_FSGNJ_S_2_11_1=T
fp_bits_FSGNJ_S_2_11_2=T
fp_bits_FSGNJ_S_2_11_7=T
fp_bits_FSGNJ_S_3_0_0=T
fp_bits_FSGNJ_S_3_0_1=T
fp_bits_FSGNJ_S_3_0_2=T
fp_bits_FSGNJ_S_3_0_7=T
fp_bits_FSGNJ_S_3_1_0=T
fp_bits_FSGNJ_S_3_1_1=T
fp_bits_FSGNJ_S_3_1_2=T
fp_bits_FSGNJ_S_3_1_7=T
fp_bits_FSGNJ_S_3_2_0=T
fp_bits_FSGNJ_S_3_2_1=T
fp_bits_FSGNJ_S_3_2_2=T
fp_bits_FSGNJ_S_3_2_7=T
fp_bits_FSGNJ_S_3_3_0=T
fp_bits_FSGNJ_S_3_3_1=T
fp_bits_FSGNJ_S_3_3_2=T
fp_bits_FSGNJ_S_3_3_7=T
fp_bits_FSGNJ_S_3_4_0=T
fp_bits_FSGNJ_S_3_4_1=T
fp_bits_FSGNJ_S_3_4_2=T
fp_bits_FSGNJ_S_3_4_7=T
fp_bits_FSGNJ_S_3_5_0=T
fp_bits_FSGNJ_S_3_5_1=T
fp_bits_FSGNJ_S_3_5_2=T
fp_bits_FSGNJ_S_3_5_7=T
fp_bits_FSGNJ_S_3_6_0=T
fp_bits_FSGNJ_S_3_6_1=T
fp_bits_FSGNJ_S_3_6_2=T
fp_bits_FSGNJ_S_3_6_7=T
fp_bits_FSGNJ_S_3_7_0=T
fp_bits_FSGNJ_S_3_7_1=T
fp_bits_FSGNJ_S_3_7_2=T
fp_bits_FSGNJ_S_3_7_7=T
fp_bits_FSGNJ_S_3_8_0=T
fp_bits_FSGNJ_S_3_8_1=T
fp_bits_FSGNJ_S_3_8_2=T
fp_bits_FSGNJ_S_3_8_7=T
fp_bits_FSGNJ_S_3_9_0=T
fp_bits_FSGNJ_S_3_9_1=T
fp_bits_FSGNJ_S_3_9_2=T
fp_bits_FSGNJ_S_3_9_7=T
fp_bits_FSGNJ_S_3_10_0=T
fp_bits_FSGNJ_S_3_10_1=T
fp_bits_FSGNJ_S_3_10_2=T
fp_bits_FSGNJ_S_3_10_7=T
fp_bits_FSGNJ_S_3_11_0=T
fp_bits_FSGNJ_S_3_11_1=T
fp_bits_FSGNJ_S_3_11_2=T
fp_bits_FSGNJ_S_3_11_7=T
fp_bits_FSGNJ_D_0_0_0=T
fp_bits_FSGNJ_D_0_0_1=T
fp_bits_FSGNJ_D_0_0_2=T
fp_bits_FSGNJ_D_0_0_7=T
fp_bits_FSGNJ_D_0_1_0=T
fp_bits_FSGNJ_D_0_1_1=T
fp_bits_FSGNJ_D_0_1_2=T
fp_bits_FSGNJ_D_0_1_7=T
fp_bits_FSGNJ_D_0_2_0=T
fp_bits_FSGNJ_D_0_2_1=T
fp_bits_FSGNJ_D_0_2_2=T
fp_bits_FSGNJ_D_0_2_7=T
fp_bits_FSGNJ_D_0_3_0=T
fp_bits_FSGNJ_D_0_3_1=T
fp_bits_FSGNJ_D_0_3_2=T
fp_bits_FSGNJ_D_0_3_7=T
fp_bits_FSGNJ_D_0_4_0=T
fp_bits_FSGNJ_D_0_4_1=T
fp_bits_FSGNJ_D_0_4_2=T
fp_bits_FSGNJ_D_0_4_7=T
fp_bits_FSGNJ_D_0_5_0=T
fp_bits_FSGNJ_D_0_5_1=T
fp_bits_FSGNJ_D_0_5_2=T
fp_bits_FSGNJ_D_0_5_7=T
fp_bits_FSGNJ_D_0_6_0=T
fp_bits_FSGNJ_D_0_6_1=T
fp_bits_FSGNJ_D_0_6_2=T
fp_bits_FSGNJ_D_0_6_7=T
fp_bits_FSGNJ_D_0_7_0=T
fp_bits_FSGNJ_D_0_7_1=T
fp_bits_FSGNJ_D_0_7_2=T
fp_bits_FSGNJ_D_0_7_7=T
fp_bits_FSGNJ_D_0_8_0=T
fp_bits_FSGNJ_D_0_8_1=T
fp_bits_FSGNJ_D_0_8_2=T
fp_bits_FSGNJ_D_0_8_7=T
fp_bits_FSGNJ_D_0_9_0=T
fp_bits_FSGNJ_D_0_9_1=T
fp_bits_FSGNJ_D_0_9_2=T
fp_bits_FSGNJ_D_0_9_7=T
fp_bits_FSGNJ_D_0_10_0=T
fp_bits_FSGNJ_D_0_10_1=T
fp_bits_FSGNJ_D_0_10_2=T
fp_bits_FSGNJ_D_0_10_7=T
fp_bits_FSGNJ_D_0_11_0=T
fp_bits_FSGNJ_D_0_11_1=T
fp_bits_FSGNJ_D_0_11_2=T
fp_bits_FSGNJ_D_0_11_7=T
fp_bits_FSGNJ_D_1_0_0=T
fp_bits_FSGNJ_D_1_0_1=T
fp_bits_FSGNJ_D_1_0_2=T
fp_bits_FSGNJ_D_1_0_7=T
fp_bits_FSGNJ_D_1_1_0=T
fp_bits_FSGNJ_D_1_1_1=T
fp_bits_FSGNJ_D_1_1_2=T
fp_bits_FSGNJ_D_1_1_7=T
fp_bits_FSGNJ_D_1_2_0=T
fp_bits_FSGNJ_D_1_2_1=T
fp_bits_FSGNJ_D_1_2_2=T
fp_bits_FSGNJ_D_1_2_7=T
fp_bits_FSGNJ_D_1_3_0=T
fp_bits_FSGNJ_D_1_3_1=T
fp_bits_FSGNJ_D_1_3_2=T
fp_bits_FSGNJ_D_1_3_7=T
fp_bits_FSGNJ_D_1_4_0=T
fp_bits_FSGNJ_D_1_4_1=T
fp_bits_FSGNJ_D_1_4_2=T
fp_bits_FSGNJ_D_1_4_7=T
fp_bits_FSGNJ_D_1_5_0=T
fp_bits_FSGNJ_D_1_5_1=T
fp_bits_FSGNJ_D_1_5_2=T
fp_bits_FSGNJ_D_1_5_7=T
fp_bits_FSGNJ_D_1_6_0=T
fp_bits_FSGNJ_D_1_6_1=T
fp_bits_FSGNJ_D_1_6_2=T
fp_bits_FSGNJ_D_1_6_7=T
fp_bits_FSGNJ_D_1_7_0=T
fp_bits_FSGNJ_D_1_7_1=T
fp_bits_FSGNJ_D_1_7_2=T
fp_bits_FSGNJ_D_1_7_7=T
fp_bits_FSGNJ_D_1_8_0=T
fp_bits_FSGNJ_D_1_8_1=T
fp_bits_FSGNJ_D_1_8_2=T
fp_bits_FSGNJ_D_1_8_7=T
fp_bits_FSGNJ_D_1_9_0=T
fp_bits_FSGNJ_D_1_9_1=T
fp_bits_FSGNJ_D_1_9_2=T
fp_bits_FSGNJ_D_1_9_7=T
fp_bits_FSGNJ_D_1_10_0=T
fp_bits_FSGNJ_D_1_10_1=T
fp_bits_FSGNJ_D_1_10_2=T
fp_bits_FSGNJ_D_1_10_7=T
fp_bits_FSGNJ_D_1_11_0=T
fp_bits_FSGNJ_D_1_11_1=T
fp_bits_FSGNJ_D_1_11_2=T
fp_bits_FSGNJ_D_1_11_7=T
fp_bits_FSGNJ_D_2_0_0=T
fp_bits_FSGNJ_D_2_0_1=T
fp_bits_FSGNJ_D_2_0_2=T
fp_bits_FSGNJ_D_2_0_7=T
fp_bits_FSGNJ_D_2_1_0=T
fp_bits_FSGNJ_D_2_1_1=T
fp_bits_FSGNJ_D_2_1_2=T
fp_bits_FSGNJ_D_2_1_7=T
fp_bits_FSGNJ_D_2_2_0=T
fp_bits_FSGNJ_D_2_2_1=T
fp_bits_FSGNJ_D_2_2_2=T
fp_bits_FSGNJ_D_2_2_7=T
fp_bits_FSGNJ_D_2_3_0=T
fp_bits_FSGNJ_D_2_3_1=T
fp_bits_FSGNJ_D_2_3_2=T
fp_bits_FSGNJ_D_2_3_7=T
fp_bits_FSGNJ_D_2_4_0=T
fp_bits_FSGNJ_D_2_4_1=T
fp_bits_FSGNJ_D_2_4_2=T
fp_bits_FSGNJ_D_2_4_7=T
fp_bits_FSGNJ_D_2_5_0=T
fp_bits_FSGNJ_D_2_5_1=T
fp_bits_FSGNJ_D_2_5_2=T
fp_bits_FSGNJ_D_2_5_7=T
fp_bits_FSGNJ_D_2_6_0=T
fp_bits_FSGNJ_D_2_6_1=T
fp_bits_FSGNJ_D_2_6_2=T
fp_bits_FSGNJ_D_2_6_7=T
fp_bits_FSGNJ_D_2_7_0=T
fp_bits_FSGNJ_D_2_7_1=T
fp_bits_FSGNJ_D_2_7_2=T
fp_bits_FSGNJ_D_2_7_7=T
fp_bits_FSGNJ_D_2_8_0=T
fp_bits_FSGNJ_D_2_8_1=T
fp_bits_FSGNJ_D_2_8_2=T
fp_bits_FSGNJ_D_2_8_7=T
fp_bits_FSGNJ_D_2_9_0=T
fp_bits_FSGNJ_D_2_9_1=T
fp_bits_FSGNJ_D_2_9_2=T
fp_bits_FSGNJ_D_2_9_7=T
fp_bits_FSGNJ_D_2_10_0=T
fp_bits_FSGNJ_D_2_10_1=T
fp_bits_FSGNJ_D_2_10_2=T
fp_bits_FSGNJ_D_2_10_7=T
fp_bits_FSGNJ_D_2_11_0=T
fp_bits_FSGNJ_D_2_11_1=T
fp_bits_FSGNJ_D_2_11_2=T
fp_bits_FSGNJ_D_2_11_7=T
fp_bits_FSGNJ_D_3_0_0=T
fp_bits_FSGNJ_D_3_0_1=T
fp_bits_FSGNJ_D_3_0_2=T
fp_bits_FSGNJ_D_3_0_7=T
fp_bits_FSGNJ_D_3_1_0=T
fp_bits_FSGNJ_D_3_1_1=T
fp_bits_FSGNJ_D_3_1_2=T
fp_bits_FSGNJ_D_3_1_7=T
fp_bits_FSGNJ_D_3_2_0=T
fp_bits_FSGNJ_D_3_2_1=T
fp_bits_FSGNJ_D_3_2_2=T
fp_bits_FSGNJ_D_3_2_7=T
fp_bits_FSGNJ_D_3_3_0=T
fp_bits_FSGNJ_D_3_3_1=T
fp_bits_FSGNJ_D_3_3_2=T
fp_bits_FSGNJ_D_3_3_7=T
fp_bits_FSGNJ_D_3_4_0=T
fp_bits_FSGNJ_D_3_4_1=T
fp_bits_FSGNJ_D_3_4_2=T
fp_bits_FSGNJ_D_3_4_7=T
fp_bits_FSGNJ_D_3_5_0=T
fp_bits_FSGNJ_D_3_5_1=T
fp_bits_FSGNJ_D_3_5_2=T
fp_bits_FSGNJ_D_3_5_7=T
fp_bits_FSGNJ_D_3_6_0=T
fp_bits_FSGNJ_D_3_6_1=T
fp_bits_FSGNJ_D_3_6_2=T
fp_bits_FSGNJ_D_3_6_7=T
fp_bits_FSGNJ_D_3_7_0=T
fp_bits_FSGNJ_D_3_7_1=T
fp_bits_FSGNJ_D_3_7_2=T
fp_bits_FSGNJ_D_3_7_7=T
fp_bits_FSGNJ_D_3_8_0=T
fp_bits_FSGNJ_D_3_8_1=T
fp_bits_FSGNJ_D_3_8_2=T
fp_bits_FSGNJ_D_3_8_7=T
fp_bits_FSGNJ_D_3_9_0=T
fp_bits_FSGNJ_D_3_9_1=T
fp_bits_FSGNJ_D_3_9_2=T
fp_bits_FSGNJ_D_3_9_7=T
fp_bits_FSGNJ_D_3_10_0=T
fp_bits_FSGNJ_D_3_10_1=T
fp_bits_FSGNJ_D_3_10_2=T
fp_bits_FSGNJ_D_3_10_7=T
fp_bits_FSGNJ_D_3_11_0=T
fp_bits_FSGNJ_D_3_11_1=T
fp_bits_FSGNJ_D_3_11_2=T
fp_bits_FSGNJ_D_3_11_7=T
fp_bits_FSGNJN_S_0_0_0=T
fp_bits_FSGNJN_S_0_0_1=T
fp_bits_FSGNJN_S_0_0_2=T
fp_bits_FSGNJN_S_0_0_7=T
fp_bits_FSGNJN_S_0_1_0=T
fp_bits_FSGNJN_S_0_1_1=T
fp_bits_FSGNJN_S_0_1_2=T
fp_bits_FSGNJN_S_0_1_7=T
fp_bits_FSGNJN_S_0_2_0=T
fp_bits_FSGNJN_S_0_2_1=T
fp_bits_FSGNJN_S_0_2_2=T
fp_bits_FSGNJN_S_0_2_7=T
fp_bits_FSGNJN_S_0_3_0=T
fp_bits_FSGNJN_S_0_3_1=T
fp_bits_FSGNJN_S_0_3_2=T
fp_bits_FSGNJN_S_0_3_7=T
fp_bits_FSGNJN_S_0_4_0=T
fp_bits_FSGNJN_S_0_4_1=T
fp_bits_FSGNJN_S_0_4_2=T
fp_bits_FSGNJN_S_0_4_7=T
fp_bits_FSGNJN_S_0_5_0=T
fp_bits_FSGNJN_S_0_5_1=T
fp_bits_FSGNJN_S_0_5_2=T
fp_bits_FSGNJN_S_0_5_7=T
fp_bits_FSGNJN_S_0_6_0=T
fp_bits_FSGNJN_S_0_6_1=T
fp_bits_FSGNJN_S_0_6_2=T
fp_bits_FSGNJN_S_0_6_7=T
fp_bits_FSGNJN_S_0_7_0=T
fp_bits_FSGNJN_S_0_7_1=T
fp_bits_FSGNJN_S_0_7_2=T
fp_bits_FSGNJN_S_0_7_7=T
fp_bits_FSGNJN_S_0_8_0=T
fp_bits_FSGNJN_S_0_8_1=T
fp_bits_FSGNJN_S_0_8_2=T
fp_bits_FSGNJN_S_0_8_7=T
fp_bits_FSGNJN_S_0_9_0=T
fp_bits_FSGNJN_S_0_9_1=T
fp_bits_FSGNJN_S_0_9_2=T
fp_bits_FSGNJN_S_0_9_7=T
fp_bits_FSGNJN_S_0_10_0=T
fp_bits_FSGNJN_S_0_10_1=T
fp_bits_FSGNJN_S_0_10_2=T
fp_bits_FSGNJN_S_0_10_7=T
fp_bits_FSGNJN_S_0_11_0=T
fp_bits_FSGNJN_S_0_11_1=T
fp_bits_FSGNJN_S_0_11_2=T
fp_bits_FSGNJN_S_0_11_7=T
fp_bits_FSGNJN_S_1_0_0=T
fp_bits_FSGNJN_S_1_0_1=T
fp_bits_FSGNJN_S_1_0_2=T
fp_bits_FSGNJN_S_1_0_7=T
fp_bits_FSGNJN_S_1_1_0=T
fp_bits_FSGNJN_S_1_1_1=T
fp_bits_FSGNJN_S_1_1_2=T
fp_bits_FSGNJN_S_1_1_7=T
fp_bits_FSGNJN_S_1_2_0=T
fp_bits_FSGNJN_S_1_2_1=T
fp_bits_FSGNJN_S_1_2_2=T
fp_bits_FSGNJN_S_1_2_7=T
fp_bits_FSGNJN_S_1_3_0=T
fp_bits_FSGNJN_S_1_3_1=T
fp_bits_FSGNJN_S_1_3_2=T
fp_bits_FSGNJN_S_1_3_7=T
fp_bits_FSGNJN_S_1_4_0=T
fp_bits_FSGNJN_S_1_4_1=T
fp_bits_FSGNJN_S_1_4_2=T
fp_bits_FSGNJN_S_1_4_7=T
fp_bits_FSGNJN_S_1_5_0=T
fp_bits_FSGNJN_S_1_5_1=T
fp_bits_FSGNJN_S_1_5_2=T
fp_bits_FSGNJN_S_1_5_7=T
fp_bits_FSGNJN_S_1_6_0=T
fp_bits_FSGNJN_S_1_6_1=T
fp_bits_FSGNJN_S_1_6_2=T
fp_bits_FSGNJN_S_1_6_7=T
fp_bits_FSGNJN_S_1_7_0=T
fp_bits_FSGNJN_S_1_7_1=T
fp_bits_FSGNJN_S_1_7_2=T
fp_bits_FSGNJN_S_1_7_7=T
fp_bits_FSGNJN_S_1_8_0=T
fp_bits_FSGNJN_S_1_8_1=T
fp_bits_FSGNJN_S_1_8_2=T
fp_bits_FSGNJN_S_1_8_7=T
fp_bits_FSGNJN_S_1_9_0=T
fp_bits_FSGNJN_S_1_9_1=T
fp_bits_FSGNJN_S_1_9_2=T
fp_bits_FSGNJN_S_1_9_7=T
fp_bits_FSGNJN_S_1_10_0=T
fp_bits_FSGNJN_S_1_10_1=T
fp_bits_FSGNJN_S_1_10_2=T
fp_bits_FSGNJN_S_1_10_7=T
fp_bits_FSGNJN_S_1_11_0=T
fp_bits_FSGNJN_S_1_11_1=T
fp_bits_FSGNJN_S_1_11_2=T
fp_bits_FSGNJN_S_1_11_7=T
fp_bits_FSGNJN_S_2_0_0=T
fp_bits_FSGNJN_S_2_0_1=T
fp_bits_FSGNJN_S_2_0_2=T
fp_bits_FSGNJN_S_2_0_7=T
fp_bits_FSGNJN_S_2_1_0=T
fp_bits_FSGNJN_S_2_1_1=T
fp_bits_FSGNJN_S_2_1_2=T
fp_bits_FSGNJN_S_2_1_7=T
fp_bits_FSGNJN_S_2_2_0=T
fp_bits_FSGNJN_S_2_2_1=T
fp_bits_FSGNJN_S_2_2_2=T
fp_bits_FSGNJN_S_2_2_7=T
fp_bits_FSGNJN_S_2_3_0=T
fp_bits_FSGNJN_S_2_3_1=T
fp_bits_FSGNJN_S_2_3_2=T
fp_bits_FSGNJN_S_2_3_7=T
fp_bits_FSGNJN_S_2_4_0=T
fp_bits_FSGNJN_S_2_4_1=T
fp_bits_FSGNJN_S_2_4_2=T
fp_bits_FSGNJN_S_2_4_7=T
fp_bits_FSGNJN_S_2_5_0=T
fp_bits_FSGNJN_S_2_5_1=T
fp_bits_FSGNJN_S_2_5_2=T
fp_bits_FSGNJN_S_2_5_7=T
fp_bits_FSGNJN_S_2_6_0=T
fp_bits_FSGNJN_S_2_6_1=T
fp_bits_FSGNJN_S_2_6_2=T
fp_bits_FSGNJN_S_2_6_7=T
fp_bits_FSGNJN_S_2_7_0=T
fp_bits_FSGNJN_S_2_7_1=T
fp_bits_FSGNJN_S_2_7_2=T
fp_bits_FSGNJN_S_2_7_7=T
fp_bits_FSGNJN_S_2_8_0=T
fp_bits_FSGNJN_S_2_8_1=T
fp_bits_FSGNJN_S_2_8_2=T
fp_bits_FSGNJN_S_2_8_7=T
fp_bits_FSGNJN_S_2_9_0=T
fp_bits_FSGNJN_S_2_9_1=T
fp_bits_FSGNJN_S_2_9_2=T
fp_bits_FSGNJN_S_2_9_7=T
fp_bits_FSGNJN_S_2_10_0=T
fp_bits_FSGNJN_S_2_10_1=T
fp_bits_FSGNJN_S_2_10_2=T
fp_bits_FSGNJN_S_2_10_7=T
fp_bits_FSGNJN_S_2_11_0=T
fp_bits_FSGNJN_S_2_11_1=T
fp_bits_FSGNJN_S_2_11_2=T
fp_bits_FSGNJN_S_2_11_7=T
fp_bits_FSGNJN_S_3_0_0=T
fp_bits_FSGNJN_S_3_0_1=T
fp_bits_FSGNJN_S_3_0_2=T
fp_bits_FSGNJN_S_3_0_7=T
fp_bits_FSGNJN_S_3_1_0=T
fp_bits_FSGNJN_S_3_1_1=T
fp_bits_FSGNJN_S_3_1_2=T
fp_bits_FSGNJN_S_3_1_7=T
fp_bits_FSGNJN_S_3_2_0=T
fp_bits_FSGNJN_S_3_2_1=T
fp_bits_FSGNJN_S_3_2_2=T
fp_bits_FSGNJN_S_3_2_7=T
fp_bits_FSGNJN_S_3_3_0=T
fp_bits_FSGNJN_S_3_3_1=T
fp_bits_FSGNJN_S_3_3_2=T
fp_bits_FSGNJN_S_3_3_7=T
fp_bits_FSGNJN_S_3_4_0=T
fp_bits_FSGNJN_S_3_4_1=T
fp_bits_FSGNJN_S_3_4_2=T
fp_bits_FSGNJN_S_3_4_7=T
fp_bits_FSGNJN_S_3_5_0=T
fp_bits_FSGNJN_S_3_5_1=T
fp_bits_FSGNJN_S_3_5_2=T
fp_bits_FSGNJN_S_3_5_7=T
fp_bits_FSGNJN_S_3_6_0=T
fp_bits_FSGNJN_S_3_6_1=T
fp_bits_FSGNJN_S_3_6_2=T
fp_bits_FSGNJN_S_3_6_7=T
fp_bits_FSGNJN_S_3_7_0=T
fp_bits_FSGNJN_S_3_7_1=T
fp_bits_FSGNJN_S_3_7_2=T
fp_bits_FSGNJN_S_3_7_7=T
fp_bits_FSGNJN_S_3_8_0=T
fp_bits_FSGNJN_S_3_8_1=T
fp_bits_FSGNJN_S_3_8_2=T
fp_bits_FSGNJN_S_3_8_7=T
fp_bits_FSGNJN_S_3_9_0=T
fp_bits_FSGNJN_S_3_9_1=T
fp_bits_FSGNJN_S_3_9_2=T
fp_bits_FSGNJN_S_3_9_7=T
fp_bits_FSGNJN_S_3_10_0=T
fp_bits_FSGNJN_S_3_10_1=T
fp_bits_FSGNJN_S_3_10_2=T
fp_bits_FSGNJN_S_3_10_7=T
fp_bits_FSGNJN_S_3_11_0=T
fp_bits_FSGNJN_S_3_11_1=T
fp_bits_FSGNJN_S_3_11_2=T
fp_bits_FSGNJN_S_3_11_7=T
fp_bits_FSGNJN_D_0_0_0=T
fp_bits_FSGNJN_D_0_0_1=T
fp_bits_FSGNJN_D_0_0_2=T
fp_bits_FSGNJN_D_0_0_7=T
fp_bits_FSGNJN_D_0_1_0=T
fp_bits_FSGNJN_D_0_1_1=T
fp_bits_FSGNJN_D_0_1_2=T
fp_bits_FSGNJN_D_0_1_7=T
fp_bits_FSGNJN_D_0_2_0=T
fp_bits_FSGNJN_D_0_2_1=T
fp_bits_FSGNJN_D_0_2_2=T
fp_bits_FSGNJN_D_0_2_7=T
fp_bits_FSGNJN_D_0_3_0=T
fp_bits_FSGNJN_D_0_3_1=T
fp_bits_FSGNJN_D_0_3_2=T
fp_bits_FSGNJN_D_0_3_7=T
fp_bits_FSGNJN_D_0_4_0=T
fp_bits_FSGNJN_D_0_4_1=T
fp_bits_FSGNJN_D_0_4_2=T
fp_bits_FSGNJN_D_0_4_7=T
fp_bits_FSGNJN_D_0_5_0=T
fp_bits_FSGNJN_D_0_5_1=T
fp_bits_FSGNJN_D_0_5_2=T
fp_bits_FSGNJN_D_0_5_7=T
fp_bits_FSGNJN_D_0_6_0=T
fp_bits_FSGNJN_D_0_6_1=T
fp_bits_FSGNJN_D_0_6_2=T
fp_bits_FSGNJN_D_0_6_7=T
fp_bits_FSGNJN_D_0_7_0=T
fp_bits_FSGNJN_D_0_7_1=T
fp_bits_FSGNJN_D_0_7_2=T
fp_bits_FSGNJN_D_0_7_7=T
fp_bits_FSGNJN_D_0_8_0=T
fp_bits_FSGNJN_D_0_8_1=T
fp_bits_FSGNJN_D_0_8_2=T
fp_bits_FSGNJN_D_0_8_7=T
fp_bits_FSGNJN_D_0_9_0=T
fp_bits_FSGNJN_D_0_9_1=T
fp_bits_FSGNJN_D_0_9_2=T
fp_bits_FSGNJN_D_0_9_7=T
fp_bits_FSGNJN_D_0_10_0=T
fp_bits_FSGNJN_D_0_10_1=T
fp_bits_FSGNJN_D_0_10_2=T
fp_bits_FSGNJN_D_0_10_7=T
fp_bits_FSGNJN_D_0_11_0=T
fp_bits_FSGNJN_D_0_11_1=T
fp_bits_FSGNJN_D_0_11_2=T
fp_bits_FSGNJN_D_0_11_7=T
fp_bits_FSGNJN_D_1_0_0=T
fp_bits_FSGNJN_D_1_0_1=T
fp_bits_FSGNJN_D_1_0_2=T
fp_bits_FSGNJN_D_1_0_7=T
fp_bits_FSGNJN_D_1_1_0=T
fp_bits_FSGNJN_D_1_1_1=T
fp_bits_FSGNJN_D_1_1_2=T
fp_bits_FSGNJN_D_1_1_7=T
fp_bits_FSGNJN_D_1_2_0=T
fp_bits_FSGNJN_D_1_2_1=T
fp_bits_FSGNJN_D_1_2_2=T
fp_bits_FSGNJN_D_1_2_7=T
fp_bits_FSGNJN_D_1_3_0=T
fp_bits_FSGNJN_D_1_3_1=T
fp_bits_FSGNJN_D_1_3_2=T
fp_bits_FSGNJN_D_1_3_7=T
fp_bits_FSGNJN_D_1_4_0=T
fp_bits_FSGNJN_D_1_4_1=T
fp_bits_FSGNJN_D_1_4_2=T
fp_bits_FSGNJN_D_1_4_7=T
fp_bits_FSGNJN_D_1_5_0=T
fp_bits_FSGNJN_D_1_5_1=T
fp_bits_FSGNJN_D_1_5_2=T
fp_bits_FSGNJN_D_1_5_7=T
fp_bits_FSGNJN_D_1_6_0=T
fp_bits_FSGNJN_D_1_6_1=T
fp_bits_FSGNJN_D_1_6_2=T
fp_bits_FSGNJN_D_1_6_7=T
fp_bits_FSGNJN_D_1_7_0=T
fp_bits_FSGNJN_D_1_7_1=T
fp_bits_FSGNJN_D_1_7_2=T
fp_bits_FSGNJN_D_1_7_7=T
fp_bits_FSGNJN_D_1_8_0=T
fp_bits_FSGNJN_D_1_8_1=T
fp_bits_FSGNJN_D_1_8_2=T
fp_bits_FSGNJN_D_1_8_7=T
fp_bits_FSGNJN_D_1_9_0=T
fp_bits_FSGNJN_D_1_9_1=T
fp_bits_FSGNJN_D_1_9_2=T
fp_bits_FSGNJN_D_1_9_7=T
fp_bits_FSGNJN_D_1_10_0=T
fp_bits_FSGNJN_D_1_10_1=T
fp_bits_FSGNJN_D_1_10_2=T
fp_bits_FSGNJN_D_1_10_7=T
fp_bits_FSGNJN_D_1_11_0=T
fp_bits_FSGNJN_D_1_11_1=T
fp_bits_FSGNJN_D_1_11_2=T
fp_bits_FSGNJN_D_1_11_7=T
fp_bits_FSGNJN_D_2_0_0=T
fp_bits_FSGNJN_D_2_0_1=T
fp_bits_FSGNJN_D_2_0_2=T
fp_bits_FSGNJN_D_2_0_7=T
fp_bits_FSGNJN_D_2_1_0=T
fp_bits_FSGNJN_D_2_1_1=T
fp_bits_FSGNJN_D_2_1_2=T
fp_bits_FSGNJN_D_2_1_7=T
fp_bits_FSGNJN_D_2_2_0=T
fp_bits_FSGNJN_D_2_2_1=T
fp_bits_FSGNJN_D_2_2_2=T
fp_bits_FSGNJN_D_2_2_7=T
fp_bits_FSGNJN_D_2_3_0=T
fp_bits_FSGNJN_D_2_3_1=T
fp_bits_FSGNJN_D_2_3_2=T
fp_bits_FSGNJN_D_2_3_7=T
fp_bits_FSGNJN_D_2_4_0=T
fp_bits_FSGNJN_D_2_4_1=T
fp_bits_FSGNJN_D_2_4_2=T
fp_bits_FSGNJN_D_2_4_7=T
fp_bits_FSGNJN_D_2_5_0=T
fp_bits_FSGNJN_D_2_5_1=T
fp_bits_FSGNJN_D_2_5_2=T
fp_bits_FSGNJN_D_2_5_7=T
fp_bits_FSGNJN_D_2_6_0=T
fp_bits_FSGNJN_D_2_6_1=T
fp_bits_FSGNJN_D_2_6_2=T
fp_bits_FSGNJN_D_2_6_7=T
fp_bits_FSGNJN_D_2_7_0=T
fp_bits_FSGNJN_D_2_7_1=T
fp_bits_FSGNJN_D_2_7_2=T
fp_bits_FSGNJN_D_2_7_7=T
fp_bits_FSGNJN_D_2_8_0=T
fp_bits_FSGNJN_D_2_8_1=T
fp_bits_FSGNJN_D_2_8_2=T
fp_bits_FSGNJN_D_2_8_7=T
fp_bits_FSGNJN_D_2_9_0=T
fp_bits_FSGNJN_D_2_9_1=T
fp_bits_FSGNJN_D_2_9_2=T
fp_bits_FSGNJN_D_2_9_7=T
fp_bits_FSGNJN_D_2_10_0=T
fp_bits_FSGNJN_D_2_10_1=T
fp_bits_FSGNJN_D_2_10_2=T
fp_bits_FSGNJN_D_2_10_7=T
fp_bits_FSGNJN_D_2_11_0=T
fp_bits_FSGNJN_D_2_11_1=T
fp_bits_FSGNJN_D_2_11_2=T
fp_bits_FSGNJN_D_2_11_7=T
fp_bits_FSGNJN_D_3_0_0=T
fp_bits_FSGNJN_D_3_0_1=T
fp_bits_FSGNJN_D_3_0_2=T
fp_bits_FSGNJN_D_3_0_7=T
fp_bits_FSGNJN_D_3_1_0=T
fp_bits_FSGNJN_D_3_1_1=T
fp_bits_FSGNJN_D_3_1_2=T
fp_bits_FSGNJN_D_3_1_7=T
fp_bits_FSGNJN_D_3_2_0=T
fp_bits_FSGNJN_D_3_2_1=T
fp_bits_FSGNJN_D_3_2_2=T
fp_bits_FSGNJN_D_3_2_7=T
fp_bits_FSGNJN_D_3_3_0=T
fp_bits_FSGNJN_D_3_3_1=T
fp_bits_FSGNJN_D_3_3_2=T
fp_bits_FSGNJN_D_3_3_7=T
fp_bits_FSGNJN_D_3_4_0=T
fp_bits_FSGNJN_D_3_4_1=T
fp_bits_FSGNJN_D_3_4_2=T
fp_bits_FSGNJN_D_3_4_7=T
fp_bits_FSGNJN_D_3_5_0=T
fp_bits_FSGNJN_D_3_5_1=T
fp_bits_FSGNJN_D_3_5_2=T
fp_bits_FSGNJN_D_3_5_7=T
fp_bits_FSGNJN_D_3_6_0=T
fp_bits_FSGNJN_D_3_6_1=T
fp_bits_FSGNJN_D_3_6_2=T
fp_bits_FSGNJN_D_3_6_7=T
fp_bits_FSGNJN_D_3_7_0=T
fp_bits_FSGNJN_D_3_7_1=T
fp_bits_FSGNJN_D_3_7_2=T
fp_bits_FSGNJN_D_3_7_7=T
fp_bits_FSGNJN_D_3_8_0=T
fp_bits_FSGNJN_D_3_8_1=T
fp_bits_FSGNJN_D_3_8_2=T
fp_bits_FSGNJN_D_3_8_7=T
fp_bits_FSGNJN_D_3_9_0=T
fp_bits_FSGNJN_D_3_9_1=T
fp_bits_FSGNJN_D_3_9_2=T
fp_bits_FSGNJN_D_3_9_7=T
fp_bits_FSGNJN_D_3_10_0=T
fp_bits_FSGNJN_D_3_10_1=T
fp_bits_FSGNJN_D_3_10_2=T
fp_bits_FSGNJN_D_3_10_7=T
fp_bits_FSGNJN_D_3_11_0=T
fp_bits_FSGNJN_D_3_11_1=T
fp_bits_FSGNJN_D_3_11_2=T
fp_bits_FSGNJN_D_3_11_7=T
fp_bits_FSGNJX_S_0_0_0=T
fp_bits_FSGNJX_S_0_0_1=T
fp_bits_FSGNJX_S_0_0_2=T
fp_bits_FSGNJX_S_0_0_7=T
fp_bits_FSGNJX_S_0_1_0=T
fp_bits_FSGNJX_S_0_1_1=T
fp_bits_FSGNJX_S_0_1_2=T
fp_bits_FSGNJX_S_0_1_7=T
fp_bits_FSGNJX_S_0_2_0=T
fp_bits_FSGNJX_S_0_2_1=T
fp_bits_FSGNJX_S_0_2_2=T
fp_bits_FSGNJX_S_0_2_7=T
fp_bits_FSGNJX_S_0_3_0=T
fp_bits_FSGNJX_S_0_3_1=T
fp_bits_FSGNJX_S_0_3_2=T
fp_bits_FSGNJX_S_0_3_7=T
fp_bits_FSGNJX_S_0_4_0=T
fp_bits_FSGNJX_S_0_4_1=T
fp_bits_FSGNJX_S_0_4_2=T
fp_bits_FSGNJX_S_0_4_7=T
fp_bits_FSGNJX_S_0_5_0=T
fp_bits_FSGNJX_S_0_5_1=T
fp_bits_FSGNJX_S_0_5_2=T
fp_bits_FSGNJX_S_0_5_7=T
fp_bits_FSGNJX_S_0_6_0=T
fp_bits_FSGNJX_S_0_6_1=T
fp_bits_FSGNJX_S_0_6_2=T
fp_bits_FSGNJX_S_0_6_7=T
fp_bits_FSGNJX_S_0_7_0=T
fp_bits_FSGNJX_S_0_7_1=T
fp_bits_FSGNJX_S_0_7_2=T
fp_bits_FSGNJX_S_0_7_7=T
fp_bits_FSGNJX_S_0_8_0=T
fp_bits_FSGNJX_S_0_8_1=T
fp_bits_FSGNJX_S_0_8_2=T
fp_bits_FSGNJX_S_0_8_7=T
fp_bits_FSGNJX_S_0_9_0=T
fp_bits_FSGNJX_S_0_9_1=T
fp_bits_FSGNJX_S_0_9_2=T
fp_bits_FSGNJX_S_0_9_7=T
fp_bits_FSGNJX_S_0_10_0=T
fp_bits_FSGNJX_S_0_10_1=T
fp_bits_FSGNJX_S_0_10_2=T
fp_bits_FSGNJX_S_0_10_7=T
fp_bits_FSGNJX_S_0_11_0=T
fp_bits_FSGNJX_S_0_11_1=T
fp_bits_FSGNJX_S_0_11_2=T
fp_bits_FSGNJX_S_0_11_7=T
fp_bits_FSGNJX_S_1_0_0=T
fp_bits_FSGNJX_S_1_0_1=T
fp_bits_FSGNJX_S_1_0_2=T
fp_bits_FSGNJX_S_1_0_7=T
fp_bits_FSGNJX_S_1_1_0=T
fp_bits_FSGNJX_S_1_1_1=T
fp_bits_FSGNJX_S_1_1_2=T
fp_bits_FSGNJX_S_1_1_7=T
fp_bits_FSGNJX_S_1_2_0=T
fp_bits_FSGNJX_S_1_2_1=T
fp_bits_FSGNJX_S_1_2_2=T
fp_bits_FSGNJX_S_1_2_7=T
fp_bits_FSGNJX_S_1_3_0=T
fp_bits_FSGNJX_S_1_3_1=T
fp_bits_FSGNJX_S_1_3_2=T
fp_bits_FSGNJX_S_1_3_7=T
fp_bits_FSGNJX_S_1_4_0=T
fp_bits_FSGNJX_S_1_4_1=T
fp_bits_FSGNJX_S_1_4_2=T
fp_bits_FSGNJX_S_1_4_7=T
fp_bits_FSGNJX_S_1_5_0=T
fp_bits_FSGNJX_S_1_5_1=T
fp_bits_FSGNJX_S_1_5_2=T
fp_bits_FSGNJX_S_1_5_7=T
fp_bits_FSGNJX_S_1_6_0=T
fp_bits_FSGNJX_S_1_6_1=T
fp_bits_FSGNJX_S_1_6_2=T
fp_bits_FSGNJX_S_1_6_7=T
fp_bits_FSGNJX_S_1_7_0=T
fp_bits_FSGNJX_S_1_7_1=T
fp_bits_FSGNJX_S_1_7_2=T
fp_bits_FSGNJX_S_1_7_7=T
fp_bits_FSGNJX_S_1_8_0=T
fp_bits_FSGNJX_S_1_8_1=T
fp_bits_FSGNJX_S_1_8_2=T
fp_bits_FSGNJX_S_1_8_7=T
fp_bits_FSGNJX_S_1_9_0=T
fp_bits_FSGNJX_S_1_9_1=T
fp_bits_FSGNJX_S_1_9_2=T
fp_bits_FSGNJX_S_1_9_7=T
fp_bits_FSGNJX_S_1_10_0=T
fp_bits_FSGNJX_S_1_10_1=T
fp_bits_FSGNJX_S_1_10_2=T
fp_bits_FSGNJX_S_1_10_7=T
fp_bits_FSGNJX_S_1_11_0=T
fp_bits_FSGNJX_S_1_11_1=T
fp_bits_FSGNJX_S_1_11_2=T
fp_bits_FSGNJX_S_1_11_7=T
fp_bits_FSGNJX_S_2_0_0=T
fp_bits_FSGNJX_S_2_0_1=T
fp_bits_FSGNJX_S_2_0_2=T
fp_bits_FSGNJX_S_2_0_7=T
fp_bits_FSGNJX_S_2_1_0=T
fp_bits_FSGNJX_S_2_1_1=T
fp_bits_FSGNJX_S_2_1_2=T
fp_bits_FSGNJX_S_2_1_7=T
fp_bits_FSGNJX_S_2_2_0=T
fp_bits_FSGNJX_S_2_2_1=T
fp_bits_FSGNJX_S_2_2_2=T
fp_bits_FSGNJX_S_2_2_7=T
fp_bits_FSGNJX_S_2_3_0=T
fp_bits_FSGNJX_S_2_3_1=T
fp_bits_FSGNJX_S_2_3_2=T
fp_bits_FSGNJX_S_2_3_7=T
fp_bits_FSGNJX_S_2_4_0=T
fp_bits_FSGNJX_S_2_4_1=T
fp_bits_FSGNJX_S_2_4_2=T
fp_bits_FSGNJX_S_2_4_7=T
fp_bits_FSGNJX_S_2_5_0=T
fp_bits_FSGNJX_S_2_5_1=T
fp_bits_FSGNJX_S_2_5_2=T
fp_bits_FSGNJX_S_2_5_7=T
fp_bits_FSGNJX_S_2_6_0=T
fp_bits_FSGNJX_S_2_6_1=T
fp_bits_FSGNJX_S_2_6_2=T
fp_bits_FSGNJX_S_2_6_7=T
fp_bits_FSGNJX_S_2_7_0=T
fp_bits_FSGNJX_S_2_7_1=T
fp_bits_FSGNJX_S_2_7_2=T
fp_bits_FSGNJX_S_2_7_7=T
fp_bits_FSGNJX_S_2_8_0=T
fp_bits_FSGNJX_S_2_8_1=T
fp_bits_FSGNJX_S_2_8_2=T
fp_bits_FSGNJX_S_2_8_7=T
fp_bits_FSGNJX_S_2_9_0=T
fp_bits_FSGNJX_S_2_9_1=T
fp_bits_FSGNJX_S_2_9_2=T
fp_bits_FSGNJX_S_2_9_7=T
fp_bits_FSGNJX_S_2_10_0=T
fp_bits_FSGNJX_S_2_10_1=T
fp_bits_FSGNJX_S_2_10_2=T
fp_bits_FSGNJX_S_2_10_7=T
fp_bits_FSGNJX_S_2_11_0=T
fp_bits_FSGNJX_S_2_11_1=T
fp_bits_FSGNJX_S_2_11_2=T
fp_bits_FSGNJX_S_2_11_7=T
fp_bits_FSGNJX_S_3_0_0=T
fp_bits_FSGNJX_S_3_0_1=T
fp_bits_FSGNJX_S_3_0_2=T
fp_bits_FSGNJX_S_3_0_7=T
fp_bits_FSGNJX_S_3_1_0=T
fp_bits_FSGNJX_S_3_1_1=T
fp_bits_FSGNJX_S_3_1_2=T
fp_bits_FSGNJX_S_3_1_7=T
fp_bits_FSGNJX_S_3_2_0=T
fp_bits_FSGNJX_S_3_2_1=T
fp_bits_FSGNJX_S_3_2_2=T
fp_bits_FSGNJX_S_3_2_7=T
fp_bits_FSGNJX_S_3_3_0=T
fp_bits_FSGNJX_S_3_3_1=T
fp_bits_FSGNJX_S_3_3_2=T
fp_bits_FSGNJX_S_3_3_7=T
fp_bits_FSGNJX_S_3_4_0=T
fp_bits_FSGNJX_S_3_4_1=T
fp_bits_FSGNJX_S_3_4_2=T
fp_bits_FSGNJX_S_3_4_7=T
fp_bits_FSGNJX_S_3_5_0=T
fp_bits_FSGNJX_S_3_5_1=T
fp_bits_FSGNJX_S_3_5_2=T
fp_bits_FSGNJX_S_3_5_7=T
fp_bits_FSGNJX_S_3_6_0=T
fp_bits_FSGNJX_S_3_6_1=T
fp_bits_FSGNJX_S_3_6_2=T
fp_bits_FSGNJX_S_3_6_7=T
fp_bits_FSGNJX_S_3_7_0=T
fp_bits_FSGNJX_S_3_7_1=T
fp_bits_FSGNJX_S_3_7_2=T
fp_bits_FSGNJX_S_3_7_7=T
fp_bits_FSGNJX_S_3_8_0=T
fp_bits_FSGNJX_S_3_8_1=T
fp_bits_FSGNJX_S_3_8_2=T
fp_bits_FSGNJX_S_3_8_7=T
fp_bits_FSGNJX_S_3_9_0=T
fp_bits_FSGNJX_S_3_9_1=T
fp_bits_FSGNJX_S_3_9_2=T
fp_bits_FSGNJX_S_3_9_7=T
fp_bits_FSGNJX_S_3_10_0=T
fp_bits_FSGNJX_S_3_10_1=T
fp_bits_FSGNJX_S_3_10_2=T
fp_bits_FSGNJX_S_3_10_7=T
fp_bits_FSGNJX_S_3_11_0=T
fp_bits_FSGNJX_S_3_11_1=T
fp_bits_FSGNJX_S_3_11_2=T
fp_bits_FSGNJX_S_3_11_7=T
fp_bits_FSGNJX_D_0_0_0=T
fp_bits_FSGNJX_D_0_0_1=T
fp_bits_FSGNJX_D_0_0_2=T
fp_bits_FSGNJX_D_0_0_7=T
fp_bits_FSGNJX_D_0_1_0=T
fp_bits_FSGNJX_D_0_1_1=T
fp_bits_FSGNJX_D_0_1_2=T
fp_bits_FSGNJX_D_0_1_7=T
fp_bits_FSGNJX_D_0_2_0=T
fp_bits_FSGNJX_D_0_2_1=T
fp_bits_FSGNJX_D_0_2_2=T
fp_bits_FSGNJX_D_0_2_7=T
fp_bits_FSGNJX_D_0_3_0=T
fp_bits_FSGNJX_D_0_3_1=T
fp_bits_FSGNJX_D_0_3_2=T
fp_bits_FSGNJX_D_0_3_7=T
fp_bits_FSGNJX_D_0_4_0=T
fp_bits_FSGNJX_D_0_4_1=T
fp_bits_FSGNJX_D_0_4_2=T
fp_bits_FSGNJX_D_0_4_7=T
fp_bits_FSGNJX_D_0_5_0=T
fp_bits_FSGNJX_D_0_5_1=T
fp_bits_FSGNJX_D_0_5_2=T
fp_bits_FSGNJX_D_0_5_7=T
fp_bits_FSGNJX_D_0_6_0=T
fp_bits_FSGNJX_D_0_6_1=T
fp_bits_FSGNJX_D_0_6_2=T
fp_bits_FSGNJX_D_0_6_7=T
fp_bits_FSGNJX_D_0_7_0=T
fp_bits_FSGNJX_D_0_7_1=T
fp_bits_FSGNJX_D_0_7_2=T
fp_bits_FSGNJX_D_0_7_7=T
fp_bits_FSGNJX_D_0_8_0=T
fp_bits_FSGNJX_D_0_8_1=T
fp_bits_FSGNJX_D_0_8_2=T
fp_bits_FSGNJX_D_0_8_7=T
fp_bits_FSGNJX_D_0_9_0=T
fp_bits_FSGNJX_D_0_9_1=T
fp_bits_FSGNJX_D_0_9_2=T
fp_bits_FSGNJX_D_0_9_7=T
fp_bits_FSGNJX_D_0_10_0=T
fp_bits_FSGNJX_D_0_10_1=T
fp_bits_FSGNJX_D_0_10_2=T
fp_bits_FSGNJX_D_0_10_7=T
fp_bits_FSGNJX_D_0_11_0=T
fp_bits_FSGNJX_D_0_11_1=T
fp_bits_FSGNJX_D_0_11_2=T
fp_bits_FSGNJX_D_0_11_7=T
fp_bits_FSGNJX_D_1_0_0=T
fp_bits_FSGNJX_D_1_0_1=T
fp_bits_FSGNJX_D_1_0_2=T
fp_bits_FSGNJX_D_1_0_7=T
fp_bits_FSGNJX_D_1_1_0=T
fp_bits_FSGNJX_D_1_1_1=T
fp_bits_FSGNJX_D_1_1_2=T
fp_bits_FSGNJX_D_1_1_7=T
fp_bits_FSGNJX_D_1_2_0=T
fp_bits_FSGNJX_D_1_2_1=T
fp_bits_FSGNJX_D_1_2_2=T
fp_bits_FSGNJX_D_1_2_7=T
fp_bits_FSGNJX_D_1_3_0=T
fp_bits_FSGNJX_D_1_3_1=T
fp_bits_FSGNJX_D_1_3_2=T
fp_bits_FSGNJX_D_1_3_7=T
fp_bits_FSGNJX_D_1_4_0=T
fp_bits_FSGNJX_D_1_4_1=T
fp_bits_FSGNJX_D_1_4_2=T
fp_bits_FSGNJX_D_1_4_7=T
fp_bits_FSGNJX_D_1_5_0=T
fp_bits_FSGNJX_D_1_5_1=T
fp_bits_FSGNJX_D_1_5_2=T
fp_bits_FSGNJX_D_1_5_7=T
fp_bits_FSGNJX_D_1_6_0=T
fp_bits_FSGNJX_D_1_6_1=T
fp_bits_FSGNJX_D_1_6_2=T
fp_bits_FSGNJX_D_1_6_7=T
fp_bits_FSGNJX_D_1_7_0=T
fp_bits_FSGNJX_D_1_7_1=T
fp_bits_FSGNJX_D_1_7_2=T
fp_bits_FSGNJX_D_1_7_7=T
fp_bits_FSGNJX_D_1_8_0=T
fp_bits_FSGNJX_D_1_8_1=T
fp_bits_FSGNJX_D_1_8_2=T
fp_bits_FSGNJX_D_1_8_7=T
fp_bits_FSGNJX_D_1_9_0=T
fp_bits_FSGNJX_D_1_9_1=T
fp_bits_FSGNJX_D_1_9_2=T
fp_bits_FSGNJX_D_1_9_7=T
fp_bits_FSGNJX_D_1_10_0=T
fp_bits_FSGNJX_D_1_10_1=T
fp_bits_FSGNJX_D_1_10_2=T
fp_bits_FSGNJX_D_1_10_7=T
fp_bits_FSGNJX_D_1_11_0=T
fp_bits_FSGNJX_D_1_11_1=T
fp_bits_FSGNJX_D_1_11_2=T
fp_bits_FSGNJX_D_1_11_7=T
fp_bits_FSGNJX_D_2_0_0=T
fp_bits_FSGNJX_D_2_0_1=T
fp_bits_FSGNJX_D_2_0_2=T
fp_bits_FSGNJX_D_2_0_7=T
fp_bits_FSGNJX_D_2_1_0=T
fp_bits_FSGNJX_D_2_1_1=T
fp_bits_FSGNJX_D_2_1_2=T
fp_bits_FSGNJX_D_2_1_7=T
fp_bits_FSGNJX_D_2_2_0=T
fp_bits_FSGNJX_D_2_2_1=T
fp_bits_FSGNJX_D_2_2_2=T
fp_bits_FSGNJX_D_2_2_7=T
fp_bits_FSGNJX_D_2_3_0=T
fp_bits_FSGNJX_D_2_3_1=T
fp_bits_FSGNJX_D_2_3_2=T
fp_bits_FSGNJX_D_2_3_7=T
fp_bits_FSGNJX_D_2_4_0=T
fp_bits_FSGNJX_D_2_4_1=T
fp_bits_FSGNJX_D_2_4_2=T
fp_bits_FSGNJX_D_2_4_7=T
fp_bits_FSGNJX_D_2_5_0=T
fp_bits_FSGNJX_D_2_5_1=T
fp_bits_FSGNJX_D_2_5_2=T
fp_bits_FSGNJX_D_2_5_7=T
fp_bits_FSGNJX_D_2_6_0=T
fp_bits_FSGNJX_D_2_6_1=T
fp_bits_FSGNJX_D_2_6_2=T
fp_bits_FSGNJX_D_2_6_7=T
fp_bits_FSGNJX_D_2_7_0=T
fp_bits_FSGNJX_D_2_7_1=T
fp_bits_FSGNJX_D_2_7_2=T
fp_bits_FSGNJX_D_2_7_7=T
fp_bits_FSGNJX_D_2_8_0=T
fp_bits_FSGNJX_D_2_8_1=T
fp_bits_FSGNJX_D_2_8_2=T
fp_bits_FSGNJX_D_2_8_7=T
fp_bits_FSGNJX_D_2_9_0=T
fp_bits_FSGNJX_D_2_9_1=T
fp_bits_FSGNJX_D_2_9_2=T
fp_bits_FSGNJX_D_2_9_7=T
fp_bits_FSGNJX_D_2_10_0=T
fp_bits_FSGNJX_D_2_10_1=T
fp_bits_FSGNJX_D_2_10_2=T
fp_bits_FSGNJX_D_2_10_7=T
fp_bits_FSGNJX_D_2_11_0=T
fp_bits_FSGNJX_D_2_11_1=T
fp_bits_FSGNJX_D_2_11_2=T
fp_bits_FSGNJX_D_2_11_7=T
fp_bits_FSGNJX_D_3_0_0=T
fp_bits_FSGNJX_D_3_0_1=T
fp_bits_FSGNJX_D_3_0_2=T
fp_bits_FSGNJX_D_3_0_7=T
fp_bits_FSGNJX_D_3_1_0=T
fp_bits_FSGNJX_D_3_1_1=T
fp_bits_FSGNJX_D_3_1_2=T
fp_bits_FSGNJX_D_3_1_7=T
fp_bits_FSGNJX_D_3_2_0=T
fp_bits_FSGNJX_D_3_2_1=T
fp_bits_FSGNJX_D_3_2_2=T
fp_bits_FSGNJX_D_3_2_7=T
fp_bits_FSGNJX_D_3_3_0=T
fp_bits_FSGNJX_D_3_3_1=T
fp_bits_FSGNJX_D_3_3_2=T
fp_bits_FSGNJX_D_3_3_7=T
fp_bits_FSGNJX_D_3_4_0=T
fp_bits_FSGNJX_D_3_4_1=T
fp_bits_FSGNJX_D_3_4_2=T
fp_bits_FSGNJX_D_3_4_7=T
fp_bits_FSGNJX_D_3_5_0=T
fp_bits_FSGNJX_D_3_5_1=T
fp_bits_FSGNJX_D_3_5_2=T
fp_bits_FSGNJX_D_3_5_7=T
fp_bits_FSGNJX_D_3_6_0=T
fp_bits_FSGNJX_D_3_6_1=T
fp_bits_FSGNJX_D_3_6_2=T
fp_bits_FSGNJX_D_3_6_7=T
fp_bits_FSGNJX_D_3_7_0=T
fp_bits_FSGNJX_D_3_7_1=T
fp_bits_FSGNJX_D_3_7_2=T
fp_bits_FSGNJX_D_3_7_7=T
fp_bits_FSGNJX_D_3_8_0=T
fp_bits_FSGNJX_D_3_8_1=T
fp_bits_FSGNJX_D_3_8_2=T
fp_bits_FSGNJX_D_3_8_7=T
fp_bits_FSGNJX_D_3_9_0=T
fp_bits_FSGNJX_D_3_9_1=T
fp_bits_FSGNJX_D_3_9_2=T
fp_bits_FSGNJX_D_3_9_7=T
fp_bits_FSGNJX_D_3_10_0=T
fp_bits_FSGNJX_D_3_10_1=T
fp_bits_FSGNJX_D_3_10_2=T
fp_bits_FSGNJX_D_3_10_7=T
fp_bits_FSGNJX_D_3_11_0=T
fp_bits_FSGNJX_D_3_11_1=T
fp_bits_FSGNJX_D_3_11_2=T
fp_bits_FSGNJX_D_3_11_7=T
fp_bits_FMV_X_S_0_0_0=T
fp_bits_FMV_X_S_0_0_1=T
fp_bits_FMV_X_S_0_0_2=T
fp_bits_FMV_X_S_0_0_7=T
fp_bits_FMV_X_S_0_1_0=T
fp_bits_FMV_X_S_0_1_1=T
fp_bits_FMV_X_S_0_1_2=T
fp_bits_FMV_X_S_0_1_7=T
fp_bits_FMV_X_S_0_2_0=T
fp_bits_FMV_X_S_0_2_1=T
fp_bits_FMV_X_S_0_2_2=T
fp_bits_FMV_X_S_0_2_7=T
fp_bits_FMV_X_S_0_3_0=T
fp_bits_FMV_X_S_0_3_1=T
fp_bits_FMV_X_S_0_3_2=T
fp_bits_FMV_X_S_0_3_7=T
fp_bits_FMV_X_S_0_4_0=T
fp_bits_FMV_X_S_0_4_1=T
fp_bits_FMV_X_S_0_4_2=T
fp_bits_FMV_X_S_0_4_7=T
fp_bits_FMV_X_S_0_5_0=T
fp_bits_FMV_X_S_0_5_1=T
fp_bits_FMV_X_S_0_5_2=T
fp_bits_FMV_X_S_0_5_7=T
fp_bits_FMV_X_S_0_6_0=T
fp_bits_FMV_X_S_0_6_1=T
fp_bits_FMV_X_S_0_6_2=T
fp_bits_FMV_X_S_0_6_7=T
fp_bits_FMV_X_S_0_7_0=T
fp_bits_FMV_X_S_0_7_1=T
fp_bits_FMV_X_S_0_7_2=T
fp_bits_FMV_X_S_0_7_7=T
fp_bits_FMV_X_S_0_8_0=T
fp_bits_FMV_X_S_0_8_1=T
fp_bits_FMV_X_S_0_8_2=T
fp_bits_FMV_X_S_0_8_7=T
fp_bits_FMV_X_S_0_9_0=T
fp_bits_FMV_X_S_0_9_1=T
fp_bits_FMV_X_S_0_9_2=T
fp_bits_FMV_X_S_0_9_7=T
fp_bits_FMV_X_S_0_10_0=T
fp_bits_FMV_X_S_0_10_1=T
fp_bits_FMV_X_S_0_10_2=T
fp_bits_FMV_X_S_0_10_7=T
fp_bits_FMV_X_S_0_11_0=T
fp_bits_FMV_X_S_0_11_1=T
fp_bits_FMV_X_S_0_11_2=T
fp_bits_FMV_X_S_0_11_7=T
fp_bits_FMV_X_S_1_0_0=T
fp_bits_FMV_X_S_1_0_1=T
fp_bits_FMV_X_S_1_0_2=T
fp_bits_FMV_X_S_1_0_7=T
fp_bits_FMV_X_S_1_1_0=T
fp_bits_FMV_X_S_1_1_1=T
fp_bits_FMV_X_S_1_1_2=T
fp_bits_FMV_X_S_1_1_7=T
fp_bits_FMV_X_S_1_2_0=T
fp_bits_FMV_X_S_1_2_1=T
fp_bits_FMV_X_S_1_2_2=T
fp_bits_FMV_X_S_1_2_7=T
fp_bits_FMV_X_S_1_3_0=T
fp_bits_FMV_X_S_1_3_1=T
fp_bits_FMV_X_S_1_3_2=T
fp_bits_FMV_X_S_1_3_7=T
fp_bits_FMV_X_S_1_4_0=T
fp_bits_FMV_X_S_1_4_1=T
fp_bits_FMV_X_S_1_4_2=T
fp_bits_FMV_X_S_1_4_7=T
fp_bits_FMV_X_S_1_5_0=T
fp_bits_FMV_X_S_1_5_1=T
fp_bits_FMV_X_S_1_5_2=T
fp_bits_FMV_X_S_1_5_7=T
fp_bits_FMV_X_S_1_6_0=T
fp_bits_FMV_X_S_1_6_1=T
fp_bits_FMV_X_S_1_6_2=T
fp_bits_FMV_X_S_1_6_7=T
fp_bits_FMV_X_S_1_7_0=T
fp_bits_FMV_X_S_1_7_1=T
fp_bits_FMV_X_S_1_7_2=T
fp_bits_FMV_X_S_1_7_7=T
fp_bits_FMV_X_S_1_8_0=T
fp_bits_FMV_X_S_1_8_1=T
fp_bits_FMV_X_S_1_8_2=T
fp_bits_FMV_X_S_1_8_7=T
fp_bits_FMV_X_S_1_9_0=T
fp_bits_FMV_X_S_1_9_1=T
fp_bits_FMV_X_S_1_9_2=T
fp_bits_FMV_X_S_1_9_7=T
fp_bits_FMV_X_S_1_10_0=T
fp_bits_FMV_X_S_1_10_1=T
fp_bits_FMV_X_S_1_10_2=T
fp_bits_FMV_X_S_1_10_7=T
fp_bits_FMV_X_S_1_11_0=T
fp_bits_FMV_X_S_1_11_1=T
fp_bits_FMV_X_S_1_11_2=T
fp_bits_FMV_X_S_1_11_7=T
fp_bits_FMV_X_S_2_0_0=T
fp_bits_FMV_X_S_2_0_1=T
fp_bits_FMV_X_S_2_0_2=T
fp_bits_FMV_X_S_2_0_7=T
fp_bits_FMV_X_S_2_1_0=T
fp_bits_FMV_X_S_2_1_1=T
fp_bits_FMV_X_S_2_1_2=T
fp_bits_FMV_X_S_2_1_7=T
fp_bits_FMV_X_S_2_2_0=T
fp_bits_FMV_X_S_2_2_1=T
fp_bits_FMV_X_S_2_2_2=T
fp_bits_FMV_X_S_2_2_7=T
fp_bits_FMV_X_S_2_3_0=T
fp_bits_FMV_X_S_2_3_1=T
fp_bits_FMV_X_S_2_3_2=T
fp_bits_FMV_X_S_2_3_7=T
fp_bits_FMV_X_S_2_4_0=T
fp_bits_FMV_X_S_2_4_1=T
fp_bits_FMV_X_S_2_4_2=T
fp_bits_FMV_X_S_2_4_7=T
fp_bits_FMV_X_S_2_5_0=T
fp_bits_FMV_X_S_2_5_1=T
fp_bits_FMV_X_S_2_5_2=T
fp_bits_FMV_X_S_2_5_7=T
fp_bits_FMV_X_S_2_6_0=T
fp_bits_FMV_X_S_2_6_1=T
fp_bits_FMV_X_S_2_6_2=T
fp_bits_FMV_X_S_2_6_7=T
fp_bits_FMV_X_S_2_7_0=T
fp_bits_FMV_X_S_2_7_1=T
fp_bits_FMV_X_S_2_7_2=T
fp_bits_FMV_X_S_2_7_7=T
fp_bits_FMV_X_S_2_8_0=T
fp_bits_FMV_X_S_2_8_1=T
fp_bits_FMV_X_S_2_8_2=T
fp_bits_FMV_X_S_2_8_7=T
fp_bits_FMV_X_S_2_9_0=T
fp_bits_FMV_X_S_2_9_1=T
fp_bits_FMV_X_S_2_9_2=T
fp_bits_FMV_X_S_2_9_7=T
fp_bits_FMV_X_S_2_10_0=T
fp_bits_FMV_X_S_2_10_1=T
fp_bits_FMV_X_S_2_10_2=T
fp_bits_FMV_X_S_2_10_7=T
fp_bits_FMV_X_S_2_11_0=T
fp_bits_FMV_X_S_2_11_1=T
fp_bits_FMV_X_S_2_11_2=T
fp_bits_FMV_X_S_2_11_7=T
fp_bits_FMV_X_S_3_0_0=T
fp_bits_FMV_X_S_3_0_1=T
fp_bits_FMV_X_S_3_0_2=T
fp_bits_FMV_X_S_3_0_7=T
fp_bits_FMV_X_S_3_1_0=T
fp_bits_FMV_X_S_3_1_1=T
fp_bits_FMV_X_S_3_1_2=T
fp_bits_FMV_X_S_3_1_7=T
fp_bits_FMV_X_S_3_2_0=T
fp_bits_FMV_X_S_3_2_1=T
fp_bits_FMV_X_S_3_2_2=T
fp_bits_FMV_X_S_3_2_7=T
fp_bits_FMV_X_S_3_3_0=T
fp_bits_FMV_X_S_3_3_1=T
fp_bits_FMV_X_S_3_3_2=T
fp_bits_FMV_X_S_3_3_7=T
fp_bits_FMV_X_S_3_4_0=T
fp_bits_FMV_X_S_3_4_1=T
fp_bits_FMV_X_S_3_4_2=T
fp_bits_FMV_X_S_3_4_7=T
fp_bits_FMV_X_S_3_5_0=T
fp_bits_FMV_X_S_3_5_1=T
fp_bits_FMV_X_S_3_5_2=T
fp_bits_FMV_X_S_3_5_7=T
fp_bits_FMV_X_S_3_6_0=T
fp_bits_FMV_X_S_3_6_1=T
fp_bits_FMV_X_S_3_6_2=T
fp_bits_FMV_X_S_3_6_7=T
fp_bits_FMV_X_S_3_7_0=T
fp_bits_FMV_X_S_3_7_1=T
fp_bits_FMV_X_S_3_7_2=T
fp_bits_FMV_X_S_3_7_7=T
fp_bits_FMV_X_S_3_8_0=T
fp_bits_FMV_X_S_3_8_1=T
fp_bits_FMV_X_S_3_8_2=T
fp_bits_FMV_X_S_3_8_7=T
fp_bits_FMV_X_S_3_9_0=T
fp_bits_FMV_X_S_3_9_1=T
fp_bits_FMV_X_S_3_9_2=T
fp_bits_FMV_X_S_3_9_7=T
fp_bits_FMV_X_S_3_10_0=T
fp_bits_FMV_X_S_3_10_1=T
fp_bits_FMV_X_S_3_10_2=T
fp_bits_FMV_X_S_3_10_7=T
fp_bits_FMV_X_S_3_11_0=T
fp_bits_FMV_X_S_3_11_1=T
fp_bits_FMV_X_S_3_11_2=T
fp_bits_FMV_X_S_3_11_7=T
fp_bits_FMV_S_X_0_0_0=T
fp_bits_FMV_S_X_0_0_1=T
fp_bits_FMV_S_X_0_0_2=T
fp_bits_FMV_S_X_0_0_7=T
fp_bits_FMV_S_X_0_1_0=T
fp_bits_FMV_S_X_0_1_1=T
fp_bits_FMV_S_X_0_1_2=T
fp_bits_FMV_S_X_0_1_7=T
fp_bits_FMV_S_X_0_2_0=T
fp_bits_FMV_S_X_0_2_1=T
fp_bits_FMV_S_X_0_2_2=T
fp_bits_FMV_S_X_0_2_7=T
fp_bits_FMV_S_X_0_3_0=T
fp_bits_FMV_S_X_0_3_1=T
fp_bits_FMV_S_X_0_3_2=T
fp_bits_FMV_S_X_0_3_7=T
fp_bits_FMV_S_X_0_4_0=T
fp_bits_FMV_S_X_0_4_1=T
fp_bits_FMV_S_X_0_4_2=T
fp_bits_FMV_S_X_0_4_7=T
fp_bits_FMV_S_X_0_5_0=T
fp_bits_FMV_S_X_0_5_1=T
fp_bits_FMV_S_X_0_5_2=T
fp_bits_FMV_S_X_0_5_7=T
fp_bits_FMV_S_X_0_6_0=T
fp_bits_FMV_S_X_0_6_1=T
fp_bits_FMV_S_X_0_6_2=T
fp_bits_FMV_S_X_0_6_7=T
fp_bits_FMV_S_X_0_7_0=T
fp_bits_FMV_S_X_0_7_1=T
fp_bits_FMV_S_X_0_7_2=T
fp_bits_FMV_S_X_0_7_7=T
fp_bits_FMV_S_X_0_8_0=T
fp_bits_FMV_S_X_0_8_1=T
fp_bits_FMV_S_X_0_8_2=T
fp_bits_FMV_S_X_0_8_7=T
fp_bits_FMV_S_X_0_9_0=T
fp_bits_FMV_S_X_0_9_1=T
fp_bits_FMV_S_X_0_9_2=T
fp_bits_FMV_S_X_0_9_7=T
fp_bits_FMV_S_X_0_10_0=T
fp_bits_FMV_S_X_0_10_1=T
fp_bits_FMV_S_X_0_10_2=T
fp_bits_FMV_S_X_0_10_7=T
fp_bits_FMV_S_X_0_11_0=T
fp_bits_FMV_S_X_0_11_1=T
fp_bits_FMV_S_X_0_11_2=T
fp_bits_FMV_S_X_0_11_7=T
fp_bits_FMV_S_X_1_0_0=T
fp_bits_FMV_S_X_1_0_1=T
fp_bits_FMV_S_X_1_0_2=T
fp_bits_FMV_S_X_1_0_7=T
fp_bits_FMV_S_X_1_1_0=T
fp_bits_FMV_S_X_1_1_1=T
fp_bits_FMV_S_X_1_1_2=T
fp_bits_FMV_S_X_1_1_7=T
fp_bits_FMV_S_X_1_2_0=T
fp_bits_FMV_S_X_1_2_1=T
fp_bits_FMV_S_X_1_2_2=T
fp_bits_FMV_S_X_1_2_7=T
fp_bits_FMV_S_X_1_3_0=T
fp_bits_FMV_S_X_1_3_1=T
fp_bits_FMV_S_X_1_3_2=T
fp_bits_FMV_S_X_1_3_7=T
fp_bits_FMV_S_X_1_4_0=T
fp_bits_FMV_S_X_1_4_1=T
fp_bits_FMV_S_X_1_4_2=T
fp_bits_FMV_S_X_1_4_7=T
fp_bits_FMV_S_X_1_5_0=T
fp_bits_FMV_S_X_1_5_1=T
fp_bits_FMV_S_X_1_5_2=T
fp_bits_FMV_S_X_1_5_7=T
fp_bits_FMV_S_X_1_6_0=T
fp_bits_FMV_S_X_1_6_1=T
fp_bits_FMV_S_X_1_6_2=T
fp_bits_FMV_S_X_1_6_7=T
fp_bits_FMV_S_X_1_7_0=T
fp_bits_FMV_S_X_1_7_1=T
fp_bits_FMV_S_X_1_7_2=T
fp_bits_FMV_S_X_1_7_7=T
fp_bits_FMV_S_X_1_8_0=T
fp_bits_FMV_S_X_1_8_1=T
fp_bits_FMV_S_X_1_8_2=T
fp_bits_FMV_S_X_1_8_7=T
fp_bits_FMV_S_X_1_9_0=T
fp_bits_FMV_S_X_1_9_1=T
fp_bits_FMV_S_X_1_9_2=T
fp_bits_FMV_S_X_1_9_7=T
fp_bits_FMV_S_X_1_10_0=T
fp_bits_FMV_S_X_1_10_1=T
fp_bits_FMV_S_X_1_10_2=T
fp_bits_FMV_S_X_1_10_7=T
fp_bits_FMV_S_X_1_11_0=T
fp_bits_FMV_S_X_1_11_1=T
fp_bits_FMV_S_X_1_11_2=T
fp_bits_FMV_S_X_1_11_7=T
fp_bits_FMV_S_X_2_0_0=T
fp_bits_FMV_S_X_2_0_1=T
fp_bits_FMV_S_X_2_0_2=T
fp_bits_FMV_S_X_2_0_7=T
fp_bits_FMV_S_X_2_1_0=T
fp_bits_FMV_S_X_2_1_1=T
fp_bits_FMV_S_X_2_1_2=T
fp_bits_FMV_S_X_2_1_7=T
fp_bits_FMV_S_X_2_2_0=T
fp_bits_FMV_S_X_2_2_1=T
fp_bits_FMV_S_X_2_2_2=T
fp_bits_FMV_S_X_2_2_7=T
fp_bits_FMV_S_X_2_3_0=T
fp_bits_FMV_S_X_2_3_1=T
fp_bits_FMV_S_X_2_3_2=T
fp_bits_FMV_S_X_2_3_7=T
fp_bits_FMV_S_X_2_4_0=T
fp_bits_FMV_S_X_2_4_1=T
fp_bits_FMV_S_X_2_4_2=T
fp_bits_FMV_S_X_2_4_7=T
fp_bits_FMV_S_X_2_5_0=T
fp_bits_FMV_S_X_2_5_1=T
fp_bits_FMV_S_X_2_5_2=T
fp_bits_FMV_S_X_2_5_7=T
fp_bits_FMV_S_X_2_6_0=T
fp_bits_FMV_S_X_2_6_1=T
fp_bits_FMV_S_X_2_6_2=T
fp_bits_FMV_S_X_2_6_7=T
fp_bits_FMV_S_X_2_7_0=T
fp_bits_FMV_S_X_2_7_1=T
fp_bits_FMV_S_X_2_7_2=T
fp_bits_FMV_S_X_2_7_7=T
fp_bits_FMV_S_X_2_8_0=T
fp_bits_FMV_S_X_2_8_1=T
fp_bits_FMV_S_X_2_8_2=T
fp_bits_FMV_S_X_2_8_7=T
fp_bits_FMV_S_X_2_9_0=T
fp_bits_FMV_S_X_2_9_1=T
fp_bits_FMV_S_X_2_9_2=T
fp_bits_FMV_S_X_2_9_7=T
fp_bits_FMV_S_X_2_10_0=T
fp_bits_FMV_S_X_2_10_1=T
fp_bits_FMV_S_X_2_10_2=T
fp_bits_FMV_S_X_2_10_7=T
fp_bits_FMV_S_X_2_11_0=T
fp_bits_FMV_S_X_2_11_1=T
fp_bits_FMV_S_X_2_11_2=T
fp_bits_FMV_S_X_2_11_7=T
fp_bits_FMV_S_X_3_0_0=T
fp_bits_FMV_S_X_3_0_1=T
fp_bits_FMV_S_X_3_0_2=T
fp_bits_FMV_S_X_3_0_7=T
fp_bits_FMV_S_X_3_1_0=T
fp_bits_FMV_S_X_3_1_1=T
fp_bits_FMV_S_X_3_1_2=T
fp_bits_FMV_S_X_3_1_7=T
fp_bits_FMV_S_X_3_2_0=T
fp_bits_FMV_S_X_3_2_1=T
fp_bits_FMV_S_X_3_2_2=T
fp_bits_FMV_S_X_3_2_7=T
fp_bits_FMV_S_X_3_3_0=T
fp_bits_FMV_S_X_3_3_1=T
fp_bits_FMV_S_X_3_3_2=T
fp_bits_FMV_S_X_3_3_7=T
fp_bits_FMV_S_X_3_4_0=T
fp_bits_FMV_S_X_3_4_1=T
fp_bits_FMV_S_X_3_4_2=T
fp_bits_FMV_S_X_3_4_7=T
fp_bits_FMV_S_X_3_5_0=T
fp_bits_FMV_S_X_3_5_1=T
fp_bits_FMV_S_X_3_5_2=T
fp_bits_FMV_S_X_3_5_7=T
fp_bits_FMV_S_X_3_6_0=T
fp_bits_FMV_S_X_3_6_1=T
fp_bits_FMV_S_X_3_6_2=T
fp_bits_FMV_S_X_3_6_7=T
fp_bits_FMV_S_X_3_7_0=T
fp_bits_FMV_S_X_3_7_1=T
fp_bits_FMV_S_X_3_7_2=T
fp_bits_FMV_S_X_3_7_7=T
fp_bits_FMV_S_X_3_8_0=T
fp_bits_FMV_S_X_3_8_1=T
fp_bits_FMV_S_X_3_8_2=T
fp_bits_FMV_S_X_3_8_7=T
fp_bits_FMV_S_X_3_9_0=T
fp_bits_FMV_S_X_3_9_1=T
fp_bits_FMV_S_X_3_9_2=T
fp_bits_FMV_S_X_3_9_7=T
fp_bits_FMV_S_X_3_10_0=T
fp_bits_FMV_S_X_3_10_1=T
fp_bits_FMV_S_X_3_10_2=T
fp_bits_FMV_S_X_3_10_7=T
fp_bits_FMV_S_X_3_11_0=T
fp_bits_FMV_S_X_3_11_1=T
fp_bits_FMV_S_X_3_11_2=T
fp_bits_FMV_S_X_3_11_7=T
fp_bits_FMV_X_D_0_0_0=T
fp_bits_FMV_X_D_0_0_1=T
fp_bits_FMV_X_D_0_0_2=T
fp_bits_FMV_X_D_0_0_7=T
fp_bits_FMV_X_D_0_1_0=T
fp_bits_FMV_X_D_0_1_1=T
fp_bits_FMV_X_D_0_1_2=T
fp_bits_FMV_X_D_0_1_7=T
fp_bits_FMV_X_D_0_2_0=T
fp_bits_FMV_X_D_0_2_1=T
fp_bits_FMV_X_D_0_2_2=T
fp_bits_FMV_X_D_0_2_7=T
fp_bits_FMV_X_D_0_3_0=T
fp_bits_FMV_X_D_0_3_1=T
fp_bits_FMV_X_D_0_3_2=T
fp_bits_FMV_X_D_0_3_7=T
fp_bits_FMV_X_D_0_4_0=T
fp_bits_FMV_X_D_0_4_1=T
fp_bits_FMV_X_D_0_4_2=T
fp_bits_FMV_X_D_0_4_7=T
fp_bits_FMV_X_D_0_5_0=T
fp_bits_FMV_X_D_0_5_1=T
fp_bits_FMV_X_D_0_5_2=T
fp_bits_FMV_X_D_0_5_7=T
fp_bits_FMV_X_D_0_6_0=T
fp_bits_FMV_X_D_0_6_1=T
fp_bits_FMV_X_D_0_6_2=T
fp_bits_FMV_X_D_0_6_7=T
fp_bits_FMV_X_D_0_7_0=T
fp_bits_FMV_X_D_0_7_1=T
fp_bits_FMV_X_D_0_7_2=T
fp_bits_FMV_X_D_0_7_7=T
fp_bits_FMV_X_D_0_8_0=T
fp_bits_FMV_X_D_0_8_1=T
fp_bits_FMV_X_D_0_8_2=T
fp_bits_FMV_X_D_0_8_7=T
fp_bits_FMV_X_D_0_9_0=T
fp_bits_FMV_X_D_0_9_1=T
fp_bits_FMV_X_D_0_9_2=T
fp_bits_FMV_X_D_0_9_7=T
fp_bits_FMV_X_D_0_10_0=T
fp_bits_FMV_X_D_0_10_1=T
fp_bits_FMV_X_D_0_10_2=T
fp_bits_FMV_X_D_0_10_7=T
fp_bits_FMV_X_D_0_11_0=T
fp_bits_FMV_X_D_0_11_1=T
fp_bits_FMV_X_D_0_11_2=T
fp_bits_FMV_X_D_0_11_7=T
fp_bits_FMV_X_D_1_0_0=T
fp_bits_FMV_X_D_1_0_1=T
fp_bits_FMV_X_D_1_0_2=T
fp_bits_FMV_X_D_1_0_7=T
fp_bits_FMV_X_D_1_1_0=T
fp_bits_FMV_X_D_1_1_1=T
fp_bits_FMV_X_D_1_1_2=T
fp_bits_FMV_X_D_1_1_7=T
fp_bits_FMV_X_D_1_2_0=T
fp_bits_FMV_X_D_1_2_1=T
fp_bits_FMV_X_D_1_2_2=T
fp_bits_FMV_X_D_1_2_7=T
fp_bits_FMV_X_D_1_3_0=T
fp_bits_FMV_X_D_1_3_1=T
fp_bits_FMV_X_D_1_3_2=T
fp_bits_FMV_X_D_1_3_7=T
fp_bits_FMV_X_D_1_4_0=T
fp_bits_FMV_X_D_1_4_1=T
fp_bits_FMV_X_D_1_4_2=T
fp_bits_FMV_X_D_1_4_7=T
fp_bits_FMV_X_D_1_5_0=T
fp_bits_FMV_X_D_1_5_1=T
fp_bits_FMV_X_D_1_5_2=T
fp_bits_FMV_X_D_1_5_7=T
fp_bits_FMV_X_D_1_6_0=T
fp_bits_FMV_X_D_1_6_1=T
fp_bits_FMV_X_D_1_6_2=T
fp_bits_FMV_X_D_1_6_7=T
fp_bits_FMV_X_D_1_7_0=T
fp_bits_FMV_X_D_1_7_1=T
fp_bits_FMV_X_D_1_7_2=T
fp_bits_FMV_X_D_1_7_7=T
fp_bits_FMV_X_D_1_8_0=T
fp_bits_FMV_X_D_1_8_1=T
fp_bits_FMV_X_D_1_8_2=T
fp_bits_FMV_X_D_1_8_7=T
fp_bits_FMV_X_D_1_9_0=T
fp_bits_FMV_X_D_1_9_1=T
fp_bits_FMV_X_D_1_9_2=T
fp_bits_FMV_X_D_1_9_7=T
fp_bits_FMV_X_D_1_10_0=T
fp_bits_FMV_X_D_1_10_1=T
fp_bits_FMV_X_D_1_10_2=T
fp_bits_FMV_X_D_1_10_7=T
fp_bits_FMV_X_D_1_11_0=T
fp_bits_FMV_X_D_1_11_1=T
fp_bits_FMV_X_D_1_11_2=T
fp_bits_FMV_X_D_1_11_7=T
fp_bits_FMV_X_D_2_0_0=T
fp_bits_FMV_X_D_2_0_1=T
fp_bits_FMV_X_D_2_0_2=T
fp_bits_FMV_X_D_2_0_7=T
fp_bits_FMV_X_D_2_1_0=T
fp_bits_FMV_X_D_2_1_1=T
fp_bits_FMV_X_D_2_1_2=T
fp_bits_FMV_X_D_2_1_7=T
fp_bits_FMV_X_D_2_2_0=T
fp_bits_FMV_X_D_2_2_1=T
fp_bits_FMV_X_D_2_2_2=T
fp_bits_FMV_X_D_2_2_7=T
fp_bits_FMV_X_D_2_3_0=T
fp_bits_FMV_X_D_2_3_1=T
fp_bits_FMV_X_D_2_3_2=T
fp_bits_FMV_X_D_2_3_7=T
fp_bits_FMV_X_D_2_4_0=T
fp_bits_FMV_X_D_2_4_1=T
fp_bits_FMV_X_D_2_4_2=T
fp_bits_FMV_X_D_2_4_7=T
fp_bits_FMV_X_D_2_5_0=T
fp_bits_FMV_X_D_2_5_1=T
fp_bits_FMV_X_D_2_5_2=T
fp_bits_FMV_X_D_2_5_7=T
fp_bits_FMV_X_D_2_6_0=T
fp_bits_FMV_X_D_2_6_1=T
fp_bits_FMV_X_D_2_6_2=T
fp_bits_FMV_X_D_2_6_7=T
fp_bits_FMV_X_D_2_7_0=T
fp_bits_FMV_X_D_2_7_1=T
fp_bits_FMV_X_D_2_7_2=T
fp_bits_FMV_X_D_2_7_7=T
fp_bits_FMV_X_D_2_8_0=T
fp_bits_FMV_X_D_2_8_1=T
fp_bits_FMV_X_D_2_8_2=T
fp_bits_FMV_X_D_2_8_7=T
fp_bits_FMV_X_D_2_9_0=T
fp_bits_FMV_X_D_2_9_1=T
fp_bits_FMV_X_D_2_9_2=T
fp_bits_FMV_X_D_2_9_7=T
fp_bits_FMV_X_D_2_10_0=T
fp_bits_FMV_X_D_2_10_1=T
fp_bits_FMV_X_D_2_10_2=T
fp_bits_FMV_X_D_2_10_7=T
fp_bits_FMV_X_D_2_11_0=T
fp_bits_FMV_X_D_2_11_1=T
fp_bits_FMV_X_D_2_11_2=T
fp_bits_FMV_X_D_2_11_7=T
fp_bits_FMV_X_D_3_0_0=T
fp_bits_FMV_X_D_3_0_1=T
fp_bits_FMV_X_D_3_0_2=T
fp_bits_FMV_X_D_3_0_7=T
fp_bits_FMV_X_D_3_1_0=T
fp_bits_FMV_X_D_3_1_1=T
fp_bits_FMV_X_D_3_1_2=T
fp_bits_FMV_X_D_3_1_7=T
fp_bits_FMV_X_D_3_2_0=T
fp_bits_FMV_X_D_3_2_1=T
fp_bits_FMV_X_D_3_2_2=T
fp_bits_FMV_X_D_3_2_7=T
fp_bits_FMV_X_D_3_3_0=T
fp_bits_FMV_X_D_3_3_1=T
fp_bits_FMV_X_D_3_3_2=T
fp_bits_FMV_X_D_3_3_7=T
fp_bits_FMV_X_D_3_4_0=T
fp_bits_FMV_X_D_3_4_1=T
fp_bits_FMV_X_D_3_4_2=T
fp_bits_FMV_X_D_3_4_7=T
fp_bits_FMV_X_D_3_5_0=T
fp_bits_FMV_X_D_3_5_1=T
fp_bits_FMV_X_D_3_5_2=T
fp_bits_FMV_X_D_3_5_7=T
fp_bits_FMV_X_D_3_6_0=T
fp_bits_FMV_X_D_3_6_1=T
fp_bits_FMV_X_D_3_6_2=T
fp_bits_FMV_X_D_3_6_7=T
fp_bits_FMV_X_D_3_7_0=T
fp_bits_FMV_X_D_3_7_1=T
fp_bits_FMV_X_D_3_7_2=T
fp_bits_FMV_X_D_3_7_7=T
fp_bits_FMV_X_D_3_8_0=T
fp_bits_FMV_X_D_3_8_1=T
fp_bits_FMV_X_D_3_8_2=T
fp_bits_FMV_X_D_3_8_7=T
fp_bits_FMV_X_D_3_9_0=T
fp_bits_FMV_X_D_3_9_1=T
fp_bits_FMV_X_D_3_9_2=T
fp_bits_FMV_X_D_3_9_7=T
fp_bits_FMV_X_D_3_10_0=T
fp_bits_FMV_X_D_3_10_1=T
fp_bits_FMV_X_D_3_10_2=T
fp_bits_FMV_X_D_3_10_7=T
fp_bits_FMV_X_D_3_11_0=T
fp_bits_FMV_X_D_3_11_1=T
fp_bits_FMV_X_D_3_11_2=T
fp_bits_FMV_X_D_3_11_7=T
fp_bits_FMV_D_X_0_0_0=T
fp_bits_FMV_D_X_0_0_1=T
fp_bits_FMV_D_X_0_0_2=T
fp_bits_FMV_D_X_0_0_7=T
fp_bits_FMV_D_X_0_1_0=T
fp_bits_FMV_D_X_0_1_1=T
fp_bits_FMV_D_X_0_1_2=T
fp_bits_FMV_D_X_0_1_7=T
fp_bits_FMV_D_X_0_2_0=T
fp_bits_FMV_D_X_0_2_1=T
fp_bits_FMV_D_X_0_2_2=T
fp_bits_FMV_D_X_0_2_7=T
fp_bits_FMV_D_X_0_3_0=T
fp_bits_FMV_D_X_0_3_1=T
fp_bits_FMV_D_X_0_3_2=T
fp_bits_FMV_D_X_0_3_7=T
fp_bits_FMV_D_X_0_4_0=T
fp_bits_FMV_D_X_0_4_1=T
fp_bits_FMV_D_X_0_4_2=T
fp_bits_FMV_D_X_0_4_7=T
fp_bits_FMV_D_X_0_5_0=T
fp_bits_FMV_D_X_0_5_1=T
fp_bits_FMV_D_X_0_5_2=T
fp_bits_FMV_D_X_0_5_7=T
fp_bits_FMV_D_X_0_6_0=T
fp_bits_FMV_D_X_0_6_1=T
fp_bits_FMV_D_X_0_6_2=T
fp_bits_FMV_D_X_0_6_7=T
fp_bits_FMV_D_X_0_7_0=T
fp_bits_FMV_D_X_0_7_1=T
fp_bits_FMV_D_X_0_7_2=T
fp_bits_FMV_D_X_0_7_7=T
fp_bits_FMV_D_X_0_8_0=T
fp_bits_FMV_D_X_0_8_1=T
fp_bits_FMV_D_X_0_8_2=T
fp_bits_FMV_D_X_0_8_7=T
fp_bits_FMV_D_X_0_9_0=T
fp_bits_FMV_D_X_0_9_1=T
fp_bits_FMV_D_X_0_9_2=T
fp_bits_FMV_D_X_0_9_7=T
fp_bits_FMV_D_X_0_10_0=T
fp_bits_FMV_D_X_0_10_1=T
fp_bits_FMV_D_X_0_10_2=T
fp_bits_FMV_D_X_0_10_7=T
fp_bits_FMV_D_X_0_11_0=T
fp_bits_FMV_D_X_0_11_1=T
fp_bits_FMV_D_X_0_11_2=T
fp_bits_FMV_D_X_0_11_7=T
fp_bits_FMV_D_X_1_0_0=T
fp_bits_FMV_D_X_1_0_1=T
fp_bits_FMV_D_X_1_0_2=T
fp_bits_FMV_D_X_1_0_7=T
fp_bits_FMV_D_X_1_1_0=T
fp_bits_FMV_D_X_1_1_1=T
fp_bits_FMV_D_X_1_1_2=T
fp_bits_FMV_D_X_1_1_7=T
fp_bits_FMV_D_X_1_2_0=T
fp_bits_FMV_D_X_1_2_1=T
fp_bits_FMV_D_X_1_2_2=T
fp_bits_FMV_D_X_1_2_7=T
fp_bits_FMV_D_X_1_3_0=T
fp_bits_FMV_D_X_1_3_1=T
fp_bits_FMV_D_X_1_3_2=T
fp_bits_FMV_D_X_1_3_7=T
fp_bits_FMV_D_X_1_4_0=T
fp_bits_FMV_D_X_1_4_1=T
fp_bits_FMV_D_X_1_4_2=T
fp_bits_FMV_D_X_1_4_7=T
fp_bits_FMV_D_X_1_5_0=T
fp_bits_FMV_D_X_1_5_1=T
fp_bits_FMV_D_X_1_5_2=T
fp_bits_FMV_D_X_1_5_7=T
fp_bits_FMV_D_X_1_6_0=T
fp_bits_FMV_D_X_1_6_1=T
fp_bits_FMV_D_X_1_6_2=T
fp_bits_FMV_D_X_1_6_7=T
fp_bits_FMV_D_X_1_7_0=T
fp_bits_FMV_D_X_1_7_1=T
fp_bits_FMV_D_X_1_7_2=T
fp_bits_FMV_D_X_1_7_7=T
fp_bits_FMV_D_X_1_8_0=T
fp_bits_FMV_D_X_1_8_1=T
fp_bits_FMV_D_X_1_8_2=T
fp_bits_FMV_D_X_1_8_7=T
fp_bits_FMV_D_X_1_9_0=T
fp_bits_FMV_D_X_1_9_1=T
fp_bits_FMV_D_X_1_9_2=T
fp_bits_FMV_D_X_1_9_7=T
fp_bits_FMV_D_X_1_10_0=T
fp_bits_FMV_D_X_1_10_1=T
fp_bits_FMV_D_X_1_10_2=T
fp_bits_FMV_D_X_1_10_7=T
fp_bits_FMV_D_X_1_11_0=T
fp_bits_FMV_D_X_1_11_1=T
fp_bits_FMV_D_X_1_11_2=T
fp_bits_FMV_D_X_1_11_7=T
fp_bits_FMV_D_X_2_0_0=T
fp_bits_FMV_D_X_2_0_1=T
fp_bits_FMV_D_X_2_0_2=T
fp_bits_FMV_D_X_2_0_7=T
fp_bits_FMV_D_X_2_1_0=T
fp_bits_FMV_D_X_2_1_1=T
fp_bits_FMV_D_X_2_1_2=T
fp_bits_FMV_D_X_2_1_7=T
fp_bits_FMV_D_X_2_2_0=T
fp_bits_FMV_D_X_2_2_1=T
fp_bits_FMV_D_X_2_2_2=T
fp_bits_FMV_D_X_2_2_7=T
fp_bits_FMV_D_X_2_3_0=T
fp_bits_FMV_D_X_2_3_1=T
fp_bits_FMV_D_X_2_3_2=T
fp_bits_FMV_D_X_2_3_7=T
fp_bits_FMV_D_X_2_4_0=T
fp_bits_FMV_D_X_2_4_1=T
fp_bits_FMV_D_X_2_4_2=T
fp_bits_FMV_D_X_2_4_7=T
fp_bits_FMV_D_X_2_5_0=T
fp_bits_FMV_D_X_2_5_1=T
fp_bits_FMV_D_X_2_5_2=T
fp_bits_FMV_D_X_2_5_7=T
fp_bits_FMV_D_X_2_6_0=T
fp_bits_FMV_D_X_2_6_1=T
fp_bits_FMV_D_X_2_6_2=T
fp_bits_FMV_D_X_2_6_7=T
fp_bits_FMV_D_X_2_7_0=T
fp_bits_FMV_D_X_2_7_1=T
fp_bits_FMV_D_X_2_7_2=T
fp_bits_FMV_D_X_2_7_7=T
fp_bits_FMV_D_X_2_8_0=T
fp_bits_FMV_D_X_2_8_1=T
fp_bits_FMV_D_X_2_8_2=T
fp_bits_FMV_D_X_2_8_7=T
fp_bits_FMV_D_X_2_9_0=T
fp_bits_FMV_D_X_2_9_1=T
fp_bits_FMV_D_X_2_9_2=T
fp_bits_FMV_D_X_2_9_7=T
fp_bits_FMV_D_X_2_10_0=T
fp_bits_FMV_D_X_2_10_1=T
fp_bits_FMV_D_X_2_10_2=T
fp_bits_FMV_D_X_2_10_7=T
fp_bits_FMV_D_X_2_11_0=T
fp_bits_FMV_D_X_2_11_1=T
fp_bits_FMV_D_X_2_11_2=T
fp_bits_FMV_D_X_2_11_7=T
fp_bits_FMV_D_X_3_0_0=T
fp_bits_FMV_D_X_3_0_1=T
fp_bits_FMV_D_X_3_0_2=T
fp_bits_FMV_D_X_3_0_7=T
fp_bits_FMV_D_X_3_1_0=T
fp_bits_FMV_D_X_3_1_1=T
fp_bits_FMV_D_X_3_1_2=T
fp_bits_FMV_D_X_3_1_7=T
fp_bits_FMV_D_X_3_2_0=T
fp_bits_FMV_D_X_3_2_1=T
fp_bits_FMV_D_X_3_2_2=T
fp_bits_FMV_D_X_3_2_7=T
fp_bits_FMV_D_X_3_3_0=T
fp_bits_FMV_D_X_3_3_1=T
fp_bits_FMV_D_X_3_3_2=T
fp_bits_FMV_D_X_3_3_7=T
fp_bits_FMV_D_X_3_4_0=T
fp_bits_FMV_D_X_3_4_1=T
fp_bits_FMV_D_X_3_4_2=T
fp_bits_FMV_D_X_3_4_7=T
fp_bits_FMV_D_X_3_5_0=T
fp_bits_FMV_D_X_3_5_1=T
fp_bits_FMV_D_X_3_5_2=T
fp_bits_FMV_D_X_3_5_7=T
fp_bits_FMV_D_X_3_6_0=T
fp_bits_FMV_D_X_3_6_1=T
fp_bits_FMV_D_X_3_6_2=T
fp_bits_FMV_D_X_3_6_7=T
fp_bits_FMV_D_X_3_7_0=T
fp_bits_FMV_D_X_3_7_1=T
fp_bits_FMV_D_X_3_7_2=T
fp_bits_FMV_D_X_3_7_7=T
fp_bits_FMV_D_X_3_8_0=T
fp_bits_FMV_D_X_3_8_1=T
fp_bits_FMV_D_X_3_8_2=T
fp_bits_FMV_D_X_3_8_7=T
fp_bits_FMV_D_X_3_9_0=T
fp_bits_FMV_D_X_3_9_1=T
fp_bits_FMV_D_X_3_9_2=T
fp_bits_FMV_D_X_3_9_7=T
fp_bits_FMV_D_X_3_10_0=T
fp_bits_FMV_D_X_3_10_1=T
fp_bits_FMV_D_X_3_10_2=T
fp_bits_FMV_D_X_3_10_7=T
fp_bits_FMV_D_X_3_11_0=T
fp_bits_FMV_D_X_3_11_1=T
fp_bits_FMV_D_X_3_11_2=T
fp_bits_FMV_D_X_3_11_7=T
