lw_definition=∀rd rs1 offs. dfn'LW (rd,rs1,offs) = (λstate. (let v = GPR rs1 state + sw2sw offs; (v0,s) = translateAddr (v,Data,Read) state in case v0 of NONE => signalAddressException (Load_Fault,v) s | SOME pAddr => write'GPR (sw2sw ((31 >< 0) (rawReadData pAddr s)),rd) s))
lw_type=:word5 # word5 # word12 -> riscv_state -> riscv_state
lwu_definition=∀rd rs1 offs. dfn'LWU (rd,rs1,offs) = (λstate. (let (v,s) = in32BitMode () state in if v then signalException Illegal_Instr s else (let v = GPR rs1 s + sw2sw offs; (v0,s) = translateAddr (v,Data,Read) s in case v0 of NONE => signalAddressException (Load_Fault,v) s | SOME pAddr => write'GPR (w2w ((31 >< 0) (rawReadData pAddr s)),rd) s)))
lwu_type=:word5 # word5 # word12 -> riscv_state -> riscv_state
lh_definition=∀rd rs1 offs. dfn'LH (rd,rs1,offs) = (λstate. (let v = GPR rs1 state + sw2sw offs; (v0,s) = translateAddr (v,Data,Read) state in case v0 of NONE => signalAddressException (Load_Fault,v) s | SOME pAddr => write'GPR (sw2sw ((15 >< 0) (rawReadData pAddr s)),rd) s))
lh_type=:word5 # word5 # word12 -> riscv_state -> riscv_state
lhu_definition=∀rd rs1 offs. dfn'LHU (rd,rs1,offs) = (λstate. (let v = GPR rs1 state + sw2sw offs; (v0,s) = translateAddr (v,Data,Read) state in case v0 of NONE => signalAddressException (Load_Fault,v) s | SOME pAddr => write'GPR (w2w ((15 >< 0) (rawReadData pAddr s)),rd) s))
lhu_type=:word5 # word5 # word12 -> riscv_state -> riscv_state
lb_definition=∀rd rs1 offs. dfn'LB (rd,rs1,offs) = (λstate. (let v = GPR rs1 state + sw2sw offs; (v0,s) = translateAddr (v,Data,Read) state in case v0 of NONE => signalAddressException (Load_Fault,v) s | SOME pAddr => write'GPR (sw2sw ((7 >< 0) (rawReadData pAddr s)),rd) s))
lb_type=:word5 # word5 # word12 -> riscv_state -> riscv_state
lbu_definition=∀rd rs1 offs. dfn'LBU (rd,rs1,offs) = (λstate. (let v = GPR rs1 state + sw2sw offs; (v0,s) = translateAddr (v,Data,Read) state in case v0 of NONE => signalAddressException (Load_Fault,v) s | SOME pAddr => write'GPR (w2w ((7 >< 0) (rawReadData pAddr s)),rd) s))
lbu_type=:word5 # word5 # word12 -> riscv_state -> riscv_state
ld_definition=∀rd rs1 offs. dfn'LD (rd,rs1,offs) = (λstate. (let (v,s) = in32BitMode () state in if v then signalException Illegal_Instr s else (let v = GPR rs1 s + sw2sw offs; (v0,s) = translateAddr (v,Data,Read) s in case v0 of NONE => signalAddressException (Load_Fault,v) s | SOME pAddr => write'GPR (rawReadData pAddr s,rd) s)))
ld_type=:word5 # word5 # word12 -> riscv_state -> riscv_state
lw_negative=(18446744073547317376,18446744073547317376,99,(0,NONE),T,18364758546640568448,128,NONE,NONE,T,1,7)
lw_positive=(305419903,305419903,99,(0,NONE),T,1311768465173141119,127,NONE,NONE,T,1,7)
lw_rd_zero=(0,99,99,(0,NONE),T,18364758546640568448,128,NONE,NONE,T,1,7)
lw_unaligned=(18446744073547317376,18446744073547317376,99,(0,NONE),T,9223372036854775808,128,NONE,NONE,T,1,7)
lw_offset_wrap=(18446744073547317376,18446744073547317376,99,(0,NONE),T,18364758546640568448,128,NONE,NONE,T,1,7)
lw_core_wrap=(18446744073547317376,18446744073547317376,99,(0,NONE),T,18364758546640568448,128,NONE,NONE,T,1,255)
lw_fault_sv32=(99,99,99,(1,SOME 7),T,9223372036854775808,128,NONE,NONE,T,1,7)
lw_rv32_mode=(18446744073547317376,18446744073547317376,99,(0,NONE),T,18364758546640568448,128,NONE,NONE,T,1,7)
lw_rv128_mode=(18446744073547317376,18446744073547317376,99,(0,NONE),T,18364758546640568448,128,NONE,NONE,T,1,7)
lw_walk_returned_state=(3111,3111,99,(0,NONE),T,3111,39,SOME (63,F,1073741823,18446744072635809792,0,0,77,0,F,3,T,0,3,T,0),NONE,T,1,7)
lwu_negative=(4132733056,4132733056,99,(0,NONE),T,18364758546640568448,128,NONE,NONE,T,1,7)
lwu_positive=(305419903,305419903,99,(0,NONE),T,1311768465173141119,127,NONE,NONE,T,1,7)
lwu_rd_zero=(0,99,99,(0,NONE),T,18364758546640568448,128,NONE,NONE,T,1,7)
lwu_unaligned=(4132733056,4132733056,99,(0,NONE),T,9223372036854775808,128,NONE,NONE,T,1,7)
lwu_offset_wrap=(4132733056,4132733056,99,(0,NONE),T,18364758546640568448,128,NONE,NONE,T,1,7)
lwu_core_wrap=(4132733056,4132733056,99,(0,NONE),T,18364758546640568448,128,NONE,NONE,T,1,255)
lwu_fault_sv32=(99,99,99,(1,SOME 7),T,9223372036854775808,128,NONE,NONE,T,1,7)
lwu_rv32_mode=(99,99,99,(2,NONE),T,18364758546640568448,128,NONE,NONE,T,1,7)
lwu_rv128_mode=(4132733056,4132733056,99,(0,NONE),T,18364758546640568448,128,NONE,NONE,T,1,7)
lwu_walk_returned_state=(3111,3111,99,(0,NONE),T,3111,39,SOME (63,F,1073741823,18446744072635809792,0,0,77,0,F,3,T,0,3,T,0),NONE,T,1,7)
lh_negative=(18446744073709518976,18446744073709518976,99,(0,NONE),T,18364758546640568448,128,NONE,NONE,T,1,7)
lh_positive=(22143,22143,99,(0,NONE),T,1311768465173141119,127,NONE,NONE,T,1,7)
lh_rd_zero=(0,99,99,(0,NONE),T,18364758546640568448,128,NONE,NONE,T,1,7)
lh_unaligned=(18446744073709518976,18446744073709518976,99,(0,NONE),T,9223372036854775808,128,NONE,NONE,T,1,7)
lh_offset_wrap=(18446744073709518976,18446744073709518976,99,(0,NONE),T,18364758546640568448,128,NONE,NONE,T,1,7)
lh_core_wrap=(18446744073709518976,18446744073709518976,99,(0,NONE),T,18364758546640568448,128,NONE,NONE,T,1,255)
lh_fault_sv32=(99,99,99,(1,SOME 7),T,9223372036854775808,128,NONE,NONE,T,1,7)
lh_rv32_mode=(18446744073709518976,18446744073709518976,99,(0,NONE),T,18364758546640568448,128,NONE,NONE,T,1,7)
lh_rv128_mode=(18446744073709518976,18446744073709518976,99,(0,NONE),T,18364758546640568448,128,NONE,NONE,T,1,7)
lh_walk_returned_state=(3111,3111,99,(0,NONE),T,3111,39,SOME (63,F,1073741823,18446744072635809792,0,0,77,0,F,3,T,0,3,T,0),NONE,T,1,7)
lhu_negative=(32896,32896,99,(0,NONE),T,18364758546640568448,128,NONE,NONE,T,1,7)
lhu_positive=(22143,22143,99,(0,NONE),T,1311768465173141119,127,NONE,NONE,T,1,7)
lhu_rd_zero=(0,99,99,(0,NONE),T,18364758546640568448,128,NONE,NONE,T,1,7)
lhu_unaligned=(32896,32896,99,(0,NONE),T,9223372036854775808,128,NONE,NONE,T,1,7)
lhu_offset_wrap=(32896,32896,99,(0,NONE),T,18364758546640568448,128,NONE,NONE,T,1,7)
lhu_core_wrap=(32896,32896,99,(0,NONE),T,18364758546640568448,128,NONE,NONE,T,1,255)
lhu_fault_sv32=(99,99,99,(1,SOME 7),T,9223372036854775808,128,NONE,NONE,T,1,7)
lhu_rv32_mode=(32896,32896,99,(0,NONE),T,18364758546640568448,128,NONE,NONE,T,1,7)
lhu_rv128_mode=(32896,32896,99,(0,NONE),T,18364758546640568448,128,NONE,NONE,T,1,7)
lhu_walk_returned_state=(3111,3111,99,(0,NONE),T,3111,39,SOME (63,F,1073741823,18446744072635809792,0,0,77,0,F,3,T,0,3,T,0),NONE,T,1,7)
lb_negative=(18446744073709551488,18446744073709551488,99,(0,NONE),T,18364758546640568448,128,NONE,NONE,T,1,7)
lb_positive=(127,127,99,(0,NONE),T,1311768465173141119,127,NONE,NONE,T,1,7)
lb_rd_zero=(0,99,99,(0,NONE),T,18364758546640568448,128,NONE,NONE,T,1,7)
lb_unaligned=(18446744073709551488,18446744073709551488,99,(0,NONE),T,9223372036854775808,128,NONE,NONE,T,1,7)
lb_offset_wrap=(18446744073709551488,18446744073709551488,99,(0,NONE),T,18364758546640568448,128,NONE,NONE,T,1,7)
lb_core_wrap=(18446744073709551488,18446744073709551488,99,(0,NONE),T,18364758546640568448,128,NONE,NONE,T,1,255)
lb_fault_sv32=(99,99,99,(1,SOME 7),T,9223372036854775808,128,NONE,NONE,T,1,7)
lb_rv32_mode=(18446744073709551488,18446744073709551488,99,(0,NONE),T,18364758546640568448,128,NONE,NONE,T,1,7)
lb_rv128_mode=(18446744073709551488,18446744073709551488,99,(0,NONE),T,18364758546640568448,128,NONE,NONE,T,1,7)
lb_walk_returned_state=(39,39,99,(0,NONE),T,3111,39,SOME (63,F,1073741823,18446744072635809792,0,0,77,0,F,3,T,0,3,T,0),NONE,T,1,7)
lbu_negative=(128,128,99,(0,NONE),T,18364758546640568448,128,NONE,NONE,T,1,7)
lbu_positive=(127,127,99,(0,NONE),T,1311768465173141119,127,NONE,NONE,T,1,7)
lbu_rd_zero=(0,99,99,(0,NONE),T,18364758546640568448,128,NONE,NONE,T,1,7)
lbu_unaligned=(128,128,99,(0,NONE),T,9223372036854775808,128,NONE,NONE,T,1,7)
lbu_offset_wrap=(128,128,99,(0,NONE),T,18364758546640568448,128,NONE,NONE,T,1,7)
lbu_core_wrap=(128,128,99,(0,NONE),T,18364758546640568448,128,NONE,NONE,T,1,255)
lbu_fault_sv32=(99,99,99,(1,SOME 7),T,9223372036854775808,128,NONE,NONE,T,1,7)
lbu_rv32_mode=(128,128,99,(0,NONE),T,18364758546640568448,128,NONE,NONE,T,1,7)
lbu_rv128_mode=(128,128,99,(0,NONE),T,18364758546640568448,128,NONE,NONE,T,1,7)
lbu_walk_returned_state=(39,39,99,(0,NONE),T,3111,39,SOME (63,F,1073741823,18446744072635809792,0,0,77,0,F,3,T,0,3,T,0),NONE,T,1,7)
ld_negative=(18364758546640568448,18364758546640568448,99,(0,NONE),T,18364758546640568448,128,NONE,NONE,T,1,7)
ld_positive=(1311768465173141119,1311768465173141119,99,(0,NONE),T,1311768465173141119,127,NONE,NONE,T,1,7)
ld_rd_zero=(0,99,99,(0,NONE),T,18364758546640568448,128,NONE,NONE,T,1,7)
ld_unaligned=(18364758546640568448,18364758546640568448,99,(0,NONE),T,9223372036854775808,128,NONE,NONE,T,1,7)
ld_offset_wrap=(18364758546640568448,18364758546640568448,99,(0,NONE),T,18364758546640568448,128,NONE,NONE,T,1,7)
ld_core_wrap=(18364758546640568448,18364758546640568448,99,(0,NONE),T,18364758546640568448,128,NONE,NONE,T,1,255)
ld_fault_sv32=(99,99,99,(1,SOME 7),T,9223372036854775808,128,NONE,NONE,T,1,7)
ld_rv32_mode=(99,99,99,(2,NONE),T,18364758546640568448,128,NONE,NONE,T,1,7)
ld_rv128_mode=(18364758546640568448,18364758546640568448,99,(0,NONE),T,18364758546640568448,128,NONE,NONE,T,1,7)
ld_walk_returned_state=(3111,3111,99,(0,NONE),T,3111,39,SOME (63,F,1073741823,18446744072635809792,0,0,77,0,F,3,T,0,3,T,0),NONE,T,1,7)
/tmp/flap-solc-l3-fp-reviewed/scripts/hol-probes/l3_integer_load_probeScript.sml:722: warning: The type of (it) contains a free type variable. Setting it to a unique monotype.
