immediate_shift_SLLI_0_0_0=T
immediate_shift_SLLI_0_0_1=T
immediate_shift_SLLI_0_0_7=T
immediate_shift_SLLI_0_1_0=T
immediate_shift_SLLI_0_1_1=T
immediate_shift_SLLI_0_1_7=T
immediate_shift_SLLI_0_2_0=T
immediate_shift_SLLI_0_2_1=T
immediate_shift_SLLI_0_2_7=T
immediate_shift_SLLI_0_3_0=T
immediate_shift_SLLI_0_3_1=T
immediate_shift_SLLI_0_3_7=T
immediate_shift_SLLI_0_4_0=T
immediate_shift_SLLI_0_4_1=T
immediate_shift_SLLI_0_4_7=T
immediate_shift_SLLI_0_5_0=T
immediate_shift_SLLI_0_5_1=T
immediate_shift_SLLI_0_5_7=T
immediate_shift_SLLI_0_6_0=T
immediate_shift_SLLI_0_6_1=T
immediate_shift_SLLI_0_6_7=T
immediate_shift_SLLI_0_7_0=T
immediate_shift_SLLI_0_7_1=T
immediate_shift_SLLI_0_7_7=T
immediate_shift_SLLI_0_8_0=T
immediate_shift_SLLI_0_8_1=T
immediate_shift_SLLI_0_8_7=T
immediate_shift_SLLI_0_9_0=T
immediate_shift_SLLI_0_9_1=T
immediate_shift_SLLI_0_9_7=T
immediate_shift_SLLI_2_0_0=T
immediate_shift_SLLI_2_0_1=T
immediate_shift_SLLI_2_0_7=T
immediate_shift_SLLI_2_1_0=T
immediate_shift_SLLI_2_1_1=T
immediate_shift_SLLI_2_1_7=T
immediate_shift_SLLI_2_2_0=T
immediate_shift_SLLI_2_2_1=T
immediate_shift_SLLI_2_2_7=T
immediate_shift_SLLI_2_3_0=T
immediate_shift_SLLI_2_3_1=T
immediate_shift_SLLI_2_3_7=T
immediate_shift_SLLI_2_4_0=T
immediate_shift_SLLI_2_4_1=T
immediate_shift_SLLI_2_4_7=T
immediate_shift_SLLI_2_5_0=T
immediate_shift_SLLI_2_5_1=T
immediate_shift_SLLI_2_5_7=T
immediate_shift_SLLI_2_6_0=T
immediate_shift_SLLI_2_6_1=T
immediate_shift_SLLI_2_6_7=T
immediate_shift_SLLI_2_7_0=T
immediate_shift_SLLI_2_7_1=T
immediate_shift_SLLI_2_7_7=T
immediate_shift_SLLI_2_8_0=T
immediate_shift_SLLI_2_8_1=T
immediate_shift_SLLI_2_8_7=T
immediate_shift_SLLI_2_9_0=T
immediate_shift_SLLI_2_9_1=T
immediate_shift_SLLI_2_9_7=T
immediate_shift_SLLI_3_0_0=T
immediate_shift_SLLI_3_0_1=T
immediate_shift_SLLI_3_0_7=T
immediate_shift_SLLI_3_1_0=T
immediate_shift_SLLI_3_1_1=T
immediate_shift_SLLI_3_1_7=T
immediate_shift_SLLI_3_2_0=T
immediate_shift_SLLI_3_2_1=T
immediate_shift_SLLI_3_2_7=T
immediate_shift_SLLI_3_3_0=T
immediate_shift_SLLI_3_3_1=T
immediate_shift_SLLI_3_3_7=T
immediate_shift_SLLI_3_4_0=T
immediate_shift_SLLI_3_4_1=T
immediate_shift_SLLI_3_4_7=T
immediate_shift_SLLI_3_5_0=T
immediate_shift_SLLI_3_5_1=T
immediate_shift_SLLI_3_5_7=T
immediate_shift_SLLI_3_6_0=T
immediate_shift_SLLI_3_6_1=T
immediate_shift_SLLI_3_6_7=T
immediate_shift_SLLI_3_7_0=T
immediate_shift_SLLI_3_7_1=T
immediate_shift_SLLI_3_7_7=T
immediate_shift_SLLI_3_8_0=T
immediate_shift_SLLI_3_8_1=T
immediate_shift_SLLI_3_8_7=T
immediate_shift_SLLI_3_9_0=T
immediate_shift_SLLI_3_9_1=T
immediate_shift_SLLI_3_9_7=T
immediate_shift_SLLIW_0_0_0=T
immediate_shift_SLLIW_0_0_1=T
immediate_shift_SLLIW_0_0_7=T
immediate_shift_SLLIW_0_1_0=T
immediate_shift_SLLIW_0_1_1=T
immediate_shift_SLLIW_0_1_7=T
immediate_shift_SLLIW_0_2_0=T
immediate_shift_SLLIW_0_2_1=T
immediate_shift_SLLIW_0_2_7=T
immediate_shift_SLLIW_0_3_0=T
immediate_shift_SLLIW_0_3_1=T
immediate_shift_SLLIW_0_3_7=T
immediate_shift_SLLIW_0_4_0=T
immediate_shift_SLLIW_0_4_1=T
immediate_shift_SLLIW_0_4_7=T
immediate_shift_SLLIW_0_5_0=T
immediate_shift_SLLIW_0_5_1=T
immediate_shift_SLLIW_0_5_7=T
immediate_shift_SLLIW_0_6_0=T
immediate_shift_SLLIW_0_6_1=T
immediate_shift_SLLIW_0_6_7=T
immediate_shift_SLLIW_0_7_0=T
immediate_shift_SLLIW_0_7_1=T
immediate_shift_SLLIW_0_7_7=T
immediate_shift_SLLIW_0_8_0=T
immediate_shift_SLLIW_0_8_1=T
immediate_shift_SLLIW_0_8_7=T
immediate_shift_SLLIW_0_9_0=T
immediate_shift_SLLIW_0_9_1=T
immediate_shift_SLLIW_0_9_7=T
immediate_shift_SLLIW_2_0_0=T
immediate_shift_SLLIW_2_0_1=T
immediate_shift_SLLIW_2_0_7=T
immediate_shift_SLLIW_2_1_0=T
immediate_shift_SLLIW_2_1_1=T
immediate_shift_SLLIW_2_1_7=T
immediate_shift_SLLIW_2_2_0=T
immediate_shift_SLLIW_2_2_1=T
immediate_shift_SLLIW_2_2_7=T
immediate_shift_SLLIW_2_3_0=T
immediate_shift_SLLIW_2_3_1=T
immediate_shift_SLLIW_2_3_7=T
immediate_shift_SLLIW_2_4_0=T
immediate_shift_SLLIW_2_4_1=T
immediate_shift_SLLIW_2_4_7=T
immediate_shift_SLLIW_2_5_0=T
immediate_shift_SLLIW_2_5_1=T
immediate_shift_SLLIW_2_5_7=T
immediate_shift_SLLIW_2_6_0=T
immediate_shift_SLLIW_2_6_1=T
immediate_shift_SLLIW_2_6_7=T
immediate_shift_SLLIW_2_7_0=T
immediate_shift_SLLIW_2_7_1=T
immediate_shift_SLLIW_2_7_7=T
immediate_shift_SLLIW_2_8_0=T
immediate_shift_SLLIW_2_8_1=T
immediate_shift_SLLIW_2_8_7=T
immediate_shift_SLLIW_2_9_0=T
immediate_shift_SLLIW_2_9_1=T
immediate_shift_SLLIW_2_9_7=T
immediate_shift_SLLIW_3_0_0=T
immediate_shift_SLLIW_3_0_1=T
immediate_shift_SLLIW_3_0_7=T
immediate_shift_SLLIW_3_1_0=T
immediate_shift_SLLIW_3_1_1=T
immediate_shift_SLLIW_3_1_7=T
immediate_shift_SLLIW_3_2_0=T
immediate_shift_SLLIW_3_2_1=T
immediate_shift_SLLIW_3_2_7=T
immediate_shift_SLLIW_3_3_0=T
immediate_shift_SLLIW_3_3_1=T
immediate_shift_SLLIW_3_3_7=T
immediate_shift_SLLIW_3_4_0=T
immediate_shift_SLLIW_3_4_1=T
immediate_shift_SLLIW_3_4_7=T
immediate_shift_SLLIW_3_5_0=T
immediate_shift_SLLIW_3_5_1=T
immediate_shift_SLLIW_3_5_7=T
immediate_shift_SLLIW_3_6_0=T
immediate_shift_SLLIW_3_6_1=T
immediate_shift_SLLIW_3_6_7=T
immediate_shift_SLLIW_3_7_0=T
immediate_shift_SLLIW_3_7_1=T
immediate_shift_SLLIW_3_7_7=T
immediate_shift_SLLIW_3_8_0=T
immediate_shift_SLLIW_3_8_1=T
immediate_shift_SLLIW_3_8_7=T
immediate_shift_SLLIW_3_9_0=T
immediate_shift_SLLIW_3_9_1=T
immediate_shift_SLLIW_3_9_7=T
immediate_shift_SRLI_0_0_0=T
immediate_shift_SRLI_0_0_1=T
immediate_shift_SRLI_0_0_7=T
immediate_shift_SRLI_0_1_0=T
immediate_shift_SRLI_0_1_1=T
immediate_shift_SRLI_0_1_7=T
immediate_shift_SRLI_0_2_0=T
immediate_shift_SRLI_0_2_1=T
immediate_shift_SRLI_0_2_7=T
immediate_shift_SRLI_0_3_0=T
immediate_shift_SRLI_0_3_1=T
immediate_shift_SRLI_0_3_7=T
immediate_shift_SRLI_0_4_0=T
immediate_shift_SRLI_0_4_1=T
immediate_shift_SRLI_0_4_7=T
immediate_shift_SRLI_0_5_0=T
immediate_shift_SRLI_0_5_1=T
immediate_shift_SRLI_0_5_7=T
immediate_shift_SRLI_0_6_0=T
immediate_shift_SRLI_0_6_1=T
immediate_shift_SRLI_0_6_7=T
immediate_shift_SRLI_0_7_0=T
immediate_shift_SRLI_0_7_1=T
immediate_shift_SRLI_0_7_7=T
immediate_shift_SRLI_0_8_0=T
immediate_shift_SRLI_0_8_1=T
immediate_shift_SRLI_0_8_7=T
immediate_shift_SRLI_0_9_0=T
immediate_shift_SRLI_0_9_1=T
immediate_shift_SRLI_0_9_7=T
immediate_shift_SRLI_2_0_0=T
immediate_shift_SRLI_2_0_1=T
immediate_shift_SRLI_2_0_7=T
immediate_shift_SRLI_2_1_0=T
immediate_shift_SRLI_2_1_1=T
immediate_shift_SRLI_2_1_7=T
immediate_shift_SRLI_2_2_0=T
immediate_shift_SRLI_2_2_1=T
immediate_shift_SRLI_2_2_7=T
immediate_shift_SRLI_2_3_0=T
immediate_shift_SRLI_2_3_1=T
immediate_shift_SRLI_2_3_7=T
immediate_shift_SRLI_2_4_0=T
immediate_shift_SRLI_2_4_1=T
immediate_shift_SRLI_2_4_7=T
immediate_shift_SRLI_2_5_0=T
immediate_shift_SRLI_2_5_1=T
immediate_shift_SRLI_2_5_7=T
immediate_shift_SRLI_2_6_0=T
immediate_shift_SRLI_2_6_1=T
immediate_shift_SRLI_2_6_7=T
immediate_shift_SRLI_2_7_0=T
immediate_shift_SRLI_2_7_1=T
immediate_shift_SRLI_2_7_7=T
immediate_shift_SRLI_2_8_0=T
immediate_shift_SRLI_2_8_1=T
immediate_shift_SRLI_2_8_7=T
immediate_shift_SRLI_2_9_0=T
immediate_shift_SRLI_2_9_1=T
immediate_shift_SRLI_2_9_7=T
immediate_shift_SRLI_3_0_0=T
immediate_shift_SRLI_3_0_1=T
immediate_shift_SRLI_3_0_7=T
immediate_shift_SRLI_3_1_0=T
immediate_shift_SRLI_3_1_1=T
immediate_shift_SRLI_3_1_7=T
immediate_shift_SRLI_3_2_0=T
immediate_shift_SRLI_3_2_1=T
immediate_shift_SRLI_3_2_7=T
immediate_shift_SRLI_3_3_0=T
immediate_shift_SRLI_3_3_1=T
immediate_shift_SRLI_3_3_7=T
immediate_shift_SRLI_3_4_0=T
immediate_shift_SRLI_3_4_1=T
immediate_shift_SRLI_3_4_7=T
immediate_shift_SRLI_3_5_0=T
immediate_shift_SRLI_3_5_1=T
immediate_shift_SRLI_3_5_7=T
immediate_shift_SRLI_3_6_0=T
immediate_shift_SRLI_3_6_1=T
immediate_shift_SRLI_3_6_7=T
immediate_shift_SRLI_3_7_0=T
immediate_shift_SRLI_3_7_1=T
immediate_shift_SRLI_3_7_7=T
immediate_shift_SRLI_3_8_0=T
immediate_shift_SRLI_3_8_1=T
immediate_shift_SRLI_3_8_7=T
immediate_shift_SRLI_3_9_0=T
immediate_shift_SRLI_3_9_1=T
immediate_shift_SRLI_3_9_7=T
immediate_shift_SRLIW_0_0_0=T
immediate_shift_SRLIW_0_0_1=T
immediate_shift_SRLIW_0_0_7=T
immediate_shift_SRLIW_0_1_0=T
immediate_shift_SRLIW_0_1_1=T
immediate_shift_SRLIW_0_1_7=T
immediate_shift_SRLIW_0_2_0=T
immediate_shift_SRLIW_0_2_1=T
immediate_shift_SRLIW_0_2_7=T
immediate_shift_SRLIW_0_3_0=T
immediate_shift_SRLIW_0_3_1=T
immediate_shift_SRLIW_0_3_7=T
immediate_shift_SRLIW_0_4_0=T
immediate_shift_SRLIW_0_4_1=T
immediate_shift_SRLIW_0_4_7=T
immediate_shift_SRLIW_0_5_0=T
immediate_shift_SRLIW_0_5_1=T
immediate_shift_SRLIW_0_5_7=T
immediate_shift_SRLIW_0_6_0=T
immediate_shift_SRLIW_0_6_1=T
immediate_shift_SRLIW_0_6_7=T
immediate_shift_SRLIW_0_7_0=T
immediate_shift_SRLIW_0_7_1=T
immediate_shift_SRLIW_0_7_7=T
immediate_shift_SRLIW_0_8_0=T
immediate_shift_SRLIW_0_8_1=T
immediate_shift_SRLIW_0_8_7=T
immediate_shift_SRLIW_0_9_0=T
immediate_shift_SRLIW_0_9_1=T
immediate_shift_SRLIW_0_9_7=T
immediate_shift_SRLIW_2_0_0=T
immediate_shift_SRLIW_2_0_1=T
immediate_shift_SRLIW_2_0_7=T
immediate_shift_SRLIW_2_1_0=T
immediate_shift_SRLIW_2_1_1=T
immediate_shift_SRLIW_2_1_7=T
immediate_shift_SRLIW_2_2_0=T
immediate_shift_SRLIW_2_2_1=T
immediate_shift_SRLIW_2_2_7=T
immediate_shift_SRLIW_2_3_0=T
immediate_shift_SRLIW_2_3_1=T
immediate_shift_SRLIW_2_3_7=T
immediate_shift_SRLIW_2_4_0=T
immediate_shift_SRLIW_2_4_1=T
immediate_shift_SRLIW_2_4_7=T
immediate_shift_SRLIW_2_5_0=T
immediate_shift_SRLIW_2_5_1=T
immediate_shift_SRLIW_2_5_7=T
immediate_shift_SRLIW_2_6_0=T
immediate_shift_SRLIW_2_6_1=T
immediate_shift_SRLIW_2_6_7=T
immediate_shift_SRLIW_2_7_0=T
immediate_shift_SRLIW_2_7_1=T
immediate_shift_SRLIW_2_7_7=T
immediate_shift_SRLIW_2_8_0=T
immediate_shift_SRLIW_2_8_1=T
immediate_shift_SRLIW_2_8_7=T
immediate_shift_SRLIW_2_9_0=T
immediate_shift_SRLIW_2_9_1=T
immediate_shift_SRLIW_2_9_7=T
immediate_shift_SRLIW_3_0_0=T
immediate_shift_SRLIW_3_0_1=T
immediate_shift_SRLIW_3_0_7=T
immediate_shift_SRLIW_3_1_0=T
immediate_shift_SRLIW_3_1_1=T
immediate_shift_SRLIW_3_1_7=T
immediate_shift_SRLIW_3_2_0=T
immediate_shift_SRLIW_3_2_1=T
immediate_shift_SRLIW_3_2_7=T
immediate_shift_SRLIW_3_3_0=T
immediate_shift_SRLIW_3_3_1=T
immediate_shift_SRLIW_3_3_7=T
immediate_shift_SRLIW_3_4_0=T
immediate_shift_SRLIW_3_4_1=T
immediate_shift_SRLIW_3_4_7=T
immediate_shift_SRLIW_3_5_0=T
immediate_shift_SRLIW_3_5_1=T
immediate_shift_SRLIW_3_5_7=T
immediate_shift_SRLIW_3_6_0=T
immediate_shift_SRLIW_3_6_1=T
immediate_shift_SRLIW_3_6_7=T
immediate_shift_SRLIW_3_7_0=T
immediate_shift_SRLIW_3_7_1=T
immediate_shift_SRLIW_3_7_7=T
immediate_shift_SRLIW_3_8_0=T
immediate_shift_SRLIW_3_8_1=T
immediate_shift_SRLIW_3_8_7=T
immediate_shift_SRLIW_3_9_0=T
immediate_shift_SRLIW_3_9_1=T
immediate_shift_SRLIW_3_9_7=T
immediate_shift_SRAI_0_0_0=T
immediate_shift_SRAI_0_0_1=T
immediate_shift_SRAI_0_0_7=T
immediate_shift_SRAI_0_1_0=T
immediate_shift_SRAI_0_1_1=T
immediate_shift_SRAI_0_1_7=T
immediate_shift_SRAI_0_2_0=T
immediate_shift_SRAI_0_2_1=T
immediate_shift_SRAI_0_2_7=T
immediate_shift_SRAI_0_3_0=T
immediate_shift_SRAI_0_3_1=T
immediate_shift_SRAI_0_3_7=T
immediate_shift_SRAI_0_4_0=T
immediate_shift_SRAI_0_4_1=T
immediate_shift_SRAI_0_4_7=T
immediate_shift_SRAI_0_5_0=T
immediate_shift_SRAI_0_5_1=T
immediate_shift_SRAI_0_5_7=T
immediate_shift_SRAI_0_6_0=T
immediate_shift_SRAI_0_6_1=T
immediate_shift_SRAI_0_6_7=T
immediate_shift_SRAI_0_7_0=T
immediate_shift_SRAI_0_7_1=T
immediate_shift_SRAI_0_7_7=T
immediate_shift_SRAI_0_8_0=T
immediate_shift_SRAI_0_8_1=T
immediate_shift_SRAI_0_8_7=T
immediate_shift_SRAI_0_9_0=T
immediate_shift_SRAI_0_9_1=T
immediate_shift_SRAI_0_9_7=T
immediate_shift_SRAI_2_0_0=T
immediate_shift_SRAI_2_0_1=T
immediate_shift_SRAI_2_0_7=T
immediate_shift_SRAI_2_1_0=T
immediate_shift_SRAI_2_1_1=T
immediate_shift_SRAI_2_1_7=T
immediate_shift_SRAI_2_2_0=T
immediate_shift_SRAI_2_2_1=T
immediate_shift_SRAI_2_2_7=T
immediate_shift_SRAI_2_3_0=T
immediate_shift_SRAI_2_3_1=T
immediate_shift_SRAI_2_3_7=T
immediate_shift_SRAI_2_4_0=T
immediate_shift_SRAI_2_4_1=T
immediate_shift_SRAI_2_4_7=T
immediate_shift_SRAI_2_5_0=T
immediate_shift_SRAI_2_5_1=T
immediate_shift_SRAI_2_5_7=T
immediate_shift_SRAI_2_6_0=T
immediate_shift_SRAI_2_6_1=T
immediate_shift_SRAI_2_6_7=T
immediate_shift_SRAI_2_7_0=T
immediate_shift_SRAI_2_7_1=T
immediate_shift_SRAI_2_7_7=T
immediate_shift_SRAI_2_8_0=T
immediate_shift_SRAI_2_8_1=T
immediate_shift_SRAI_2_8_7=T
immediate_shift_SRAI_2_9_0=T
immediate_shift_SRAI_2_9_1=T
immediate_shift_SRAI_2_9_7=T
immediate_shift_SRAI_3_0_0=T
immediate_shift_SRAI_3_0_1=T
immediate_shift_SRAI_3_0_7=T
immediate_shift_SRAI_3_1_0=T
immediate_shift_SRAI_3_1_1=T
immediate_shift_SRAI_3_1_7=T
immediate_shift_SRAI_3_2_0=T
immediate_shift_SRAI_3_2_1=T
immediate_shift_SRAI_3_2_7=T
immediate_shift_SRAI_3_3_0=T
immediate_shift_SRAI_3_3_1=T
immediate_shift_SRAI_3_3_7=T
immediate_shift_SRAI_3_4_0=T
immediate_shift_SRAI_3_4_1=T
immediate_shift_SRAI_3_4_7=T
immediate_shift_SRAI_3_5_0=T
immediate_shift_SRAI_3_5_1=T
immediate_shift_SRAI_3_5_7=T
immediate_shift_SRAI_3_6_0=T
immediate_shift_SRAI_3_6_1=T
immediate_shift_SRAI_3_6_7=T
immediate_shift_SRAI_3_7_0=T
immediate_shift_SRAI_3_7_1=T
immediate_shift_SRAI_3_7_7=T
immediate_shift_SRAI_3_8_0=T
immediate_shift_SRAI_3_8_1=T
immediate_shift_SRAI_3_8_7=T
immediate_shift_SRAI_3_9_0=T
immediate_shift_SRAI_3_9_1=T
immediate_shift_SRAI_3_9_7=T
immediate_shift_SRAIW_0_0_0=T
immediate_shift_SRAIW_0_0_1=T
immediate_shift_SRAIW_0_0_7=T
immediate_shift_SRAIW_0_1_0=T
immediate_shift_SRAIW_0_1_1=T
immediate_shift_SRAIW_0_1_7=T
immediate_shift_SRAIW_0_2_0=T
immediate_shift_SRAIW_0_2_1=T
immediate_shift_SRAIW_0_2_7=T
immediate_shift_SRAIW_0_3_0=T
immediate_shift_SRAIW_0_3_1=T
immediate_shift_SRAIW_0_3_7=T
immediate_shift_SRAIW_0_4_0=T
immediate_shift_SRAIW_0_4_1=T
immediate_shift_SRAIW_0_4_7=T
immediate_shift_SRAIW_0_5_0=T
immediate_shift_SRAIW_0_5_1=T
immediate_shift_SRAIW_0_5_7=T
immediate_shift_SRAIW_0_6_0=T
immediate_shift_SRAIW_0_6_1=T
immediate_shift_SRAIW_0_6_7=T
immediate_shift_SRAIW_0_7_0=T
immediate_shift_SRAIW_0_7_1=T
immediate_shift_SRAIW_0_7_7=T
immediate_shift_SRAIW_0_8_0=T
immediate_shift_SRAIW_0_8_1=T
immediate_shift_SRAIW_0_8_7=T
immediate_shift_SRAIW_0_9_0=T
immediate_shift_SRAIW_0_9_1=T
immediate_shift_SRAIW_0_9_7=T
immediate_shift_SRAIW_2_0_0=T
immediate_shift_SRAIW_2_0_1=T
immediate_shift_SRAIW_2_0_7=T
immediate_shift_SRAIW_2_1_0=T
immediate_shift_SRAIW_2_1_1=T
immediate_shift_SRAIW_2_1_7=T
immediate_shift_SRAIW_2_2_0=T
immediate_shift_SRAIW_2_2_1=T
immediate_shift_SRAIW_2_2_7=T
immediate_shift_SRAIW_2_3_0=T
immediate_shift_SRAIW_2_3_1=T
immediate_shift_SRAIW_2_3_7=T
immediate_shift_SRAIW_2_4_0=T
immediate_shift_SRAIW_2_4_1=T
immediate_shift_SRAIW_2_4_7=T
immediate_shift_SRAIW_2_5_0=T
immediate_shift_SRAIW_2_5_1=T
immediate_shift_SRAIW_2_5_7=T
immediate_shift_SRAIW_2_6_0=T
immediate_shift_SRAIW_2_6_1=T
immediate_shift_SRAIW_2_6_7=T
immediate_shift_SRAIW_2_7_0=T
immediate_shift_SRAIW_2_7_1=T
immediate_shift_SRAIW_2_7_7=T
immediate_shift_SRAIW_2_8_0=T
immediate_shift_SRAIW_2_8_1=T
immediate_shift_SRAIW_2_8_7=T
immediate_shift_SRAIW_2_9_0=T
immediate_shift_SRAIW_2_9_1=T
immediate_shift_SRAIW_2_9_7=T
immediate_shift_SRAIW_3_0_0=T
immediate_shift_SRAIW_3_0_1=T
immediate_shift_SRAIW_3_0_7=T
immediate_shift_SRAIW_3_1_0=T
immediate_shift_SRAIW_3_1_1=T
immediate_shift_SRAIW_3_1_7=T
immediate_shift_SRAIW_3_2_0=T
immediate_shift_SRAIW_3_2_1=T
immediate_shift_SRAIW_3_2_7=T
immediate_shift_SRAIW_3_3_0=T
immediate_shift_SRAIW_3_3_1=T
immediate_shift_SRAIW_3_3_7=T
immediate_shift_SRAIW_3_4_0=T
immediate_shift_SRAIW_3_4_1=T
immediate_shift_SRAIW_3_4_7=T
immediate_shift_SRAIW_3_5_0=T
immediate_shift_SRAIW_3_5_1=T
immediate_shift_SRAIW_3_5_7=T
immediate_shift_SRAIW_3_6_0=T
immediate_shift_SRAIW_3_6_1=T
immediate_shift_SRAIW_3_6_7=T
immediate_shift_SRAIW_3_7_0=T
immediate_shift_SRAIW_3_7_1=T
immediate_shift_SRAIW_3_7_7=T
immediate_shift_SRAIW_3_8_0=T
immediate_shift_SRAIW_3_8_1=T
immediate_shift_SRAIW_3_8_7=T
immediate_shift_SRAIW_3_9_0=T
immediate_shift_SRAIW_3_9_1=T
immediate_shift_SRAIW_3_9_7=T
immediate_shift_symbolic_SLLI=T
immediate_shift_symbolic_SLLIW=T
immediate_shift_symbolic_SRLI=T
immediate_shift_symbolic_SRLIW=T
immediate_shift_symbolic_SRAI=T
immediate_shift_symbolic_SRAIW=T
immediate_shift_invalid_SLLI_0_0=T
immediate_shift_invalid_SLLI_0_1=T
immediate_shift_invalid_SLLI_1_0=T
immediate_shift_invalid_SLLI_1_1=T
immediate_shift_invalid_SRLI_0_0=T
immediate_shift_invalid_SRLI_0_1=T
immediate_shift_invalid_SRLI_1_0=T
immediate_shift_invalid_SRLI_1_1=T
immediate_shift_invalid_SRAI_0_0=T
immediate_shift_invalid_SRAI_0_1=T
immediate_shift_invalid_SRAI_1_0=T
immediate_shift_invalid_SRAI_1_1=T
