sw_definition=∀rs1 rs2 offs. dfn'SW (rs1,rs2,offs) = (λstate. (let v = GPR rs1 state + sw2sw offs; (v0,s) = translateAddr (v,Data,Write) state in case v0 of NONE => signalAddressException (Store_AMO_Fault,v) s | SOME pAddr => rawWriteData (pAddr,GPR rs2 s,4) s))
sw_type=:word5 # word5 # word12 -> riscv_state -> riscv_state
sh_definition=∀rs1 rs2 offs. dfn'SH (rs1,rs2,offs) = (λstate. (let v = GPR rs1 state + sw2sw offs; (v0,s) = translateAddr (v,Data,Write) state in case v0 of NONE => signalAddressException (Store_AMO_Fault,v) s | SOME pAddr => rawWriteData (pAddr,GPR rs2 s,2) s))
sh_type=:word5 # word5 # word12 -> riscv_state -> riscv_state
sb_definition=∀rs1 rs2 offs. dfn'SB (rs1,rs2,offs) = (λstate. (let v = GPR rs1 state + sw2sw offs; (v0,s) = translateAddr (v,Data,Write) state in case v0 of NONE => signalAddressException (Store_AMO_Fault,v) s | SOME pAddr => rawWriteData (pAddr,GPR rs2 s,1) s))
sb_type=:word5 # word5 # word12 -> riscv_state -> riscv_state
sd_definition=∀rs1 rs2 offs. dfn'SD (rs1,rs2,offs) = (λstate. (let (v,s) = in32BitMode () state in if v then signalException Illegal_Instr s else (let v = GPR rs1 s + sw2sw offs; (v0,s) = translateAddr (v,Data,Write) s in case v0 of NONE => signalAddressException (Store_AMO_Fault,v) s | SOME pAddr => rawWriteData (pAddr,GPR rs2 s,8) s)))
sd_type=:word5 # word5 # word12 -> riscv_state -> riscv_state
sw_aligned=(81985529216486895,81985529216486895,81985529216486895,(0,NONE),T,18364758544817573359,0,18364758544817573359,[239; 205; 171; 137; 152; 186; 220; 254],NONE,NONE,T,1,7)
sw_positive_memory=(81985529216486895,81985529216486895,81985529216486895,(0,NONE),T,1311768467177459183,0,1311768467177459183,[239; 205; 171; 137; 120; 86; 52; 18],NONE,NONE,T,1,7)
sw_rs2_zero=(0,99,99,(0,NONE),T,18364758542507835392,0,18364758542507835392,[0; 0; 0; 0; 152; 186; 220; 254],NONE,NONE,T,1,7)
sw_negative_offset_cross=(81985529216486895,81985529216486895,81985529216486895,(0,NONE),T,17221764975064776704,71737338065693645,18364758544817573359,[239; 205; 171; 137; 152; 186; 220; 254],NONE,NONE,T,1,7)
sw_offset_wrap=(81985529216486895,81985529216486895,81985529216486895,(0,NONE),T,18364758544817573359,0,18364758544817573359,[239; 205; 171; 137; 152; 186; 220; 254],NONE,NONE,T,1,7)
sw_address_wrap=(81985529216486895,81985529216486895,81985529216486895,(0,NONE),T,71737338065693645,0,18364758544817573359,[239; 205; 171; 137; 152; 186; 220; 254],NONE,NONE,T,1,7)
sw_core_wrap=(81985529216486895,81985529216486895,81985529216486895,(0,NONE),T,18364758544817573359,0,18364758544817573359,[239; 205; 171; 137; 152; 186; 220; 254],NONE,NONE,T,1,255)
sw_fault_sv32_unaligned=(81985529216486895,81985529216486895,81985529216486895,(4,SOME 7),T,9223372036854775808,71737338072814720,18364758546640568448,[128; 128; 84; 246; 152; 186; 220; 254],NONE,NONE,T,1,7)
sw_rv32_mode=(81985529216486895,81985529216486895,81985529216486895,(0,NONE),T,18364758544817573359,0,18364758544817573359,[239; 205; 171; 137; 152; 186; 220; 254],NONE,NONE,T,1,7)
sw_rv128_mode=(81985529216486895,81985529216486895,81985529216486895,(0,NONE),T,18364758544817573359,0,18364758544817573359,[239; 205; 171; 137; 152; 186; 220; 254],NONE,NONE,T,1,7)
sw_write_walk_returned_state=(81985529216486895,81985529216486895,81985529216486895,(0,NONE),T,2309737967,0,2309737967,[239; 205; 171; 137; 0; 0; 0; 0],SOME (63,F,1073741823,18446744072635809792,0,0,77,0,T,3,T,0,3,T,0),NONE,T,1,7)
sw_read_only_page_fault=(81985529216486895,81985529216486895,81985529216486895,(4,SOME 0),T,3077,0,3077,[5; 12; 0; 0; 0; 0; 0; 0],NONE,NONE,T,1,7)
sw_invalid_pte_fault=(81985529216486895,81985529216486895,81985529216486895,(4,SOME 0),T,0,0,0,[0; 0; 0; 0; 0; 0; 0; 0],NONE,NONE,T,1,7)
sw_positive_offset=(81985529216486895,81985529216486895,81985529216486895,(0,NONE),T,9920249030594527232,4275878552,18364758544817573359,[239; 205; 171; 137; 152; 186; 220; 254],NONE,NONE,T,1,7)
sw_rs1_zero=(81985529216486895,81985529216486895,81985529216486895,(0,NONE),T,18364758544817573359,0,18364758544817573359,[239; 205; 171; 137; 152; 186; 220; 254],NONE,NONE,T,1,7)
sh_aligned=(81985529216486895,81985529216486895,81985529216486895,(0,NONE),T,18364758546640588271,0,18364758546640588271,[239; 205; 84; 246; 152; 186; 220; 254],NONE,NONE,T,1,7)
sh_positive_memory=(81985529216486895,81985529216486895,81985529216486895,(0,NONE),T,1311768465173171695,0,1311768465173171695,[239; 205; 52; 18; 120; 86; 52; 18],NONE,NONE,T,1,7)
sh_rs2_zero=(0,99,99,(0,NONE),T,18364758546640535552,0,18364758546640535552,[0; 0; 84; 246; 152; 186; 220; 254],NONE,NONE,T,1,7)
sh_negative_offset_cross=(81985529216486895,81985529216486895,81985529216486895,(0,NONE),T,17221764975064776704,71737338072814797,18364758546640588271,[239; 205; 84; 246; 152; 186; 220; 254],NONE,NONE,T,1,7)
sh_offset_wrap=(81985529216486895,81985529216486895,81985529216486895,(0,NONE),T,18364758546640588271,0,18364758546640588271,[239; 205; 84; 246; 152; 186; 220; 254],NONE,NONE,T,1,7)
sh_address_wrap=(81985529216486895,81985529216486895,81985529216486895,(0,NONE),T,71737338072814797,0,18364758546640588271,[239; 205; 84; 246; 152; 186; 220; 254],NONE,NONE,T,1,7)
sh_core_wrap=(81985529216486895,81985529216486895,81985529216486895,(0,NONE),T,18364758546640588271,0,18364758546640588271,[239; 205; 84; 246; 152; 186; 220; 254],NONE,NONE,T,1,255)
sh_fault_sv32_unaligned=(81985529216486895,81985529216486895,81985529216486895,(4,SOME 7),T,9223372036854775808,71737338072814720,18364758546640568448,[128; 128; 84; 246; 152; 186; 220; 254],NONE,NONE,T,1,7)
sh_rv32_mode=(81985529216486895,81985529216486895,81985529216486895,(0,NONE),T,18364758546640588271,0,18364758546640588271,[239; 205; 84; 246; 152; 186; 220; 254],NONE,NONE,T,1,7)
sh_rv128_mode=(81985529216486895,81985529216486895,81985529216486895,(0,NONE),T,18364758546640588271,0,18364758546640588271,[239; 205; 84; 246; 152; 186; 220; 254],NONE,NONE,T,1,7)
sh_write_walk_returned_state=(81985529216486895,81985529216486895,81985529216486895,(0,NONE),T,52719,0,52719,[239; 205; 0; 0; 0; 0; 0; 0],SOME (63,F,1073741823,18446744072635809792,0,0,77,0,T,3,T,0,3,T,0),NONE,T,1,7)
sh_read_only_page_fault=(81985529216486895,81985529216486895,81985529216486895,(4,SOME 0),T,3077,0,3077,[5; 12; 0; 0; 0; 0; 0; 0],NONE,NONE,T,1,7)
sh_invalid_pte_fault=(81985529216486895,81985529216486895,81985529216486895,(4,SOME 0),T,0,0,0,[0; 0; 0; 0; 0; 0; 0; 0],NONE,NONE,T,1,7)
sh_positive_offset=(81985529216486895,81985529216486895,81985529216486895,(0,NONE),T,17750038457754845184,4275878552,18364758546640588271,[239; 205; 84; 246; 152; 186; 220; 254],NONE,NONE,T,1,7)
sh_rs1_zero=(81985529216486895,81985529216486895,81985529216486895,(0,NONE),T,18364758546640588271,0,18364758546640588271,[239; 205; 84; 246; 152; 186; 220; 254],NONE,NONE,T,1,7)
sb_aligned=(81985529216486895,81985529216486895,81985529216486895,(0,NONE),T,18364758546640568559,0,18364758546640568559,[239; 128; 84; 246; 152; 186; 220; 254],NONE,NONE,T,1,7)
sb_positive_memory=(81985529216486895,81985529216486895,81985529216486895,(0,NONE),T,1311768465173141231,0,1311768465173141231,[239; 86; 52; 18; 120; 86; 52; 18],NONE,NONE,T,1,7)
sb_rs2_zero=(0,99,99,(0,NONE),T,18364758546640568320,0,18364758546640568320,[0; 128; 84; 246; 152; 186; 220; 254],NONE,NONE,T,1,7)
sb_negative_offset_cross=(81985529216486895,81985529216486895,81985529216486895,(0,NONE),T,17221764975064776704,71737338072814720,18364758546640568559,[239; 128; 84; 246; 152; 186; 220; 254],NONE,NONE,T,1,7)
sb_offset_wrap=(81985529216486895,81985529216486895,81985529216486895,(0,NONE),T,18364758546640568559,0,18364758546640568559,[239; 128; 84; 246; 152; 186; 220; 254],NONE,NONE,T,1,7)
sb_address_wrap=(81985529216486895,81985529216486895,81985529216486895,(0,NONE),T,71737338072814720,0,18364758546640568559,[239; 128; 84; 246; 152; 186; 220; 254],NONE,NONE,T,1,7)
sb_core_wrap=(81985529216486895,81985529216486895,81985529216486895,(0,NONE),T,18364758546640568559,0,18364758546640568559,[239; 128; 84; 246; 152; 186; 220; 254],NONE,NONE,T,1,255)
sb_fault_sv32_unaligned=(81985529216486895,81985529216486895,81985529216486895,(4,SOME 7),T,9223372036854775808,71737338072814720,18364758546640568448,[128; 128; 84; 246; 152; 186; 220; 254],NONE,NONE,T,1,7)
sb_rv32_mode=(81985529216486895,81985529216486895,81985529216486895,(0,NONE),T,18364758546640568559,0,18364758546640568559,[239; 128; 84; 246; 152; 186; 220; 254],NONE,NONE,T,1,7)
sb_rv128_mode=(81985529216486895,81985529216486895,81985529216486895,(0,NONE),T,18364758546640568559,0,18364758546640568559,[239; 128; 84; 246; 152; 186; 220; 254],NONE,NONE,T,1,7)
sb_write_walk_returned_state=(81985529216486895,81985529216486895,81985529216486895,(0,NONE),T,3311,0,3311,[239; 12; 0; 0; 0; 0; 0; 0],SOME (63,F,1073741823,18446744072635809792,0,0,77,0,T,3,T,0,3,T,0),NONE,T,1,7)
sb_read_only_page_fault=(81985529216486895,81985529216486895,81985529216486895,(4,SOME 0),T,3077,0,3077,[5; 12; 0; 0; 0; 0; 0; 0],NONE,NONE,T,1,7)
sb_invalid_pte_fault=(81985529216486895,81985529216486895,81985529216486895,(4,SOME 0),T,0,0,0,[0; 0; 0; 0; 0; 0; 0; 0],NONE,NONE,T,1,7)
sb_positive_offset=(81985529216486895,81985529216486895,81985529216486895,(0,NONE),T,17749953795359506432,4275878552,18364758546640568559,[239; 128; 84; 246; 152; 186; 220; 254],NONE,NONE,T,1,7)
sb_rs1_zero=(81985529216486895,81985529216486895,81985529216486895,(0,NONE),T,18364758546640568559,0,18364758546640568559,[239; 128; 84; 246; 152; 186; 220; 254],NONE,NONE,T,1,7)
sd_aligned=(81985529216486895,81985529216486895,81985529216486895,(0,NONE),T,81985529216486895,0,81985529216486895,[239; 205; 171; 137; 103; 69; 35; 1],NONE,NONE,T,1,7)
sd_positive_memory=(81985529216486895,81985529216486895,81985529216486895,(0,NONE),T,81985529216486895,0,81985529216486895,[239; 205; 171; 137; 103; 69; 35; 1],NONE,NONE,T,1,7)
sd_rs2_zero=(0,99,99,(0,NONE),T,0,0,0,[0; 0; 0; 0; 0; 0; 0; 0],NONE,NONE,T,1,7)
sd_negative_offset_cross=(81985529216486895,81985529216486895,81985529216486895,(0,NONE),T,17221764975064776704,320255973501901,81985529216486895,[239; 205; 171; 137; 103; 69; 35; 1],NONE,NONE,T,1,7)
sd_offset_wrap=(81985529216486895,81985529216486895,81985529216486895,(0,NONE),T,81985529216486895,0,81985529216486895,[239; 205; 171; 137; 103; 69; 35; 1],NONE,NONE,T,1,7)
sd_address_wrap=(81985529216486895,81985529216486895,81985529216486895,(0,NONE),T,320255973501901,0,81985529216486895,[239; 205; 171; 137; 103; 69; 35; 1],NONE,NONE,T,1,7)
sd_core_wrap=(81985529216486895,81985529216486895,81985529216486895,(0,NONE),T,81985529216486895,0,81985529216486895,[239; 205; 171; 137; 103; 69; 35; 1],NONE,NONE,T,1,255)
sd_fault_sv32_unaligned=(81985529216486895,81985529216486895,81985529216486895,(4,SOME 7),T,9223372036854775808,71737338072814720,18364758546640568448,[128; 128; 84; 246; 152; 186; 220; 254],NONE,NONE,T,1,7)
sd_rv32_mode=(81985529216486895,81985529216486895,81985529216486895,(2,NONE),T,18364758546640568448,0,18364758546640568448,[128; 128; 84; 246; 152; 186; 220; 254],NONE,NONE,T,1,7)
sd_rv128_mode=(81985529216486895,81985529216486895,81985529216486895,(0,NONE),T,81985529216486895,0,81985529216486895,[239; 205; 171; 137; 103; 69; 35; 1],NONE,NONE,T,1,7)
sd_write_walk_returned_state=(81985529216486895,81985529216486895,81985529216486895,(0,NONE),T,81985529216486895,0,81985529216486895,[239; 205; 171; 137; 103; 69; 35; 1],SOME (63,F,1073741823,18446744072635809792,0,0,77,0,T,3,T,0,3,T,0),NONE,T,1,7)
sd_read_only_page_fault=(81985529216486895,81985529216486895,81985529216486895,(4,SOME 0),T,3077,0,3077,[5; 12; 0; 0; 0; 0; 0; 0],NONE,NONE,T,1,7)
sd_invalid_pte_fault=(81985529216486895,81985529216486895,81985529216486895,(4,SOME 0),T,0,0,0,[0; 0; 0; 0; 0; 0; 0; 0],NONE,NONE,T,1,7)
sd_positive_offset=(81985529216486895,81985529216486895,81985529216486895,(0,NONE),T,9920249030594527232,19088743,81985529216486895,[239; 205; 171; 137; 103; 69; 35; 1],NONE,NONE,T,1,7)
sd_rs1_zero=(81985529216486895,81985529216486895,81985529216486895,(0,NONE),T,81985529216486895,0,81985529216486895,[239; 205; 171; 137; 103; 69; 35; 1],NONE,NONE,T,1,7)
/tmp/flap-solc-l3-fp-reviewed/scripts/hol-probes/l3_integer_store_probeScript.sml:616: warning: The type of (it) contains a free type variable. Setting it to a unique monotype.
