raw_read_0=506097522914230528
raw_read_1=578437695752307201
raw_read_2=650777868590383874
raw_read_3=723118041428460547
raw_read_4=795458214266537220
raw_read_5=867798387104613893
raw_read_6=940138559942690566
raw_read_7=1012478732780767239
raw_read_8=18446460386757245432
raw_read_9=72056485885770489
raw_read_10=433757350076154111
perm_2_Instruction_Read_User=T
perm_2_Instruction_Read_Supervisor=F
perm_2_Instruction_Read_Hypervisor=F
perm_2_Instruction_Read_Machine=F
perm_2_Instruction_Write_User=F
perm_2_Instruction_Write_Supervisor=F
perm_2_Instruction_Write_Hypervisor=F
perm_2_Instruction_Write_Machine=F
perm_2_Data_Read_User=T
perm_2_Data_Read_Supervisor=T
perm_2_Data_Read_Hypervisor=T
perm_2_Data_Read_Machine=T
perm_2_Data_Write_User=F
perm_2_Data_Write_Supervisor=F
perm_2_Data_Write_Hypervisor=F
perm_2_Data_Write_Machine=F
perm_3_Instruction_Read_User=T
perm_3_Instruction_Read_Supervisor=F
perm_3_Instruction_Read_Hypervisor=F
perm_3_Instruction_Read_Machine=F
perm_3_Instruction_Write_User=T
perm_3_Instruction_Write_Supervisor=F
perm_3_Instruction_Write_Hypervisor=F
perm_3_Instruction_Write_Machine=F
perm_3_Data_Read_User=T
perm_3_Data_Read_Supervisor=T
perm_3_Data_Read_Hypervisor=T
perm_3_Data_Read_Machine=T
perm_3_Data_Write_User=T
perm_3_Data_Write_Supervisor=T
perm_3_Data_Write_Hypervisor=T
perm_3_Data_Write_Machine=T
perm_4_Instruction_Read_User=F
perm_4_Instruction_Read_Supervisor=F
perm_4_Instruction_Read_Hypervisor=F
perm_4_Instruction_Read_Machine=F
perm_4_Instruction_Write_User=F
perm_4_Instruction_Write_Supervisor=F
perm_4_Instruction_Write_Hypervisor=F
perm_4_Instruction_Write_Machine=F
perm_4_Data_Read_User=T
perm_4_Data_Read_Supervisor=T
perm_4_Data_Read_Hypervisor=T
perm_4_Data_Read_Machine=T
perm_4_Data_Write_User=F
perm_4_Data_Write_Supervisor=F
perm_4_Data_Write_Hypervisor=F
perm_4_Data_Write_Machine=F
perm_5_Instruction_Read_User=F
perm_5_Instruction_Read_Supervisor=F
perm_5_Instruction_Read_Hypervisor=F
perm_5_Instruction_Read_Machine=F
perm_5_Instruction_Write_User=F
perm_5_Instruction_Write_Supervisor=F
perm_5_Instruction_Write_Hypervisor=F
perm_5_Instruction_Write_Machine=F
perm_5_Data_Read_User=T
perm_5_Data_Read_Supervisor=T
perm_5_Data_Read_Hypervisor=T
perm_5_Data_Read_Machine=T
perm_5_Data_Write_User=T
perm_5_Data_Write_Supervisor=T
perm_5_Data_Write_Hypervisor=T
perm_5_Data_Write_Machine=T
perm_6_Instruction_Read_User=T
perm_6_Instruction_Read_Supervisor=T
perm_6_Instruction_Read_Hypervisor=T
perm_6_Instruction_Read_Machine=T
perm_6_Instruction_Write_User=F
perm_6_Instruction_Write_Supervisor=F
perm_6_Instruction_Write_Hypervisor=F
perm_6_Instruction_Write_Machine=F
perm_6_Data_Read_User=T
perm_6_Data_Read_Supervisor=T
perm_6_Data_Read_Hypervisor=T
perm_6_Data_Read_Machine=T
perm_6_Data_Write_User=F
perm_6_Data_Write_Supervisor=F
perm_6_Data_Write_Hypervisor=F
perm_6_Data_Write_Machine=F
perm_7_Instruction_Read_User=T
perm_7_Instruction_Read_Supervisor=T
perm_7_Instruction_Read_Hypervisor=T
perm_7_Instruction_Read_Machine=T
perm_7_Instruction_Write_User=T
perm_7_Instruction_Write_Supervisor=T
perm_7_Instruction_Write_Hypervisor=T
perm_7_Instruction_Write_Machine=T
perm_7_Data_Read_User=T
perm_7_Data_Read_Supervisor=T
perm_7_Data_Read_Hypervisor=T
perm_7_Data_Read_Machine=T
perm_7_Data_Write_User=T
perm_7_Data_Write_Supervisor=T
perm_7_Data_Write_Hypervisor=T
perm_7_Data_Write_Machine=T
perm_8_Instruction_Read_User=F
perm_8_Instruction_Read_Supervisor=F
perm_8_Instruction_Read_Hypervisor=F
perm_8_Instruction_Read_Machine=F
perm_8_Instruction_Write_User=F
perm_8_Instruction_Write_Supervisor=F
perm_8_Instruction_Write_Hypervisor=F
perm_8_Instruction_Write_Machine=F
perm_8_Data_Read_User=F
perm_8_Data_Read_Supervisor=T
perm_8_Data_Read_Hypervisor=T
perm_8_Data_Read_Machine=T
perm_8_Data_Write_User=F
perm_8_Data_Write_Supervisor=F
perm_8_Data_Write_Hypervisor=F
perm_8_Data_Write_Machine=F
perm_9_Instruction_Read_User=F
perm_9_Instruction_Read_Supervisor=F
perm_9_Instruction_Read_Hypervisor=F
perm_9_Instruction_Read_Machine=F
perm_9_Instruction_Write_User=F
perm_9_Instruction_Write_Supervisor=F
perm_9_Instruction_Write_Hypervisor=F
perm_9_Instruction_Write_Machine=F
perm_9_Data_Read_User=F
perm_9_Data_Read_Supervisor=T
perm_9_Data_Read_Hypervisor=T
perm_9_Data_Read_Machine=T
perm_9_Data_Write_User=F
perm_9_Data_Write_Supervisor=T
perm_9_Data_Write_Hypervisor=T
perm_9_Data_Write_Machine=T
perm_10_Instruction_Read_User=F
perm_10_Instruction_Read_Supervisor=T
perm_10_Instruction_Read_Hypervisor=T
perm_10_Instruction_Read_Machine=T
perm_10_Instruction_Write_User=F
perm_10_Instruction_Write_Supervisor=F
perm_10_Instruction_Write_Hypervisor=F
perm_10_Instruction_Write_Machine=F
perm_10_Data_Read_User=F
perm_10_Data_Read_Supervisor=T
perm_10_Data_Read_Hypervisor=T
perm_10_Data_Read_Machine=T
perm_10_Data_Write_User=F
perm_10_Data_Write_Supervisor=F
perm_10_Data_Write_Hypervisor=F
perm_10_Data_Write_Machine=F
perm_11_Instruction_Read_User=F
perm_11_Instruction_Read_Supervisor=T
perm_11_Instruction_Read_Hypervisor=T
perm_11_Instruction_Read_Machine=T
perm_11_Instruction_Write_User=F
perm_11_Instruction_Write_Supervisor=T
perm_11_Instruction_Write_Hypervisor=T
perm_11_Instruction_Write_Machine=T
perm_11_Data_Read_User=F
perm_11_Data_Read_Supervisor=T
perm_11_Data_Read_Hypervisor=T
perm_11_Data_Read_Machine=T
perm_11_Data_Write_User=F
perm_11_Data_Write_Supervisor=T
perm_11_Data_Write_Hypervisor=T
perm_11_Data_Write_Machine=T
perm_12_Instruction_Read_User=F
perm_12_Instruction_Read_Supervisor=F
perm_12_Instruction_Read_Hypervisor=F
perm_12_Instruction_Read_Machine=F
perm_12_Instruction_Write_User=F
perm_12_Instruction_Write_Supervisor=F
perm_12_Instruction_Write_Hypervisor=F
perm_12_Instruction_Write_Machine=F
perm_12_Data_Read_User=F
perm_12_Data_Read_Supervisor=T
perm_12_Data_Read_Hypervisor=T
perm_12_Data_Read_Machine=T
perm_12_Data_Write_User=F
perm_12_Data_Write_Supervisor=F
perm_12_Data_Write_Hypervisor=F
perm_12_Data_Write_Machine=F
perm_13_Instruction_Read_User=F
perm_13_Instruction_Read_Supervisor=F
perm_13_Instruction_Read_Hypervisor=F
perm_13_Instruction_Read_Machine=F
perm_13_Instruction_Write_User=F
perm_13_Instruction_Write_Supervisor=F
perm_13_Instruction_Write_Hypervisor=F
perm_13_Instruction_Write_Machine=F
perm_13_Data_Read_User=F
perm_13_Data_Read_Supervisor=T
perm_13_Data_Read_Hypervisor=T
perm_13_Data_Read_Machine=T
perm_13_Data_Write_User=F
perm_13_Data_Write_Supervisor=T
perm_13_Data_Write_Hypervisor=T
perm_13_Data_Write_Machine=T
perm_14_Instruction_Read_User=F
perm_14_Instruction_Read_Supervisor=T
perm_14_Instruction_Read_Hypervisor=T
perm_14_Instruction_Read_Machine=T
perm_14_Instruction_Write_User=F
perm_14_Instruction_Write_Supervisor=F
perm_14_Instruction_Write_Hypervisor=F
perm_14_Instruction_Write_Machine=F
perm_14_Data_Read_User=F
perm_14_Data_Read_Supervisor=T
perm_14_Data_Read_Hypervisor=T
perm_14_Data_Read_Machine=T
perm_14_Data_Write_User=F
perm_14_Data_Write_Supervisor=F
perm_14_Data_Write_Hypervisor=F
perm_14_Data_Write_Machine=F
perm_15_Instruction_Read_User=F
perm_15_Instruction_Read_Supervisor=T
perm_15_Instruction_Read_Hypervisor=T
perm_15_Instruction_Read_Machine=T
perm_15_Instruction_Write_User=F
perm_15_Instruction_Write_Supervisor=T
perm_15_Instruction_Write_Hypervisor=T
perm_15_Instruction_Write_Machine=T
perm_15_Data_Read_User=F
perm_15_Data_Read_Supervisor=T
perm_15_Data_Read_Hypervisor=T
perm_15_Data_Read_Machine=T
perm_15_Data_Write_User=F
perm_15_Data_Write_Supervisor=T
perm_15_Data_Write_Hypervisor=T
perm_15_Data_Write_Machine=T
vm_0=Mbare
vm_1=Mbb
vm_2=Mbbid
vm_8=Sv32
vm_9=Sv39
vm_10=Sv48
vm_11=Sv57
vm_12=Sv64
perm_error_0=⊢ checkMemPermission (ft,ac,priv,0w) s = raise'exception (INTERNAL_ERROR "Checking perm on Page-Table pointer!") s
perm_error_1=⊢ checkMemPermission (ft,ac,priv,1w) s = raise'exception (INTERNAL_ERROR "Checking perm on Page-Table pointer!") s
vm_error_3=⊢ vmType 3w s = raise'exception (UNDEFINED "Unknown address translation mode: 3") s
vm_error_4=⊢ vmType 4w s = raise'exception (UNDEFINED "Unknown address translation mode: 4") s
vm_error_5=⊢ vmType 5w s = raise'exception (UNDEFINED "Unknown address translation mode: 5") s
vm_error_6=⊢ vmType 6w s = raise'exception (UNDEFINED "Unknown address translation mode: 6") s
vm_error_7=⊢ vmType 7w s = raise'exception (UNDEFINED "Unknown address translation mode: 7") s
vm_error_13=⊢ vmType 13w s = raise'exception (UNDEFINED "Unknown address translation mode: 13") s
vm_error_14=⊢ vmType 14w s = raise'exception (UNDEFINED "Unknown address translation mode: 14") s
vm_error_15=⊢ vmType 15w s = raise'exception (UNDEFINED "Unknown address translation mode: 15") s
vm_error_16=⊢ vmType 16w s = raise'exception (UNDEFINED "Unknown address translation mode: 16") s
vm_error_17=⊢ vmType 17w s = raise'exception (UNDEFINED "Unknown address translation mode: 17") s
vm_error_18=⊢ vmType 18w s = raise'exception (UNDEFINED "Unknown address translation mode: 18") s
vm_error_19=⊢ vmType 19w s = raise'exception (UNDEFINED "Unknown address translation mode: 19") s
vm_error_20=⊢ vmType 20w s = raise'exception (UNDEFINED "Unknown address translation mode: 20") s
vm_error_21=⊢ vmType 21w s = raise'exception (UNDEFINED "Unknown address translation mode: 21") s
vm_error_22=⊢ vmType 22w s = raise'exception (UNDEFINED "Unknown address translation mode: 22") s
vm_error_23=⊢ vmType 23w s = raise'exception (UNDEFINED "Unknown address translation mode: 23") s
vm_error_24=⊢ vmType 24w s = raise'exception (UNDEFINED "Unknown address translation mode: 24") s
vm_error_25=⊢ vmType 25w s = raise'exception (UNDEFINED "Unknown address translation mode: 25") s
vm_error_26=⊢ vmType 26w s = raise'exception (UNDEFINED "Unknown address translation mode: 26") s
vm_error_27=⊢ vmType 27w s = raise'exception (UNDEFINED "Unknown address translation mode: 27") s
vm_error_28=⊢ vmType 28w s = raise'exception (UNDEFINED "Unknown address translation mode: 28") s
vm_error_29=⊢ vmType 29w s = raise'exception (UNDEFINED "Unknown address translation mode: 29") s
vm_error_30=⊢ vmType 30w s = raise'exception (UNDEFINED "Unknown address translation mode: 30") s
vm_error_31=⊢ vmType 31w s = raise'exception (UNDEFINED "Unknown address translation mode: 31") s
write_0_0=[255; 0; 1; 2; 3; 4; 5; 6; 7; 8; 9; 10; 11; 12; 13; 14; 15]
write_0_1=[255; 136; 1; 2; 3; 4; 5; 6; 7; 8; 9; 10; 11; 12; 13; 14; 15]
write_0_2=[255; 136; 119; 2; 3; 4; 5; 6; 7; 8; 9; 10; 11; 12; 13; 14; 15]
write_0_8=[255; 136; 119; 102; 85; 68; 51; 34; 17; 8; 9; 10; 11; 12; 13; 14; 15]
write_0_9=[255; 136; 119; 102; 85; 68; 51; 34; 17; 8; 9; 10; 11; 12; 13; 14; 15]
write_0_16=[255; 136; 119; 102; 85; 68; 51; 34; 17; 8; 9; 10; 11; 12; 13; 14; 15]
write_1_0=[6; 7; 8; 9; 10; 11; 12; 13; 14; 15; 16; 17; 18; 19; 20; 21; 22]
write_1_1=[6; 136; 8; 9; 10; 11; 12; 13; 14; 15; 16; 17; 18; 19; 20; 21; 22]
write_1_2=[6; 136; 119; 9; 10; 11; 12; 13; 14; 15; 16; 17; 18; 19; 20; 21; 22]
write_1_8=[6; 136; 119; 102; 85; 68; 51; 34; 17; 15; 16; 17; 18; 19; 20; 21; 22]
write_1_9=[6; 136; 119; 102; 85; 68; 51; 34; 17; 15; 16; 17; 18; 19; 20; 21; 22]
write_1_16=[6; 136; 119; 102; 85; 68; 51; 34; 17; 15; 16; 17; 18; 19; 20; 21; 22]
write_2_0=[254; 255; 0; 1; 2; 3; 4; 5; 6; 7; 8; 9; 10; 11; 12; 13; 14]
write_2_1=[254; 136; 0; 1; 2; 3; 4; 5; 6; 7; 8; 9; 10; 11; 12; 13; 14]
write_2_2=[254; 136; 119; 1; 2; 3; 4; 5; 6; 7; 8; 9; 10; 11; 12; 13; 14]
write_2_8=[254; 136; 119; 102; 85; 68; 51; 34; 17; 7; 8; 9; 10; 11; 12; 13; 14]
write_2_9=[254; 136; 119; 102; 85; 68; 51; 34; 17; 7; 8; 9; 10; 11; 12; 13; 14]
write_2_16=[254; 136; 119; 102; 85; 68; 51; 34; 17; 7; 8; 9; 10; 11; 12; 13; 14]
cur_asid_full=⊢ curASID () s = (5 >< 0) (s.c_SCSR s.procID).sasid
