codec0_definition=∀x. reg'mcpuid x = case x of mcpuid ArchBase I' M S' U mcpuid'rst => ArchBase @@ (40 >< 0) mcpuid'rst @@ v2w [U] @@ (41 >< 41) mcpuid'rst @@ v2w [S'] @@ (46 >< 42) mcpuid'rst @@ v2w [M] @@ (49 >< 47) mcpuid'rst @@ v2w [I'] @@ (57 >< 50) mcpuid'rst
codec1_definition=∀x. reg'mimpid x = case x of mimpid RVImpl RVSource => RVImpl @@ RVSource
codec2_definition=∀x. rec'mstatus x = mstatus ((13 >< 12) x) (word_bit 0 x) (word_bit 3 x) (word_bit 6 x) (word_bit 9 x) (word_bit 16 x) ((2 >< 1) x) ((5 >< 4) x) ((8 >< 7) x) ((11 >< 10) x) (word_bit 63 x) ((15 >< 14) x) ((21 >< 17) x) ((62 >< 22) x)
codec3_definition=∀x. reg'mstatus x = case x of mstatus MFS MIE MIE1 MIE2 MIE3 MMPRV MPRV MPRV1 MPRV2 MPRV3 MSD MXS VM mstatus'rst => v2w [MSD] @@ mstatus'rst @@ VM @@ v2w [MMPRV] @@ MXS @@ MFS @@ MPRV3 @@ v2w [MIE3] @@ MPRV2 @@ v2w [MIE2] @@ MPRV1 @@ v2w [MIE1] @@ MPRV @@ v2w [MIE]
codec4_definition=∀x. rec'mtdeleg x = mtdeleg ((15 >< 0) x) ((63 >< 16) x)
codec5_definition=∀x. reg'mtdeleg x = case x of mtdeleg Exc_deleg Intr_deleg => Intr_deleg @@ Exc_deleg
codec6_definition=∀x. rec'mip x = mip (word_bit 2 x) (word_bit 6 x) (word_bit 3 x) (word_bit 7 x) (word_bit 1 x) (word_bit 5 x) ((0 >< 0) x @@ (4 >< 4) x @@ (63 >< 8) x)
codec7_definition=∀x. reg'mip x = case x of mip HSIP HTIP MSIP MTIP SSIP STIP mip'rst => (55 >< 0) mip'rst @@ v2w [MTIP] @@ v2w [HTIP] @@ v2w [STIP] @@ (56 >< 56) mip'rst @@ v2w [MSIP] @@ v2w [HSIP] @@ v2w [SSIP] @@ (57 >< 57) mip'rst
codec8_definition=∀x. rec'mie x = mie (word_bit 2 x) (word_bit 6 x) (word_bit 3 x) (word_bit 7 x) (word_bit 1 x) (word_bit 5 x) ((0 >< 0) x @@ (4 >< 4) x @@ (63 >< 8) x)
codec9_definition=∀x. reg'mie x = case x of mie HSIE HTIE MSIE MTIE SSIE STIE mie'rst => (55 >< 0) mie'rst @@ v2w [MTIE] @@ v2w [HTIE] @@ v2w [STIE] @@ (56 >< 56) mie'rst @@ v2w [MSIE] @@ v2w [HSIE] @@ v2w [SSIE] @@ (57 >< 57) mie'rst
codec10_definition=∀x. rec'mcause x = mcause ((3 >< 0) x) (word_bit 63 x) ((62 >< 4) x)
codec11_definition=∀x. reg'mcause x = case x of mcause EC Int mcause'rst => v2w [Int] @@ mcause'rst @@ EC
mcpuid_0=(0w,[0; 0; 0; 0; 0; 0])
mcpuid_1=(0xFFFFFFFFFFFFFFFFw,[3; 1; 1; 1; 1; 288230376151711743])
mcpuid_2=(0xAAAAAAAAAAAAAAAAw,[2; 0; 0; 0; 0; 192202695620515157])
mcpuid_3=(0x5555555555555555w,[1; 1; 1; 1; 1; 96027680531196586])
mcpuid_4=(0x123456789ABCDEFw,[0; 1; 0; 0; 0; 270068682177854541])
mcpuid_5=(0xFEDCBA9876543210w,[3; 0; 1; 1; 1; 18161693973857202])
mcpuid_6=(1w,[0; 0; 0; 0; 0; 1125899906842624])
mcpuid_7=(2w,[0; 0; 0; 0; 0; 2251799813685248])
mcpuid_8=(4w,[0; 0; 0; 0; 0; 4503599627370496])
mcpuid_9=(8w,[0; 0; 0; 0; 0; 9007199254740992])
mcpuid_10=(16w,[0; 0; 0; 0; 0; 18014398509481984])
mcpuid_11=(32w,[0; 0; 0; 0; 0; 36028797018963968])
mcpuid_12=(64w,[0; 0; 0; 0; 0; 72057594037927936])
mcpuid_13=(128w,[0; 0; 0; 0; 0; 144115188075855872])
mcpuid_14=(256w,[0; 1; 0; 0; 0; 0])
mcpuid_15=(512w,[0; 0; 0; 0; 0; 140737488355328])
mcpuid_16=(1024w,[0; 0; 0; 0; 0; 281474976710656])
mcpuid_17=(2048w,[0; 0; 0; 0; 0; 562949953421312])
mcpuid_18=(4096w,[0; 0; 1; 0; 0; 0])
mcpuid_19=(8192w,[0; 0; 0; 0; 0; 4398046511104])
mcpuid_20=(16384w,[0; 0; 0; 0; 0; 8796093022208])
mcpuid_21=(32768w,[0; 0; 0; 0; 0; 17592186044416])
mcpuid_22=(0x10000w,[0; 0; 0; 0; 0; 35184372088832])
mcpuid_23=(0x20000w,[0; 0; 0; 0; 0; 70368744177664])
mcpuid_24=(0x40000w,[0; 0; 0; 1; 0; 0])
mcpuid_25=(0x80000w,[0; 0; 0; 0; 0; 2199023255552])
mcpuid_26=(0x100000w,[0; 0; 0; 0; 1; 0])
mcpuid_27=(0x200000w,[0; 0; 0; 0; 0; 1])
mcpuid_28=(0x400000w,[0; 0; 0; 0; 0; 2])
mcpuid_29=(0x800000w,[0; 0; 0; 0; 0; 4])
mcpuid_30=(0x1000000w,[0; 0; 0; 0; 0; 8])
mcpuid_31=(0x2000000w,[0; 0; 0; 0; 0; 16])
mcpuid_32=(0x4000000w,[0; 0; 0; 0; 0; 32])
mcpuid_33=(0x8000000w,[0; 0; 0; 0; 0; 64])
mcpuid_34=(0x10000000w,[0; 0; 0; 0; 0; 128])
mcpuid_35=(0x20000000w,[0; 0; 0; 0; 0; 256])
mcpuid_36=(0x40000000w,[0; 0; 0; 0; 0; 512])
mcpuid_37=(0x80000000w,[0; 0; 0; 0; 0; 1024])
mcpuid_38=(0x100000000w,[0; 0; 0; 0; 0; 2048])
mcpuid_39=(0x200000000w,[0; 0; 0; 0; 0; 4096])
mcpuid_40=(0x400000000w,[0; 0; 0; 0; 0; 8192])
mcpuid_41=(0x800000000w,[0; 0; 0; 0; 0; 16384])
mcpuid_42=(0x1000000000w,[0; 0; 0; 0; 0; 32768])
mcpuid_43=(0x2000000000w,[0; 0; 0; 0; 0; 65536])
mcpuid_44=(0x4000000000w,[0; 0; 0; 0; 0; 131072])
mcpuid_45=(0x8000000000w,[0; 0; 0; 0; 0; 262144])
mcpuid_46=(0x10000000000w,[0; 0; 0; 0; 0; 524288])
mcpuid_47=(0x20000000000w,[0; 0; 0; 0; 0; 1048576])
mcpuid_48=(0x40000000000w,[0; 0; 0; 0; 0; 2097152])
mcpuid_49=(0x80000000000w,[0; 0; 0; 0; 0; 4194304])
mcpuid_50=(0x100000000000w,[0; 0; 0; 0; 0; 8388608])
mcpuid_51=(0x200000000000w,[0; 0; 0; 0; 0; 16777216])
mcpuid_52=(0x400000000000w,[0; 0; 0; 0; 0; 33554432])
mcpuid_53=(0x800000000000w,[0; 0; 0; 0; 0; 67108864])
mcpuid_54=(0x1000000000000w,[0; 0; 0; 0; 0; 134217728])
mcpuid_55=(0x2000000000000w,[0; 0; 0; 0; 0; 268435456])
mcpuid_56=(0x4000000000000w,[0; 0; 0; 0; 0; 536870912])
mcpuid_57=(0x8000000000000w,[0; 0; 0; 0; 0; 1073741824])
mcpuid_58=(0x10000000000000w,[0; 0; 0; 0; 0; 2147483648])
mcpuid_59=(0x20000000000000w,[0; 0; 0; 0; 0; 4294967296])
mcpuid_60=(0x40000000000000w,[0; 0; 0; 0; 0; 8589934592])
mcpuid_61=(0x80000000000000w,[0; 0; 0; 0; 0; 17179869184])
mcpuid_62=(0x100000000000000w,[0; 0; 0; 0; 0; 34359738368])
mcpuid_63=(0x200000000000000w,[0; 0; 0; 0; 0; 68719476736])
mcpuid_64=(0x400000000000000w,[0; 0; 0; 0; 0; 137438953472])
mcpuid_65=(0x800000000000000w,[0; 0; 0; 0; 0; 274877906944])
mcpuid_66=(0x1000000000000000w,[0; 0; 0; 0; 0; 549755813888])
mcpuid_67=(0x2000000000000000w,[0; 0; 0; 0; 0; 1099511627776])
mcpuid_68=(0x4000000000000000w,[1; 0; 0; 0; 0; 0])
mcpuid_69=(0x8000000000000000w,[2; 0; 0; 0; 0; 0])
mimpid_0=(0w,[0; 0])
mimpid_1=(0xFFFFFFFFFFFFFFFFw,[281474976710655; 65535])
mimpid_2=(0xAAAAAAAAAAAAAAAAw,[187649984473770; 43690])
mimpid_3=(0x5555555555555555w,[93824992236885; 21845])
mimpid_4=(0x123456789ABCDEFw,[1250999896491; 52719])
mimpid_5=(0xFEDCBA9876543210w,[280223976814164; 12816])
mimpid_6=(1w,[0; 1])
mimpid_7=(2w,[0; 2])
mimpid_8=(4w,[0; 4])
mimpid_9=(8w,[0; 8])
mimpid_10=(16w,[0; 16])
mimpid_11=(32w,[0; 32])
mimpid_12=(64w,[0; 64])
mimpid_13=(128w,[0; 128])
mimpid_14=(256w,[0; 256])
mimpid_15=(512w,[0; 512])
mimpid_16=(1024w,[0; 1024])
mimpid_17=(2048w,[0; 2048])
mimpid_18=(4096w,[0; 4096])
mimpid_19=(8192w,[0; 8192])
mimpid_20=(16384w,[0; 16384])
mimpid_21=(32768w,[0; 32768])
mimpid_22=(0x10000w,[1; 0])
mimpid_23=(0x20000w,[2; 0])
mimpid_24=(0x40000w,[4; 0])
mimpid_25=(0x80000w,[8; 0])
mimpid_26=(0x100000w,[16; 0])
mimpid_27=(0x200000w,[32; 0])
mimpid_28=(0x400000w,[64; 0])
mimpid_29=(0x800000w,[128; 0])
mimpid_30=(0x1000000w,[256; 0])
mimpid_31=(0x2000000w,[512; 0])
mimpid_32=(0x4000000w,[1024; 0])
mimpid_33=(0x8000000w,[2048; 0])
mimpid_34=(0x10000000w,[4096; 0])
mimpid_35=(0x20000000w,[8192; 0])
mimpid_36=(0x40000000w,[16384; 0])
mimpid_37=(0x80000000w,[32768; 0])
mimpid_38=(0x100000000w,[65536; 0])
mimpid_39=(0x200000000w,[131072; 0])
mimpid_40=(0x400000000w,[262144; 0])
mimpid_41=(0x800000000w,[524288; 0])
mimpid_42=(0x1000000000w,[1048576; 0])
mimpid_43=(0x2000000000w,[2097152; 0])
mimpid_44=(0x4000000000w,[4194304; 0])
mimpid_45=(0x8000000000w,[8388608; 0])
mimpid_46=(0x10000000000w,[16777216; 0])
mimpid_47=(0x20000000000w,[33554432; 0])
mimpid_48=(0x40000000000w,[67108864; 0])
mimpid_49=(0x80000000000w,[134217728; 0])
mimpid_50=(0x100000000000w,[268435456; 0])
mimpid_51=(0x200000000000w,[536870912; 0])
mimpid_52=(0x400000000000w,[1073741824; 0])
mimpid_53=(0x800000000000w,[2147483648; 0])
mimpid_54=(0x1000000000000w,[4294967296; 0])
mimpid_55=(0x2000000000000w,[8589934592; 0])
mimpid_56=(0x4000000000000w,[17179869184; 0])
mimpid_57=(0x8000000000000w,[34359738368; 0])
mimpid_58=(0x10000000000000w,[68719476736; 0])
mimpid_59=(0x20000000000000w,[137438953472; 0])
mimpid_60=(0x40000000000000w,[274877906944; 0])
mimpid_61=(0x80000000000000w,[549755813888; 0])
mimpid_62=(0x100000000000000w,[1099511627776; 0])
mimpid_63=(0x200000000000000w,[2199023255552; 0])
mimpid_64=(0x400000000000000w,[4398046511104; 0])
mimpid_65=(0x800000000000000w,[8796093022208; 0])
mimpid_66=(0x1000000000000000w,[17592186044416; 0])
mimpid_67=(0x2000000000000000w,[35184372088832; 0])
mimpid_68=(0x4000000000000000w,[70368744177664; 0])
mimpid_69=(0x8000000000000000w,[140737488355328; 0])
mstatus_0=(0w,[0; 0; 0; 0; 0; 0; 0; 0; 0; 0; 0; 0; 0; 0])
mstatus_1=(0xFFFFFFFFFFFFFFFFw,[3; 1; 1; 1; 1; 1; 3; 3; 3; 3; 1; 3; 31; 2199023255551])
mstatus_2=(0xAAAAAAAAAAAAAAAAw,[2; 0; 1; 0; 1; 0; 1; 2; 1; 2; 1; 2; 21; 733007751850])
mstatus_3=(0x5555555555555555w,[1; 1; 0; 1; 0; 1; 2; 1; 2; 1; 0; 1; 10; 1466015503701])
mstatus_4=(0x123456789ABCDEFw,[0; 1; 1; 1; 0; 1; 3; 2; 3; 3; 0; 3; 21; 19546873382])
mstatus_5=(0xFEDCBA9876543210w,[3; 0; 0; 0; 1; 0; 0; 1; 0; 0; 1; 0; 10; 2179476382169])
mstatus_6=(1w,[0; 1; 0; 0; 0; 0; 0; 0; 0; 0; 0; 0; 0; 0])
mstatus_7=(2w,[0; 0; 0; 0; 0; 0; 1; 0; 0; 0; 0; 0; 0; 0])
mstatus_8=(4w,[0; 0; 0; 0; 0; 0; 2; 0; 0; 0; 0; 0; 0; 0])
mstatus_9=(8w,[0; 0; 1; 0; 0; 0; 0; 0; 0; 0; 0; 0; 0; 0])
mstatus_10=(16w,[0; 0; 0; 0; 0; 0; 0; 1; 0; 0; 0; 0; 0; 0])
mstatus_11=(32w,[0; 0; 0; 0; 0; 0; 0; 2; 0; 0; 0; 0; 0; 0])
mstatus_12=(64w,[0; 0; 0; 1; 0; 0; 0; 0; 0; 0; 0; 0; 0; 0])
mstatus_13=(128w,[0; 0; 0; 0; 0; 0; 0; 0; 1; 0; 0; 0; 0; 0])
mstatus_14=(256w,[0; 0; 0; 0; 0; 0; 0; 0; 2; 0; 0; 0; 0; 0])
mstatus_15=(512w,[0; 0; 0; 0; 1; 0; 0; 0; 0; 0; 0; 0; 0; 0])
mstatus_16=(1024w,[0; 0; 0; 0; 0; 0; 0; 0; 0; 1; 0; 0; 0; 0])
mstatus_17=(2048w,[0; 0; 0; 0; 0; 0; 0; 0; 0; 2; 0; 0; 0; 0])
mstatus_18=(4096w,[1; 0; 0; 0; 0; 0; 0; 0; 0; 0; 0; 0; 0; 0])
mstatus_19=(8192w,[2; 0; 0; 0; 0; 0; 0; 0; 0; 0; 0; 0; 0; 0])
mstatus_20=(16384w,[0; 0; 0; 0; 0; 0; 0; 0; 0; 0; 0; 1; 0; 0])
mstatus_21=(32768w,[0; 0; 0; 0; 0; 0; 0; 0; 0; 0; 0; 2; 0; 0])
mstatus_22=(0x10000w,[0; 0; 0; 0; 0; 1; 0; 0; 0; 0; 0; 0; 0; 0])
mstatus_23=(0x20000w,[0; 0; 0; 0; 0; 0; 0; 0; 0; 0; 0; 0; 1; 0])
mstatus_24=(0x40000w,[0; 0; 0; 0; 0; 0; 0; 0; 0; 0; 0; 0; 2; 0])
mstatus_25=(0x80000w,[0; 0; 0; 0; 0; 0; 0; 0; 0; 0; 0; 0; 4; 0])
mstatus_26=(0x100000w,[0; 0; 0; 0; 0; 0; 0; 0; 0; 0; 0; 0; 8; 0])
mstatus_27=(0x200000w,[0; 0; 0; 0; 0; 0; 0; 0; 0; 0; 0; 0; 16; 0])
mstatus_28=(0x400000w,[0; 0; 0; 0; 0; 0; 0; 0; 0; 0; 0; 0; 0; 1])
mstatus_29=(0x800000w,[0; 0; 0; 0; 0; 0; 0; 0; 0; 0; 0; 0; 0; 2])
mstatus_30=(0x1000000w,[0; 0; 0; 0; 0; 0; 0; 0; 0; 0; 0; 0; 0; 4])
mstatus_31=(0x2000000w,[0; 0; 0; 0; 0; 0; 0; 0; 0; 0; 0; 0; 0; 8])
mstatus_32=(0x4000000w,[0; 0; 0; 0; 0; 0; 0; 0; 0; 0; 0; 0; 0; 16])
mstatus_33=(0x8000000w,[0; 0; 0; 0; 0; 0; 0; 0; 0; 0; 0; 0; 0; 32])
mstatus_34=(0x10000000w,[0; 0; 0; 0; 0; 0; 0; 0; 0; 0; 0; 0; 0; 64])
mstatus_35=(0x20000000w,[0; 0; 0; 0; 0; 0; 0; 0; 0; 0; 0; 0; 0; 128])
mstatus_36=(0x40000000w,[0; 0; 0; 0; 0; 0; 0; 0; 0; 0; 0; 0; 0; 256])
mstatus_37=(0x80000000w,[0; 0; 0; 0; 0; 0; 0; 0; 0; 0; 0; 0; 0; 512])
mstatus_38=(0x100000000w,[0; 0; 0; 0; 0; 0; 0; 0; 0; 0; 0; 0; 0; 1024])
mstatus_39=(0x200000000w,[0; 0; 0; 0; 0; 0; 0; 0; 0; 0; 0; 0; 0; 2048])
mstatus_40=(0x400000000w,[0; 0; 0; 0; 0; 0; 0; 0; 0; 0; 0; 0; 0; 4096])
mstatus_41=(0x800000000w,[0; 0; 0; 0; 0; 0; 0; 0; 0; 0; 0; 0; 0; 8192])
mstatus_42=(0x1000000000w,[0; 0; 0; 0; 0; 0; 0; 0; 0; 0; 0; 0; 0; 16384])
mstatus_43=(0x2000000000w,[0; 0; 0; 0; 0; 0; 0; 0; 0; 0; 0; 0; 0; 32768])
mstatus_44=(0x4000000000w,[0; 0; 0; 0; 0; 0; 0; 0; 0; 0; 0; 0; 0; 65536])
mstatus_45=(0x8000000000w,[0; 0; 0; 0; 0; 0; 0; 0; 0; 0; 0; 0; 0; 131072])
mstatus_46=(0x10000000000w,[0; 0; 0; 0; 0; 0; 0; 0; 0; 0; 0; 0; 0; 262144])
mstatus_47=(0x20000000000w,[0; 0; 0; 0; 0; 0; 0; 0; 0; 0; 0; 0; 0; 524288])
mstatus_48=(0x40000000000w,[0; 0; 0; 0; 0; 0; 0; 0; 0; 0; 0; 0; 0; 1048576])
mstatus_49=(0x80000000000w,[0; 0; 0; 0; 0; 0; 0; 0; 0; 0; 0; 0; 0; 2097152])
mstatus_50=(0x100000000000w,[0; 0; 0; 0; 0; 0; 0; 0; 0; 0; 0; 0; 0; 4194304])
mstatus_51=(0x200000000000w,[0; 0; 0; 0; 0; 0; 0; 0; 0; 0; 0; 0; 0; 8388608])
mstatus_52=(0x400000000000w,[0; 0; 0; 0; 0; 0; 0; 0; 0; 0; 0; 0; 0; 16777216])
mstatus_53=(0x800000000000w,[0; 0; 0; 0; 0; 0; 0; 0; 0; 0; 0; 0; 0; 33554432])
mstatus_54=(0x1000000000000w,[0; 0; 0; 0; 0; 0; 0; 0; 0; 0; 0; 0; 0; 67108864])
mstatus_55=(0x2000000000000w,[0; 0; 0; 0; 0; 0; 0; 0; 0; 0; 0; 0; 0; 134217728])
mstatus_56=(0x4000000000000w,[0; 0; 0; 0; 0; 0; 0; 0; 0; 0; 0; 0; 0; 268435456])
mstatus_57=(0x8000000000000w,[0; 0; 0; 0; 0; 0; 0; 0; 0; 0; 0; 0; 0; 536870912])
mstatus_58=(0x10000000000000w,[0; 0; 0; 0; 0; 0; 0; 0; 0; 0; 0; 0; 0; 1073741824])
mstatus_59=(0x20000000000000w,[0; 0; 0; 0; 0; 0; 0; 0; 0; 0; 0; 0; 0; 2147483648])
mstatus_60=(0x40000000000000w,[0; 0; 0; 0; 0; 0; 0; 0; 0; 0; 0; 0; 0; 4294967296])
mstatus_61=(0x80000000000000w,[0; 0; 0; 0; 0; 0; 0; 0; 0; 0; 0; 0; 0; 8589934592])
mstatus_62=(0x100000000000000w,[0; 0; 0; 0; 0; 0; 0; 0; 0; 0; 0; 0; 0; 17179869184])
mstatus_63=(0x200000000000000w,[0; 0; 0; 0; 0; 0; 0; 0; 0; 0; 0; 0; 0; 34359738368])
mstatus_64=(0x400000000000000w,[0; 0; 0; 0; 0; 0; 0; 0; 0; 0; 0; 0; 0; 68719476736])
mstatus_65=(0x800000000000000w,[0; 0; 0; 0; 0; 0; 0; 0; 0; 0; 0; 0; 0; 137438953472])
mstatus_66=(0x1000000000000000w,[0; 0; 0; 0; 0; 0; 0; 0; 0; 0; 0; 0; 0; 274877906944])
mstatus_67=(0x2000000000000000w,[0; 0; 0; 0; 0; 0; 0; 0; 0; 0; 0; 0; 0; 549755813888])
mstatus_68=(0x4000000000000000w,[0; 0; 0; 0; 0; 0; 0; 0; 0; 0; 0; 0; 0; 1099511627776])
mstatus_69=(0x8000000000000000w,[0; 0; 0; 0; 0; 0; 0; 0; 0; 0; 1; 0; 0; 0])
mtdeleg_0=(0w,[0; 0])
mtdeleg_1=(0xFFFFFFFFFFFFFFFFw,[65535; 281474976710655])
mtdeleg_2=(0xAAAAAAAAAAAAAAAAw,[43690; 187649984473770])
mtdeleg_3=(0x5555555555555555w,[21845; 93824992236885])
mtdeleg_4=(0x123456789ABCDEFw,[52719; 1250999896491])
mtdeleg_5=(0xFEDCBA9876543210w,[12816; 280223976814164])
mtdeleg_6=(1w,[1; 0])
mtdeleg_7=(2w,[2; 0])
mtdeleg_8=(4w,[4; 0])
mtdeleg_9=(8w,[8; 0])
mtdeleg_10=(16w,[16; 0])
mtdeleg_11=(32w,[32; 0])
mtdeleg_12=(64w,[64; 0])
mtdeleg_13=(128w,[128; 0])
mtdeleg_14=(256w,[256; 0])
mtdeleg_15=(512w,[512; 0])
mtdeleg_16=(1024w,[1024; 0])
mtdeleg_17=(2048w,[2048; 0])
mtdeleg_18=(4096w,[4096; 0])
mtdeleg_19=(8192w,[8192; 0])
mtdeleg_20=(16384w,[16384; 0])
mtdeleg_21=(32768w,[32768; 0])
mtdeleg_22=(0x10000w,[0; 1])
mtdeleg_23=(0x20000w,[0; 2])
mtdeleg_24=(0x40000w,[0; 4])
mtdeleg_25=(0x80000w,[0; 8])
mtdeleg_26=(0x100000w,[0; 16])
mtdeleg_27=(0x200000w,[0; 32])
mtdeleg_28=(0x400000w,[0; 64])
mtdeleg_29=(0x800000w,[0; 128])
mtdeleg_30=(0x1000000w,[0; 256])
mtdeleg_31=(0x2000000w,[0; 512])
mtdeleg_32=(0x4000000w,[0; 1024])
mtdeleg_33=(0x8000000w,[0; 2048])
mtdeleg_34=(0x10000000w,[0; 4096])
mtdeleg_35=(0x20000000w,[0; 8192])
mtdeleg_36=(0x40000000w,[0; 16384])
mtdeleg_37=(0x80000000w,[0; 32768])
mtdeleg_38=(0x100000000w,[0; 65536])
mtdeleg_39=(0x200000000w,[0; 131072])
mtdeleg_40=(0x400000000w,[0; 262144])
mtdeleg_41=(0x800000000w,[0; 524288])
mtdeleg_42=(0x1000000000w,[0; 1048576])
mtdeleg_43=(0x2000000000w,[0; 2097152])
mtdeleg_44=(0x4000000000w,[0; 4194304])
mtdeleg_45=(0x8000000000w,[0; 8388608])
mtdeleg_46=(0x10000000000w,[0; 16777216])
mtdeleg_47=(0x20000000000w,[0; 33554432])
mtdeleg_48=(0x40000000000w,[0; 67108864])
mtdeleg_49=(0x80000000000w,[0; 134217728])
mtdeleg_50=(0x100000000000w,[0; 268435456])
mtdeleg_51=(0x200000000000w,[0; 536870912])
mtdeleg_52=(0x400000000000w,[0; 1073741824])
mtdeleg_53=(0x800000000000w,[0; 2147483648])
mtdeleg_54=(0x1000000000000w,[0; 4294967296])
mtdeleg_55=(0x2000000000000w,[0; 8589934592])
mtdeleg_56=(0x4000000000000w,[0; 17179869184])
mtdeleg_57=(0x8000000000000w,[0; 34359738368])
mtdeleg_58=(0x10000000000000w,[0; 68719476736])
mtdeleg_59=(0x20000000000000w,[0; 137438953472])
mtdeleg_60=(0x40000000000000w,[0; 274877906944])
mtdeleg_61=(0x80000000000000w,[0; 549755813888])
mtdeleg_62=(0x100000000000000w,[0; 1099511627776])
mtdeleg_63=(0x200000000000000w,[0; 2199023255552])
mtdeleg_64=(0x400000000000000w,[0; 4398046511104])
mtdeleg_65=(0x800000000000000w,[0; 8796093022208])
mtdeleg_66=(0x1000000000000000w,[0; 17592186044416])
mtdeleg_67=(0x2000000000000000w,[0; 35184372088832])
mtdeleg_68=(0x4000000000000000w,[0; 70368744177664])
mtdeleg_69=(0x8000000000000000w,[0; 140737488355328])
mip_0=(0w,[0; 0; 0; 0; 0; 0; 0])
mip_1=(0xFFFFFFFFFFFFFFFFw,[1; 1; 1; 1; 1; 1; 288230376151711743])
mip_2=(0xAAAAAAAAAAAAAAAAw,[0; 0; 1; 1; 1; 1; 48038396025285290])
mip_3=(0x5555555555555555w,[1; 1; 0; 0; 0; 0; 240191980126426453])
mip_4=(0x123456789ABCDEFw,[1; 1; 1; 1; 1; 1; 144435444049357773])
mip_5=(0xFEDCBA9876543210w,[0; 0; 0; 0; 0; 0; 143794932102353970])
mip_6=(1w,[0; 0; 0; 0; 0; 0; 144115188075855872])
mip_7=(2w,[0; 0; 0; 0; 1; 0; 0])
mip_8=(4w,[1; 0; 0; 0; 0; 0; 0])
mip_9=(8w,[0; 0; 1; 0; 0; 0; 0])
mip_10=(16w,[0; 0; 0; 0; 0; 0; 72057594037927936])
mip_11=(32w,[0; 0; 0; 0; 0; 1; 0])
mip_12=(64w,[0; 1; 0; 0; 0; 0; 0])
mip_13=(128w,[0; 0; 0; 1; 0; 0; 0])
mip_14=(256w,[0; 0; 0; 0; 0; 0; 1])
mip_15=(512w,[0; 0; 0; 0; 0; 0; 2])
mip_16=(1024w,[0; 0; 0; 0; 0; 0; 4])
mip_17=(2048w,[0; 0; 0; 0; 0; 0; 8])
mip_18=(4096w,[0; 0; 0; 0; 0; 0; 16])
mip_19=(8192w,[0; 0; 0; 0; 0; 0; 32])
mip_20=(16384w,[0; 0; 0; 0; 0; 0; 64])
mip_21=(32768w,[0; 0; 0; 0; 0; 0; 128])
mip_22=(0x10000w,[0; 0; 0; 0; 0; 0; 256])
mip_23=(0x20000w,[0; 0; 0; 0; 0; 0; 512])
mip_24=(0x40000w,[0; 0; 0; 0; 0; 0; 1024])
mip_25=(0x80000w,[0; 0; 0; 0; 0; 0; 2048])
mip_26=(0x100000w,[0; 0; 0; 0; 0; 0; 4096])
mip_27=(0x200000w,[0; 0; 0; 0; 0; 0; 8192])
mip_28=(0x400000w,[0; 0; 0; 0; 0; 0; 16384])
mip_29=(0x800000w,[0; 0; 0; 0; 0; 0; 32768])
mip_30=(0x1000000w,[0; 0; 0; 0; 0; 0; 65536])
mip_31=(0x2000000w,[0; 0; 0; 0; 0; 0; 131072])
mip_32=(0x4000000w,[0; 0; 0; 0; 0; 0; 262144])
mip_33=(0x8000000w,[0; 0; 0; 0; 0; 0; 524288])
mip_34=(0x10000000w,[0; 0; 0; 0; 0; 0; 1048576])
mip_35=(0x20000000w,[0; 0; 0; 0; 0; 0; 2097152])
mip_36=(0x40000000w,[0; 0; 0; 0; 0; 0; 4194304])
mip_37=(0x80000000w,[0; 0; 0; 0; 0; 0; 8388608])
mip_38=(0x100000000w,[0; 0; 0; 0; 0; 0; 16777216])
mip_39=(0x200000000w,[0; 0; 0; 0; 0; 0; 33554432])
mip_40=(0x400000000w,[0; 0; 0; 0; 0; 0; 67108864])
mip_41=(0x800000000w,[0; 0; 0; 0; 0; 0; 134217728])
mip_42=(0x1000000000w,[0; 0; 0; 0; 0; 0; 268435456])
mip_43=(0x2000000000w,[0; 0; 0; 0; 0; 0; 536870912])
mip_44=(0x4000000000w,[0; 0; 0; 0; 0; 0; 1073741824])
mip_45=(0x8000000000w,[0; 0; 0; 0; 0; 0; 2147483648])
mip_46=(0x10000000000w,[0; 0; 0; 0; 0; 0; 4294967296])
mip_47=(0x20000000000w,[0; 0; 0; 0; 0; 0; 8589934592])
mip_48=(0x40000000000w,[0; 0; 0; 0; 0; 0; 17179869184])
mip_49=(0x80000000000w,[0; 0; 0; 0; 0; 0; 34359738368])
mip_50=(0x100000000000w,[0; 0; 0; 0; 0; 0; 68719476736])
mip_51=(0x200000000000w,[0; 0; 0; 0; 0; 0; 137438953472])
mip_52=(0x400000000000w,[0; 0; 0; 0; 0; 0; 274877906944])
mip_53=(0x800000000000w,[0; 0; 0; 0; 0; 0; 549755813888])
mip_54=(0x1000000000000w,[0; 0; 0; 0; 0; 0; 1099511627776])
mip_55=(0x2000000000000w,[0; 0; 0; 0; 0; 0; 2199023255552])
mip_56=(0x4000000000000w,[0; 0; 0; 0; 0; 0; 4398046511104])
mip_57=(0x8000000000000w,[0; 0; 0; 0; 0; 0; 8796093022208])
mip_58=(0x10000000000000w,[0; 0; 0; 0; 0; 0; 17592186044416])
mip_59=(0x20000000000000w,[0; 0; 0; 0; 0; 0; 35184372088832])
mip_60=(0x40000000000000w,[0; 0; 0; 0; 0; 0; 70368744177664])
mip_61=(0x80000000000000w,[0; 0; 0; 0; 0; 0; 140737488355328])
mip_62=(0x100000000000000w,[0; 0; 0; 0; 0; 0; 281474976710656])
mip_63=(0x200000000000000w,[0; 0; 0; 0; 0; 0; 562949953421312])
mip_64=(0x400000000000000w,[0; 0; 0; 0; 0; 0; 1125899906842624])
mip_65=(0x800000000000000w,[0; 0; 0; 0; 0; 0; 2251799813685248])
mip_66=(0x1000000000000000w,[0; 0; 0; 0; 0; 0; 4503599627370496])
mip_67=(0x2000000000000000w,[0; 0; 0; 0; 0; 0; 9007199254740992])
mip_68=(0x4000000000000000w,[0; 0; 0; 0; 0; 0; 18014398509481984])
mip_69=(0x8000000000000000w,[0; 0; 0; 0; 0; 0; 36028797018963968])
mie_0=(0w,[0; 0; 0; 0; 0; 0; 0])
mie_1=(0xFFFFFFFFFFFFFFFFw,[1; 1; 1; 1; 1; 1; 288230376151711743])
mie_2=(0xAAAAAAAAAAAAAAAAw,[0; 0; 1; 1; 1; 1; 48038396025285290])
mie_3=(0x5555555555555555w,[1; 1; 0; 0; 0; 0; 240191980126426453])
mie_4=(0x123456789ABCDEFw,[1; 1; 1; 1; 1; 1; 144435444049357773])
mie_5=(0xFEDCBA9876543210w,[0; 0; 0; 0; 0; 0; 143794932102353970])
mie_6=(1w,[0; 0; 0; 0; 0; 0; 144115188075855872])
mie_7=(2w,[0; 0; 0; 0; 1; 0; 0])
mie_8=(4w,[1; 0; 0; 0; 0; 0; 0])
mie_9=(8w,[0; 0; 1; 0; 0; 0; 0])
mie_10=(16w,[0; 0; 0; 0; 0; 0; 72057594037927936])
mie_11=(32w,[0; 0; 0; 0; 0; 1; 0])
mie_12=(64w,[0; 1; 0; 0; 0; 0; 0])
mie_13=(128w,[0; 0; 0; 1; 0; 0; 0])
mie_14=(256w,[0; 0; 0; 0; 0; 0; 1])
mie_15=(512w,[0; 0; 0; 0; 0; 0; 2])
mie_16=(1024w,[0; 0; 0; 0; 0; 0; 4])
mie_17=(2048w,[0; 0; 0; 0; 0; 0; 8])
mie_18=(4096w,[0; 0; 0; 0; 0; 0; 16])
mie_19=(8192w,[0; 0; 0; 0; 0; 0; 32])
mie_20=(16384w,[0; 0; 0; 0; 0; 0; 64])
mie_21=(32768w,[0; 0; 0; 0; 0; 0; 128])
mie_22=(0x10000w,[0; 0; 0; 0; 0; 0; 256])
mie_23=(0x20000w,[0; 0; 0; 0; 0; 0; 512])
mie_24=(0x40000w,[0; 0; 0; 0; 0; 0; 1024])
mie_25=(0x80000w,[0; 0; 0; 0; 0; 0; 2048])
mie_26=(0x100000w,[0; 0; 0; 0; 0; 0; 4096])
mie_27=(0x200000w,[0; 0; 0; 0; 0; 0; 8192])
mie_28=(0x400000w,[0; 0; 0; 0; 0; 0; 16384])
mie_29=(0x800000w,[0; 0; 0; 0; 0; 0; 32768])
mie_30=(0x1000000w,[0; 0; 0; 0; 0; 0; 65536])
mie_31=(0x2000000w,[0; 0; 0; 0; 0; 0; 131072])
mie_32=(0x4000000w,[0; 0; 0; 0; 0; 0; 262144])
mie_33=(0x8000000w,[0; 0; 0; 0; 0; 0; 524288])
mie_34=(0x10000000w,[0; 0; 0; 0; 0; 0; 1048576])
mie_35=(0x20000000w,[0; 0; 0; 0; 0; 0; 2097152])
mie_36=(0x40000000w,[0; 0; 0; 0; 0; 0; 4194304])
mie_37=(0x80000000w,[0; 0; 0; 0; 0; 0; 8388608])
mie_38=(0x100000000w,[0; 0; 0; 0; 0; 0; 16777216])
mie_39=(0x200000000w,[0; 0; 0; 0; 0; 0; 33554432])
mie_40=(0x400000000w,[0; 0; 0; 0; 0; 0; 67108864])
mie_41=(0x800000000w,[0; 0; 0; 0; 0; 0; 134217728])
mie_42=(0x1000000000w,[0; 0; 0; 0; 0; 0; 268435456])
mie_43=(0x2000000000w,[0; 0; 0; 0; 0; 0; 536870912])
mie_44=(0x4000000000w,[0; 0; 0; 0; 0; 0; 1073741824])
mie_45=(0x8000000000w,[0; 0; 0; 0; 0; 0; 2147483648])
mie_46=(0x10000000000w,[0; 0; 0; 0; 0; 0; 4294967296])
mie_47=(0x20000000000w,[0; 0; 0; 0; 0; 0; 8589934592])
mie_48=(0x40000000000w,[0; 0; 0; 0; 0; 0; 17179869184])
mie_49=(0x80000000000w,[0; 0; 0; 0; 0; 0; 34359738368])
mie_50=(0x100000000000w,[0; 0; 0; 0; 0; 0; 68719476736])
mie_51=(0x200000000000w,[0; 0; 0; 0; 0; 0; 137438953472])
mie_52=(0x400000000000w,[0; 0; 0; 0; 0; 0; 274877906944])
mie_53=(0x800000000000w,[0; 0; 0; 0; 0; 0; 549755813888])
mie_54=(0x1000000000000w,[0; 0; 0; 0; 0; 0; 1099511627776])
mie_55=(0x2000000000000w,[0; 0; 0; 0; 0; 0; 2199023255552])
mie_56=(0x4000000000000w,[0; 0; 0; 0; 0; 0; 4398046511104])
mie_57=(0x8000000000000w,[0; 0; 0; 0; 0; 0; 8796093022208])
mie_58=(0x10000000000000w,[0; 0; 0; 0; 0; 0; 17592186044416])
mie_59=(0x20000000000000w,[0; 0; 0; 0; 0; 0; 35184372088832])
mie_60=(0x40000000000000w,[0; 0; 0; 0; 0; 0; 70368744177664])
mie_61=(0x80000000000000w,[0; 0; 0; 0; 0; 0; 140737488355328])
mie_62=(0x100000000000000w,[0; 0; 0; 0; 0; 0; 281474976710656])
mie_63=(0x200000000000000w,[0; 0; 0; 0; 0; 0; 562949953421312])
mie_64=(0x400000000000000w,[0; 0; 0; 0; 0; 0; 1125899906842624])
mie_65=(0x800000000000000w,[0; 0; 0; 0; 0; 0; 2251799813685248])
mie_66=(0x1000000000000000w,[0; 0; 0; 0; 0; 0; 4503599627370496])
mie_67=(0x2000000000000000w,[0; 0; 0; 0; 0; 0; 9007199254740992])
mie_68=(0x4000000000000000w,[0; 0; 0; 0; 0; 0; 18014398509481984])
mie_69=(0x8000000000000000w,[0; 0; 0; 0; 0; 0; 36028797018963968])
mcause_0=(0w,[0; 0; 0])
mcause_1=(0xFFFFFFFFFFFFFFFFw,[15; 1; 576460752303423487])
mcause_2=(0xAAAAAAAAAAAAAAAAw,[10; 1; 192153584101141162])
mcause_3=(0x5555555555555555w,[5; 0; 384307168202282325])
mcause_4=(0x123456789ABCDEFw,[15; 0; 5124095576030430])
mcause_5=(0xFEDCBA9876543210w,[0; 1; 571336656727393057])
mcause_6=(1w,[1; 0; 0])
mcause_7=(2w,[2; 0; 0])
mcause_8=(4w,[4; 0; 0])
mcause_9=(8w,[8; 0; 0])
mcause_10=(16w,[0; 0; 1])
mcause_11=(32w,[0; 0; 2])
mcause_12=(64w,[0; 0; 4])
mcause_13=(128w,[0; 0; 8])
mcause_14=(256w,[0; 0; 16])
mcause_15=(512w,[0; 0; 32])
mcause_16=(1024w,[0; 0; 64])
mcause_17=(2048w,[0; 0; 128])
mcause_18=(4096w,[0; 0; 256])
mcause_19=(8192w,[0; 0; 512])
mcause_20=(16384w,[0; 0; 1024])
mcause_21=(32768w,[0; 0; 2048])
mcause_22=(0x10000w,[0; 0; 4096])
mcause_23=(0x20000w,[0; 0; 8192])
mcause_24=(0x40000w,[0; 0; 16384])
mcause_25=(0x80000w,[0; 0; 32768])
mcause_26=(0x100000w,[0; 0; 65536])
mcause_27=(0x200000w,[0; 0; 131072])
mcause_28=(0x400000w,[0; 0; 262144])
mcause_29=(0x800000w,[0; 0; 524288])
mcause_30=(0x1000000w,[0; 0; 1048576])
mcause_31=(0x2000000w,[0; 0; 2097152])
mcause_32=(0x4000000w,[0; 0; 4194304])
mcause_33=(0x8000000w,[0; 0; 8388608])
mcause_34=(0x10000000w,[0; 0; 16777216])
mcause_35=(0x20000000w,[0; 0; 33554432])
mcause_36=(0x40000000w,[0; 0; 67108864])
mcause_37=(0x80000000w,[0; 0; 134217728])
mcause_38=(0x100000000w,[0; 0; 268435456])
mcause_39=(0x200000000w,[0; 0; 536870912])
mcause_40=(0x400000000w,[0; 0; 1073741824])
mcause_41=(0x800000000w,[0; 0; 2147483648])
mcause_42=(0x1000000000w,[0; 0; 4294967296])
mcause_43=(0x2000000000w,[0; 0; 8589934592])
mcause_44=(0x4000000000w,[0; 0; 17179869184])
mcause_45=(0x8000000000w,[0; 0; 34359738368])
mcause_46=(0x10000000000w,[0; 0; 68719476736])
mcause_47=(0x20000000000w,[0; 0; 137438953472])
mcause_48=(0x40000000000w,[0; 0; 274877906944])
mcause_49=(0x80000000000w,[0; 0; 549755813888])
mcause_50=(0x100000000000w,[0; 0; 1099511627776])
mcause_51=(0x200000000000w,[0; 0; 2199023255552])
mcause_52=(0x400000000000w,[0; 0; 4398046511104])
mcause_53=(0x800000000000w,[0; 0; 8796093022208])
mcause_54=(0x1000000000000w,[0; 0; 17592186044416])
mcause_55=(0x2000000000000w,[0; 0; 35184372088832])
mcause_56=(0x4000000000000w,[0; 0; 70368744177664])
mcause_57=(0x8000000000000w,[0; 0; 140737488355328])
mcause_58=(0x10000000000000w,[0; 0; 281474976710656])
mcause_59=(0x20000000000000w,[0; 0; 562949953421312])
mcause_60=(0x40000000000000w,[0; 0; 1125899906842624])
mcause_61=(0x80000000000000w,[0; 0; 2251799813685248])
mcause_62=(0x100000000000000w,[0; 0; 4503599627370496])
mcause_63=(0x200000000000000w,[0; 0; 9007199254740992])
mcause_64=(0x400000000000000w,[0; 0; 18014398509481984])
mcause_65=(0x800000000000000w,[0; 0; 36028797018963968])
mcause_66=(0x1000000000000000w,[0; 0; 72057594037927936])
mcause_67=(0x2000000000000000w,[0; 0; 144115188075855872])
mcause_68=(0x4000000000000000w,[0; 0; 288230376151711744])
mcause_69=(0x8000000000000000w,[0; 1; 0])
codec12_definition=∀x. rec'mcpuid x = mcpuid ((63 >< 62) x) (word_bit 8 x) (word_bit 12 x) (word_bit 18 x) (word_bit 20 x) ((7 >< 0) x @@ (11 >< 9) x @@ (17 >< 13) x @@ (19 >< 19) x @@ (61 >< 21) x)
codec13_definition=∀x. rec'mimpid x = mimpid ((63 >< 16) x) ((15 >< 0) x)
