multiply_MUL_0_0_0=T
multiply_MUL_0_0_1=T
multiply_MUL_0_0_2=T
multiply_MUL_0_0_7=T
multiply_MUL_0_1_0=T
multiply_MUL_0_1_1=T
multiply_MUL_0_1_2=T
multiply_MUL_0_1_7=T
multiply_MUL_0_2_0=T
multiply_MUL_0_2_1=T
multiply_MUL_0_2_2=T
multiply_MUL_0_2_7=T
multiply_MUL_0_3_0=T
multiply_MUL_0_3_1=T
multiply_MUL_0_3_2=T
multiply_MUL_0_3_7=T
multiply_MUL_0_4_0=T
multiply_MUL_0_4_1=T
multiply_MUL_0_4_2=T
multiply_MUL_0_4_7=T
multiply_MUL_0_5_0=T
multiply_MUL_0_5_1=T
multiply_MUL_0_5_2=T
multiply_MUL_0_5_7=T
multiply_MUL_0_6_0=T
multiply_MUL_0_6_1=T
multiply_MUL_0_6_2=T
multiply_MUL_0_6_7=T
multiply_MUL_0_7_0=T
multiply_MUL_0_7_1=T
multiply_MUL_0_7_2=T
multiply_MUL_0_7_7=T
multiply_MUL_0_8_0=T
multiply_MUL_0_8_1=T
multiply_MUL_0_8_2=T
multiply_MUL_0_8_7=T
multiply_MUL_0_9_0=T
multiply_MUL_0_9_1=T
multiply_MUL_0_9_2=T
multiply_MUL_0_9_7=T
multiply_MUL_0_10_0=T
multiply_MUL_0_10_1=T
multiply_MUL_0_10_2=T
multiply_MUL_0_10_7=T
multiply_MUL_0_11_0=T
multiply_MUL_0_11_1=T
multiply_MUL_0_11_2=T
multiply_MUL_0_11_7=T
multiply_MUL_2_0_0=T
multiply_MUL_2_0_1=T
multiply_MUL_2_0_2=T
multiply_MUL_2_0_7=T
multiply_MUL_2_1_0=T
multiply_MUL_2_1_1=T
multiply_MUL_2_1_2=T
multiply_MUL_2_1_7=T
multiply_MUL_2_2_0=T
multiply_MUL_2_2_1=T
multiply_MUL_2_2_2=T
multiply_MUL_2_2_7=T
multiply_MUL_2_3_0=T
multiply_MUL_2_3_1=T
multiply_MUL_2_3_2=T
multiply_MUL_2_3_7=T
multiply_MUL_2_4_0=T
multiply_MUL_2_4_1=T
multiply_MUL_2_4_2=T
multiply_MUL_2_4_7=T
multiply_MUL_2_5_0=T
multiply_MUL_2_5_1=T
multiply_MUL_2_5_2=T
multiply_MUL_2_5_7=T
multiply_MUL_2_6_0=T
multiply_MUL_2_6_1=T
multiply_MUL_2_6_2=T
multiply_MUL_2_6_7=T
multiply_MUL_2_7_0=T
multiply_MUL_2_7_1=T
multiply_MUL_2_7_2=T
multiply_MUL_2_7_7=T
multiply_MUL_2_8_0=T
multiply_MUL_2_8_1=T
multiply_MUL_2_8_2=T
multiply_MUL_2_8_7=T
multiply_MUL_2_9_0=T
multiply_MUL_2_9_1=T
multiply_MUL_2_9_2=T
multiply_MUL_2_9_7=T
multiply_MUL_2_10_0=T
multiply_MUL_2_10_1=T
multiply_MUL_2_10_2=T
multiply_MUL_2_10_7=T
multiply_MUL_2_11_0=T
multiply_MUL_2_11_1=T
multiply_MUL_2_11_2=T
multiply_MUL_2_11_7=T
multiply_MUL_3_0_0=T
multiply_MUL_3_0_1=T
multiply_MUL_3_0_2=T
multiply_MUL_3_0_7=T
multiply_MUL_3_1_0=T
multiply_MUL_3_1_1=T
multiply_MUL_3_1_2=T
multiply_MUL_3_1_7=T
multiply_MUL_3_2_0=T
multiply_MUL_3_2_1=T
multiply_MUL_3_2_2=T
multiply_MUL_3_2_7=T
multiply_MUL_3_3_0=T
multiply_MUL_3_3_1=T
multiply_MUL_3_3_2=T
multiply_MUL_3_3_7=T
multiply_MUL_3_4_0=T
multiply_MUL_3_4_1=T
multiply_MUL_3_4_2=T
multiply_MUL_3_4_7=T
multiply_MUL_3_5_0=T
multiply_MUL_3_5_1=T
multiply_MUL_3_5_2=T
multiply_MUL_3_5_7=T
multiply_MUL_3_6_0=T
multiply_MUL_3_6_1=T
multiply_MUL_3_6_2=T
multiply_MUL_3_6_7=T
multiply_MUL_3_7_0=T
multiply_MUL_3_7_1=T
multiply_MUL_3_7_2=T
multiply_MUL_3_7_7=T
multiply_MUL_3_8_0=T
multiply_MUL_3_8_1=T
multiply_MUL_3_8_2=T
multiply_MUL_3_8_7=T
multiply_MUL_3_9_0=T
multiply_MUL_3_9_1=T
multiply_MUL_3_9_2=T
multiply_MUL_3_9_7=T
multiply_MUL_3_10_0=T
multiply_MUL_3_10_1=T
multiply_MUL_3_10_2=T
multiply_MUL_3_10_7=T
multiply_MUL_3_11_0=T
multiply_MUL_3_11_1=T
multiply_MUL_3_11_2=T
multiply_MUL_3_11_7=T
multiply_MULH_0_0_0=T
multiply_MULH_0_0_1=T
multiply_MULH_0_0_2=T
multiply_MULH_0_0_7=T
multiply_MULH_0_1_0=T
multiply_MULH_0_1_1=T
multiply_MULH_0_1_2=T
multiply_MULH_0_1_7=T
multiply_MULH_0_2_0=T
multiply_MULH_0_2_1=T
multiply_MULH_0_2_2=T
multiply_MULH_0_2_7=T
multiply_MULH_0_3_0=T
multiply_MULH_0_3_1=T
multiply_MULH_0_3_2=T
multiply_MULH_0_3_7=T
multiply_MULH_0_4_0=T
multiply_MULH_0_4_1=T
multiply_MULH_0_4_2=T
multiply_MULH_0_4_7=T
multiply_MULH_0_5_0=T
multiply_MULH_0_5_1=T
multiply_MULH_0_5_2=T
multiply_MULH_0_5_7=T
multiply_MULH_0_6_0=T
multiply_MULH_0_6_1=T
multiply_MULH_0_6_2=T
multiply_MULH_0_6_7=T
multiply_MULH_0_7_0=T
multiply_MULH_0_7_1=T
multiply_MULH_0_7_2=T
multiply_MULH_0_7_7=T
multiply_MULH_0_8_0=T
multiply_MULH_0_8_1=T
multiply_MULH_0_8_2=T
multiply_MULH_0_8_7=T
multiply_MULH_0_9_0=T
multiply_MULH_0_9_1=T
multiply_MULH_0_9_2=T
multiply_MULH_0_9_7=T
multiply_MULH_0_10_0=T
multiply_MULH_0_10_1=T
multiply_MULH_0_10_2=T
multiply_MULH_0_10_7=T
multiply_MULH_0_11_0=T
multiply_MULH_0_11_1=T
multiply_MULH_0_11_2=T
multiply_MULH_0_11_7=T
multiply_MULH_2_0_0=T
multiply_MULH_2_0_1=T
multiply_MULH_2_0_2=T
multiply_MULH_2_0_7=T
multiply_MULH_2_1_0=T
multiply_MULH_2_1_1=T
multiply_MULH_2_1_2=T
multiply_MULH_2_1_7=T
multiply_MULH_2_2_0=T
multiply_MULH_2_2_1=T
multiply_MULH_2_2_2=T
multiply_MULH_2_2_7=T
multiply_MULH_2_3_0=T
multiply_MULH_2_3_1=T
multiply_MULH_2_3_2=T
multiply_MULH_2_3_7=T
multiply_MULH_2_4_0=T
multiply_MULH_2_4_1=T
multiply_MULH_2_4_2=T
multiply_MULH_2_4_7=T
multiply_MULH_2_5_0=T
multiply_MULH_2_5_1=T
multiply_MULH_2_5_2=T
multiply_MULH_2_5_7=T
multiply_MULH_2_6_0=T
multiply_MULH_2_6_1=T
multiply_MULH_2_6_2=T
multiply_MULH_2_6_7=T
multiply_MULH_2_7_0=T
multiply_MULH_2_7_1=T
multiply_MULH_2_7_2=T
multiply_MULH_2_7_7=T
multiply_MULH_2_8_0=T
multiply_MULH_2_8_1=T
multiply_MULH_2_8_2=T
multiply_MULH_2_8_7=T
multiply_MULH_2_9_0=T
multiply_MULH_2_9_1=T
multiply_MULH_2_9_2=T
multiply_MULH_2_9_7=T
multiply_MULH_2_10_0=T
multiply_MULH_2_10_1=T
multiply_MULH_2_10_2=T
multiply_MULH_2_10_7=T
multiply_MULH_2_11_0=T
multiply_MULH_2_11_1=T
multiply_MULH_2_11_2=T
multiply_MULH_2_11_7=T
multiply_MULH_3_0_0=T
multiply_MULH_3_0_1=T
multiply_MULH_3_0_2=T
multiply_MULH_3_0_7=T
multiply_MULH_3_1_0=T
multiply_MULH_3_1_1=T
multiply_MULH_3_1_2=T
multiply_MULH_3_1_7=T
multiply_MULH_3_2_0=T
multiply_MULH_3_2_1=T
multiply_MULH_3_2_2=T
multiply_MULH_3_2_7=T
multiply_MULH_3_3_0=T
multiply_MULH_3_3_1=T
multiply_MULH_3_3_2=T
multiply_MULH_3_3_7=T
multiply_MULH_3_4_0=T
multiply_MULH_3_4_1=T
multiply_MULH_3_4_2=T
multiply_MULH_3_4_7=T
multiply_MULH_3_5_0=T
multiply_MULH_3_5_1=T
multiply_MULH_3_5_2=T
multiply_MULH_3_5_7=T
multiply_MULH_3_6_0=T
multiply_MULH_3_6_1=T
multiply_MULH_3_6_2=T
multiply_MULH_3_6_7=T
multiply_MULH_3_7_0=T
multiply_MULH_3_7_1=T
multiply_MULH_3_7_2=T
multiply_MULH_3_7_7=T
multiply_MULH_3_8_0=T
multiply_MULH_3_8_1=T
multiply_MULH_3_8_2=T
multiply_MULH_3_8_7=T
multiply_MULH_3_9_0=T
multiply_MULH_3_9_1=T
multiply_MULH_3_9_2=T
multiply_MULH_3_9_7=T
multiply_MULH_3_10_0=T
multiply_MULH_3_10_1=T
multiply_MULH_3_10_2=T
multiply_MULH_3_10_7=T
multiply_MULH_3_11_0=T
multiply_MULH_3_11_1=T
multiply_MULH_3_11_2=T
multiply_MULH_3_11_7=T
multiply_MULHU_0_0_0=T
multiply_MULHU_0_0_1=T
multiply_MULHU_0_0_2=T
multiply_MULHU_0_0_7=T
multiply_MULHU_0_1_0=T
multiply_MULHU_0_1_1=T
multiply_MULHU_0_1_2=T
multiply_MULHU_0_1_7=T
multiply_MULHU_0_2_0=T
multiply_MULHU_0_2_1=T
multiply_MULHU_0_2_2=T
multiply_MULHU_0_2_7=T
multiply_MULHU_0_3_0=T
multiply_MULHU_0_3_1=T
multiply_MULHU_0_3_2=T
multiply_MULHU_0_3_7=T
multiply_MULHU_0_4_0=T
multiply_MULHU_0_4_1=T
multiply_MULHU_0_4_2=T
multiply_MULHU_0_4_7=T
multiply_MULHU_0_5_0=T
multiply_MULHU_0_5_1=T
multiply_MULHU_0_5_2=T
multiply_MULHU_0_5_7=T
multiply_MULHU_0_6_0=T
multiply_MULHU_0_6_1=T
multiply_MULHU_0_6_2=T
multiply_MULHU_0_6_7=T
multiply_MULHU_0_7_0=T
multiply_MULHU_0_7_1=T
multiply_MULHU_0_7_2=T
multiply_MULHU_0_7_7=T
multiply_MULHU_0_8_0=T
multiply_MULHU_0_8_1=T
multiply_MULHU_0_8_2=T
multiply_MULHU_0_8_7=T
multiply_MULHU_0_9_0=T
multiply_MULHU_0_9_1=T
multiply_MULHU_0_9_2=T
multiply_MULHU_0_9_7=T
multiply_MULHU_0_10_0=T
multiply_MULHU_0_10_1=T
multiply_MULHU_0_10_2=T
multiply_MULHU_0_10_7=T
multiply_MULHU_0_11_0=T
multiply_MULHU_0_11_1=T
multiply_MULHU_0_11_2=T
multiply_MULHU_0_11_7=T
multiply_MULHU_2_0_0=T
multiply_MULHU_2_0_1=T
multiply_MULHU_2_0_2=T
multiply_MULHU_2_0_7=T
multiply_MULHU_2_1_0=T
multiply_MULHU_2_1_1=T
multiply_MULHU_2_1_2=T
multiply_MULHU_2_1_7=T
multiply_MULHU_2_2_0=T
multiply_MULHU_2_2_1=T
multiply_MULHU_2_2_2=T
multiply_MULHU_2_2_7=T
multiply_MULHU_2_3_0=T
multiply_MULHU_2_3_1=T
multiply_MULHU_2_3_2=T
multiply_MULHU_2_3_7=T
multiply_MULHU_2_4_0=T
multiply_MULHU_2_4_1=T
multiply_MULHU_2_4_2=T
multiply_MULHU_2_4_7=T
multiply_MULHU_2_5_0=T
multiply_MULHU_2_5_1=T
multiply_MULHU_2_5_2=T
multiply_MULHU_2_5_7=T
multiply_MULHU_2_6_0=T
multiply_MULHU_2_6_1=T
multiply_MULHU_2_6_2=T
multiply_MULHU_2_6_7=T
multiply_MULHU_2_7_0=T
multiply_MULHU_2_7_1=T
multiply_MULHU_2_7_2=T
multiply_MULHU_2_7_7=T
multiply_MULHU_2_8_0=T
multiply_MULHU_2_8_1=T
multiply_MULHU_2_8_2=T
multiply_MULHU_2_8_7=T
multiply_MULHU_2_9_0=T
multiply_MULHU_2_9_1=T
multiply_MULHU_2_9_2=T
multiply_MULHU_2_9_7=T
multiply_MULHU_2_10_0=T
multiply_MULHU_2_10_1=T
multiply_MULHU_2_10_2=T
multiply_MULHU_2_10_7=T
multiply_MULHU_2_11_0=T
multiply_MULHU_2_11_1=T
multiply_MULHU_2_11_2=T
multiply_MULHU_2_11_7=T
multiply_MULHU_3_0_0=T
multiply_MULHU_3_0_1=T
multiply_MULHU_3_0_2=T
multiply_MULHU_3_0_7=T
multiply_MULHU_3_1_0=T
multiply_MULHU_3_1_1=T
multiply_MULHU_3_1_2=T
multiply_MULHU_3_1_7=T
multiply_MULHU_3_2_0=T
multiply_MULHU_3_2_1=T
multiply_MULHU_3_2_2=T
multiply_MULHU_3_2_7=T
multiply_MULHU_3_3_0=T
multiply_MULHU_3_3_1=T
multiply_MULHU_3_3_2=T
multiply_MULHU_3_3_7=T
multiply_MULHU_3_4_0=T
multiply_MULHU_3_4_1=T
multiply_MULHU_3_4_2=T
multiply_MULHU_3_4_7=T
multiply_MULHU_3_5_0=T
multiply_MULHU_3_5_1=T
multiply_MULHU_3_5_2=T
multiply_MULHU_3_5_7=T
multiply_MULHU_3_6_0=T
multiply_MULHU_3_6_1=T
multiply_MULHU_3_6_2=T
multiply_MULHU_3_6_7=T
multiply_MULHU_3_7_0=T
multiply_MULHU_3_7_1=T
multiply_MULHU_3_7_2=T
multiply_MULHU_3_7_7=T
multiply_MULHU_3_8_0=T
multiply_MULHU_3_8_1=T
multiply_MULHU_3_8_2=T
multiply_MULHU_3_8_7=T
multiply_MULHU_3_9_0=T
multiply_MULHU_3_9_1=T
multiply_MULHU_3_9_2=T
multiply_MULHU_3_9_7=T
multiply_MULHU_3_10_0=T
multiply_MULHU_3_10_1=T
multiply_MULHU_3_10_2=T
multiply_MULHU_3_10_7=T
multiply_MULHU_3_11_0=T
multiply_MULHU_3_11_1=T
multiply_MULHU_3_11_2=T
multiply_MULHU_3_11_7=T
multiply_MULHSU_0_0_0=T
multiply_MULHSU_0_0_1=T
multiply_MULHSU_0_0_2=T
multiply_MULHSU_0_0_7=T
multiply_MULHSU_0_1_0=T
multiply_MULHSU_0_1_1=T
multiply_MULHSU_0_1_2=T
multiply_MULHSU_0_1_7=T
multiply_MULHSU_0_2_0=T
multiply_MULHSU_0_2_1=T
multiply_MULHSU_0_2_2=T
multiply_MULHSU_0_2_7=T
multiply_MULHSU_0_3_0=T
multiply_MULHSU_0_3_1=T
multiply_MULHSU_0_3_2=T
multiply_MULHSU_0_3_7=T
multiply_MULHSU_0_4_0=T
multiply_MULHSU_0_4_1=T
multiply_MULHSU_0_4_2=T
multiply_MULHSU_0_4_7=T
multiply_MULHSU_0_5_0=T
multiply_MULHSU_0_5_1=T
multiply_MULHSU_0_5_2=T
multiply_MULHSU_0_5_7=T
multiply_MULHSU_0_6_0=T
multiply_MULHSU_0_6_1=T
multiply_MULHSU_0_6_2=T
multiply_MULHSU_0_6_7=T
multiply_MULHSU_0_7_0=T
multiply_MULHSU_0_7_1=T
multiply_MULHSU_0_7_2=T
multiply_MULHSU_0_7_7=T
multiply_MULHSU_0_8_0=T
multiply_MULHSU_0_8_1=T
multiply_MULHSU_0_8_2=T
multiply_MULHSU_0_8_7=T
multiply_MULHSU_0_9_0=T
multiply_MULHSU_0_9_1=T
multiply_MULHSU_0_9_2=T
multiply_MULHSU_0_9_7=T
multiply_MULHSU_0_10_0=T
multiply_MULHSU_0_10_1=T
multiply_MULHSU_0_10_2=T
multiply_MULHSU_0_10_7=T
multiply_MULHSU_0_11_0=T
multiply_MULHSU_0_11_1=T
multiply_MULHSU_0_11_2=T
multiply_MULHSU_0_11_7=T
multiply_MULHSU_2_0_0=T
multiply_MULHSU_2_0_1=T
multiply_MULHSU_2_0_2=T
multiply_MULHSU_2_0_7=T
multiply_MULHSU_2_1_0=T
multiply_MULHSU_2_1_1=T
multiply_MULHSU_2_1_2=T
multiply_MULHSU_2_1_7=T
multiply_MULHSU_2_2_0=T
multiply_MULHSU_2_2_1=T
multiply_MULHSU_2_2_2=T
multiply_MULHSU_2_2_7=T
multiply_MULHSU_2_3_0=T
multiply_MULHSU_2_3_1=T
multiply_MULHSU_2_3_2=T
multiply_MULHSU_2_3_7=T
multiply_MULHSU_2_4_0=T
multiply_MULHSU_2_4_1=T
multiply_MULHSU_2_4_2=T
multiply_MULHSU_2_4_7=T
multiply_MULHSU_2_5_0=T
multiply_MULHSU_2_5_1=T
multiply_MULHSU_2_5_2=T
multiply_MULHSU_2_5_7=T
multiply_MULHSU_2_6_0=T
multiply_MULHSU_2_6_1=T
multiply_MULHSU_2_6_2=T
multiply_MULHSU_2_6_7=T
multiply_MULHSU_2_7_0=T
multiply_MULHSU_2_7_1=T
multiply_MULHSU_2_7_2=T
multiply_MULHSU_2_7_7=T
multiply_MULHSU_2_8_0=T
multiply_MULHSU_2_8_1=T
multiply_MULHSU_2_8_2=T
multiply_MULHSU_2_8_7=T
multiply_MULHSU_2_9_0=T
multiply_MULHSU_2_9_1=T
multiply_MULHSU_2_9_2=T
multiply_MULHSU_2_9_7=T
multiply_MULHSU_2_10_0=T
multiply_MULHSU_2_10_1=T
multiply_MULHSU_2_10_2=T
multiply_MULHSU_2_10_7=T
multiply_MULHSU_2_11_0=T
multiply_MULHSU_2_11_1=T
multiply_MULHSU_2_11_2=T
multiply_MULHSU_2_11_7=T
multiply_MULHSU_3_0_0=T
multiply_MULHSU_3_0_1=T
multiply_MULHSU_3_0_2=T
multiply_MULHSU_3_0_7=T
multiply_MULHSU_3_1_0=T
multiply_MULHSU_3_1_1=T
multiply_MULHSU_3_1_2=T
multiply_MULHSU_3_1_7=T
multiply_MULHSU_3_2_0=T
multiply_MULHSU_3_2_1=T
multiply_MULHSU_3_2_2=T
multiply_MULHSU_3_2_7=T
multiply_MULHSU_3_3_0=T
multiply_MULHSU_3_3_1=T
multiply_MULHSU_3_3_2=T
multiply_MULHSU_3_3_7=T
multiply_MULHSU_3_4_0=T
multiply_MULHSU_3_4_1=T
multiply_MULHSU_3_4_2=T
multiply_MULHSU_3_4_7=T
multiply_MULHSU_3_5_0=T
multiply_MULHSU_3_5_1=T
multiply_MULHSU_3_5_2=T
multiply_MULHSU_3_5_7=T
multiply_MULHSU_3_6_0=T
multiply_MULHSU_3_6_1=T
multiply_MULHSU_3_6_2=T
multiply_MULHSU_3_6_7=T
multiply_MULHSU_3_7_0=T
multiply_MULHSU_3_7_1=T
multiply_MULHSU_3_7_2=T
multiply_MULHSU_3_7_7=T
multiply_MULHSU_3_8_0=T
multiply_MULHSU_3_8_1=T
multiply_MULHSU_3_8_2=T
multiply_MULHSU_3_8_7=T
multiply_MULHSU_3_9_0=T
multiply_MULHSU_3_9_1=T
multiply_MULHSU_3_9_2=T
multiply_MULHSU_3_9_7=T
multiply_MULHSU_3_10_0=T
multiply_MULHSU_3_10_1=T
multiply_MULHSU_3_10_2=T
multiply_MULHSU_3_10_7=T
multiply_MULHSU_3_11_0=T
multiply_MULHSU_3_11_1=T
multiply_MULHSU_3_11_2=T
multiply_MULHSU_3_11_7=T
multiply_MULW_0_0_0=T
multiply_MULW_0_0_1=T
multiply_MULW_0_0_2=T
multiply_MULW_0_0_7=T
multiply_MULW_0_1_0=T
multiply_MULW_0_1_1=T
multiply_MULW_0_1_2=T
multiply_MULW_0_1_7=T
multiply_MULW_0_2_0=T
multiply_MULW_0_2_1=T
multiply_MULW_0_2_2=T
multiply_MULW_0_2_7=T
multiply_MULW_0_3_0=T
multiply_MULW_0_3_1=T
multiply_MULW_0_3_2=T
multiply_MULW_0_3_7=T
multiply_MULW_0_4_0=T
multiply_MULW_0_4_1=T
multiply_MULW_0_4_2=T
multiply_MULW_0_4_7=T
multiply_MULW_0_5_0=T
multiply_MULW_0_5_1=T
multiply_MULW_0_5_2=T
multiply_MULW_0_5_7=T
multiply_MULW_0_6_0=T
multiply_MULW_0_6_1=T
multiply_MULW_0_6_2=T
multiply_MULW_0_6_7=T
multiply_MULW_0_7_0=T
multiply_MULW_0_7_1=T
multiply_MULW_0_7_2=T
multiply_MULW_0_7_7=T
multiply_MULW_0_8_0=T
multiply_MULW_0_8_1=T
multiply_MULW_0_8_2=T
multiply_MULW_0_8_7=T
multiply_MULW_0_9_0=T
multiply_MULW_0_9_1=T
multiply_MULW_0_9_2=T
multiply_MULW_0_9_7=T
multiply_MULW_0_10_0=T
multiply_MULW_0_10_1=T
multiply_MULW_0_10_2=T
multiply_MULW_0_10_7=T
multiply_MULW_0_11_0=T
multiply_MULW_0_11_1=T
multiply_MULW_0_11_2=T
multiply_MULW_0_11_7=T
multiply_MULW_2_0_0=T
multiply_MULW_2_0_1=T
multiply_MULW_2_0_2=T
multiply_MULW_2_0_7=T
multiply_MULW_2_1_0=T
multiply_MULW_2_1_1=T
multiply_MULW_2_1_2=T
multiply_MULW_2_1_7=T
multiply_MULW_2_2_0=T
multiply_MULW_2_2_1=T
multiply_MULW_2_2_2=T
multiply_MULW_2_2_7=T
multiply_MULW_2_3_0=T
multiply_MULW_2_3_1=T
multiply_MULW_2_3_2=T
multiply_MULW_2_3_7=T
multiply_MULW_2_4_0=T
multiply_MULW_2_4_1=T
multiply_MULW_2_4_2=T
multiply_MULW_2_4_7=T
multiply_MULW_2_5_0=T
multiply_MULW_2_5_1=T
multiply_MULW_2_5_2=T
multiply_MULW_2_5_7=T
multiply_MULW_2_6_0=T
multiply_MULW_2_6_1=T
multiply_MULW_2_6_2=T
multiply_MULW_2_6_7=T
multiply_MULW_2_7_0=T
multiply_MULW_2_7_1=T
multiply_MULW_2_7_2=T
multiply_MULW_2_7_7=T
multiply_MULW_2_8_0=T
multiply_MULW_2_8_1=T
multiply_MULW_2_8_2=T
multiply_MULW_2_8_7=T
multiply_MULW_2_9_0=T
multiply_MULW_2_9_1=T
multiply_MULW_2_9_2=T
multiply_MULW_2_9_7=T
multiply_MULW_2_10_0=T
multiply_MULW_2_10_1=T
multiply_MULW_2_10_2=T
multiply_MULW_2_10_7=T
multiply_MULW_2_11_0=T
multiply_MULW_2_11_1=T
multiply_MULW_2_11_2=T
multiply_MULW_2_11_7=T
multiply_MULW_3_0_0=T
multiply_MULW_3_0_1=T
multiply_MULW_3_0_2=T
multiply_MULW_3_0_7=T
multiply_MULW_3_1_0=T
multiply_MULW_3_1_1=T
multiply_MULW_3_1_2=T
multiply_MULW_3_1_7=T
multiply_MULW_3_2_0=T
multiply_MULW_3_2_1=T
multiply_MULW_3_2_2=T
multiply_MULW_3_2_7=T
multiply_MULW_3_3_0=T
multiply_MULW_3_3_1=T
multiply_MULW_3_3_2=T
multiply_MULW_3_3_7=T
multiply_MULW_3_4_0=T
multiply_MULW_3_4_1=T
multiply_MULW_3_4_2=T
multiply_MULW_3_4_7=T
multiply_MULW_3_5_0=T
multiply_MULW_3_5_1=T
multiply_MULW_3_5_2=T
multiply_MULW_3_5_7=T
multiply_MULW_3_6_0=T
multiply_MULW_3_6_1=T
multiply_MULW_3_6_2=T
multiply_MULW_3_6_7=T
multiply_MULW_3_7_0=T
multiply_MULW_3_7_1=T
multiply_MULW_3_7_2=T
multiply_MULW_3_7_7=T
multiply_MULW_3_8_0=T
multiply_MULW_3_8_1=T
multiply_MULW_3_8_2=T
multiply_MULW_3_8_7=T
multiply_MULW_3_9_0=T
multiply_MULW_3_9_1=T
multiply_MULW_3_9_2=T
multiply_MULW_3_9_7=T
multiply_MULW_3_10_0=T
multiply_MULW_3_10_1=T
multiply_MULW_3_10_2=T
multiply_MULW_3_10_7=T
multiply_MULW_3_11_0=T
multiply_MULW_3_11_1=T
multiply_MULW_3_11_2=T
multiply_MULW_3_11_7=T
multiply_symbolic_MUL_0=T
multiply_symbolic_MUL_1=T
multiply_symbolic_MULH_0=T
multiply_symbolic_MULH_1=T
multiply_symbolic_MULHU_0=T
multiply_symbolic_MULHU_1=T
multiply_symbolic_MULHSU_0=T
multiply_symbolic_MULHSU_1=T
multiply_symbolic_MULW_0=T
multiply_symbolic_MULW_1=T
