fsqrt_s_four_rte=⊢ dfn'FSQRT_S (3w,1w,0w)
    <|procID := 7w; c_gpr := (λ_0 _1. 99w); c_NextFetch := (λ_2. NONE);
      c_fpr :=
        (λc r.
             if c = 7w then
               if r = 1w then 0x40800000w
               else if r = 2w then 66w
               else 0xCAFE000000000000w
             else 0xBBBB000000000000w);
      c_update := (λ_3. <|data1 := SOME 42w|>);
      c_UCSR := (λ_4. <|fpcsr := <|NV := F; NX := T; FRM := 0w|> |>);
      c_MCSR := (λ_5. <|mstatus := <|MFS := 0w; MSD := F|> |>)|> =
  writeFPRS
    (3w,
     float_to_fp32
       (SND
          (float_round_with_flags roundTiesToEven F
             (sqrt (float_to_real (fp32_to_float 0x40800000w))))))
    <|procID := 7w; c_gpr := (λ_6 _7. 99w); c_NextFetch := (λ_8. NONE);
      c_fpr :=
        (λc r.
             if c = 7w then
               if r = 1w then 0x40800000w
               else if r = 2w then 66w
               else 0xCAFE000000000000w
             else 0xBBBB000000000000w);
      c_update := (λ_9. <|data1 := SOME 42w|>);
      c_UCSR := (λ_10. <|fpcsr := <|NV := F; NX := T; FRM := 0w|> |>);
      c_MCSR := (λ_11. <|mstatus := <|MFS := 0w; MSD := F|> |>)|>
fsqrt_s_four_rtz=⊢ dfn'FSQRT_S (3w,1w,1w)
    <|procID := 7w; c_gpr := (λ_0 _1. 99w); c_NextFetch := (λ_2. NONE);
      c_fpr :=
        (λc r.
             if c = 7w then
               if r = 1w then 0x40800000w
               else if r = 2w then 66w
               else 0xCAFE000000000000w
             else 0xBBBB000000000000w);
      c_update := (λ_3. <|data1 := SOME 42w|>);
      c_UCSR := (λ_4. <|fpcsr := <|NV := F; NX := T; FRM := 0w|> |>);
      c_MCSR := (λ_5. <|mstatus := <|MFS := 0w; MSD := F|> |>)|> =
  writeFPRS
    (3w,
     float_to_fp32
       (SND
          (float_round_with_flags roundTowardZero F
             (sqrt (float_to_real (fp32_to_float 0x40800000w))))))
    <|procID := 7w; c_gpr := (λ_6 _7. 99w); c_NextFetch := (λ_8. NONE);
      c_fpr :=
        (λc r.
             if c = 7w then
               if r = 1w then 0x40800000w
               else if r = 2w then 66w
               else 0xCAFE000000000000w
             else 0xBBBB000000000000w);
      c_update := (λ_9. <|data1 := SOME 42w|>);
      c_UCSR := (λ_10. <|fpcsr := <|NV := F; NX := T; FRM := 0w|> |>);
      c_MCSR := (λ_11. <|mstatus := <|MFS := 0w; MSD := F|> |>)|>
fsqrt_s_four_down=⊢ dfn'FSQRT_S (3w,1w,2w)
    <|procID := 7w; c_gpr := (λ_0 _1. 99w); c_NextFetch := (λ_2. NONE);
      c_fpr :=
        (λc r.
             if c = 7w then
               if r = 1w then 0x40800000w
               else if r = 2w then 66w
               else 0xCAFE000000000000w
             else 0xBBBB000000000000w);
      c_update := (λ_3. <|data1 := SOME 42w|>);
      c_UCSR := (λ_4. <|fpcsr := <|NV := F; NX := T; FRM := 0w|> |>);
      c_MCSR := (λ_5. <|mstatus := <|MFS := 0w; MSD := F|> |>)|> =
  writeFPRS
    (3w,
     float_to_fp32
       (SND
          (float_round_with_flags roundTowardNegative F
             (sqrt (float_to_real (fp32_to_float 0x40800000w))))))
    <|procID := 7w; c_gpr := (λ_6 _7. 99w); c_NextFetch := (λ_8. NONE);
      c_fpr :=
        (λc r.
             if c = 7w then
               if r = 1w then 0x40800000w
               else if r = 2w then 66w
               else 0xCAFE000000000000w
             else 0xBBBB000000000000w);
      c_update := (λ_9. <|data1 := SOME 42w|>);
      c_UCSR := (λ_10. <|fpcsr := <|NV := F; NX := T; FRM := 0w|> |>);
      c_MCSR := (λ_11. <|mstatus := <|MFS := 0w; MSD := F|> |>)|>
fsqrt_s_four_up=⊢ dfn'FSQRT_S (3w,1w,3w)
    <|procID := 7w; c_gpr := (λ_0 _1. 99w); c_NextFetch := (λ_2. NONE);
      c_fpr :=
        (λc r.
             if c = 7w then
               if r = 1w then 0x40800000w
               else if r = 2w then 66w
               else 0xCAFE000000000000w
             else 0xBBBB000000000000w);
      c_update := (λ_3. <|data1 := SOME 42w|>);
      c_UCSR := (λ_4. <|fpcsr := <|NV := F; NX := T; FRM := 0w|> |>);
      c_MCSR := (λ_5. <|mstatus := <|MFS := 0w; MSD := F|> |>)|> =
  writeFPRS
    (3w,
     float_to_fp32
       (SND
          (float_round_with_flags roundTowardPositive F
             (sqrt (float_to_real (fp32_to_float 0x40800000w))))))
    <|procID := 7w; c_gpr := (λ_6 _7. 99w); c_NextFetch := (λ_8. NONE);
      c_fpr :=
        (λc r.
             if c = 7w then
               if r = 1w then 0x40800000w
               else if r = 2w then 66w
               else 0xCAFE000000000000w
             else 0xBBBB000000000000w);
      c_update := (λ_9. <|data1 := SOME 42w|>);
      c_UCSR := (λ_10. <|fpcsr := <|NV := F; NX := T; FRM := 0w|> |>);
      c_MCSR := (λ_11. <|mstatus := <|MFS := 0w; MSD := F|> |>)|>
fsqrt_s_four_dynamic_up=⊢ dfn'FSQRT_S (3w,1w,7w)
    <|procID := 7w; c_gpr := (λ_0 _1. 99w); c_NextFetch := (λ_2. NONE);
      c_fpr :=
        (λc r.
             if c = 7w then
               if r = 1w then 0x40800000w
               else if r = 2w then 66w
               else 0xCAFE000000000000w
             else 0xBBBB000000000000w);
      c_update := (λ_3. <|data1 := SOME 42w|>);
      c_UCSR := (λ_4. <|fpcsr := <|NV := F; NX := T; FRM := 3w|> |>);
      c_MCSR := (λ_5. <|mstatus := <|MFS := 0w; MSD := F|> |>)|> =
  writeFPRS
    (3w,
     float_to_fp32
       (SND
          (float_round_with_flags roundTowardPositive F
             (sqrt (float_to_real (fp32_to_float 0x40800000w))))))
    <|procID := 7w; c_gpr := (λ_6 _7. 99w); c_NextFetch := (λ_8. NONE);
      c_fpr :=
        (λc r.
             if c = 7w then
               if r = 1w then 0x40800000w
               else if r = 2w then 66w
               else 0xCAFE000000000000w
             else 0xBBBB000000000000w);
      c_update := (λ_9. <|data1 := SOME 42w|>);
      c_UCSR := (λ_10. <|fpcsr := <|NV := F; NX := T; FRM := 3w|> |>);
      c_MCSR := (λ_11. <|mstatus := <|MFS := 0w; MSD := F|> |>)|>
fsqrt_s_four_invalid_static=(0xCAFE000000000000w,0x40800000w,66w,0w,F,SOME 42w,F,T,0xBBBB000000000000w,T)
fsqrt_s_four_invalid_dynamic=(0xCAFE000000000000w,0x40800000w,66w,0w,F,SOME 42w,F,T,0xBBBB000000000000w,T)
fsqrt_s_negative_one_rte=⊢ dfn'FSQRT_S (3w,1w,0w)
    <|procID := 7w; c_gpr := (λ_0 _1. 99w); c_NextFetch := (λ_2. NONE);
      c_fpr :=
        (λc r.
             if c = 7w then
               if r = 1w then 0xBF800000w
               else if r = 2w then 66w
               else 0xCAFE000000000000w
             else 0xBBBB000000000000w);
      c_update := (λ_3. <|data1 := SOME 42w|>);
      c_UCSR := (λ_4. <|fpcsr := <|NV := F; NX := T; FRM := 0w|> |>);
      c_MCSR := (λ_5. <|mstatus := <|MFS := 0w; MSD := F|> |>)|> =
  writeFPRS
    (3w,
     float_to_fp32
       (float_some_qnan (FP_Sqrt roundTiesToEven (fp32_to_float 0xBF800000w))))
    <|procID := 7w; c_gpr := (λ_6 _7. 99w); c_NextFetch := (λ_8. NONE);
      c_fpr :=
        (λc r.
             if c = 7w then
               if r = 1w then 0xBF800000w
               else if r = 2w then 66w
               else 0xCAFE000000000000w
             else 0xBBBB000000000000w);
      c_update := (λ_9. <|data1 := SOME 42w|>);
      c_UCSR := (λ_10. <|fpcsr := <|NV := F; NX := T; FRM := 0w|> |>);
      c_MCSR := (λ_11. <|mstatus := <|MFS := 0w; MSD := F|> |>)|>
fsqrt_s_negative_one_rtz=⊢ dfn'FSQRT_S (3w,1w,1w)
    <|procID := 7w; c_gpr := (λ_0 _1. 99w); c_NextFetch := (λ_2. NONE);
      c_fpr :=
        (λc r.
             if c = 7w then
               if r = 1w then 0xBF800000w
               else if r = 2w then 66w
               else 0xCAFE000000000000w
             else 0xBBBB000000000000w);
      c_update := (λ_3. <|data1 := SOME 42w|>);
      c_UCSR := (λ_4. <|fpcsr := <|NV := F; NX := T; FRM := 0w|> |>);
      c_MCSR := (λ_5. <|mstatus := <|MFS := 0w; MSD := F|> |>)|> =
  writeFPRS
    (3w,
     float_to_fp32
       (float_some_qnan (FP_Sqrt roundTowardZero (fp32_to_float 0xBF800000w))))
    <|procID := 7w; c_gpr := (λ_6 _7. 99w); c_NextFetch := (λ_8. NONE);
      c_fpr :=
        (λc r.
             if c = 7w then
               if r = 1w then 0xBF800000w
               else if r = 2w then 66w
               else 0xCAFE000000000000w
             else 0xBBBB000000000000w);
      c_update := (λ_9. <|data1 := SOME 42w|>);
      c_UCSR := (λ_10. <|fpcsr := <|NV := F; NX := T; FRM := 0w|> |>);
      c_MCSR := (λ_11. <|mstatus := <|MFS := 0w; MSD := F|> |>)|>
fsqrt_s_negative_one_down=⊢ dfn'FSQRT_S (3w,1w,2w)
    <|procID := 7w; c_gpr := (λ_0 _1. 99w); c_NextFetch := (λ_2. NONE);
      c_fpr :=
        (λc r.
             if c = 7w then
               if r = 1w then 0xBF800000w
               else if r = 2w then 66w
               else 0xCAFE000000000000w
             else 0xBBBB000000000000w);
      c_update := (λ_3. <|data1 := SOME 42w|>);
      c_UCSR := (λ_4. <|fpcsr := <|NV := F; NX := T; FRM := 0w|> |>);
      c_MCSR := (λ_5. <|mstatus := <|MFS := 0w; MSD := F|> |>)|> =
  writeFPRS
    (3w,
     float_to_fp32
       (float_some_qnan
          (FP_Sqrt roundTowardNegative (fp32_to_float 0xBF800000w))))
    <|procID := 7w; c_gpr := (λ_6 _7. 99w); c_NextFetch := (λ_8. NONE);
      c_fpr :=
        (λc r.
             if c = 7w then
               if r = 1w then 0xBF800000w
               else if r = 2w then 66w
               else 0xCAFE000000000000w
             else 0xBBBB000000000000w);
      c_update := (λ_9. <|data1 := SOME 42w|>);
      c_UCSR := (λ_10. <|fpcsr := <|NV := F; NX := T; FRM := 0w|> |>);
      c_MCSR := (λ_11. <|mstatus := <|MFS := 0w; MSD := F|> |>)|>
fsqrt_s_negative_one_up=⊢ dfn'FSQRT_S (3w,1w,3w)
    <|procID := 7w; c_gpr := (λ_0 _1. 99w); c_NextFetch := (λ_2. NONE);
      c_fpr :=
        (λc r.
             if c = 7w then
               if r = 1w then 0xBF800000w
               else if r = 2w then 66w
               else 0xCAFE000000000000w
             else 0xBBBB000000000000w);
      c_update := (λ_3. <|data1 := SOME 42w|>);
      c_UCSR := (λ_4. <|fpcsr := <|NV := F; NX := T; FRM := 0w|> |>);
      c_MCSR := (λ_5. <|mstatus := <|MFS := 0w; MSD := F|> |>)|> =
  writeFPRS
    (3w,
     float_to_fp32
       (float_some_qnan
          (FP_Sqrt roundTowardPositive (fp32_to_float 0xBF800000w))))
    <|procID := 7w; c_gpr := (λ_6 _7. 99w); c_NextFetch := (λ_8. NONE);
      c_fpr :=
        (λc r.
             if c = 7w then
               if r = 1w then 0xBF800000w
               else if r = 2w then 66w
               else 0xCAFE000000000000w
             else 0xBBBB000000000000w);
      c_update := (λ_9. <|data1 := SOME 42w|>);
      c_UCSR := (λ_10. <|fpcsr := <|NV := F; NX := T; FRM := 0w|> |>);
      c_MCSR := (λ_11. <|mstatus := <|MFS := 0w; MSD := F|> |>)|>
fsqrt_s_negative_one_dynamic_up=⊢ dfn'FSQRT_S (3w,1w,7w)
    <|procID := 7w; c_gpr := (λ_0 _1. 99w); c_NextFetch := (λ_2. NONE);
      c_fpr :=
        (λc r.
             if c = 7w then
               if r = 1w then 0xBF800000w
               else if r = 2w then 66w
               else 0xCAFE000000000000w
             else 0xBBBB000000000000w);
      c_update := (λ_3. <|data1 := SOME 42w|>);
      c_UCSR := (λ_4. <|fpcsr := <|NV := F; NX := T; FRM := 3w|> |>);
      c_MCSR := (λ_5. <|mstatus := <|MFS := 0w; MSD := F|> |>)|> =
  writeFPRS
    (3w,
     float_to_fp32
       (float_some_qnan
          (FP_Sqrt roundTowardPositive (fp32_to_float 0xBF800000w))))
    <|procID := 7w; c_gpr := (λ_6 _7. 99w); c_NextFetch := (λ_8. NONE);
      c_fpr :=
        (λc r.
             if c = 7w then
               if r = 1w then 0xBF800000w
               else if r = 2w then 66w
               else 0xCAFE000000000000w
             else 0xBBBB000000000000w);
      c_update := (λ_9. <|data1 := SOME 42w|>);
      c_UCSR := (λ_10. <|fpcsr := <|NV := F; NX := T; FRM := 3w|> |>);
      c_MCSR := (λ_11. <|mstatus := <|MFS := 0w; MSD := F|> |>)|>
fsqrt_s_negative_one_invalid_static=(0xCAFE000000000000w,0xBF800000w,66w,0w,F,SOME 42w,F,T,0xBBBB000000000000w,T)
fsqrt_s_negative_one_invalid_dynamic=(0xCAFE000000000000w,0xBF800000w,66w,0w,F,SOME 42w,F,T,0xBBBB000000000000w,T)
fsqrt_s_negative_zero_rte=(0xCAFE000080000000w,0x80000000w,66w,3w,T,SOME 0x80000000w,F,T,
 0xBBBB000000000000w,F)
fsqrt_s_negative_zero_rtz=(0xCAFE000080000000w,0x80000000w,66w,3w,T,SOME 0x80000000w,F,T,
 0xBBBB000000000000w,F)
fsqrt_s_negative_zero_down=(0xCAFE000080000000w,0x80000000w,66w,3w,T,SOME 0x80000000w,F,T,
 0xBBBB000000000000w,F)
fsqrt_s_negative_zero_up=(0xCAFE000080000000w,0x80000000w,66w,3w,T,SOME 0x80000000w,F,T,
 0xBBBB000000000000w,F)
fsqrt_s_negative_zero_dynamic_up=(0xCAFE000080000000w,0x80000000w,66w,3w,T,SOME 0x80000000w,F,T,
 0xBBBB000000000000w,F)
fsqrt_s_negative_zero_invalid_static=(0xCAFE000000000000w,0x80000000w,66w,0w,F,SOME 42w,F,T,0xBBBB000000000000w,T)
fsqrt_s_negative_zero_invalid_dynamic=(0xCAFE000000000000w,0x80000000w,66w,0w,F,SOME 42w,F,T,0xBBBB000000000000w,T)
fsqrt_s_pinf_rte=(0xCAFE00007F800000w,0x7F800000w,66w,3w,T,SOME 0x7F800000w,F,T,
 0xBBBB000000000000w,F)
fsqrt_s_pinf_rtz=(0xCAFE00007F800000w,0x7F800000w,66w,3w,T,SOME 0x7F800000w,F,T,
 0xBBBB000000000000w,F)
fsqrt_s_pinf_down=(0xCAFE00007F800000w,0x7F800000w,66w,3w,T,SOME 0x7F800000w,F,T,
 0xBBBB000000000000w,F)
fsqrt_s_pinf_up=(0xCAFE00007F800000w,0x7F800000w,66w,3w,T,SOME 0x7F800000w,F,T,
 0xBBBB000000000000w,F)
fsqrt_s_pinf_dynamic_up=(0xCAFE00007F800000w,0x7F800000w,66w,3w,T,SOME 0x7F800000w,F,T,
 0xBBBB000000000000w,F)
fsqrt_s_pinf_invalid_static=(0xCAFE000000000000w,0x7F800000w,66w,0w,F,SOME 42w,F,T,0xBBBB000000000000w,T)
fsqrt_s_pinf_invalid_dynamic=(0xCAFE000000000000w,0x7F800000w,66w,0w,F,SOME 42w,F,T,0xBBBB000000000000w,T)
fsqrt_d_four_rte=⊢ dfn'FSQRT_D (3w,1w,0w)
    <|procID := 7w; c_gpr := (λ_0 _1. 99w); c_NextFetch := (λ_2. NONE);
      c_fpr :=
        (λc r.
             if c = 7w then
               if r = 1w then 0x4010000000000000w
               else if r = 2w then 66w
               else 0xCAFE000000000000w
             else 0xBBBB000000000000w);
      c_update := (λ_3. <|data1 := SOME 42w|>);
      c_UCSR := (λ_4. <|fpcsr := <|NV := F; NX := T; FRM := 0w|> |>);
      c_MCSR := (λ_5. <|mstatus := <|MFS := 0w; MSD := F|> |>)|> =
  writeFPRD
    (3w,
     float_to_fp64
       (SND
          (float_round_with_flags roundTiesToEven F
             (sqrt (float_to_real (fp64_to_float 0x4010000000000000w))))))
    <|procID := 7w; c_gpr := (λ_6 _7. 99w); c_NextFetch := (λ_8. NONE);
      c_fpr :=
        (λc r.
             if c = 7w then
               if r = 1w then 0x4010000000000000w
               else if r = 2w then 66w
               else 0xCAFE000000000000w
             else 0xBBBB000000000000w);
      c_update := (λ_9. <|data1 := SOME 42w|>);
      c_UCSR := (λ_10. <|fpcsr := <|NV := F; NX := T; FRM := 0w|> |>);
      c_MCSR := (λ_11. <|mstatus := <|MFS := 0w; MSD := F|> |>)|>
fsqrt_d_four_rtz=⊢ dfn'FSQRT_D (3w,1w,1w)
    <|procID := 7w; c_gpr := (λ_0 _1. 99w); c_NextFetch := (λ_2. NONE);
      c_fpr :=
        (λc r.
             if c = 7w then
               if r = 1w then 0x4010000000000000w
               else if r = 2w then 66w
               else 0xCAFE000000000000w
             else 0xBBBB000000000000w);
      c_update := (λ_3. <|data1 := SOME 42w|>);
      c_UCSR := (λ_4. <|fpcsr := <|NV := F; NX := T; FRM := 0w|> |>);
      c_MCSR := (λ_5. <|mstatus := <|MFS := 0w; MSD := F|> |>)|> =
  writeFPRD
    (3w,
     float_to_fp64
       (SND
          (float_round_with_flags roundTowardZero F
             (sqrt (float_to_real (fp64_to_float 0x4010000000000000w))))))
    <|procID := 7w; c_gpr := (λ_6 _7. 99w); c_NextFetch := (λ_8. NONE);
      c_fpr :=
        (λc r.
             if c = 7w then
               if r = 1w then 0x4010000000000000w
               else if r = 2w then 66w
               else 0xCAFE000000000000w
             else 0xBBBB000000000000w);
      c_update := (λ_9. <|data1 := SOME 42w|>);
      c_UCSR := (λ_10. <|fpcsr := <|NV := F; NX := T; FRM := 0w|> |>);
      c_MCSR := (λ_11. <|mstatus := <|MFS := 0w; MSD := F|> |>)|>
fsqrt_d_four_down=⊢ dfn'FSQRT_D (3w,1w,2w)
    <|procID := 7w; c_gpr := (λ_0 _1. 99w); c_NextFetch := (λ_2. NONE);
      c_fpr :=
        (λc r.
             if c = 7w then
               if r = 1w then 0x4010000000000000w
               else if r = 2w then 66w
               else 0xCAFE000000000000w
             else 0xBBBB000000000000w);
      c_update := (λ_3. <|data1 := SOME 42w|>);
      c_UCSR := (λ_4. <|fpcsr := <|NV := F; NX := T; FRM := 0w|> |>);
      c_MCSR := (λ_5. <|mstatus := <|MFS := 0w; MSD := F|> |>)|> =
  writeFPRD
    (3w,
     float_to_fp64
       (SND
          (float_round_with_flags roundTowardNegative F
             (sqrt (float_to_real (fp64_to_float 0x4010000000000000w))))))
    <|procID := 7w; c_gpr := (λ_6 _7. 99w); c_NextFetch := (λ_8. NONE);
      c_fpr :=
        (λc r.
             if c = 7w then
               if r = 1w then 0x4010000000000000w
               else if r = 2w then 66w
               else 0xCAFE000000000000w
             else 0xBBBB000000000000w);
      c_update := (λ_9. <|data1 := SOME 42w|>);
      c_UCSR := (λ_10. <|fpcsr := <|NV := F; NX := T; FRM := 0w|> |>);
      c_MCSR := (λ_11. <|mstatus := <|MFS := 0w; MSD := F|> |>)|>
fsqrt_d_four_up=⊢ dfn'FSQRT_D (3w,1w,3w)
    <|procID := 7w; c_gpr := (λ_0 _1. 99w); c_NextFetch := (λ_2. NONE);
      c_fpr :=
        (λc r.
             if c = 7w then
               if r = 1w then 0x4010000000000000w
               else if r = 2w then 66w
               else 0xCAFE000000000000w
             else 0xBBBB000000000000w);
      c_update := (λ_3. <|data1 := SOME 42w|>);
      c_UCSR := (λ_4. <|fpcsr := <|NV := F; NX := T; FRM := 0w|> |>);
      c_MCSR := (λ_5. <|mstatus := <|MFS := 0w; MSD := F|> |>)|> =
  writeFPRD
    (3w,
     float_to_fp64
       (SND
          (float_round_with_flags roundTowardPositive F
             (sqrt (float_to_real (fp64_to_float 0x4010000000000000w))))))
    <|procID := 7w; c_gpr := (λ_6 _7. 99w); c_NextFetch := (λ_8. NONE);
      c_fpr :=
        (λc r.
             if c = 7w then
               if r = 1w then 0x4010000000000000w
               else if r = 2w then 66w
               else 0xCAFE000000000000w
             else 0xBBBB000000000000w);
      c_update := (λ_9. <|data1 := SOME 42w|>);
      c_UCSR := (λ_10. <|fpcsr := <|NV := F; NX := T; FRM := 0w|> |>);
      c_MCSR := (λ_11. <|mstatus := <|MFS := 0w; MSD := F|> |>)|>
fsqrt_d_four_dynamic_up=⊢ dfn'FSQRT_D (3w,1w,7w)
    <|procID := 7w; c_gpr := (λ_0 _1. 99w); c_NextFetch := (λ_2. NONE);
      c_fpr :=
        (λc r.
             if c = 7w then
               if r = 1w then 0x4010000000000000w
               else if r = 2w then 66w
               else 0xCAFE000000000000w
             else 0xBBBB000000000000w);
      c_update := (λ_3. <|data1 := SOME 42w|>);
      c_UCSR := (λ_4. <|fpcsr := <|NV := F; NX := T; FRM := 3w|> |>);
      c_MCSR := (λ_5. <|mstatus := <|MFS := 0w; MSD := F|> |>)|> =
  writeFPRD
    (3w,
     float_to_fp64
       (SND
          (float_round_with_flags roundTowardPositive F
             (sqrt (float_to_real (fp64_to_float 0x4010000000000000w))))))
    <|procID := 7w; c_gpr := (λ_6 _7. 99w); c_NextFetch := (λ_8. NONE);
      c_fpr :=
        (λc r.
             if c = 7w then
               if r = 1w then 0x4010000000000000w
               else if r = 2w then 66w
               else 0xCAFE000000000000w
             else 0xBBBB000000000000w);
      c_update := (λ_9. <|data1 := SOME 42w|>);
      c_UCSR := (λ_10. <|fpcsr := <|NV := F; NX := T; FRM := 3w|> |>);
      c_MCSR := (λ_11. <|mstatus := <|MFS := 0w; MSD := F|> |>)|>
fsqrt_d_four_invalid_static=(0xCAFE000000000000w,0x4010000000000000w,66w,0w,F,SOME 42w,F,T,
 0xBBBB000000000000w,T)
fsqrt_d_four_invalid_dynamic=(0xCAFE000000000000w,0x4010000000000000w,66w,0w,F,SOME 42w,F,T,
 0xBBBB000000000000w,T)
fsqrt_d_negative_one_rte=⊢ dfn'FSQRT_D (3w,1w,0w)
    <|procID := 7w; c_gpr := (λ_0 _1. 99w); c_NextFetch := (λ_2. NONE);
      c_fpr :=
        (λc r.
             if c = 7w then
               if r = 1w then 0xBFF0000000000000w
               else if r = 2w then 66w
               else 0xCAFE000000000000w
             else 0xBBBB000000000000w);
      c_update := (λ_3. <|data1 := SOME 42w|>);
      c_UCSR := (λ_4. <|fpcsr := <|NV := F; NX := T; FRM := 0w|> |>);
      c_MCSR := (λ_5. <|mstatus := <|MFS := 0w; MSD := F|> |>)|> =
  writeFPRD
    (3w,
     float_to_fp64
       (float_some_qnan
          (FP_Sqrt roundTiesToEven (fp64_to_float 0xBFF0000000000000w))))
    <|procID := 7w; c_gpr := (λ_6 _7. 99w); c_NextFetch := (λ_8. NONE);
      c_fpr :=
        (λc r.
             if c = 7w then
               if r = 1w then 0xBFF0000000000000w
               else if r = 2w then 66w
               else 0xCAFE000000000000w
             else 0xBBBB000000000000w);
      c_update := (λ_9. <|data1 := SOME 42w|>);
      c_UCSR := (λ_10. <|fpcsr := <|NV := F; NX := T; FRM := 0w|> |>);
      c_MCSR := (λ_11. <|mstatus := <|MFS := 0w; MSD := F|> |>)|>
fsqrt_d_negative_one_rtz=⊢ dfn'FSQRT_D (3w,1w,1w)
    <|procID := 7w; c_gpr := (λ_0 _1. 99w); c_NextFetch := (λ_2. NONE);
      c_fpr :=
        (λc r.
             if c = 7w then
               if r = 1w then 0xBFF0000000000000w
               else if r = 2w then 66w
               else 0xCAFE000000000000w
             else 0xBBBB000000000000w);
      c_update := (λ_3. <|data1 := SOME 42w|>);
      c_UCSR := (λ_4. <|fpcsr := <|NV := F; NX := T; FRM := 0w|> |>);
      c_MCSR := (λ_5. <|mstatus := <|MFS := 0w; MSD := F|> |>)|> =
  writeFPRD
    (3w,
     float_to_fp64
       (float_some_qnan
          (FP_Sqrt roundTowardZero (fp64_to_float 0xBFF0000000000000w))))
    <|procID := 7w; c_gpr := (λ_6 _7. 99w); c_NextFetch := (λ_8. NONE);
      c_fpr :=
        (λc r.
             if c = 7w then
               if r = 1w then 0xBFF0000000000000w
               else if r = 2w then 66w
               else 0xCAFE000000000000w
             else 0xBBBB000000000000w);
      c_update := (λ_9. <|data1 := SOME 42w|>);
      c_UCSR := (λ_10. <|fpcsr := <|NV := F; NX := T; FRM := 0w|> |>);
      c_MCSR := (λ_11. <|mstatus := <|MFS := 0w; MSD := F|> |>)|>
fsqrt_d_negative_one_down=⊢ dfn'FSQRT_D (3w,1w,2w)
    <|procID := 7w; c_gpr := (λ_0 _1. 99w); c_NextFetch := (λ_2. NONE);
      c_fpr :=
        (λc r.
             if c = 7w then
               if r = 1w then 0xBFF0000000000000w
               else if r = 2w then 66w
               else 0xCAFE000000000000w
             else 0xBBBB000000000000w);
      c_update := (λ_3. <|data1 := SOME 42w|>);
      c_UCSR := (λ_4. <|fpcsr := <|NV := F; NX := T; FRM := 0w|> |>);
      c_MCSR := (λ_5. <|mstatus := <|MFS := 0w; MSD := F|> |>)|> =
  writeFPRD
    (3w,
     float_to_fp64
       (float_some_qnan
          (FP_Sqrt roundTowardNegative (fp64_to_float 0xBFF0000000000000w))))
    <|procID := 7w; c_gpr := (λ_6 _7. 99w); c_NextFetch := (λ_8. NONE);
      c_fpr :=
        (λc r.
             if c = 7w then
               if r = 1w then 0xBFF0000000000000w
               else if r = 2w then 66w
               else 0xCAFE000000000000w
             else 0xBBBB000000000000w);
      c_update := (λ_9. <|data1 := SOME 42w|>);
      c_UCSR := (λ_10. <|fpcsr := <|NV := F; NX := T; FRM := 0w|> |>);
      c_MCSR := (λ_11. <|mstatus := <|MFS := 0w; MSD := F|> |>)|>
fsqrt_d_negative_one_up=⊢ dfn'FSQRT_D (3w,1w,3w)
    <|procID := 7w; c_gpr := (λ_0 _1. 99w); c_NextFetch := (λ_2. NONE);
      c_fpr :=
        (λc r.
             if c = 7w then
               if r = 1w then 0xBFF0000000000000w
               else if r = 2w then 66w
               else 0xCAFE000000000000w
             else 0xBBBB000000000000w);
      c_update := (λ_3. <|data1 := SOME 42w|>);
      c_UCSR := (λ_4. <|fpcsr := <|NV := F; NX := T; FRM := 0w|> |>);
      c_MCSR := (λ_5. <|mstatus := <|MFS := 0w; MSD := F|> |>)|> =
  writeFPRD
    (3w,
     float_to_fp64
       (float_some_qnan
          (FP_Sqrt roundTowardPositive (fp64_to_float 0xBFF0000000000000w))))
    <|procID := 7w; c_gpr := (λ_6 _7. 99w); c_NextFetch := (λ_8. NONE);
      c_fpr :=
        (λc r.
             if c = 7w then
               if r = 1w then 0xBFF0000000000000w
               else if r = 2w then 66w
               else 0xCAFE000000000000w
             else 0xBBBB000000000000w);
      c_update := (λ_9. <|data1 := SOME 42w|>);
      c_UCSR := (λ_10. <|fpcsr := <|NV := F; NX := T; FRM := 0w|> |>);
      c_MCSR := (λ_11. <|mstatus := <|MFS := 0w; MSD := F|> |>)|>
fsqrt_d_negative_one_dynamic_up=⊢ dfn'FSQRT_D (3w,1w,7w)
    <|procID := 7w; c_gpr := (λ_0 _1. 99w); c_NextFetch := (λ_2. NONE);
      c_fpr :=
        (λc r.
             if c = 7w then
               if r = 1w then 0xBFF0000000000000w
               else if r = 2w then 66w
               else 0xCAFE000000000000w
             else 0xBBBB000000000000w);
      c_update := (λ_3. <|data1 := SOME 42w|>);
      c_UCSR := (λ_4. <|fpcsr := <|NV := F; NX := T; FRM := 3w|> |>);
      c_MCSR := (λ_5. <|mstatus := <|MFS := 0w; MSD := F|> |>)|> =
  writeFPRD
    (3w,
     float_to_fp64
       (float_some_qnan
          (FP_Sqrt roundTowardPositive (fp64_to_float 0xBFF0000000000000w))))
    <|procID := 7w; c_gpr := (λ_6 _7. 99w); c_NextFetch := (λ_8. NONE);
      c_fpr :=
        (λc r.
             if c = 7w then
               if r = 1w then 0xBFF0000000000000w
               else if r = 2w then 66w
               else 0xCAFE000000000000w
             else 0xBBBB000000000000w);
      c_update := (λ_9. <|data1 := SOME 42w|>);
      c_UCSR := (λ_10. <|fpcsr := <|NV := F; NX := T; FRM := 3w|> |>);
      c_MCSR := (λ_11. <|mstatus := <|MFS := 0w; MSD := F|> |>)|>
fsqrt_d_negative_one_invalid_static=(0xCAFE000000000000w,0xBFF0000000000000w,66w,0w,F,SOME 42w,F,T,
 0xBBBB000000000000w,T)
fsqrt_d_negative_one_invalid_dynamic=(0xCAFE000000000000w,0xBFF0000000000000w,66w,0w,F,SOME 42w,F,T,
 0xBBBB000000000000w,T)
fsqrt_d_negative_zero_rte=(0x8000000000000000w,0x8000000000000000w,66w,3w,T,SOME 0x8000000000000000w,F,
 T,0xBBBB000000000000w,F)
fsqrt_d_negative_zero_rtz=(0x8000000000000000w,0x8000000000000000w,66w,3w,T,SOME 0x8000000000000000w,F,
 T,0xBBBB000000000000w,F)
fsqrt_d_negative_zero_down=(0x8000000000000000w,0x8000000000000000w,66w,3w,T,SOME 0x8000000000000000w,F,
 T,0xBBBB000000000000w,F)
fsqrt_d_negative_zero_up=(0x8000000000000000w,0x8000000000000000w,66w,3w,T,SOME 0x8000000000000000w,F,
 T,0xBBBB000000000000w,F)
fsqrt_d_negative_zero_dynamic_up=(0x8000000000000000w,0x8000000000000000w,66w,3w,T,SOME 0x8000000000000000w,F,
 T,0xBBBB000000000000w,F)
fsqrt_d_negative_zero_invalid_static=(0xCAFE000000000000w,0x8000000000000000w,66w,0w,F,SOME 42w,F,T,
 0xBBBB000000000000w,T)
fsqrt_d_negative_zero_invalid_dynamic=(0xCAFE000000000000w,0x8000000000000000w,66w,0w,F,SOME 42w,F,T,
 0xBBBB000000000000w,T)
fsqrt_d_pinf_rte=(0x7FF0000000000000w,0x7FF0000000000000w,66w,3w,T,SOME 0x7FF0000000000000w,F,
 T,0xBBBB000000000000w,F)
fsqrt_d_pinf_rtz=(0x7FF0000000000000w,0x7FF0000000000000w,66w,3w,T,SOME 0x7FF0000000000000w,F,
 T,0xBBBB000000000000w,F)
fsqrt_d_pinf_down=(0x7FF0000000000000w,0x7FF0000000000000w,66w,3w,T,SOME 0x7FF0000000000000w,F,
 T,0xBBBB000000000000w,F)
fsqrt_d_pinf_up=(0x7FF0000000000000w,0x7FF0000000000000w,66w,3w,T,SOME 0x7FF0000000000000w,F,
 T,0xBBBB000000000000w,F)
fsqrt_d_pinf_dynamic_up=(0x7FF0000000000000w,0x7FF0000000000000w,66w,3w,T,SOME 0x7FF0000000000000w,F,
 T,0xBBBB000000000000w,F)
fsqrt_d_pinf_invalid_static=(0xCAFE000000000000w,0x7FF0000000000000w,66w,0w,F,SOME 42w,F,T,
 0xBBBB000000000000w,T)
fsqrt_d_pinf_invalid_dynamic=(0xCAFE000000000000w,0x7FF0000000000000w,66w,0w,F,SOME 42w,F,T,
 0xBBBB000000000000w,T)
