fcvt_s_w_zero=(0xCAFE000000000000w,0w,3w,T,SOME 0w,F,T,0xBBBB000000000000w,F)
fcvt_s_wu_zero=(0xCAFE000000000000w,0w,3w,T,SOME 0w,F,T,0xBBBB000000000000w,F)
fcvt_s_l_zero=(0xCAFE000000000000w,0w,3w,T,SOME 0w,F,T,0xBBBB000000000000w,F)
fcvt_s_lu_zero=(0xCAFE000000000000w,0w,3w,T,SOME 0w,F,T,0xBBBB000000000000w,F)
fcvt_d_w_zero=(0w,0w,3w,T,SOME 0w,F,T,0xBBBB000000000000w,F)
fcvt_d_wu_zero=(0w,0w,3w,T,SOME 0w,F,T,0xBBBB000000000000w,F)
fcvt_d_l_zero=(0w,0w,3w,T,SOME 0w,F,T,0xBBBB000000000000w,F)
fcvt_d_lu_zero=(0w,0w,3w,T,SOME 0w,F,T,0xBBBB000000000000w,F)
fcvt_s_w_one=(0xCAFE00003F800000w,1w,3w,T,SOME 0x3F800000w,F,T,0xBBBB000000000000w,F)
fcvt_s_wu_one=(0xCAFE00003F800000w,1w,3w,T,SOME 0x3F800000w,F,T,0xBBBB000000000000w,F)
fcvt_s_l_one=(0xCAFE00003F800000w,1w,3w,T,SOME 0x3F800000w,F,T,0xBBBB000000000000w,F)
fcvt_s_lu_one=(0xCAFE00003F800000w,1w,3w,T,SOME 0x3F800000w,F,T,0xBBBB000000000000w,F)
fcvt_d_w_one=(0x3FF0000000000000w,1w,3w,T,SOME 0x3FF0000000000000w,F,T,
 0xBBBB000000000000w,F)
fcvt_d_wu_one=(0x3FF0000000000000w,1w,3w,T,SOME 0x3FF0000000000000w,F,T,
 0xBBBB000000000000w,F)
fcvt_d_l_one=(0x3FF0000000000000w,1w,3w,T,SOME 0x3FF0000000000000w,F,T,
 0xBBBB000000000000w,F)
fcvt_d_lu_one=(0x3FF0000000000000w,1w,3w,T,SOME 0x3FF0000000000000w,F,T,
 0xBBBB000000000000w,F)
fcvt_s_w_negative_one=(0xCAFE0000BF800000w,0xFFFFFFFFFFFFFFFFw,3w,T,SOME 0xBF800000w,F,T,
 0xBBBB000000000000w,F)
fcvt_s_wu_negative_one=(0xCAFE00004F800000w,0xFFFFFFFFFFFFFFFFw,3w,T,SOME 0x4F800000w,F,T,
 0xBBBB000000000000w,F)
fcvt_s_l_negative_one=(0xCAFE0000BF800000w,0xFFFFFFFFFFFFFFFFw,3w,T,SOME 0xBF800000w,F,T,
 0xBBBB000000000000w,F)
fcvt_s_lu_negative_one=(0xCAFE00005F800000w,0xFFFFFFFFFFFFFFFFw,3w,T,SOME 0x5F800000w,F,T,
 0xBBBB000000000000w,F)
fcvt_d_w_negative_one=(0xBFF0000000000000w,0xFFFFFFFFFFFFFFFFw,3w,T,SOME 0xBFF0000000000000w,F,T,
 0xBBBB000000000000w,F)
fcvt_d_wu_negative_one=(0x41EFFFFFFFE00000w,0xFFFFFFFFFFFFFFFFw,3w,T,SOME 0x41EFFFFFFFE00000w,F,T,
 0xBBBB000000000000w,F)
fcvt_d_l_negative_one=(0xBFF0000000000000w,0xFFFFFFFFFFFFFFFFw,3w,T,SOME 0xBFF0000000000000w,F,T,
 0xBBBB000000000000w,F)
fcvt_d_lu_negative_one=(0x43F0000000000000w,0xFFFFFFFFFFFFFFFFw,3w,T,SOME 0x43F0000000000000w,F,T,
 0xBBBB000000000000w,F)
fcvt_s_w_tie_even=(0xCAFE00004B800000w,0x1000001w,3w,T,SOME 0x4B800000w,F,T,
 0xBBBB000000000000w,F)
fcvt_s_wu_tie_even=(0xCAFE00004B800000w,0x1000001w,3w,T,SOME 0x4B800000w,F,T,
 0xBBBB000000000000w,F)
fcvt_s_l_tie_even=(0xCAFE00004B800000w,0x1000001w,3w,T,SOME 0x4B800000w,F,T,
 0xBBBB000000000000w,F)
fcvt_s_lu_tie_even=(0xCAFE00004B800000w,0x1000001w,3w,T,SOME 0x4B800000w,F,T,
 0xBBBB000000000000w,F)
fcvt_d_w_tie_even=(0x4170000010000000w,0x1000001w,3w,T,SOME 0x4170000010000000w,F,T,
 0xBBBB000000000000w,F)
fcvt_d_wu_tie_even=(0x4170000010000000w,0x1000001w,3w,T,SOME 0x4170000010000000w,F,T,
 0xBBBB000000000000w,F)
fcvt_d_l_tie_even=(0x4170000010000000w,0x1000001w,3w,T,SOME 0x4170000010000000w,F,T,
 0xBBBB000000000000w,F)
fcvt_d_lu_tie_even=(0x4170000010000000w,0x1000001w,3w,T,SOME 0x4170000010000000w,F,T,
 0xBBBB000000000000w,F)
fcvt_s_w_tie_zero=(0xCAFE00004B800000w,0x1000001w,3w,T,SOME 0x4B800000w,F,T,
 0xBBBB000000000000w,F)
fcvt_s_wu_tie_zero=(0xCAFE00004B800000w,0x1000001w,3w,T,SOME 0x4B800000w,F,T,
 0xBBBB000000000000w,F)
fcvt_s_l_tie_zero=(0xCAFE00004B800000w,0x1000001w,3w,T,SOME 0x4B800000w,F,T,
 0xBBBB000000000000w,F)
fcvt_s_lu_tie_zero=(0xCAFE00004B800000w,0x1000001w,3w,T,SOME 0x4B800000w,F,T,
 0xBBBB000000000000w,F)
fcvt_d_w_tie_zero=(0x4170000010000000w,0x1000001w,3w,T,SOME 0x4170000010000000w,F,T,
 0xBBBB000000000000w,F)
fcvt_d_wu_tie_zero=(0x4170000010000000w,0x1000001w,3w,T,SOME 0x4170000010000000w,F,T,
 0xBBBB000000000000w,F)
fcvt_d_l_tie_zero=(0x4170000010000000w,0x1000001w,3w,T,SOME 0x4170000010000000w,F,T,
 0xBBBB000000000000w,F)
fcvt_d_lu_tie_zero=(0x4170000010000000w,0x1000001w,3w,T,SOME 0x4170000010000000w,F,T,
 0xBBBB000000000000w,F)
fcvt_s_w_tie_down=(0xCAFE00004B800000w,0x1000001w,3w,T,SOME 0x4B800000w,F,T,
 0xBBBB000000000000w,F)
fcvt_s_wu_tie_down=(0xCAFE00004B800000w,0x1000001w,3w,T,SOME 0x4B800000w,F,T,
 0xBBBB000000000000w,F)
fcvt_s_l_tie_down=(0xCAFE00004B800000w,0x1000001w,3w,T,SOME 0x4B800000w,F,T,
 0xBBBB000000000000w,F)
fcvt_s_lu_tie_down=(0xCAFE00004B800000w,0x1000001w,3w,T,SOME 0x4B800000w,F,T,
 0xBBBB000000000000w,F)
fcvt_d_w_tie_down=(0x4170000010000000w,0x1000001w,3w,T,SOME 0x4170000010000000w,F,T,
 0xBBBB000000000000w,F)
fcvt_d_wu_tie_down=(0x4170000010000000w,0x1000001w,3w,T,SOME 0x4170000010000000w,F,T,
 0xBBBB000000000000w,F)
fcvt_d_l_tie_down=(0x4170000010000000w,0x1000001w,3w,T,SOME 0x4170000010000000w,F,T,
 0xBBBB000000000000w,F)
fcvt_d_lu_tie_down=(0x4170000010000000w,0x1000001w,3w,T,SOME 0x4170000010000000w,F,T,
 0xBBBB000000000000w,F)
fcvt_s_w_tie_up=(0xCAFE00004B800001w,0x1000001w,3w,T,SOME 0x4B800001w,F,T,
 0xBBBB000000000000w,F)
fcvt_s_wu_tie_up=(0xCAFE00004B800001w,0x1000001w,3w,T,SOME 0x4B800001w,F,T,
 0xBBBB000000000000w,F)
fcvt_s_l_tie_up=(0xCAFE00004B800001w,0x1000001w,3w,T,SOME 0x4B800001w,F,T,
 0xBBBB000000000000w,F)
fcvt_s_lu_tie_up=(0xCAFE00004B800001w,0x1000001w,3w,T,SOME 0x4B800001w,F,T,
 0xBBBB000000000000w,F)
fcvt_d_w_tie_up=(0x4170000010000000w,0x1000001w,3w,T,SOME 0x4170000010000000w,F,T,
 0xBBBB000000000000w,F)
fcvt_d_wu_tie_up=(0x4170000010000000w,0x1000001w,3w,T,SOME 0x4170000010000000w,F,T,
 0xBBBB000000000000w,F)
fcvt_d_l_tie_up=(0x4170000010000000w,0x1000001w,3w,T,SOME 0x4170000010000000w,F,T,
 0xBBBB000000000000w,F)
fcvt_d_lu_tie_up=(0x4170000010000000w,0x1000001w,3w,T,SOME 0x4170000010000000w,F,T,
 0xBBBB000000000000w,F)
fcvt_s_w_negative_tie=(0xCAFE0000CB800000w,0xFFFFFFFFFEFFFFFFw,3w,T,SOME 0xCB800000w,F,T,
 0xBBBB000000000000w,F)
fcvt_s_wu_negative_tie=(0xCAFE00004F7F0000w,0xFFFFFFFFFEFFFFFFw,3w,T,SOME 0x4F7F0000w,F,T,
 0xBBBB000000000000w,F)
fcvt_s_l_negative_tie=(0xCAFE0000CB800000w,0xFFFFFFFFFEFFFFFFw,3w,T,SOME 0xCB800000w,F,T,
 0xBBBB000000000000w,F)
fcvt_s_lu_negative_tie=(0xCAFE00005F800000w,0xFFFFFFFFFEFFFFFFw,3w,T,SOME 0x5F800000w,F,T,
 0xBBBB000000000000w,F)
fcvt_d_w_negative_tie=(0xC170000010000000w,0xFFFFFFFFFEFFFFFFw,3w,T,SOME 0xC170000010000000w,F,T,
 0xBBBB000000000000w,F)
fcvt_d_wu_negative_tie=(0x41EFDFFFFFE00000w,0xFFFFFFFFFEFFFFFFw,3w,T,SOME 0x41EFDFFFFFE00000w,F,T,
 0xBBBB000000000000w,F)
fcvt_d_l_negative_tie=(0xC170000010000000w,0xFFFFFFFFFEFFFFFFw,3w,T,SOME 0xC170000010000000w,F,T,
 0xBBBB000000000000w,F)
fcvt_d_lu_negative_tie=(0x43EFFFFFFFFFE000w,0xFFFFFFFFFEFFFFFFw,3w,T,SOME 0x43EFFFFFFFFFE000w,F,T,
 0xBBBB000000000000w,F)
fcvt_s_w_negative_down=(0xCAFE0000CB800001w,0xFFFFFFFFFEFFFFFFw,3w,T,SOME 0xCB800001w,F,T,
 0xBBBB000000000000w,F)
fcvt_s_wu_negative_down=(0xCAFE00004F7EFFFFw,0xFFFFFFFFFEFFFFFFw,3w,T,SOME 0x4F7EFFFFw,F,T,
 0xBBBB000000000000w,F)
fcvt_s_l_negative_down=(0xCAFE0000CB800001w,0xFFFFFFFFFEFFFFFFw,3w,T,SOME 0xCB800001w,F,T,
 0xBBBB000000000000w,F)
fcvt_s_lu_negative_down=(0xCAFE00005F7FFFFFw,0xFFFFFFFFFEFFFFFFw,3w,T,SOME 0x5F7FFFFFw,F,T,
 0xBBBB000000000000w,F)
fcvt_d_w_negative_down=(0xC170000010000000w,0xFFFFFFFFFEFFFFFFw,3w,T,SOME 0xC170000010000000w,F,T,
 0xBBBB000000000000w,F)
fcvt_d_wu_negative_down=(0x41EFDFFFFFE00000w,0xFFFFFFFFFEFFFFFFw,3w,T,SOME 0x41EFDFFFFFE00000w,F,T,
 0xBBBB000000000000w,F)
fcvt_d_l_negative_down=(0xC170000010000000w,0xFFFFFFFFFEFFFFFFw,3w,T,SOME 0xC170000010000000w,F,T,
 0xBBBB000000000000w,F)
fcvt_d_lu_negative_down=(0x43EFFFFFFFFFDFFFw,0xFFFFFFFFFEFFFFFFw,3w,T,SOME 0x43EFFFFFFFFFDFFFw,F,T,
 0xBBBB000000000000w,F)
fcvt_s_w_negative_up=(0xCAFE0000CB800000w,0xFFFFFFFFFEFFFFFFw,3w,T,SOME 0xCB800000w,F,T,
 0xBBBB000000000000w,F)
fcvt_s_wu_negative_up=(0xCAFE00004F7F0000w,0xFFFFFFFFFEFFFFFFw,3w,T,SOME 0x4F7F0000w,F,T,
 0xBBBB000000000000w,F)
fcvt_s_l_negative_up=(0xCAFE0000CB800000w,0xFFFFFFFFFEFFFFFFw,3w,T,SOME 0xCB800000w,F,T,
 0xBBBB000000000000w,F)
fcvt_s_lu_negative_up=(0xCAFE00005F800000w,0xFFFFFFFFFEFFFFFFw,3w,T,SOME 0x5F800000w,F,T,
 0xBBBB000000000000w,F)
fcvt_d_w_negative_up=(0xC170000010000000w,0xFFFFFFFFFEFFFFFFw,3w,T,SOME 0xC170000010000000w,F,T,
 0xBBBB000000000000w,F)
fcvt_d_wu_negative_up=(0x41EFDFFFFFE00000w,0xFFFFFFFFFEFFFFFFw,3w,T,SOME 0x41EFDFFFFFE00000w,F,T,
 0xBBBB000000000000w,F)
fcvt_d_l_negative_up=(0xC170000010000000w,0xFFFFFFFFFEFFFFFFw,3w,T,SOME 0xC170000010000000w,F,T,
 0xBBBB000000000000w,F)
fcvt_d_lu_negative_up=(0x43EFFFFFFFFFE000w,0xFFFFFFFFFEFFFFFFw,3w,T,SOME 0x43EFFFFFFFFFE000w,F,T,
 0xBBBB000000000000w,F)
fcvt_s_w_large_even=(0xCAFE0000BF800000w,0xFFFFFFFFFFFFFFFFw,3w,T,SOME 0xBF800000w,F,T,
 0xBBBB000000000000w,F)
fcvt_s_wu_large_even=(0xCAFE00004F800000w,0xFFFFFFFFFFFFFFFFw,3w,T,SOME 0x4F800000w,F,T,
 0xBBBB000000000000w,F)
fcvt_s_l_large_even=(0xCAFE0000BF800000w,0xFFFFFFFFFFFFFFFFw,3w,T,SOME 0xBF800000w,F,T,
 0xBBBB000000000000w,F)
fcvt_s_lu_large_even=(0xCAFE00005F800000w,0xFFFFFFFFFFFFFFFFw,3w,T,SOME 0x5F800000w,F,T,
 0xBBBB000000000000w,F)
fcvt_d_w_large_even=(0xBFF0000000000000w,0xFFFFFFFFFFFFFFFFw,3w,T,SOME 0xBFF0000000000000w,F,T,
 0xBBBB000000000000w,F)
fcvt_d_wu_large_even=(0x41EFFFFFFFE00000w,0xFFFFFFFFFFFFFFFFw,3w,T,SOME 0x41EFFFFFFFE00000w,F,T,
 0xBBBB000000000000w,F)
fcvt_d_l_large_even=(0xBFF0000000000000w,0xFFFFFFFFFFFFFFFFw,3w,T,SOME 0xBFF0000000000000w,F,T,
 0xBBBB000000000000w,F)
fcvt_d_lu_large_even=(0x43F0000000000000w,0xFFFFFFFFFFFFFFFFw,3w,T,SOME 0x43F0000000000000w,F,T,
 0xBBBB000000000000w,F)
fcvt_s_w_large_zero=(0xCAFE0000BF800000w,0xFFFFFFFFFFFFFFFFw,3w,T,SOME 0xBF800000w,F,T,
 0xBBBB000000000000w,F)
fcvt_s_wu_large_zero=(0xCAFE00004F7FFFFFw,0xFFFFFFFFFFFFFFFFw,3w,T,SOME 0x4F7FFFFFw,F,T,
 0xBBBB000000000000w,F)
fcvt_s_l_large_zero=(0xCAFE0000BF800000w,0xFFFFFFFFFFFFFFFFw,3w,T,SOME 0xBF800000w,F,T,
 0xBBBB000000000000w,F)
fcvt_s_lu_large_zero=(0xCAFE00005F7FFFFFw,0xFFFFFFFFFFFFFFFFw,3w,T,SOME 0x5F7FFFFFw,F,T,
 0xBBBB000000000000w,F)
fcvt_d_w_large_zero=(0xBFF0000000000000w,0xFFFFFFFFFFFFFFFFw,3w,T,SOME 0xBFF0000000000000w,F,T,
 0xBBBB000000000000w,F)
fcvt_d_wu_large_zero=(0x41EFFFFFFFE00000w,0xFFFFFFFFFFFFFFFFw,3w,T,SOME 0x41EFFFFFFFE00000w,F,T,
 0xBBBB000000000000w,F)
fcvt_d_l_large_zero=(0xBFF0000000000000w,0xFFFFFFFFFFFFFFFFw,3w,T,SOME 0xBFF0000000000000w,F,T,
 0xBBBB000000000000w,F)
fcvt_d_lu_large_zero=(0x43EFFFFFFFFFFFFFw,0xFFFFFFFFFFFFFFFFw,3w,T,SOME 0x43EFFFFFFFFFFFFFw,F,T,
 0xBBBB000000000000w,F)
fcvt_s_w_large_down=(0xCAFE0000BF800000w,0xFFFFFFFFFFFFFFFFw,3w,T,SOME 0xBF800000w,F,T,
 0xBBBB000000000000w,F)
fcvt_s_wu_large_down=(0xCAFE00004F7FFFFFw,0xFFFFFFFFFFFFFFFFw,3w,T,SOME 0x4F7FFFFFw,F,T,
 0xBBBB000000000000w,F)
fcvt_s_l_large_down=(0xCAFE0000BF800000w,0xFFFFFFFFFFFFFFFFw,3w,T,SOME 0xBF800000w,F,T,
 0xBBBB000000000000w,F)
fcvt_s_lu_large_down=(0xCAFE00005F7FFFFFw,0xFFFFFFFFFFFFFFFFw,3w,T,SOME 0x5F7FFFFFw,F,T,
 0xBBBB000000000000w,F)
fcvt_d_w_large_down=(0xBFF0000000000000w,0xFFFFFFFFFFFFFFFFw,3w,T,SOME 0xBFF0000000000000w,F,T,
 0xBBBB000000000000w,F)
fcvt_d_wu_large_down=(0x41EFFFFFFFE00000w,0xFFFFFFFFFFFFFFFFw,3w,T,SOME 0x41EFFFFFFFE00000w,F,T,
 0xBBBB000000000000w,F)
fcvt_d_l_large_down=(0xBFF0000000000000w,0xFFFFFFFFFFFFFFFFw,3w,T,SOME 0xBFF0000000000000w,F,T,
 0xBBBB000000000000w,F)
fcvt_d_lu_large_down=(0x43EFFFFFFFFFFFFFw,0xFFFFFFFFFFFFFFFFw,3w,T,SOME 0x43EFFFFFFFFFFFFFw,F,T,
 0xBBBB000000000000w,F)
fcvt_s_w_large_up=(0xCAFE0000BF800000w,0xFFFFFFFFFFFFFFFFw,3w,T,SOME 0xBF800000w,F,T,
 0xBBBB000000000000w,F)
fcvt_s_wu_large_up=(0xCAFE00004F800000w,0xFFFFFFFFFFFFFFFFw,3w,T,SOME 0x4F800000w,F,T,
 0xBBBB000000000000w,F)
fcvt_s_l_large_up=(0xCAFE0000BF800000w,0xFFFFFFFFFFFFFFFFw,3w,T,SOME 0xBF800000w,F,T,
 0xBBBB000000000000w,F)
fcvt_s_lu_large_up=(0xCAFE00005F800000w,0xFFFFFFFFFFFFFFFFw,3w,T,SOME 0x5F800000w,F,T,
 0xBBBB000000000000w,F)
fcvt_d_w_large_up=(0xBFF0000000000000w,0xFFFFFFFFFFFFFFFFw,3w,T,SOME 0xBFF0000000000000w,F,T,
 0xBBBB000000000000w,F)
fcvt_d_wu_large_up=(0x41EFFFFFFFE00000w,0xFFFFFFFFFFFFFFFFw,3w,T,SOME 0x41EFFFFFFFE00000w,F,T,
 0xBBBB000000000000w,F)
fcvt_d_l_large_up=(0xBFF0000000000000w,0xFFFFFFFFFFFFFFFFw,3w,T,SOME 0xBFF0000000000000w,F,T,
 0xBBBB000000000000w,F)
fcvt_d_lu_large_up=(0x43F0000000000000w,0xFFFFFFFFFFFFFFFFw,3w,T,SOME 0x43F0000000000000w,F,T,
 0xBBBB000000000000w,F)
fcvt_s_w_zero_up=(0xCAFE000000000000w,0w,3w,T,SOME 0w,F,T,0xBBBB000000000000w,F)
fcvt_s_wu_zero_up=(0xCAFE000000000000w,0w,3w,T,SOME 0w,F,T,0xBBBB000000000000w,F)
fcvt_s_l_zero_up=(0xCAFE000000000000w,0w,3w,T,SOME 0w,F,T,0xBBBB000000000000w,F)
fcvt_s_lu_zero_up=(0xCAFE000000000000w,0w,3w,T,SOME 0w,F,T,0xBBBB000000000000w,F)
fcvt_d_w_zero_up=(0w,0w,3w,T,SOME 0w,F,T,0xBBBB000000000000w,F)
fcvt_d_wu_zero_up=(0w,0w,3w,T,SOME 0w,F,T,0xBBBB000000000000w,F)
fcvt_d_l_zero_up=(0w,0w,3w,T,SOME 0w,F,T,0xBBBB000000000000w,F)
fcvt_d_lu_zero_up=(0w,0w,3w,T,SOME 0w,F,T,0xBBBB000000000000w,F)
fcvt_s_w_dynamic_up=(0xCAFE00004B800001w,0x1000001w,3w,T,SOME 0x4B800001w,F,T,
 0xBBBB000000000000w,F)
fcvt_s_wu_dynamic_up=(0xCAFE00004B800001w,0x1000001w,3w,T,SOME 0x4B800001w,F,T,
 0xBBBB000000000000w,F)
fcvt_s_l_dynamic_up=(0xCAFE00004B800001w,0x1000001w,3w,T,SOME 0x4B800001w,F,T,
 0xBBBB000000000000w,F)
fcvt_s_lu_dynamic_up=(0xCAFE00004B800001w,0x1000001w,3w,T,SOME 0x4B800001w,F,T,
 0xBBBB000000000000w,F)
fcvt_d_w_dynamic_up=(0x4170000010000000w,0x1000001w,3w,T,SOME 0x4170000010000000w,F,T,
 0xBBBB000000000000w,F)
fcvt_d_wu_dynamic_up=(0x4170000010000000w,0x1000001w,3w,T,SOME 0x4170000010000000w,F,T,
 0xBBBB000000000000w,F)
fcvt_d_l_dynamic_up=(0x4170000010000000w,0x1000001w,3w,T,SOME 0x4170000010000000w,F,T,
 0xBBBB000000000000w,F)
fcvt_d_lu_dynamic_up=(0x4170000010000000w,0x1000001w,3w,T,SOME 0x4170000010000000w,F,T,
 0xBBBB000000000000w,F)
fcvt_s_w_illegal=(0xCAFE000000000000w,1w,0w,F,SOME 42w,F,T,0xBBBB000000000000w,T)
fcvt_s_wu_illegal=(0xCAFE000000000000w,1w,0w,F,SOME 42w,F,T,0xBBBB000000000000w,T)
fcvt_s_l_illegal=(0xCAFE000000000000w,1w,0w,F,SOME 42w,F,T,0xBBBB000000000000w,T)
fcvt_s_lu_illegal=(0xCAFE000000000000w,1w,0w,F,SOME 42w,F,T,0xBBBB000000000000w,T)
fcvt_d_w_illegal=(0xCAFE000000000000w,1w,0w,F,SOME 42w,F,T,0xBBBB000000000000w,T)
fcvt_d_wu_illegal=(0xCAFE000000000000w,1w,0w,F,SOME 42w,F,T,0xBBBB000000000000w,T)
fcvt_d_l_illegal=(0xCAFE000000000000w,1w,0w,F,SOME 42w,F,T,0xBBBB000000000000w,T)
fcvt_d_lu_illegal=(0xCAFE000000000000w,1w,0w,F,SOME 42w,F,T,0xBBBB000000000000w,T)
fcvt_s_w_dynamic_illegal=(0xCAFE000000000000w,1w,0w,F,SOME 42w,F,T,0xBBBB000000000000w,T)
fcvt_s_wu_dynamic_illegal=(0xCAFE000000000000w,1w,0w,F,SOME 42w,F,T,0xBBBB000000000000w,T)
fcvt_s_l_dynamic_illegal=(0xCAFE000000000000w,1w,0w,F,SOME 42w,F,T,0xBBBB000000000000w,T)
fcvt_s_lu_dynamic_illegal=(0xCAFE000000000000w,1w,0w,F,SOME 42w,F,T,0xBBBB000000000000w,T)
fcvt_d_w_dynamic_illegal=(0xCAFE000000000000w,1w,0w,F,SOME 42w,F,T,0xBBBB000000000000w,T)
fcvt_d_wu_dynamic_illegal=(0xCAFE000000000000w,1w,0w,F,SOME 42w,F,T,0xBBBB000000000000w,T)
fcvt_d_l_dynamic_illegal=(0xCAFE000000000000w,1w,0w,F,SOME 42w,F,T,0xBBBB000000000000w,T)
fcvt_d_lu_dynamic_illegal=(0xCAFE000000000000w,1w,0w,F,SOME 42w,F,T,0xBBBB000000000000w,T)
