enc0=0x310093w
dec0=ArithI (ADDI (1w,2w,3w))
enc1=0xFFF00F93w
dec1=ArithI (ADDI (31w,0w,4095w))
enc2=0x8003029Bw
dec2=ArithI (ADDIW (5w,6w,2048w))
enc3=0x7FF47393w
dec3=ArithI (ANDI (7w,8w,2047w))
enc4=0x156493w
dec4=ArithI (ORI (9w,10w,1w))
enc5=0xABC64593w
dec5=ArithI (XORI (11w,12w,2748w))
enc6=0x572693w
dec6=ArithI (SLTI (13w,14w,5w))
enc7=0x683793w
dec7=ArithI (SLTIU (15w,16w,6w))
enc8=0xFFFFF8B7w
dec8=ArithI (LUI (17w,0xFFFFFw))
enc9=0x12345917w
dec9=ArithI (AUIPC (18w,0x12345w))
enc10=0x3100B3w
dec10=ArithR (ADD (1w,2w,3w))
enc11=0x40628233w
dec11=ArithR (SUB (4w,5w,6w))
enc12=0x9473B3w
dec12=ArithR (AND (7w,8w,9w))
enc13=0xC5E533w
dec13=ArithR (OR (10w,11w,12w))
enc14=0xF746B3w
dec14=ArithR (XOR (13w,14w,15w))
enc15=0x128A833w
dec15=ArithR (SLT (16w,17w,18w))
enc16=0x15A39B3w
dec16=ArithR (SLTU (19w,20w,21w))
enc17=0x18B8B3Bw
dec17=ArithR (ADDW (22w,23w,24w))
enc18=0x41BD0CBBw
dec18=ArithR (SUBW (25w,26w,27w))
enc19=0x3110B3w
dec19=Shift (SLL (1w,2w,3w))
enc20=0x62D233w
dec20=Shift (SRL (4w,5w,6w))
enc21=0x409453B3w
dec21=Shift (SRA (7w,8w,9w))
enc22=0x3F59513w
dec22=Shift (SLLI (10w,11w,63w))
enc23=0x16D613w
dec23=Shift (SRLI (12w,13w,1w))
enc24=0x4207D713w
dec24=Shift (SRAI (14w,15w,32w))
enc25=0x1F8981Bw
dec25=Shift (SLLIW (16w,17w,31w))
enc26=0x4149D93Bw
dec26=Shift (SRAW (18w,19w,20w))
enc27=0x802000EFw
dec27=Branch (JAL (1w,0x80001w))
enc28=0xFF018167w
dec28=Branch (JALR (2w,3w,4080w))
enc29=0x80520063w
dec29=Branch (BEQ (4w,5w,2048w))
enc30=0x731463w
dec30=Branch (BNE (6w,7w,4w))
enc31=0xFE944EE3w
dec31=Branch (BLT (8w,9w,4094w))
enc32=0xB55863w
dec32=Branch (BGE (10w,11w,8w))
enc33=0xD66C63w
dec33=Branch (BLTU (12w,13w,12w))
enc34=0x2F77063w
dec34=Branch (BGEU (14w,15w,16w))
enc35=0x813083w
dec35=Load (LD (1w,2w,8w))
enc36=0xFFC22183w
dec36=Load (LW (3w,4w,4092w))
enc37=0x436283w
dec37=Load (LWU (5w,6w,4w))
enc38=0x241383w
dec38=Load (LH (7w,8w,2w))
enc39=0x655483w
dec39=Load (LHU (9w,10w,6w))
enc40=0x160583w
dec40=Load (LB (11w,12w,1w))
enc41=0x7FF74683w
dec41=Load (LBU (13w,14w,2047w))
enc42=0x20B823w
dec42=Store (SD (1w,2w,16w))
enc43=0x8041A023w
dec43=Store (SW (3w,4w,2048w))
enc44=0x629123w
dec44=Store (SH (5w,6w,2w))
enc45=0x8380A3w
dec45=Store (SB (7w,8w,1w))
enc46=0x23100B3w
dec46=MulDiv (MUL (1w,2w,3w))
enc47=0x2629233w
dec47=MulDiv (MULH (4w,5w,6w))
enc48=0x29433B3w
dec48=MulDiv (MULHU (7w,8w,9w))
enc49=0x2C5C533w
dec49=MulDiv ($DIV (10w,11w,12w))
enc50=0x2F756B3w
dec50=MulDiv (DIVU (13w,14w,15w))
enc51=0x328E833w
dec51=MulDiv (REM (16w,17w,18w))
enc52=0x35A79B3w
dec52=MulDiv (REMU (19w,20w,21w))
enc53=0x38B8B3Bw
dec53=MulDiv (MULW (22w,23w,24w))
enc54=0x813087w
dec54=FPLoad (FLD (1w,2w,8w))
enc55=0x41B827w
dec55=FPStore (FSD (3w,4w,16w))
enc56=0x23100D3w
dec56=FArith (FADD_D (1w,2w,3w,0w))
enc57=0x5A02F253w
dec57=FArith (FSQRT_D (4w,5w,7w))
enc58=0xE2038353w
dec58=FConv (FMV_X_D (6w,7w))
enc59=0xF2048453w
dec59=FConv (FMV_D_X (8w,9w))
enc60=115w
dec60=System ECALL
enc61=0x100073w
dec61=System EBREAK
dec_zero=UnknownInstruction
dec_ones=UnknownInstruction
