fcvt_s_d_zero_rte=(0xCAFE000000000000w,0w,3w,T,SOME 0w,F,T,0xBBBB000000000000w,F)
fcvt_s_d_negative_zero_rte=(0xCAFE000000000000w,0x8000000000000000w,3w,T,SOME 0w,F,T,
 0xBBBB000000000000w,F)
fcvt_s_d_negative_zero_rtz=(0xCAFE000000000000w,0x8000000000000000w,3w,T,SOME 0w,F,T,
 0xBBBB000000000000w,F)
fcvt_s_d_negative_zero_down=(0xCAFE000080000000w,0x8000000000000000w,3w,T,SOME 0x80000000w,F,T,
 0xBBBB000000000000w,F)
fcvt_s_d_negative_zero_up=(0xCAFE000000000000w,0x8000000000000000w,3w,T,SOME 0w,F,T,
 0xBBBB000000000000w,F)
fcvt_s_d_one_rte=(0xCAFE00003F800000w,0x3FF0000000000000w,3w,T,SOME 0x3F800000w,F,T,
 0xBBBB000000000000w,F)
fcvt_s_d_one_rtz=(0xCAFE00003F800000w,0x3FF0000000000000w,3w,T,SOME 0x3F800000w,F,T,
 0xBBBB000000000000w,F)
fcvt_s_d_one_down=(0xCAFE00003F800000w,0x3FF0000000000000w,3w,T,SOME 0x3F800000w,F,T,
 0xBBBB000000000000w,F)
fcvt_s_d_one_up=(0xCAFE00003F800000w,0x3FF0000000000000w,3w,T,SOME 0x3F800000w,F,T,
 0xBBBB000000000000w,F)
fcvt_s_d_one_dynamic_up=(0xCAFE00003F800000w,0x3FF0000000000000w,3w,T,SOME 0x3F800000w,F,T,
 0xBBBB000000000000w,F)
fcvt_s_d_one_invalid_static=(0xCAFE000000000000w,0x3FF0000000000000w,0w,F,SOME 42w,F,T,
 0xBBBB000000000000w,T)
fcvt_s_d_one_invalid_dynamic=(0xCAFE000000000000w,0x3FF0000000000000w,0w,F,SOME 42w,F,T,
 0xBBBB000000000000w,T)
fcvt_s_d_tie_rte=(0xCAFE00003F800000w,0x3FF0000010000000w,3w,T,SOME 0x3F800000w,F,T,
 0xBBBB000000000000w,F)
fcvt_s_d_tie_rtz=(0xCAFE00003F800000w,0x3FF0000010000000w,3w,T,SOME 0x3F800000w,F,T,
 0xBBBB000000000000w,F)
fcvt_s_d_tie_down=(0xCAFE00003F800000w,0x3FF0000010000000w,3w,T,SOME 0x3F800000w,F,T,
 0xBBBB000000000000w,F)
fcvt_s_d_tie_up=(0xCAFE00003F800001w,0x3FF0000010000000w,3w,T,SOME 0x3F800001w,F,T,
 0xBBBB000000000000w,F)
fcvt_s_d_pinf_rte=(0xCAFE00007F800000w,0x7FF0000000000000w,3w,T,SOME 0x7F800000w,F,T,
 0xBBBB000000000000w,F)
fcvt_s_d_ninf_rte=(0xCAFE0000FF800000w,0xFFF0000000000000w,3w,T,SOME 0xFF800000w,F,T,
 0xBBBB000000000000w,F)
fcvt_d_s_zero_rte=(0w,0w,3w,T,SOME 0w,F,T,0xBBBB000000000000w,F)
fcvt_d_s_negative_zero_rte=(0w,0x80000000w,3w,T,SOME 0w,F,T,0xBBBB000000000000w,F)
fcvt_d_s_negative_zero_rtz=(0w,0x80000000w,3w,T,SOME 0w,F,T,0xBBBB000000000000w,F)
fcvt_d_s_negative_zero_down=(0w,0x80000000w,3w,T,SOME 0w,F,T,0xBBBB000000000000w,F)
fcvt_d_s_negative_zero_up=(0w,0x80000000w,3w,T,SOME 0w,F,T,0xBBBB000000000000w,F)
fcvt_d_s_one_rte=(0x3FF0000000000000w,0x3F800000w,3w,T,SOME 0x3FF0000000000000w,F,T,
 0xBBBB000000000000w,F)
fcvt_d_s_one_rtz=(0x3FF0000000000000w,0x3F800000w,3w,T,SOME 0x3FF0000000000000w,F,T,
 0xBBBB000000000000w,F)
fcvt_d_s_one_down=(0x3FF0000000000000w,0x3F800000w,3w,T,SOME 0x3FF0000000000000w,F,T,
 0xBBBB000000000000w,F)
fcvt_d_s_one_up=(0x3FF0000000000000w,0x3F800000w,3w,T,SOME 0x3FF0000000000000w,F,T,
 0xBBBB000000000000w,F)
fcvt_d_s_one_dynamic_up=(0x3FF0000000000000w,0x3F800000w,3w,T,SOME 0x3FF0000000000000w,F,T,
 0xBBBB000000000000w,F)
fcvt_d_s_one_invalid_static=(0xCAFE000000000000w,0x3F800000w,0w,F,SOME 42w,F,T,0xBBBB000000000000w,T)
fcvt_d_s_one_invalid_dynamic=(0xCAFE000000000000w,0x3F800000w,0w,F,SOME 42w,F,T,0xBBBB000000000000w,T)
fcvt_d_s_min_subnormal_rte=(0x36A0000000000000w,1w,3w,T,SOME 0x36A0000000000000w,F,T,
 0xBBBB000000000000w,F)
fcvt_d_s_pinf_rte=(0x7FF0000000000000w,0x7F800000w,3w,T,SOME 0x7FF0000000000000w,F,T,
 0xBBBB000000000000w,F)
fcvt_d_s_ninf_rte=(0xFFF0000000000000w,0xFF800000w,3w,T,SOME 0xFFF0000000000000w,F,T,
 0xBBBB000000000000w,F)
