fclass_s_neg_inf=(1w,99w,0xFF800000w,F,T,0w,SOME 42w,99w)
fclass_s_neg_normal=(2w,99w,0xBF800000w,F,T,0w,SOME 42w,99w)
fclass_s_neg_subnormal=(4w,99w,0x80000001w,F,T,0w,SOME 42w,99w)
fclass_s_neg_zero=(8w,99w,0x80000000w,F,T,0w,SOME 42w,99w)
fclass_s_pos_zero=(16w,99w,0w,F,T,0w,SOME 42w,99w)
fclass_s_pos_subnormal=(32w,99w,1w,F,T,0w,SOME 42w,99w)
fclass_s_pos_normal=(64w,99w,0x3F800000w,F,T,0w,SOME 42w,99w)
fclass_s_pos_inf=(128w,99w,0x7F800000w,F,T,0w,SOME 42w,99w)
fclass_s_snan=(256w,99w,0x7F800001w,F,T,0w,SOME 42w,99w)
fclass_s_canonical_nan=(512w,99w,0x7FC00000w,F,T,0w,SOME 42w,99w)
fclass_s_payload_qnan=(0w,99w,0x7FC00001w,F,T,0w,SOME 42w,99w)
fclass_s_neg_qnan=(0w,99w,0xFFC00000w,F,T,0w,SOME 42w,99w)
fclass_s_neg_snan=(256w,99w,0xFF800001w,F,T,0w,SOME 42w,99w)
fclass_s_dest_zero=(99w,99w,0x3F800000w,F,T,0w,SOME 42w,99w)
fclass_d_neg_inf=(1w,99w,0xFFF0000000000000w,F,T,0w,SOME 42w,99w)
fclass_d_neg_normal=(2w,99w,0xBFF0000000000000w,F,T,0w,SOME 42w,99w)
fclass_d_neg_subnormal=(4w,99w,0x8000000000000001w,F,T,0w,SOME 42w,99w)
fclass_d_neg_zero=(8w,99w,0x8000000000000000w,F,T,0w,SOME 42w,99w)
fclass_d_pos_zero=(16w,99w,0w,F,T,0w,SOME 42w,99w)
fclass_d_pos_subnormal=(32w,99w,1w,F,T,0w,SOME 42w,99w)
fclass_d_pos_normal=(64w,99w,0x3FF0000000000000w,F,T,0w,SOME 42w,99w)
fclass_d_pos_inf=(128w,99w,0x7FF0000000000000w,F,T,0w,SOME 42w,99w)
fclass_d_snan=(256w,99w,0x7FF0000000000001w,F,T,0w,SOME 42w,99w)
fclass_d_canonical_nan=(512w,99w,0x7FF8000000000000w,F,T,0w,SOME 42w,99w)
fclass_d_payload_qnan=(0w,99w,0x7FF8000000000001w,F,T,0w,SOME 42w,99w)
fclass_d_neg_qnan=(0w,99w,0xFFF8000000000000w,F,T,0w,SOME 42w,99w)
fclass_d_neg_snan=(256w,99w,0xFFF0000000000001w,F,T,0w,SOME 42w,99w)
fclass_d_dest_zero=(99w,99w,0x3FF0000000000000w,F,T,0w,SOME 42w,99w)
