register_alu_ADD_0_0=T
register_alu_ADD_0_1=T
register_alu_ADD_0_2=T
register_alu_ADD_0_7=T
register_alu_ADD_1_0=T
register_alu_ADD_1_1=T
register_alu_ADD_1_2=T
register_alu_ADD_1_7=T
register_alu_ADD_2_0=T
register_alu_ADD_2_1=T
register_alu_ADD_2_2=T
register_alu_ADD_2_7=T
register_alu_ADD_3_0=T
register_alu_ADD_3_1=T
register_alu_ADD_3_2=T
register_alu_ADD_3_7=T
register_alu_ADD_4_0=T
register_alu_ADD_4_1=T
register_alu_ADD_4_2=T
register_alu_ADD_4_7=T
register_alu_ADD_5_0=T
register_alu_ADD_5_1=T
register_alu_ADD_5_2=T
register_alu_ADD_5_7=T
register_alu_ADD_6_0=T
register_alu_ADD_6_1=T
register_alu_ADD_6_2=T
register_alu_ADD_6_7=T
register_alu_ADD_7_0=T
register_alu_ADD_7_1=T
register_alu_ADD_7_2=T
register_alu_ADD_7_7=T
register_alu_SUB_0_0=T
register_alu_SUB_0_1=T
register_alu_SUB_0_2=T
register_alu_SUB_0_7=T
register_alu_SUB_1_0=T
register_alu_SUB_1_1=T
register_alu_SUB_1_2=T
register_alu_SUB_1_7=T
register_alu_SUB_2_0=T
register_alu_SUB_2_1=T
register_alu_SUB_2_2=T
register_alu_SUB_2_7=T
register_alu_SUB_3_0=T
register_alu_SUB_3_1=T
register_alu_SUB_3_2=T
register_alu_SUB_3_7=T
register_alu_SUB_4_0=T
register_alu_SUB_4_1=T
register_alu_SUB_4_2=T
register_alu_SUB_4_7=T
register_alu_SUB_5_0=T
register_alu_SUB_5_1=T
register_alu_SUB_5_2=T
register_alu_SUB_5_7=T
register_alu_SUB_6_0=T
register_alu_SUB_6_1=T
register_alu_SUB_6_2=T
register_alu_SUB_6_7=T
register_alu_SUB_7_0=T
register_alu_SUB_7_1=T
register_alu_SUB_7_2=T
register_alu_SUB_7_7=T
register_alu_AND_0_0=T
register_alu_AND_0_1=T
register_alu_AND_0_2=T
register_alu_AND_0_7=T
register_alu_AND_1_0=T
register_alu_AND_1_1=T
register_alu_AND_1_2=T
register_alu_AND_1_7=T
register_alu_AND_2_0=T
register_alu_AND_2_1=T
register_alu_AND_2_2=T
register_alu_AND_2_7=T
register_alu_AND_3_0=T
register_alu_AND_3_1=T
register_alu_AND_3_2=T
register_alu_AND_3_7=T
register_alu_AND_4_0=T
register_alu_AND_4_1=T
register_alu_AND_4_2=T
register_alu_AND_4_7=T
register_alu_AND_5_0=T
register_alu_AND_5_1=T
register_alu_AND_5_2=T
register_alu_AND_5_7=T
register_alu_AND_6_0=T
register_alu_AND_6_1=T
register_alu_AND_6_2=T
register_alu_AND_6_7=T
register_alu_AND_7_0=T
register_alu_AND_7_1=T
register_alu_AND_7_2=T
register_alu_AND_7_7=T
register_alu_OR_0_0=T
register_alu_OR_0_1=T
register_alu_OR_0_2=T
register_alu_OR_0_7=T
register_alu_OR_1_0=T
register_alu_OR_1_1=T
register_alu_OR_1_2=T
register_alu_OR_1_7=T
register_alu_OR_2_0=T
register_alu_OR_2_1=T
register_alu_OR_2_2=T
register_alu_OR_2_7=T
register_alu_OR_3_0=T
register_alu_OR_3_1=T
register_alu_OR_3_2=T
register_alu_OR_3_7=T
register_alu_OR_4_0=T
register_alu_OR_4_1=T
register_alu_OR_4_2=T
register_alu_OR_4_7=T
register_alu_OR_5_0=T
register_alu_OR_5_1=T
register_alu_OR_5_2=T
register_alu_OR_5_7=T
register_alu_OR_6_0=T
register_alu_OR_6_1=T
register_alu_OR_6_2=T
register_alu_OR_6_7=T
register_alu_OR_7_0=T
register_alu_OR_7_1=T
register_alu_OR_7_2=T
register_alu_OR_7_7=T
register_alu_XOR_0_0=T
register_alu_XOR_0_1=T
register_alu_XOR_0_2=T
register_alu_XOR_0_7=T
register_alu_XOR_1_0=T
register_alu_XOR_1_1=T
register_alu_XOR_1_2=T
register_alu_XOR_1_7=T
register_alu_XOR_2_0=T
register_alu_XOR_2_1=T
register_alu_XOR_2_2=T
register_alu_XOR_2_7=T
register_alu_XOR_3_0=T
register_alu_XOR_3_1=T
register_alu_XOR_3_2=T
register_alu_XOR_3_7=T
register_alu_XOR_4_0=T
register_alu_XOR_4_1=T
register_alu_XOR_4_2=T
register_alu_XOR_4_7=T
register_alu_XOR_5_0=T
register_alu_XOR_5_1=T
register_alu_XOR_5_2=T
register_alu_XOR_5_7=T
register_alu_XOR_6_0=T
register_alu_XOR_6_1=T
register_alu_XOR_6_2=T
register_alu_XOR_6_7=T
register_alu_XOR_7_0=T
register_alu_XOR_7_1=T
register_alu_XOR_7_2=T
register_alu_XOR_7_7=T
