fmin_s_one_two=(99w,0xABC000003F800000w,F)
fmax_s_one_two=(99w,0xABC0000040000000w,F)
flt_s_one_two=(1w,0xABC0000000000000w,F)
fle_s_one_two=(1w,0xABC0000000000000w,F)
feq_s_one_two=(0w,0xABC0000000000000w,F)
fmin_s_signed_zero=(99w,0xABC0000000000000w,F)
fmax_s_signed_zero=(99w,0xABC0000080000000w,F)
flt_s_signed_zero=(0w,0xABC0000000000000w,F)
fle_s_signed_zero=(1w,0xABC0000000000000w,F)
feq_s_signed_zero=(1w,0xABC0000000000000w,F)
fmin_s_qnan_one=(99w,0xABC000003F800000w,F)
fmax_s_qnan_one=(99w,0xABC000003F800000w,F)
flt_s_qnan_one=(0w,0xABC0000000000000w,T)
fle_s_qnan_one=(0w,0xABC0000000000000w,T)
feq_s_qnan_one=(0w,0xABC0000000000000w,F)
fmin_s_snan_one=(99w,0xABC000007FC00000w,F)
fmax_s_snan_one=(99w,0xABC000007FC00000w,F)
flt_s_snan_one=(0w,0xABC0000000000000w,T)
fle_s_snan_one=(0w,0xABC0000000000000w,T)
feq_s_snan_one=(0w,0xABC0000000000000w,T)
fmin_s_payload_nan_one=(99w,0xABC000007FC00001w,F)
fmax_s_payload_nan_one=(99w,0xABC000007FC00001w,F)
flt_s_payload_nan_one=(0w,0xABC0000000000000w,T)
fle_s_payload_nan_one=(0w,0xABC0000000000000w,T)
feq_s_payload_nan_one=(0w,0xABC0000000000000w,F)
fmin_s_both_nan=(99w,0xABC000007FC00000w,F)
fmax_s_both_nan=(99w,0xABC000007FC00000w,F)
flt_s_both_nan=(0w,0xABC0000000000000w,T)
fle_s_both_nan=(0w,0xABC0000000000000w,T)
feq_s_both_nan=(0w,0xABC0000000000000w,F)
fmin_s_infinities=(99w,0xABC00000FF800000w,F)
fmax_s_infinities=(99w,0xABC000007F800000w,F)
flt_s_infinities=(0w,0xABC0000000000000w,F)
fle_s_infinities=(0w,0xABC0000000000000w,F)
feq_s_infinities=(0w,0xABC0000000000000w,F)
fmin_s_subnormals=(99w,0xABC0000000000001w,F)
fmax_s_subnormals=(99w,0xABC0000000000002w,F)
flt_s_subnormals=(1w,0xABC0000000000000w,F)
fle_s_subnormals=(1w,0xABC0000000000000w,F)
feq_s_subnormals=(0w,0xABC0000000000000w,F)
fmin_d_one_two=(99w,0x3FF0000000000000w,F)
fmax_d_one_two=(99w,0x4000000000000000w,F)
flt_d_one_two=(1w,0xABC0000000000000w,F)
fle_d_one_two=(1w,0xABC0000000000000w,F)
feq_d_one_two=(0w,0xABC0000000000000w,F)
fmin_d_signed_zero=(99w,0w,F)
fmax_d_signed_zero=(99w,0x8000000000000000w,F)
flt_d_signed_zero=(0w,0xABC0000000000000w,F)
fle_d_signed_zero=(1w,0xABC0000000000000w,F)
feq_d_signed_zero=(1w,0xABC0000000000000w,F)
fmin_d_qnan_one=(99w,0x3FF0000000000000w,F)
fmax_d_qnan_one=(99w,0x3FF0000000000000w,F)
flt_d_qnan_one=(0w,0xABC0000000000000w,T)
fle_d_qnan_one=(0w,0xABC0000000000000w,T)
feq_d_qnan_one=(0w,0xABC0000000000000w,F)
fmin_d_snan_one=(99w,0x7FF8000000000000w,F)
fmax_d_snan_one=(99w,0x7FF8000000000000w,F)
flt_d_snan_one=(0w,0xABC0000000000000w,T)
fle_d_snan_one=(0w,0xABC0000000000000w,T)
feq_d_snan_one=(0w,0xABC0000000000000w,T)
fmin_d_payload_nan_one=(99w,0x7FF8000000000001w,F)
fmax_d_payload_nan_one=(99w,0x7FF8000000000001w,F)
flt_d_payload_nan_one=(0w,0xABC0000000000000w,T)
fle_d_payload_nan_one=(0w,0xABC0000000000000w,T)
feq_d_payload_nan_one=(0w,0xABC0000000000000w,F)
fmin_d_both_nan=(99w,0x7FF8000000000000w,F)
fmax_d_both_nan=(99w,0x7FF8000000000000w,F)
flt_d_both_nan=(0w,0xABC0000000000000w,T)
fle_d_both_nan=(0w,0xABC0000000000000w,T)
feq_d_both_nan=(0w,0xABC0000000000000w,F)
fmin_d_infinities=(99w,0xFFF0000000000000w,F)
fmax_d_infinities=(99w,0x7FF0000000000000w,F)
flt_d_infinities=(0w,0xABC0000000000000w,F)
fle_d_infinities=(0w,0xABC0000000000000w,F)
feq_d_infinities=(0w,0xABC0000000000000w,F)
fmin_d_subnormals=(99w,1w,F)
fmax_d_subnormals=(99w,2w,F)
flt_d_subnormals=(1w,0xABC0000000000000w,F)
fle_d_subnormals=(1w,0xABC0000000000000w,F)
feq_d_subnormals=(0w,0xABC0000000000000w,F)
positive_infinities=(0x7F800000w,0x7FF0000000000000w)
nan_classifications32=[F; F; T; T; T]
nan_classifications64=[F; F; T; T; T]
