register_shift_SLL_0_0_0=T
register_shift_SLL_0_0_1=T
register_shift_SLL_0_0_2=T
register_shift_SLL_0_0_7=T
register_shift_SLL_0_1_0=T
register_shift_SLL_0_1_1=T
register_shift_SLL_0_1_2=T
register_shift_SLL_0_1_7=T
register_shift_SLL_0_2_0=T
register_shift_SLL_0_2_1=T
register_shift_SLL_0_2_2=T
register_shift_SLL_0_2_7=T
register_shift_SLL_0_3_0=T
register_shift_SLL_0_3_1=T
register_shift_SLL_0_3_2=T
register_shift_SLL_0_3_7=T
register_shift_SLL_0_4_0=T
register_shift_SLL_0_4_1=T
register_shift_SLL_0_4_2=T
register_shift_SLL_0_4_7=T
register_shift_SLL_0_5_0=T
register_shift_SLL_0_5_1=T
register_shift_SLL_0_5_2=T
register_shift_SLL_0_5_7=T
register_shift_SLL_0_6_0=T
register_shift_SLL_0_6_1=T
register_shift_SLL_0_6_2=T
register_shift_SLL_0_6_7=T
register_shift_SLL_0_7_0=T
register_shift_SLL_0_7_1=T
register_shift_SLL_0_7_2=T
register_shift_SLL_0_7_7=T
register_shift_SLL_0_8_0=T
register_shift_SLL_0_8_1=T
register_shift_SLL_0_8_2=T
register_shift_SLL_0_8_7=T
register_shift_SLL_0_9_0=T
register_shift_SLL_0_9_1=T
register_shift_SLL_0_9_2=T
register_shift_SLL_0_9_7=T
register_shift_SLL_2_0_0=T
register_shift_SLL_2_0_1=T
register_shift_SLL_2_0_2=T
register_shift_SLL_2_0_7=T
register_shift_SLL_2_1_0=T
register_shift_SLL_2_1_1=T
register_shift_SLL_2_1_2=T
register_shift_SLL_2_1_7=T
register_shift_SLL_2_2_0=T
register_shift_SLL_2_2_1=T
register_shift_SLL_2_2_2=T
register_shift_SLL_2_2_7=T
register_shift_SLL_2_3_0=T
register_shift_SLL_2_3_1=T
register_shift_SLL_2_3_2=T
register_shift_SLL_2_3_7=T
register_shift_SLL_2_4_0=T
register_shift_SLL_2_4_1=T
register_shift_SLL_2_4_2=T
register_shift_SLL_2_4_7=T
register_shift_SLL_2_5_0=T
register_shift_SLL_2_5_1=T
register_shift_SLL_2_5_2=T
register_shift_SLL_2_5_7=T
register_shift_SLL_2_6_0=T
register_shift_SLL_2_6_1=T
register_shift_SLL_2_6_2=T
register_shift_SLL_2_6_7=T
register_shift_SLL_2_7_0=T
register_shift_SLL_2_7_1=T
register_shift_SLL_2_7_2=T
register_shift_SLL_2_7_7=T
register_shift_SLL_2_8_0=T
register_shift_SLL_2_8_1=T
register_shift_SLL_2_8_2=T
register_shift_SLL_2_8_7=T
register_shift_SLL_2_9_0=T
register_shift_SLL_2_9_1=T
register_shift_SLL_2_9_2=T
register_shift_SLL_2_9_7=T
register_shift_SLL_3_0_0=T
register_shift_SLL_3_0_1=T
register_shift_SLL_3_0_2=T
register_shift_SLL_3_0_7=T
register_shift_SLL_3_1_0=T
register_shift_SLL_3_1_1=T
register_shift_SLL_3_1_2=T
register_shift_SLL_3_1_7=T
register_shift_SLL_3_2_0=T
register_shift_SLL_3_2_1=T
register_shift_SLL_3_2_2=T
register_shift_SLL_3_2_7=T
register_shift_SLL_3_3_0=T
register_shift_SLL_3_3_1=T
register_shift_SLL_3_3_2=T
register_shift_SLL_3_3_7=T
register_shift_SLL_3_4_0=T
register_shift_SLL_3_4_1=T
register_shift_SLL_3_4_2=T
register_shift_SLL_3_4_7=T
register_shift_SLL_3_5_0=T
register_shift_SLL_3_5_1=T
register_shift_SLL_3_5_2=T
register_shift_SLL_3_5_7=T
register_shift_SLL_3_6_0=T
register_shift_SLL_3_6_1=T
register_shift_SLL_3_6_2=T
register_shift_SLL_3_6_7=T
register_shift_SLL_3_7_0=T
register_shift_SLL_3_7_1=T
register_shift_SLL_3_7_2=T
register_shift_SLL_3_7_7=T
register_shift_SLL_3_8_0=T
register_shift_SLL_3_8_1=T
register_shift_SLL_3_8_2=T
register_shift_SLL_3_8_7=T
register_shift_SLL_3_9_0=T
register_shift_SLL_3_9_1=T
register_shift_SLL_3_9_2=T
register_shift_SLL_3_9_7=T
register_shift_SLLW_0_0_0=T
register_shift_SLLW_0_0_1=T
register_shift_SLLW_0_0_2=T
register_shift_SLLW_0_0_7=T
register_shift_SLLW_0_1_0=T
register_shift_SLLW_0_1_1=T
register_shift_SLLW_0_1_2=T
register_shift_SLLW_0_1_7=T
register_shift_SLLW_0_2_0=T
register_shift_SLLW_0_2_1=T
register_shift_SLLW_0_2_2=T
register_shift_SLLW_0_2_7=T
register_shift_SLLW_0_3_0=T
register_shift_SLLW_0_3_1=T
register_shift_SLLW_0_3_2=T
register_shift_SLLW_0_3_7=T
register_shift_SLLW_0_4_0=T
register_shift_SLLW_0_4_1=T
register_shift_SLLW_0_4_2=T
register_shift_SLLW_0_4_7=T
register_shift_SLLW_0_5_0=T
register_shift_SLLW_0_5_1=T
register_shift_SLLW_0_5_2=T
register_shift_SLLW_0_5_7=T
register_shift_SLLW_0_6_0=T
register_shift_SLLW_0_6_1=T
register_shift_SLLW_0_6_2=T
register_shift_SLLW_0_6_7=T
register_shift_SLLW_0_7_0=T
register_shift_SLLW_0_7_1=T
register_shift_SLLW_0_7_2=T
register_shift_SLLW_0_7_7=T
register_shift_SLLW_0_8_0=T
register_shift_SLLW_0_8_1=T
register_shift_SLLW_0_8_2=T
register_shift_SLLW_0_8_7=T
register_shift_SLLW_0_9_0=T
register_shift_SLLW_0_9_1=T
register_shift_SLLW_0_9_2=T
register_shift_SLLW_0_9_7=T
register_shift_SLLW_2_0_0=T
register_shift_SLLW_2_0_1=T
register_shift_SLLW_2_0_2=T
register_shift_SLLW_2_0_7=T
register_shift_SLLW_2_1_0=T
register_shift_SLLW_2_1_1=T
register_shift_SLLW_2_1_2=T
register_shift_SLLW_2_1_7=T
register_shift_SLLW_2_2_0=T
register_shift_SLLW_2_2_1=T
register_shift_SLLW_2_2_2=T
register_shift_SLLW_2_2_7=T
register_shift_SLLW_2_3_0=T
register_shift_SLLW_2_3_1=T
register_shift_SLLW_2_3_2=T
register_shift_SLLW_2_3_7=T
register_shift_SLLW_2_4_0=T
register_shift_SLLW_2_4_1=T
register_shift_SLLW_2_4_2=T
register_shift_SLLW_2_4_7=T
register_shift_SLLW_2_5_0=T
register_shift_SLLW_2_5_1=T
register_shift_SLLW_2_5_2=T
register_shift_SLLW_2_5_7=T
register_shift_SLLW_2_6_0=T
register_shift_SLLW_2_6_1=T
register_shift_SLLW_2_6_2=T
register_shift_SLLW_2_6_7=T
register_shift_SLLW_2_7_0=T
register_shift_SLLW_2_7_1=T
register_shift_SLLW_2_7_2=T
register_shift_SLLW_2_7_7=T
register_shift_SLLW_2_8_0=T
register_shift_SLLW_2_8_1=T
register_shift_SLLW_2_8_2=T
register_shift_SLLW_2_8_7=T
register_shift_SLLW_2_9_0=T
register_shift_SLLW_2_9_1=T
register_shift_SLLW_2_9_2=T
register_shift_SLLW_2_9_7=T
register_shift_SLLW_3_0_0=T
register_shift_SLLW_3_0_1=T
register_shift_SLLW_3_0_2=T
register_shift_SLLW_3_0_7=T
register_shift_SLLW_3_1_0=T
register_shift_SLLW_3_1_1=T
register_shift_SLLW_3_1_2=T
register_shift_SLLW_3_1_7=T
register_shift_SLLW_3_2_0=T
register_shift_SLLW_3_2_1=T
register_shift_SLLW_3_2_2=T
register_shift_SLLW_3_2_7=T
register_shift_SLLW_3_3_0=T
register_shift_SLLW_3_3_1=T
register_shift_SLLW_3_3_2=T
register_shift_SLLW_3_3_7=T
register_shift_SLLW_3_4_0=T
register_shift_SLLW_3_4_1=T
register_shift_SLLW_3_4_2=T
register_shift_SLLW_3_4_7=T
register_shift_SLLW_3_5_0=T
register_shift_SLLW_3_5_1=T
register_shift_SLLW_3_5_2=T
register_shift_SLLW_3_5_7=T
register_shift_SLLW_3_6_0=T
register_shift_SLLW_3_6_1=T
register_shift_SLLW_3_6_2=T
register_shift_SLLW_3_6_7=T
register_shift_SLLW_3_7_0=T
register_shift_SLLW_3_7_1=T
register_shift_SLLW_3_7_2=T
register_shift_SLLW_3_7_7=T
register_shift_SLLW_3_8_0=T
register_shift_SLLW_3_8_1=T
register_shift_SLLW_3_8_2=T
register_shift_SLLW_3_8_7=T
register_shift_SLLW_3_9_0=T
register_shift_SLLW_3_9_1=T
register_shift_SLLW_3_9_2=T
register_shift_SLLW_3_9_7=T
register_shift_SRL_0_0_0=T
register_shift_SRL_0_0_1=T
register_shift_SRL_0_0_2=T
register_shift_SRL_0_0_7=T
register_shift_SRL_0_1_0=T
register_shift_SRL_0_1_1=T
register_shift_SRL_0_1_2=T
register_shift_SRL_0_1_7=T
register_shift_SRL_0_2_0=T
register_shift_SRL_0_2_1=T
register_shift_SRL_0_2_2=T
register_shift_SRL_0_2_7=T
register_shift_SRL_0_3_0=T
register_shift_SRL_0_3_1=T
register_shift_SRL_0_3_2=T
register_shift_SRL_0_3_7=T
register_shift_SRL_0_4_0=T
register_shift_SRL_0_4_1=T
register_shift_SRL_0_4_2=T
register_shift_SRL_0_4_7=T
register_shift_SRL_0_5_0=T
register_shift_SRL_0_5_1=T
register_shift_SRL_0_5_2=T
register_shift_SRL_0_5_7=T
register_shift_SRL_0_6_0=T
register_shift_SRL_0_6_1=T
register_shift_SRL_0_6_2=T
register_shift_SRL_0_6_7=T
register_shift_SRL_0_7_0=T
register_shift_SRL_0_7_1=T
register_shift_SRL_0_7_2=T
register_shift_SRL_0_7_7=T
register_shift_SRL_0_8_0=T
register_shift_SRL_0_8_1=T
register_shift_SRL_0_8_2=T
register_shift_SRL_0_8_7=T
register_shift_SRL_0_9_0=T
register_shift_SRL_0_9_1=T
register_shift_SRL_0_9_2=T
register_shift_SRL_0_9_7=T
register_shift_SRL_2_0_0=T
register_shift_SRL_2_0_1=T
register_shift_SRL_2_0_2=T
register_shift_SRL_2_0_7=T
register_shift_SRL_2_1_0=T
register_shift_SRL_2_1_1=T
register_shift_SRL_2_1_2=T
register_shift_SRL_2_1_7=T
register_shift_SRL_2_2_0=T
register_shift_SRL_2_2_1=T
register_shift_SRL_2_2_2=T
register_shift_SRL_2_2_7=T
register_shift_SRL_2_3_0=T
register_shift_SRL_2_3_1=T
register_shift_SRL_2_3_2=T
register_shift_SRL_2_3_7=T
register_shift_SRL_2_4_0=T
register_shift_SRL_2_4_1=T
register_shift_SRL_2_4_2=T
register_shift_SRL_2_4_7=T
register_shift_SRL_2_5_0=T
register_shift_SRL_2_5_1=T
register_shift_SRL_2_5_2=T
register_shift_SRL_2_5_7=T
register_shift_SRL_2_6_0=T
register_shift_SRL_2_6_1=T
register_shift_SRL_2_6_2=T
register_shift_SRL_2_6_7=T
register_shift_SRL_2_7_0=T
register_shift_SRL_2_7_1=T
register_shift_SRL_2_7_2=T
register_shift_SRL_2_7_7=T
register_shift_SRL_2_8_0=T
register_shift_SRL_2_8_1=T
register_shift_SRL_2_8_2=T
register_shift_SRL_2_8_7=T
register_shift_SRL_2_9_0=T
register_shift_SRL_2_9_1=T
register_shift_SRL_2_9_2=T
register_shift_SRL_2_9_7=T
register_shift_SRL_3_0_0=T
register_shift_SRL_3_0_1=T
register_shift_SRL_3_0_2=T
register_shift_SRL_3_0_7=T
register_shift_SRL_3_1_0=T
register_shift_SRL_3_1_1=T
register_shift_SRL_3_1_2=T
register_shift_SRL_3_1_7=T
register_shift_SRL_3_2_0=T
register_shift_SRL_3_2_1=T
register_shift_SRL_3_2_2=T
register_shift_SRL_3_2_7=T
register_shift_SRL_3_3_0=T
register_shift_SRL_3_3_1=T
register_shift_SRL_3_3_2=T
register_shift_SRL_3_3_7=T
register_shift_SRL_3_4_0=T
register_shift_SRL_3_4_1=T
register_shift_SRL_3_4_2=T
register_shift_SRL_3_4_7=T
register_shift_SRL_3_5_0=T
register_shift_SRL_3_5_1=T
register_shift_SRL_3_5_2=T
register_shift_SRL_3_5_7=T
register_shift_SRL_3_6_0=T
register_shift_SRL_3_6_1=T
register_shift_SRL_3_6_2=T
register_shift_SRL_3_6_7=T
register_shift_SRL_3_7_0=T
register_shift_SRL_3_7_1=T
register_shift_SRL_3_7_2=T
register_shift_SRL_3_7_7=T
register_shift_SRL_3_8_0=T
register_shift_SRL_3_8_1=T
register_shift_SRL_3_8_2=T
register_shift_SRL_3_8_7=T
register_shift_SRL_3_9_0=T
register_shift_SRL_3_9_1=T
register_shift_SRL_3_9_2=T
register_shift_SRL_3_9_7=T
register_shift_SRLW_0_0_0=T
register_shift_SRLW_0_0_1=T
register_shift_SRLW_0_0_2=T
register_shift_SRLW_0_0_7=T
register_shift_SRLW_0_1_0=T
register_shift_SRLW_0_1_1=T
register_shift_SRLW_0_1_2=T
register_shift_SRLW_0_1_7=T
register_shift_SRLW_0_2_0=T
register_shift_SRLW_0_2_1=T
register_shift_SRLW_0_2_2=T
register_shift_SRLW_0_2_7=T
register_shift_SRLW_0_3_0=T
register_shift_SRLW_0_3_1=T
register_shift_SRLW_0_3_2=T
register_shift_SRLW_0_3_7=T
register_shift_SRLW_0_4_0=T
register_shift_SRLW_0_4_1=T
register_shift_SRLW_0_4_2=T
register_shift_SRLW_0_4_7=T
register_shift_SRLW_0_5_0=T
register_shift_SRLW_0_5_1=T
register_shift_SRLW_0_5_2=T
register_shift_SRLW_0_5_7=T
register_shift_SRLW_0_6_0=T
register_shift_SRLW_0_6_1=T
register_shift_SRLW_0_6_2=T
register_shift_SRLW_0_6_7=T
register_shift_SRLW_0_7_0=T
register_shift_SRLW_0_7_1=T
register_shift_SRLW_0_7_2=T
register_shift_SRLW_0_7_7=T
register_shift_SRLW_0_8_0=T
register_shift_SRLW_0_8_1=T
register_shift_SRLW_0_8_2=T
register_shift_SRLW_0_8_7=T
register_shift_SRLW_0_9_0=T
register_shift_SRLW_0_9_1=T
register_shift_SRLW_0_9_2=T
register_shift_SRLW_0_9_7=T
register_shift_SRLW_2_0_0=T
register_shift_SRLW_2_0_1=T
register_shift_SRLW_2_0_2=T
register_shift_SRLW_2_0_7=T
register_shift_SRLW_2_1_0=T
register_shift_SRLW_2_1_1=T
register_shift_SRLW_2_1_2=T
register_shift_SRLW_2_1_7=T
register_shift_SRLW_2_2_0=T
register_shift_SRLW_2_2_1=T
register_shift_SRLW_2_2_2=T
register_shift_SRLW_2_2_7=T
register_shift_SRLW_2_3_0=T
register_shift_SRLW_2_3_1=T
register_shift_SRLW_2_3_2=T
register_shift_SRLW_2_3_7=T
register_shift_SRLW_2_4_0=T
register_shift_SRLW_2_4_1=T
register_shift_SRLW_2_4_2=T
register_shift_SRLW_2_4_7=T
register_shift_SRLW_2_5_0=T
register_shift_SRLW_2_5_1=T
register_shift_SRLW_2_5_2=T
register_shift_SRLW_2_5_7=T
register_shift_SRLW_2_6_0=T
register_shift_SRLW_2_6_1=T
register_shift_SRLW_2_6_2=T
register_shift_SRLW_2_6_7=T
register_shift_SRLW_2_7_0=T
register_shift_SRLW_2_7_1=T
register_shift_SRLW_2_7_2=T
register_shift_SRLW_2_7_7=T
register_shift_SRLW_2_8_0=T
register_shift_SRLW_2_8_1=T
register_shift_SRLW_2_8_2=T
register_shift_SRLW_2_8_7=T
register_shift_SRLW_2_9_0=T
register_shift_SRLW_2_9_1=T
register_shift_SRLW_2_9_2=T
register_shift_SRLW_2_9_7=T
register_shift_SRLW_3_0_0=T
register_shift_SRLW_3_0_1=T
register_shift_SRLW_3_0_2=T
register_shift_SRLW_3_0_7=T
register_shift_SRLW_3_1_0=T
register_shift_SRLW_3_1_1=T
register_shift_SRLW_3_1_2=T
register_shift_SRLW_3_1_7=T
register_shift_SRLW_3_2_0=T
register_shift_SRLW_3_2_1=T
register_shift_SRLW_3_2_2=T
register_shift_SRLW_3_2_7=T
register_shift_SRLW_3_3_0=T
register_shift_SRLW_3_3_1=T
register_shift_SRLW_3_3_2=T
register_shift_SRLW_3_3_7=T
register_shift_SRLW_3_4_0=T
register_shift_SRLW_3_4_1=T
register_shift_SRLW_3_4_2=T
register_shift_SRLW_3_4_7=T
register_shift_SRLW_3_5_0=T
register_shift_SRLW_3_5_1=T
register_shift_SRLW_3_5_2=T
register_shift_SRLW_3_5_7=T
register_shift_SRLW_3_6_0=T
register_shift_SRLW_3_6_1=T
register_shift_SRLW_3_6_2=T
register_shift_SRLW_3_6_7=T
register_shift_SRLW_3_7_0=T
register_shift_SRLW_3_7_1=T
register_shift_SRLW_3_7_2=T
register_shift_SRLW_3_7_7=T
register_shift_SRLW_3_8_0=T
register_shift_SRLW_3_8_1=T
register_shift_SRLW_3_8_2=T
register_shift_SRLW_3_8_7=T
register_shift_SRLW_3_9_0=T
register_shift_SRLW_3_9_1=T
register_shift_SRLW_3_9_2=T
register_shift_SRLW_3_9_7=T
register_shift_SRA_0_0_0=T
register_shift_SRA_0_0_1=T
register_shift_SRA_0_0_2=T
register_shift_SRA_0_0_7=T
register_shift_SRA_0_1_0=T
register_shift_SRA_0_1_1=T
register_shift_SRA_0_1_2=T
register_shift_SRA_0_1_7=T
register_shift_SRA_0_2_0=T
register_shift_SRA_0_2_1=T
register_shift_SRA_0_2_2=T
register_shift_SRA_0_2_7=T
register_shift_SRA_0_3_0=T
register_shift_SRA_0_3_1=T
register_shift_SRA_0_3_2=T
register_shift_SRA_0_3_7=T
register_shift_SRA_0_4_0=T
register_shift_SRA_0_4_1=T
register_shift_SRA_0_4_2=T
register_shift_SRA_0_4_7=T
register_shift_SRA_0_5_0=T
register_shift_SRA_0_5_1=T
register_shift_SRA_0_5_2=T
register_shift_SRA_0_5_7=T
register_shift_SRA_0_6_0=T
register_shift_SRA_0_6_1=T
register_shift_SRA_0_6_2=T
register_shift_SRA_0_6_7=T
register_shift_SRA_0_7_0=T
register_shift_SRA_0_7_1=T
register_shift_SRA_0_7_2=T
register_shift_SRA_0_7_7=T
register_shift_SRA_0_8_0=T
register_shift_SRA_0_8_1=T
register_shift_SRA_0_8_2=T
register_shift_SRA_0_8_7=T
register_shift_SRA_0_9_0=T
register_shift_SRA_0_9_1=T
register_shift_SRA_0_9_2=T
register_shift_SRA_0_9_7=T
register_shift_SRA_2_0_0=T
register_shift_SRA_2_0_1=T
register_shift_SRA_2_0_2=T
register_shift_SRA_2_0_7=T
register_shift_SRA_2_1_0=T
register_shift_SRA_2_1_1=T
register_shift_SRA_2_1_2=T
register_shift_SRA_2_1_7=T
register_shift_SRA_2_2_0=T
register_shift_SRA_2_2_1=T
register_shift_SRA_2_2_2=T
register_shift_SRA_2_2_7=T
register_shift_SRA_2_3_0=T
register_shift_SRA_2_3_1=T
register_shift_SRA_2_3_2=T
register_shift_SRA_2_3_7=T
register_shift_SRA_2_4_0=T
register_shift_SRA_2_4_1=T
register_shift_SRA_2_4_2=T
register_shift_SRA_2_4_7=T
register_shift_SRA_2_5_0=T
register_shift_SRA_2_5_1=T
register_shift_SRA_2_5_2=T
register_shift_SRA_2_5_7=T
register_shift_SRA_2_6_0=T
register_shift_SRA_2_6_1=T
register_shift_SRA_2_6_2=T
register_shift_SRA_2_6_7=T
register_shift_SRA_2_7_0=T
register_shift_SRA_2_7_1=T
register_shift_SRA_2_7_2=T
register_shift_SRA_2_7_7=T
register_shift_SRA_2_8_0=T
register_shift_SRA_2_8_1=T
register_shift_SRA_2_8_2=T
register_shift_SRA_2_8_7=T
register_shift_SRA_2_9_0=T
register_shift_SRA_2_9_1=T
register_shift_SRA_2_9_2=T
register_shift_SRA_2_9_7=T
register_shift_SRA_3_0_0=T
register_shift_SRA_3_0_1=T
register_shift_SRA_3_0_2=T
register_shift_SRA_3_0_7=T
register_shift_SRA_3_1_0=T
register_shift_SRA_3_1_1=T
register_shift_SRA_3_1_2=T
register_shift_SRA_3_1_7=T
register_shift_SRA_3_2_0=T
register_shift_SRA_3_2_1=T
register_shift_SRA_3_2_2=T
register_shift_SRA_3_2_7=T
register_shift_SRA_3_3_0=T
register_shift_SRA_3_3_1=T
register_shift_SRA_3_3_2=T
register_shift_SRA_3_3_7=T
register_shift_SRA_3_4_0=T
register_shift_SRA_3_4_1=T
register_shift_SRA_3_4_2=T
register_shift_SRA_3_4_7=T
register_shift_SRA_3_5_0=T
register_shift_SRA_3_5_1=T
register_shift_SRA_3_5_2=T
register_shift_SRA_3_5_7=T
register_shift_SRA_3_6_0=T
register_shift_SRA_3_6_1=T
register_shift_SRA_3_6_2=T
register_shift_SRA_3_6_7=T
register_shift_SRA_3_7_0=T
register_shift_SRA_3_7_1=T
register_shift_SRA_3_7_2=T
register_shift_SRA_3_7_7=T
register_shift_SRA_3_8_0=T
register_shift_SRA_3_8_1=T
register_shift_SRA_3_8_2=T
register_shift_SRA_3_8_7=T
register_shift_SRA_3_9_0=T
register_shift_SRA_3_9_1=T
register_shift_SRA_3_9_2=T
register_shift_SRA_3_9_7=T
register_shift_SRAW_0_0_0=T
register_shift_SRAW_0_0_1=T
register_shift_SRAW_0_0_2=T
register_shift_SRAW_0_0_7=T
register_shift_SRAW_0_1_0=T
register_shift_SRAW_0_1_1=T
register_shift_SRAW_0_1_2=T
register_shift_SRAW_0_1_7=T
register_shift_SRAW_0_2_0=T
register_shift_SRAW_0_2_1=T
register_shift_SRAW_0_2_2=T
register_shift_SRAW_0_2_7=T
register_shift_SRAW_0_3_0=T
register_shift_SRAW_0_3_1=T
register_shift_SRAW_0_3_2=T
register_shift_SRAW_0_3_7=T
register_shift_SRAW_0_4_0=T
register_shift_SRAW_0_4_1=T
register_shift_SRAW_0_4_2=T
register_shift_SRAW_0_4_7=T
register_shift_SRAW_0_5_0=T
register_shift_SRAW_0_5_1=T
register_shift_SRAW_0_5_2=T
register_shift_SRAW_0_5_7=T
register_shift_SRAW_0_6_0=T
register_shift_SRAW_0_6_1=T
register_shift_SRAW_0_6_2=T
register_shift_SRAW_0_6_7=T
register_shift_SRAW_0_7_0=T
register_shift_SRAW_0_7_1=T
register_shift_SRAW_0_7_2=T
register_shift_SRAW_0_7_7=T
register_shift_SRAW_0_8_0=T
register_shift_SRAW_0_8_1=T
register_shift_SRAW_0_8_2=T
register_shift_SRAW_0_8_7=T
register_shift_SRAW_0_9_0=T
register_shift_SRAW_0_9_1=T
register_shift_SRAW_0_9_2=T
register_shift_SRAW_0_9_7=T
register_shift_SRAW_2_0_0=T
register_shift_SRAW_2_0_1=T
register_shift_SRAW_2_0_2=T
register_shift_SRAW_2_0_7=T
register_shift_SRAW_2_1_0=T
register_shift_SRAW_2_1_1=T
register_shift_SRAW_2_1_2=T
register_shift_SRAW_2_1_7=T
register_shift_SRAW_2_2_0=T
register_shift_SRAW_2_2_1=T
register_shift_SRAW_2_2_2=T
register_shift_SRAW_2_2_7=T
register_shift_SRAW_2_3_0=T
register_shift_SRAW_2_3_1=T
register_shift_SRAW_2_3_2=T
register_shift_SRAW_2_3_7=T
register_shift_SRAW_2_4_0=T
register_shift_SRAW_2_4_1=T
register_shift_SRAW_2_4_2=T
register_shift_SRAW_2_4_7=T
register_shift_SRAW_2_5_0=T
register_shift_SRAW_2_5_1=T
register_shift_SRAW_2_5_2=T
register_shift_SRAW_2_5_7=T
register_shift_SRAW_2_6_0=T
register_shift_SRAW_2_6_1=T
register_shift_SRAW_2_6_2=T
register_shift_SRAW_2_6_7=T
register_shift_SRAW_2_7_0=T
register_shift_SRAW_2_7_1=T
register_shift_SRAW_2_7_2=T
register_shift_SRAW_2_7_7=T
register_shift_SRAW_2_8_0=T
register_shift_SRAW_2_8_1=T
register_shift_SRAW_2_8_2=T
register_shift_SRAW_2_8_7=T
register_shift_SRAW_2_9_0=T
register_shift_SRAW_2_9_1=T
register_shift_SRAW_2_9_2=T
register_shift_SRAW_2_9_7=T
register_shift_SRAW_3_0_0=T
register_shift_SRAW_3_0_1=T
register_shift_SRAW_3_0_2=T
register_shift_SRAW_3_0_7=T
register_shift_SRAW_3_1_0=T
register_shift_SRAW_3_1_1=T
register_shift_SRAW_3_1_2=T
register_shift_SRAW_3_1_7=T
register_shift_SRAW_3_2_0=T
register_shift_SRAW_3_2_1=T
register_shift_SRAW_3_2_2=T
register_shift_SRAW_3_2_7=T
register_shift_SRAW_3_3_0=T
register_shift_SRAW_3_3_1=T
register_shift_SRAW_3_3_2=T
register_shift_SRAW_3_3_7=T
register_shift_SRAW_3_4_0=T
register_shift_SRAW_3_4_1=T
register_shift_SRAW_3_4_2=T
register_shift_SRAW_3_4_7=T
register_shift_SRAW_3_5_0=T
register_shift_SRAW_3_5_1=T
register_shift_SRAW_3_5_2=T
register_shift_SRAW_3_5_7=T
register_shift_SRAW_3_6_0=T
register_shift_SRAW_3_6_1=T
register_shift_SRAW_3_6_2=T
register_shift_SRAW_3_6_7=T
register_shift_SRAW_3_7_0=T
register_shift_SRAW_3_7_1=T
register_shift_SRAW_3_7_2=T
register_shift_SRAW_3_7_7=T
register_shift_SRAW_3_8_0=T
register_shift_SRAW_3_8_1=T
register_shift_SRAW_3_8_2=T
register_shift_SRAW_3_8_7=T
register_shift_SRAW_3_9_0=T
register_shift_SRAW_3_9_1=T
register_shift_SRAW_3_9_2=T
register_shift_SRAW_3_9_7=T
register_shift_symbolic_SLLW=T
register_shift_symbolic_SRLW=T
register_shift_symbolic_SRAW=T
register_shift_invalid_SLL_0_0=T
register_shift_invalid_SLL_0_1=T
register_shift_invalid_SLL_1_0=T
register_shift_invalid_SLL_1_1=T
register_shift_invalid_SRL_0_0=T
register_shift_invalid_SRL_0_1=T
register_shift_invalid_SRL_1_0=T
register_shift_invalid_SRL_1_1=T
register_shift_invalid_SRA_0_0=T
register_shift_invalid_SRA_0_1=T
register_shift_invalid_SRA_1_0=T
register_shift_invalid_SRA_1_1=T
