fcvt_w_s_tie_even=(2w,0x40200000w,F,F)
fcvt_wu_s_tie_even=(2w,0x40200000w,F,F)
fcvt_l_s_tie_even=(2w,0x40200000w,F,F)
fcvt_lu_s_tie_even=(2w,0x40200000w,F,F)
fcvt_w_s_tie_odd=(4w,0x40600000w,F,F)
fcvt_wu_s_tie_odd=(4w,0x40600000w,F,F)
fcvt_l_s_tie_odd=(4w,0x40600000w,F,F)
fcvt_lu_s_tie_odd=(4w,0x40600000w,F,F)
fcvt_w_s_negative_zero=(0xFFFFFFFFFFFFFFFEw,0xC0200000w,F,F)
fcvt_wu_s_negative_zero=(0w,0xC0200000w,F,F)
fcvt_l_s_negative_zero=(0xFFFFFFFFFFFFFFFEw,0xC0200000w,F,F)
fcvt_lu_s_negative_zero=(0w,0xC0200000w,F,F)
fcvt_w_s_negative_floor=(0xFFFFFFFFFFFFFFFDw,0xC0200000w,F,F)
fcvt_wu_s_negative_floor=(0w,0xC0200000w,F,F)
fcvt_l_s_negative_floor=(0xFFFFFFFFFFFFFFFDw,0xC0200000w,F,F)
fcvt_lu_s_negative_floor=(0w,0xC0200000w,F,F)
fcvt_w_s_negative_ceil=(0xFFFFFFFFFFFFFFFEw,0xC0200000w,F,F)
fcvt_wu_s_negative_ceil=(0w,0xC0200000w,F,F)
fcvt_l_s_negative_ceil=(0xFFFFFFFFFFFFFFFEw,0xC0200000w,F,F)
fcvt_lu_s_negative_ceil=(0w,0xC0200000w,F,F)
fcvt_w_s_qnan=(0x7FFFFFFFw,0x7FC00000w,F,F)
fcvt_wu_s_qnan=(0xFFFFFFFFw,0x7FC00000w,F,F)
fcvt_l_s_qnan=(0x7FFFFFFFFFFFFFFFw,0x7FC00000w,F,F)
fcvt_lu_s_qnan=(0xFFFFFFFFFFFFFFFFw,0x7FC00000w,F,F)
fcvt_w_s_posinf=(0x7FFFFFFFw,0x7F800000w,F,F)
fcvt_wu_s_posinf=(0xFFFFFFFFw,0x7F800000w,F,F)
fcvt_l_s_posinf=(0x7FFFFFFFFFFFFFFFw,0x7F800000w,F,F)
fcvt_lu_s_posinf=(0xFFFFFFFFFFFFFFFFw,0x7F800000w,F,F)
fcvt_w_s_neginf=(0xFFFFFFFF80000000w,0xFF800000w,F,F)
fcvt_wu_s_neginf=(0w,0xFF800000w,F,F)
fcvt_l_s_neginf=(0x8000000000000000w,0xFF800000w,F,F)
fcvt_lu_s_neginf=(0w,0xFF800000w,F,F)
fcvt_w_s_overflow=(0x7FFFFFFFw,0x5F800000w,F,F)
fcvt_wu_s_overflow=(0xFFFFFFFFw,0x5F800000w,F,F)
fcvt_l_s_overflow=(0x7FFFFFFFFFFFFFFFw,0x5F800000w,F,F)
fcvt_lu_s_overflow=(0xFFFFFFFFFFFFFFFFw,0x5F800000w,F,F)
fcvt_w_s_negative_range=(0xFFFFFFFF80000000w,0xDF800000w,F,F)
fcvt_wu_s_negative_range=(0w,0xDF800000w,F,F)
fcvt_l_s_negative_range=(0x8000000000000000w,0xDF800000w,F,F)
fcvt_lu_s_negative_range=(0w,0xDF800000w,F,F)
fcvt_w_s_dynamic_ceil=(3w,0x40200000w,F,F)
fcvt_wu_s_dynamic_ceil=(3w,0x40200000w,F,F)
fcvt_l_s_dynamic_ceil=(3w,0x40200000w,F,F)
fcvt_lu_s_dynamic_ceil=(3w,0x40200000w,F,F)
fcvt_w_s_invalid=(99w,0x3F800000w,F,T)
fcvt_wu_s_invalid=(99w,0x3F800000w,F,T)
fcvt_l_s_invalid=(99w,0x3F800000w,F,T)
fcvt_lu_s_invalid=(99w,0x3F800000w,F,T)
fcvt_w_d_tie_even=(2w,0x4004000000000000w,F,F)
fcvt_wu_d_tie_even=(2w,0x4004000000000000w,F,F)
fcvt_l_d_tie_even=(2w,0x4004000000000000w,F,F)
fcvt_lu_d_tie_even=(2w,0x4004000000000000w,F,F)
fcvt_w_d_tie_odd=(4w,0x400C000000000000w,F,F)
fcvt_wu_d_tie_odd=(4w,0x400C000000000000w,F,F)
fcvt_l_d_tie_odd=(4w,0x400C000000000000w,F,F)
fcvt_lu_d_tie_odd=(4w,0x400C000000000000w,F,F)
fcvt_w_d_negative_zero=(0xFFFFFFFFFFFFFFFEw,0xC004000000000000w,F,F)
fcvt_wu_d_negative_zero=(0w,0xC004000000000000w,F,F)
fcvt_l_d_negative_zero=(0xFFFFFFFFFFFFFFFEw,0xC004000000000000w,F,F)
fcvt_lu_d_negative_zero=(0w,0xC004000000000000w,F,F)
fcvt_w_d_negative_floor=(0xFFFFFFFFFFFFFFFDw,0xC004000000000000w,F,F)
fcvt_wu_d_negative_floor=(0w,0xC004000000000000w,F,F)
fcvt_l_d_negative_floor=(0xFFFFFFFFFFFFFFFDw,0xC004000000000000w,F,F)
fcvt_lu_d_negative_floor=(0w,0xC004000000000000w,F,F)
fcvt_w_d_negative_ceil=(0xFFFFFFFFFFFFFFFEw,0xC004000000000000w,F,F)
fcvt_wu_d_negative_ceil=(0w,0xC004000000000000w,F,F)
fcvt_l_d_negative_ceil=(0xFFFFFFFFFFFFFFFEw,0xC004000000000000w,F,F)
fcvt_lu_d_negative_ceil=(0w,0xC004000000000000w,F,F)
fcvt_w_d_qnan=(0x7FFFFFFFw,0x7FF8000000000000w,F,F)
fcvt_wu_d_qnan=(0xFFFFFFFFw,0x7FF8000000000000w,F,F)
fcvt_l_d_qnan=(0x7FFFFFFFFFFFFFFFw,0x7FF8000000000000w,F,F)
fcvt_lu_d_qnan=(0xFFFFFFFFFFFFFFFFw,0x7FF8000000000000w,F,F)
fcvt_w_d_posinf=(0x7FFFFFFFw,0x7FF0000000000000w,F,F)
fcvt_wu_d_posinf=(0xFFFFFFFFw,0x7FF0000000000000w,F,F)
fcvt_l_d_posinf=(0x7FFFFFFFFFFFFFFFw,0x7FF0000000000000w,F,F)
fcvt_lu_d_posinf=(0xFFFFFFFFFFFFFFFFw,0x7FF0000000000000w,F,F)
fcvt_w_d_neginf=(0xFFFFFFFF80000000w,0xFFF0000000000000w,F,F)
fcvt_wu_d_neginf=(0w,0xFFF0000000000000w,F,F)
fcvt_l_d_neginf=(0x8000000000000000w,0xFFF0000000000000w,F,F)
fcvt_lu_d_neginf=(0w,0xFFF0000000000000w,F,F)
fcvt_w_d_overflow=(0x7FFFFFFFw,0x43F0000000000000w,F,F)
fcvt_wu_d_overflow=(0xFFFFFFFFw,0x43F0000000000000w,F,F)
fcvt_l_d_overflow=(0x7FFFFFFFFFFFFFFFw,0x43F0000000000000w,F,F)
fcvt_lu_d_overflow=(0xFFFFFFFFFFFFFFFFw,0x43F0000000000000w,F,F)
fcvt_w_d_negative_range=(0xFFFFFFFF80000000w,0xC3F0000000000000w,F,F)
fcvt_wu_d_negative_range=(0w,0xC3F0000000000000w,F,F)
fcvt_l_d_negative_range=(0x8000000000000000w,0xC3F0000000000000w,F,F)
fcvt_lu_d_negative_range=(0w,0xC3F0000000000000w,F,F)
fcvt_w_d_dynamic_ceil=(3w,0x4004000000000000w,F,F)
fcvt_wu_d_dynamic_ceil=(3w,0x4004000000000000w,F,F)
fcvt_l_d_dynamic_ceil=(3w,0x4004000000000000w,F,F)
fcvt_lu_d_dynamic_ceil=(3w,0x4004000000000000w,F,F)
fcvt_w_d_invalid=(99w,0x3FF0000000000000w,F,T)
fcvt_wu_d_invalid=(99w,0x3FF0000000000000w,F,T)
fcvt_l_d_invalid=(99w,0x3FF0000000000000w,F,T)
fcvt_lu_d_invalid=(99w,0x3FF0000000000000w,F,T)
