lui_hypotheses=(rd :word5) ≠ (0w :word5)
lui_statement=dfn'LUI ((rd :word5),(imm :word20)) (s :riscv_state) =
s with
c_gpr :=
  s.c_gpr⦇
    s.procID ↦
      (s.c_gpr s.procID)⦇
        rd ↦ (sw2sw ((imm @@ (0w :word12)) :word32) :word64)
      ⦈
  ⦈
auipc_statement=dfn'AUIPC ((rd :word5),(imm :word20)) (s :riscv_state) =
s with
c_gpr :=
  s.c_gpr⦇
    s.procID ↦
      (s.c_gpr s.procID)⦇
        rd ↦
          s.c_PC s.procID + (sw2sw ((imm @@ (0w :word12)) :word32) :word64)
      ⦈
  ⦈
imm20_type=:word20
source=HOL riscv_stepScript.sml:853-854 class_rd0 evaluator over dfn'LUI/AUIPC_def; sole hypothesis rd <> 0w
