set_less_SLT_0_0_0=T
set_less_SLT_0_0_1=T
set_less_SLT_0_0_2=T
set_less_SLT_0_0_7=T
set_less_SLT_0_1_0=T
set_less_SLT_0_1_1=T
set_less_SLT_0_1_2=T
set_less_SLT_0_1_7=T
set_less_SLT_0_2_0=T
set_less_SLT_0_2_1=T
set_less_SLT_0_2_2=T
set_less_SLT_0_2_7=T
set_less_SLT_0_3_0=T
set_less_SLT_0_3_1=T
set_less_SLT_0_3_2=T
set_less_SLT_0_3_7=T
set_less_SLT_0_4_0=T
set_less_SLT_0_4_1=T
set_less_SLT_0_4_2=T
set_less_SLT_0_4_7=T
set_less_SLT_0_5_0=T
set_less_SLT_0_5_1=T
set_less_SLT_0_5_2=T
set_less_SLT_0_5_7=T
set_less_SLT_0_6_0=T
set_less_SLT_0_6_1=T
set_less_SLT_0_6_2=T
set_less_SLT_0_6_7=T
set_less_SLT_0_7_0=T
set_less_SLT_0_7_1=T
set_less_SLT_0_7_2=T
set_less_SLT_0_7_7=T
set_less_SLT_0_8_0=T
set_less_SLT_0_8_1=T
set_less_SLT_0_8_2=T
set_less_SLT_0_8_7=T
set_less_SLT_0_9_0=T
set_less_SLT_0_9_1=T
set_less_SLT_0_9_2=T
set_less_SLT_0_9_7=T
set_less_SLT_2_0_0=T
set_less_SLT_2_0_1=T
set_less_SLT_2_0_2=T
set_less_SLT_2_0_7=T
set_less_SLT_2_1_0=T
set_less_SLT_2_1_1=T
set_less_SLT_2_1_2=T
set_less_SLT_2_1_7=T
set_less_SLT_2_2_0=T
set_less_SLT_2_2_1=T
set_less_SLT_2_2_2=T
set_less_SLT_2_2_7=T
set_less_SLT_2_3_0=T
set_less_SLT_2_3_1=T
set_less_SLT_2_3_2=T
set_less_SLT_2_3_7=T
set_less_SLT_2_4_0=T
set_less_SLT_2_4_1=T
set_less_SLT_2_4_2=T
set_less_SLT_2_4_7=T
set_less_SLT_2_5_0=T
set_less_SLT_2_5_1=T
set_less_SLT_2_5_2=T
set_less_SLT_2_5_7=T
set_less_SLT_2_6_0=T
set_less_SLT_2_6_1=T
set_less_SLT_2_6_2=T
set_less_SLT_2_6_7=T
set_less_SLT_2_7_0=T
set_less_SLT_2_7_1=T
set_less_SLT_2_7_2=T
set_less_SLT_2_7_7=T
set_less_SLT_2_8_0=T
set_less_SLT_2_8_1=T
set_less_SLT_2_8_2=T
set_less_SLT_2_8_7=T
set_less_SLT_2_9_0=T
set_less_SLT_2_9_1=T
set_less_SLT_2_9_2=T
set_less_SLT_2_9_7=T
set_less_SLT_3_0_0=T
set_less_SLT_3_0_1=T
set_less_SLT_3_0_2=T
set_less_SLT_3_0_7=T
set_less_SLT_3_1_0=T
set_less_SLT_3_1_1=T
set_less_SLT_3_1_2=T
set_less_SLT_3_1_7=T
set_less_SLT_3_2_0=T
set_less_SLT_3_2_1=T
set_less_SLT_3_2_2=T
set_less_SLT_3_2_7=T
set_less_SLT_3_3_0=T
set_less_SLT_3_3_1=T
set_less_SLT_3_3_2=T
set_less_SLT_3_3_7=T
set_less_SLT_3_4_0=T
set_less_SLT_3_4_1=T
set_less_SLT_3_4_2=T
set_less_SLT_3_4_7=T
set_less_SLT_3_5_0=T
set_less_SLT_3_5_1=T
set_less_SLT_3_5_2=T
set_less_SLT_3_5_7=T
set_less_SLT_3_6_0=T
set_less_SLT_3_6_1=T
set_less_SLT_3_6_2=T
set_less_SLT_3_6_7=T
set_less_SLT_3_7_0=T
set_less_SLT_3_7_1=T
set_less_SLT_3_7_2=T
set_less_SLT_3_7_7=T
set_less_SLT_3_8_0=T
set_less_SLT_3_8_1=T
set_less_SLT_3_8_2=T
set_less_SLT_3_8_7=T
set_less_SLT_3_9_0=T
set_less_SLT_3_9_1=T
set_less_SLT_3_9_2=T
set_less_SLT_3_9_7=T
set_less_SLTU_0_0_0=T
set_less_SLTU_0_0_1=T
set_less_SLTU_0_0_2=T
set_less_SLTU_0_0_7=T
set_less_SLTU_0_1_0=T
set_less_SLTU_0_1_1=T
set_less_SLTU_0_1_2=T
set_less_SLTU_0_1_7=T
set_less_SLTU_0_2_0=T
set_less_SLTU_0_2_1=T
set_less_SLTU_0_2_2=T
set_less_SLTU_0_2_7=T
set_less_SLTU_0_3_0=T
set_less_SLTU_0_3_1=T
set_less_SLTU_0_3_2=T
set_less_SLTU_0_3_7=T
set_less_SLTU_0_4_0=T
set_less_SLTU_0_4_1=T
set_less_SLTU_0_4_2=T
set_less_SLTU_0_4_7=T
set_less_SLTU_0_5_0=T
set_less_SLTU_0_5_1=T
set_less_SLTU_0_5_2=T
set_less_SLTU_0_5_7=T
set_less_SLTU_0_6_0=T
set_less_SLTU_0_6_1=T
set_less_SLTU_0_6_2=T
set_less_SLTU_0_6_7=T
set_less_SLTU_0_7_0=T
set_less_SLTU_0_7_1=T
set_less_SLTU_0_7_2=T
set_less_SLTU_0_7_7=T
set_less_SLTU_0_8_0=T
set_less_SLTU_0_8_1=T
set_less_SLTU_0_8_2=T
set_less_SLTU_0_8_7=T
set_less_SLTU_0_9_0=T
set_less_SLTU_0_9_1=T
set_less_SLTU_0_9_2=T
set_less_SLTU_0_9_7=T
set_less_SLTU_2_0_0=T
set_less_SLTU_2_0_1=T
set_less_SLTU_2_0_2=T
set_less_SLTU_2_0_7=T
set_less_SLTU_2_1_0=T
set_less_SLTU_2_1_1=T
set_less_SLTU_2_1_2=T
set_less_SLTU_2_1_7=T
set_less_SLTU_2_2_0=T
set_less_SLTU_2_2_1=T
set_less_SLTU_2_2_2=T
set_less_SLTU_2_2_7=T
set_less_SLTU_2_3_0=T
set_less_SLTU_2_3_1=T
set_less_SLTU_2_3_2=T
set_less_SLTU_2_3_7=T
set_less_SLTU_2_4_0=T
set_less_SLTU_2_4_1=T
set_less_SLTU_2_4_2=T
set_less_SLTU_2_4_7=T
set_less_SLTU_2_5_0=T
set_less_SLTU_2_5_1=T
set_less_SLTU_2_5_2=T
set_less_SLTU_2_5_7=T
set_less_SLTU_2_6_0=T
set_less_SLTU_2_6_1=T
set_less_SLTU_2_6_2=T
set_less_SLTU_2_6_7=T
set_less_SLTU_2_7_0=T
set_less_SLTU_2_7_1=T
set_less_SLTU_2_7_2=T
set_less_SLTU_2_7_7=T
set_less_SLTU_2_8_0=T
set_less_SLTU_2_8_1=T
set_less_SLTU_2_8_2=T
set_less_SLTU_2_8_7=T
set_less_SLTU_2_9_0=T
set_less_SLTU_2_9_1=T
set_less_SLTU_2_9_2=T
set_less_SLTU_2_9_7=T
set_less_SLTU_3_0_0=T
set_less_SLTU_3_0_1=T
set_less_SLTU_3_0_2=T
set_less_SLTU_3_0_7=T
set_less_SLTU_3_1_0=T
set_less_SLTU_3_1_1=T
set_less_SLTU_3_1_2=T
set_less_SLTU_3_1_7=T
set_less_SLTU_3_2_0=T
set_less_SLTU_3_2_1=T
set_less_SLTU_3_2_2=T
set_less_SLTU_3_2_7=T
set_less_SLTU_3_3_0=T
set_less_SLTU_3_3_1=T
set_less_SLTU_3_3_2=T
set_less_SLTU_3_3_7=T
set_less_SLTU_3_4_0=T
set_less_SLTU_3_4_1=T
set_less_SLTU_3_4_2=T
set_less_SLTU_3_4_7=T
set_less_SLTU_3_5_0=T
set_less_SLTU_3_5_1=T
set_less_SLTU_3_5_2=T
set_less_SLTU_3_5_7=T
set_less_SLTU_3_6_0=T
set_less_SLTU_3_6_1=T
set_less_SLTU_3_6_2=T
set_less_SLTU_3_6_7=T
set_less_SLTU_3_7_0=T
set_less_SLTU_3_7_1=T
set_less_SLTU_3_7_2=T
set_less_SLTU_3_7_7=T
set_less_SLTU_3_8_0=T
set_less_SLTU_3_8_1=T
set_less_SLTU_3_8_2=T
set_less_SLTU_3_8_7=T
set_less_SLTU_3_9_0=T
set_less_SLTU_3_9_1=T
set_less_SLTU_3_9_2=T
set_less_SLTU_3_9_7=T
set_less_SLTI_0_0_0=T
set_less_SLTI_0_0_1=T
set_less_SLTI_0_0_7=T
set_less_SLTI_0_1_0=T
set_less_SLTI_0_1_1=T
set_less_SLTI_0_1_7=T
set_less_SLTI_0_2_0=T
set_less_SLTI_0_2_1=T
set_less_SLTI_0_2_7=T
set_less_SLTI_0_3_0=T
set_less_SLTI_0_3_1=T
set_less_SLTI_0_3_7=T
set_less_SLTI_0_4_0=T
set_less_SLTI_0_4_1=T
set_less_SLTI_0_4_7=T
set_less_SLTI_0_5_0=T
set_less_SLTI_0_5_1=T
set_less_SLTI_0_5_7=T
set_less_SLTI_0_6_0=T
set_less_SLTI_0_6_1=T
set_less_SLTI_0_6_7=T
set_less_SLTI_0_7_0=T
set_less_SLTI_0_7_1=T
set_less_SLTI_0_7_7=T
set_less_SLTI_0_8_0=T
set_less_SLTI_0_8_1=T
set_less_SLTI_0_8_7=T
set_less_SLTI_0_9_0=T
set_less_SLTI_0_9_1=T
set_less_SLTI_0_9_7=T
set_less_SLTI_2_0_0=T
set_less_SLTI_2_0_1=T
set_less_SLTI_2_0_7=T
set_less_SLTI_2_1_0=T
set_less_SLTI_2_1_1=T
set_less_SLTI_2_1_7=T
set_less_SLTI_2_2_0=T
set_less_SLTI_2_2_1=T
set_less_SLTI_2_2_7=T
set_less_SLTI_2_3_0=T
set_less_SLTI_2_3_1=T
set_less_SLTI_2_3_7=T
set_less_SLTI_2_4_0=T
set_less_SLTI_2_4_1=T
set_less_SLTI_2_4_7=T
set_less_SLTI_2_5_0=T
set_less_SLTI_2_5_1=T
set_less_SLTI_2_5_7=T
set_less_SLTI_2_6_0=T
set_less_SLTI_2_6_1=T
set_less_SLTI_2_6_7=T
set_less_SLTI_2_7_0=T
set_less_SLTI_2_7_1=T
set_less_SLTI_2_7_7=T
set_less_SLTI_2_8_0=T
set_less_SLTI_2_8_1=T
set_less_SLTI_2_8_7=T
set_less_SLTI_2_9_0=T
set_less_SLTI_2_9_1=T
set_less_SLTI_2_9_7=T
set_less_SLTI_3_0_0=T
set_less_SLTI_3_0_1=T
set_less_SLTI_3_0_7=T
set_less_SLTI_3_1_0=T
set_less_SLTI_3_1_1=T
set_less_SLTI_3_1_7=T
set_less_SLTI_3_2_0=T
set_less_SLTI_3_2_1=T
set_less_SLTI_3_2_7=T
set_less_SLTI_3_3_0=T
set_less_SLTI_3_3_1=T
set_less_SLTI_3_3_7=T
set_less_SLTI_3_4_0=T
set_less_SLTI_3_4_1=T
set_less_SLTI_3_4_7=T
set_less_SLTI_3_5_0=T
set_less_SLTI_3_5_1=T
set_less_SLTI_3_5_7=T
set_less_SLTI_3_6_0=T
set_less_SLTI_3_6_1=T
set_less_SLTI_3_6_7=T
set_less_SLTI_3_7_0=T
set_less_SLTI_3_7_1=T
set_less_SLTI_3_7_7=T
set_less_SLTI_3_8_0=T
set_less_SLTI_3_8_1=T
set_less_SLTI_3_8_7=T
set_less_SLTI_3_9_0=T
set_less_SLTI_3_9_1=T
set_less_SLTI_3_9_7=T
set_less_SLTIU_0_0_0=T
set_less_SLTIU_0_0_1=T
set_less_SLTIU_0_0_7=T
set_less_SLTIU_0_1_0=T
set_less_SLTIU_0_1_1=T
set_less_SLTIU_0_1_7=T
set_less_SLTIU_0_2_0=T
set_less_SLTIU_0_2_1=T
set_less_SLTIU_0_2_7=T
set_less_SLTIU_0_3_0=T
set_less_SLTIU_0_3_1=T
set_less_SLTIU_0_3_7=T
set_less_SLTIU_0_4_0=T
set_less_SLTIU_0_4_1=T
set_less_SLTIU_0_4_7=T
set_less_SLTIU_0_5_0=T
set_less_SLTIU_0_5_1=T
set_less_SLTIU_0_5_7=T
set_less_SLTIU_0_6_0=T
set_less_SLTIU_0_6_1=T
set_less_SLTIU_0_6_7=T
set_less_SLTIU_0_7_0=T
set_less_SLTIU_0_7_1=T
set_less_SLTIU_0_7_7=T
set_less_SLTIU_0_8_0=T
set_less_SLTIU_0_8_1=T
set_less_SLTIU_0_8_7=T
set_less_SLTIU_0_9_0=T
set_less_SLTIU_0_9_1=T
set_less_SLTIU_0_9_7=T
set_less_SLTIU_2_0_0=T
set_less_SLTIU_2_0_1=T
set_less_SLTIU_2_0_7=T
set_less_SLTIU_2_1_0=T
set_less_SLTIU_2_1_1=T
set_less_SLTIU_2_1_7=T
set_less_SLTIU_2_2_0=T
set_less_SLTIU_2_2_1=T
set_less_SLTIU_2_2_7=T
set_less_SLTIU_2_3_0=T
set_less_SLTIU_2_3_1=T
set_less_SLTIU_2_3_7=T
set_less_SLTIU_2_4_0=T
set_less_SLTIU_2_4_1=T
set_less_SLTIU_2_4_7=T
set_less_SLTIU_2_5_0=T
set_less_SLTIU_2_5_1=T
set_less_SLTIU_2_5_7=T
set_less_SLTIU_2_6_0=T
set_less_SLTIU_2_6_1=T
set_less_SLTIU_2_6_7=T
set_less_SLTIU_2_7_0=T
set_less_SLTIU_2_7_1=T
set_less_SLTIU_2_7_7=T
set_less_SLTIU_2_8_0=T
set_less_SLTIU_2_8_1=T
set_less_SLTIU_2_8_7=T
set_less_SLTIU_2_9_0=T
set_less_SLTIU_2_9_1=T
set_less_SLTIU_2_9_7=T
set_less_SLTIU_3_0_0=T
set_less_SLTIU_3_0_1=T
set_less_SLTIU_3_0_7=T
set_less_SLTIU_3_1_0=T
set_less_SLTIU_3_1_1=T
set_less_SLTIU_3_1_7=T
set_less_SLTIU_3_2_0=T
set_less_SLTIU_3_2_1=T
set_less_SLTIU_3_2_7=T
set_less_SLTIU_3_3_0=T
set_less_SLTIU_3_3_1=T
set_less_SLTIU_3_3_7=T
set_less_SLTIU_3_4_0=T
set_less_SLTIU_3_4_1=T
set_less_SLTIU_3_4_7=T
set_less_SLTIU_3_5_0=T
set_less_SLTIU_3_5_1=T
set_less_SLTIU_3_5_7=T
set_less_SLTIU_3_6_0=T
set_less_SLTIU_3_6_1=T
set_less_SLTIU_3_6_7=T
set_less_SLTIU_3_7_0=T
set_less_SLTIU_3_7_1=T
set_less_SLTIU_3_7_7=T
set_less_SLTIU_3_8_0=T
set_less_SLTIU_3_8_1=T
set_less_SLTIU_3_8_7=T
set_less_SLTIU_3_9_0=T
set_less_SLTIU_3_9_1=T
set_less_SLTIU_3_9_7=T
set_less_invalid_SLT_0_0=T
set_less_invalid_SLT_0_1=T
set_less_invalid_SLT_1_0=T
set_less_invalid_SLT_1_1=T
set_less_invalid_SLTU_0_0=T
set_less_invalid_SLTU_0_1=T
set_less_invalid_SLTU_1_0=T
set_less_invalid_SLTU_1_1=T
set_less_invalid_SLTI_0_0=T
set_less_invalid_SLTI_0_1=T
set_less_invalid_SLTI_1_0=T
set_less_invalid_SLTI_1_1=T
set_less_invalid_SLTIU_0_0=T
set_less_invalid_SLTIU_0_1=T
set_less_invalid_SLTIU_1_0=T
set_less_invalid_SLTIU_1_1=T
