word_arithmetic_ADDIW_0_0_0=T
word_arithmetic_ADDIW_0_0_1=T
word_arithmetic_ADDIW_0_0_2=T
word_arithmetic_ADDIW_0_0_7=T
word_arithmetic_ADDIW_0_1_0=T
word_arithmetic_ADDIW_0_1_1=T
word_arithmetic_ADDIW_0_1_2=T
word_arithmetic_ADDIW_0_1_7=T
word_arithmetic_ADDIW_0_2_0=T
word_arithmetic_ADDIW_0_2_1=T
word_arithmetic_ADDIW_0_2_2=T
word_arithmetic_ADDIW_0_2_7=T
word_arithmetic_ADDIW_0_3_0=T
word_arithmetic_ADDIW_0_3_1=T
word_arithmetic_ADDIW_0_3_2=T
word_arithmetic_ADDIW_0_3_7=T
word_arithmetic_ADDIW_0_4_0=T
word_arithmetic_ADDIW_0_4_1=T
word_arithmetic_ADDIW_0_4_2=T
word_arithmetic_ADDIW_0_4_7=T
word_arithmetic_ADDIW_0_5_0=T
word_arithmetic_ADDIW_0_5_1=T
word_arithmetic_ADDIW_0_5_2=T
word_arithmetic_ADDIW_0_5_7=T
word_arithmetic_ADDIW_0_6_0=T
word_arithmetic_ADDIW_0_6_1=T
word_arithmetic_ADDIW_0_6_2=T
word_arithmetic_ADDIW_0_6_7=T
word_arithmetic_ADDIW_0_7_0=T
word_arithmetic_ADDIW_0_7_1=T
word_arithmetic_ADDIW_0_7_2=T
word_arithmetic_ADDIW_0_7_7=T
word_arithmetic_ADDIW_0_8_0=T
word_arithmetic_ADDIW_0_8_1=T
word_arithmetic_ADDIW_0_8_2=T
word_arithmetic_ADDIW_0_8_7=T
word_arithmetic_ADDIW_0_9_0=T
word_arithmetic_ADDIW_0_9_1=T
word_arithmetic_ADDIW_0_9_2=T
word_arithmetic_ADDIW_0_9_7=T
word_arithmetic_ADDIW_2_0_0=T
word_arithmetic_ADDIW_2_0_1=T
word_arithmetic_ADDIW_2_0_2=T
word_arithmetic_ADDIW_2_0_7=T
word_arithmetic_ADDIW_2_1_0=T
word_arithmetic_ADDIW_2_1_1=T
word_arithmetic_ADDIW_2_1_2=T
word_arithmetic_ADDIW_2_1_7=T
word_arithmetic_ADDIW_2_2_0=T
word_arithmetic_ADDIW_2_2_1=T
word_arithmetic_ADDIW_2_2_2=T
word_arithmetic_ADDIW_2_2_7=T
word_arithmetic_ADDIW_2_3_0=T
word_arithmetic_ADDIW_2_3_1=T
word_arithmetic_ADDIW_2_3_2=T
word_arithmetic_ADDIW_2_3_7=T
word_arithmetic_ADDIW_2_4_0=T
word_arithmetic_ADDIW_2_4_1=T
word_arithmetic_ADDIW_2_4_2=T
word_arithmetic_ADDIW_2_4_7=T
word_arithmetic_ADDIW_2_5_0=T
word_arithmetic_ADDIW_2_5_1=T
word_arithmetic_ADDIW_2_5_2=T
word_arithmetic_ADDIW_2_5_7=T
word_arithmetic_ADDIW_2_6_0=T
word_arithmetic_ADDIW_2_6_1=T
word_arithmetic_ADDIW_2_6_2=T
word_arithmetic_ADDIW_2_6_7=T
word_arithmetic_ADDIW_2_7_0=T
word_arithmetic_ADDIW_2_7_1=T
word_arithmetic_ADDIW_2_7_2=T
word_arithmetic_ADDIW_2_7_7=T
word_arithmetic_ADDIW_2_8_0=T
word_arithmetic_ADDIW_2_8_1=T
word_arithmetic_ADDIW_2_8_2=T
word_arithmetic_ADDIW_2_8_7=T
word_arithmetic_ADDIW_2_9_0=T
word_arithmetic_ADDIW_2_9_1=T
word_arithmetic_ADDIW_2_9_2=T
word_arithmetic_ADDIW_2_9_7=T
word_arithmetic_ADDIW_3_0_0=T
word_arithmetic_ADDIW_3_0_1=T
word_arithmetic_ADDIW_3_0_2=T
word_arithmetic_ADDIW_3_0_7=T
word_arithmetic_ADDIW_3_1_0=T
word_arithmetic_ADDIW_3_1_1=T
word_arithmetic_ADDIW_3_1_2=T
word_arithmetic_ADDIW_3_1_7=T
word_arithmetic_ADDIW_3_2_0=T
word_arithmetic_ADDIW_3_2_1=T
word_arithmetic_ADDIW_3_2_2=T
word_arithmetic_ADDIW_3_2_7=T
word_arithmetic_ADDIW_3_3_0=T
word_arithmetic_ADDIW_3_3_1=T
word_arithmetic_ADDIW_3_3_2=T
word_arithmetic_ADDIW_3_3_7=T
word_arithmetic_ADDIW_3_4_0=T
word_arithmetic_ADDIW_3_4_1=T
word_arithmetic_ADDIW_3_4_2=T
word_arithmetic_ADDIW_3_4_7=T
word_arithmetic_ADDIW_3_5_0=T
word_arithmetic_ADDIW_3_5_1=T
word_arithmetic_ADDIW_3_5_2=T
word_arithmetic_ADDIW_3_5_7=T
word_arithmetic_ADDIW_3_6_0=T
word_arithmetic_ADDIW_3_6_1=T
word_arithmetic_ADDIW_3_6_2=T
word_arithmetic_ADDIW_3_6_7=T
word_arithmetic_ADDIW_3_7_0=T
word_arithmetic_ADDIW_3_7_1=T
word_arithmetic_ADDIW_3_7_2=T
word_arithmetic_ADDIW_3_7_7=T
word_arithmetic_ADDIW_3_8_0=T
word_arithmetic_ADDIW_3_8_1=T
word_arithmetic_ADDIW_3_8_2=T
word_arithmetic_ADDIW_3_8_7=T
word_arithmetic_ADDIW_3_9_0=T
word_arithmetic_ADDIW_3_9_1=T
word_arithmetic_ADDIW_3_9_2=T
word_arithmetic_ADDIW_3_9_7=T
word_arithmetic_ADDW_0_0_0=T
word_arithmetic_ADDW_0_0_1=T
word_arithmetic_ADDW_0_0_2=T
word_arithmetic_ADDW_0_0_7=T
word_arithmetic_ADDW_0_1_0=T
word_arithmetic_ADDW_0_1_1=T
word_arithmetic_ADDW_0_1_2=T
word_arithmetic_ADDW_0_1_7=T
word_arithmetic_ADDW_0_2_0=T
word_arithmetic_ADDW_0_2_1=T
word_arithmetic_ADDW_0_2_2=T
word_arithmetic_ADDW_0_2_7=T
word_arithmetic_ADDW_0_3_0=T
word_arithmetic_ADDW_0_3_1=T
word_arithmetic_ADDW_0_3_2=T
word_arithmetic_ADDW_0_3_7=T
word_arithmetic_ADDW_0_4_0=T
word_arithmetic_ADDW_0_4_1=T
word_arithmetic_ADDW_0_4_2=T
word_arithmetic_ADDW_0_4_7=T
word_arithmetic_ADDW_0_5_0=T
word_arithmetic_ADDW_0_5_1=T
word_arithmetic_ADDW_0_5_2=T
word_arithmetic_ADDW_0_5_7=T
word_arithmetic_ADDW_0_6_0=T
word_arithmetic_ADDW_0_6_1=T
word_arithmetic_ADDW_0_6_2=T
word_arithmetic_ADDW_0_6_7=T
word_arithmetic_ADDW_0_7_0=T
word_arithmetic_ADDW_0_7_1=T
word_arithmetic_ADDW_0_7_2=T
word_arithmetic_ADDW_0_7_7=T
word_arithmetic_ADDW_0_8_0=T
word_arithmetic_ADDW_0_8_1=T
word_arithmetic_ADDW_0_8_2=T
word_arithmetic_ADDW_0_8_7=T
word_arithmetic_ADDW_0_9_0=T
word_arithmetic_ADDW_0_9_1=T
word_arithmetic_ADDW_0_9_2=T
word_arithmetic_ADDW_0_9_7=T
word_arithmetic_ADDW_2_0_0=T
word_arithmetic_ADDW_2_0_1=T
word_arithmetic_ADDW_2_0_2=T
word_arithmetic_ADDW_2_0_7=T
word_arithmetic_ADDW_2_1_0=T
word_arithmetic_ADDW_2_1_1=T
word_arithmetic_ADDW_2_1_2=T
word_arithmetic_ADDW_2_1_7=T
word_arithmetic_ADDW_2_2_0=T
word_arithmetic_ADDW_2_2_1=T
word_arithmetic_ADDW_2_2_2=T
word_arithmetic_ADDW_2_2_7=T
word_arithmetic_ADDW_2_3_0=T
word_arithmetic_ADDW_2_3_1=T
word_arithmetic_ADDW_2_3_2=T
word_arithmetic_ADDW_2_3_7=T
word_arithmetic_ADDW_2_4_0=T
word_arithmetic_ADDW_2_4_1=T
word_arithmetic_ADDW_2_4_2=T
word_arithmetic_ADDW_2_4_7=T
word_arithmetic_ADDW_2_5_0=T
word_arithmetic_ADDW_2_5_1=T
word_arithmetic_ADDW_2_5_2=T
word_arithmetic_ADDW_2_5_7=T
word_arithmetic_ADDW_2_6_0=T
word_arithmetic_ADDW_2_6_1=T
word_arithmetic_ADDW_2_6_2=T
word_arithmetic_ADDW_2_6_7=T
word_arithmetic_ADDW_2_7_0=T
word_arithmetic_ADDW_2_7_1=T
word_arithmetic_ADDW_2_7_2=T
word_arithmetic_ADDW_2_7_7=T
word_arithmetic_ADDW_2_8_0=T
word_arithmetic_ADDW_2_8_1=T
word_arithmetic_ADDW_2_8_2=T
word_arithmetic_ADDW_2_8_7=T
word_arithmetic_ADDW_2_9_0=T
word_arithmetic_ADDW_2_9_1=T
word_arithmetic_ADDW_2_9_2=T
word_arithmetic_ADDW_2_9_7=T
word_arithmetic_ADDW_3_0_0=T
word_arithmetic_ADDW_3_0_1=T
word_arithmetic_ADDW_3_0_2=T
word_arithmetic_ADDW_3_0_7=T
word_arithmetic_ADDW_3_1_0=T
word_arithmetic_ADDW_3_1_1=T
word_arithmetic_ADDW_3_1_2=T
word_arithmetic_ADDW_3_1_7=T
word_arithmetic_ADDW_3_2_0=T
word_arithmetic_ADDW_3_2_1=T
word_arithmetic_ADDW_3_2_2=T
word_arithmetic_ADDW_3_2_7=T
word_arithmetic_ADDW_3_3_0=T
word_arithmetic_ADDW_3_3_1=T
word_arithmetic_ADDW_3_3_2=T
word_arithmetic_ADDW_3_3_7=T
word_arithmetic_ADDW_3_4_0=T
word_arithmetic_ADDW_3_4_1=T
word_arithmetic_ADDW_3_4_2=T
word_arithmetic_ADDW_3_4_7=T
word_arithmetic_ADDW_3_5_0=T
word_arithmetic_ADDW_3_5_1=T
word_arithmetic_ADDW_3_5_2=T
word_arithmetic_ADDW_3_5_7=T
word_arithmetic_ADDW_3_6_0=T
word_arithmetic_ADDW_3_6_1=T
word_arithmetic_ADDW_3_6_2=T
word_arithmetic_ADDW_3_6_7=T
word_arithmetic_ADDW_3_7_0=T
word_arithmetic_ADDW_3_7_1=T
word_arithmetic_ADDW_3_7_2=T
word_arithmetic_ADDW_3_7_7=T
word_arithmetic_ADDW_3_8_0=T
word_arithmetic_ADDW_3_8_1=T
word_arithmetic_ADDW_3_8_2=T
word_arithmetic_ADDW_3_8_7=T
word_arithmetic_ADDW_3_9_0=T
word_arithmetic_ADDW_3_9_1=T
word_arithmetic_ADDW_3_9_2=T
word_arithmetic_ADDW_3_9_7=T
word_arithmetic_SUBW_0_0_0=T
word_arithmetic_SUBW_0_0_1=T
word_arithmetic_SUBW_0_0_2=T
word_arithmetic_SUBW_0_0_7=T
word_arithmetic_SUBW_0_1_0=T
word_arithmetic_SUBW_0_1_1=T
word_arithmetic_SUBW_0_1_2=T
word_arithmetic_SUBW_0_1_7=T
word_arithmetic_SUBW_0_2_0=T
word_arithmetic_SUBW_0_2_1=T
word_arithmetic_SUBW_0_2_2=T
word_arithmetic_SUBW_0_2_7=T
word_arithmetic_SUBW_0_3_0=T
word_arithmetic_SUBW_0_3_1=T
word_arithmetic_SUBW_0_3_2=T
word_arithmetic_SUBW_0_3_7=T
word_arithmetic_SUBW_0_4_0=T
word_arithmetic_SUBW_0_4_1=T
word_arithmetic_SUBW_0_4_2=T
word_arithmetic_SUBW_0_4_7=T
word_arithmetic_SUBW_0_5_0=T
word_arithmetic_SUBW_0_5_1=T
word_arithmetic_SUBW_0_5_2=T
word_arithmetic_SUBW_0_5_7=T
word_arithmetic_SUBW_0_6_0=T
word_arithmetic_SUBW_0_6_1=T
word_arithmetic_SUBW_0_6_2=T
word_arithmetic_SUBW_0_6_7=T
word_arithmetic_SUBW_0_7_0=T
word_arithmetic_SUBW_0_7_1=T
word_arithmetic_SUBW_0_7_2=T
word_arithmetic_SUBW_0_7_7=T
word_arithmetic_SUBW_0_8_0=T
word_arithmetic_SUBW_0_8_1=T
word_arithmetic_SUBW_0_8_2=T
word_arithmetic_SUBW_0_8_7=T
word_arithmetic_SUBW_0_9_0=T
word_arithmetic_SUBW_0_9_1=T
word_arithmetic_SUBW_0_9_2=T
word_arithmetic_SUBW_0_9_7=T
word_arithmetic_SUBW_2_0_0=T
word_arithmetic_SUBW_2_0_1=T
word_arithmetic_SUBW_2_0_2=T
word_arithmetic_SUBW_2_0_7=T
word_arithmetic_SUBW_2_1_0=T
word_arithmetic_SUBW_2_1_1=T
word_arithmetic_SUBW_2_1_2=T
word_arithmetic_SUBW_2_1_7=T
word_arithmetic_SUBW_2_2_0=T
word_arithmetic_SUBW_2_2_1=T
word_arithmetic_SUBW_2_2_2=T
word_arithmetic_SUBW_2_2_7=T
word_arithmetic_SUBW_2_3_0=T
word_arithmetic_SUBW_2_3_1=T
word_arithmetic_SUBW_2_3_2=T
word_arithmetic_SUBW_2_3_7=T
word_arithmetic_SUBW_2_4_0=T
word_arithmetic_SUBW_2_4_1=T
word_arithmetic_SUBW_2_4_2=T
word_arithmetic_SUBW_2_4_7=T
word_arithmetic_SUBW_2_5_0=T
word_arithmetic_SUBW_2_5_1=T
word_arithmetic_SUBW_2_5_2=T
word_arithmetic_SUBW_2_5_7=T
word_arithmetic_SUBW_2_6_0=T
word_arithmetic_SUBW_2_6_1=T
word_arithmetic_SUBW_2_6_2=T
word_arithmetic_SUBW_2_6_7=T
word_arithmetic_SUBW_2_7_0=T
word_arithmetic_SUBW_2_7_1=T
word_arithmetic_SUBW_2_7_2=T
word_arithmetic_SUBW_2_7_7=T
word_arithmetic_SUBW_2_8_0=T
word_arithmetic_SUBW_2_8_1=T
word_arithmetic_SUBW_2_8_2=T
word_arithmetic_SUBW_2_8_7=T
word_arithmetic_SUBW_2_9_0=T
word_arithmetic_SUBW_2_9_1=T
word_arithmetic_SUBW_2_9_2=T
word_arithmetic_SUBW_2_9_7=T
word_arithmetic_SUBW_3_0_0=T
word_arithmetic_SUBW_3_0_1=T
word_arithmetic_SUBW_3_0_2=T
word_arithmetic_SUBW_3_0_7=T
word_arithmetic_SUBW_3_1_0=T
word_arithmetic_SUBW_3_1_1=T
word_arithmetic_SUBW_3_1_2=T
word_arithmetic_SUBW_3_1_7=T
word_arithmetic_SUBW_3_2_0=T
word_arithmetic_SUBW_3_2_1=T
word_arithmetic_SUBW_3_2_2=T
word_arithmetic_SUBW_3_2_7=T
word_arithmetic_SUBW_3_3_0=T
word_arithmetic_SUBW_3_3_1=T
word_arithmetic_SUBW_3_3_2=T
word_arithmetic_SUBW_3_3_7=T
word_arithmetic_SUBW_3_4_0=T
word_arithmetic_SUBW_3_4_1=T
word_arithmetic_SUBW_3_4_2=T
word_arithmetic_SUBW_3_4_7=T
word_arithmetic_SUBW_3_5_0=T
word_arithmetic_SUBW_3_5_1=T
word_arithmetic_SUBW_3_5_2=T
word_arithmetic_SUBW_3_5_7=T
word_arithmetic_SUBW_3_6_0=T
word_arithmetic_SUBW_3_6_1=T
word_arithmetic_SUBW_3_6_2=T
word_arithmetic_SUBW_3_6_7=T
word_arithmetic_SUBW_3_7_0=T
word_arithmetic_SUBW_3_7_1=T
word_arithmetic_SUBW_3_7_2=T
word_arithmetic_SUBW_3_7_7=T
word_arithmetic_SUBW_3_8_0=T
word_arithmetic_SUBW_3_8_1=T
word_arithmetic_SUBW_3_8_2=T
word_arithmetic_SUBW_3_8_7=T
word_arithmetic_SUBW_3_9_0=T
word_arithmetic_SUBW_3_9_1=T
word_arithmetic_SUBW_3_9_2=T
word_arithmetic_SUBW_3_9_7=T
word_arithmetic_symbolic_ADDIW=T
word_arithmetic_symbolic_ADDW=T
word_arithmetic_symbolic_SUBW=T
