IMP_state_rel_make_init=good_code (mc_conf :(α, 'state, β) machine_config).target.config
  (LN :γ sptree$num_map sptree$num_map) (code :α sec list) ∧
mc_conf_ok mc_conf ∧
(no_share_mem_inst code ⇒
 compiler_oracle_ok (coracle :num -> config # α sec list)
   (labs :num sptree$num_map sptree$num_map)
   (LENGTH (prog_to_bytes (code2 :α sec list))) mc_conf.target.config
   mc_conf.ffi_names) ∧
list_subset
  (FILTER (λ(x :ffiname). ∃(s :mlstring). x = ExtCall s)
     (find_ffi_names code)) (TAKE (i :num) mc_conf.ffi_names) ∧
remove_labels (clock :num) mc_conf.target.config (0 :num)
  (LN :num sptree$num_map sptree$num_map) (TAKE i mc_conf.ffi_names) code =
SOME (code2,labs) ∧
good_init_state mc_conf (ms :'state) (prog_to_bytes code2) (cbspace :num)
  (t :α asm_state) (m :α word -> α word_loc) (dm :α word -> bool)
  (sdm :α word -> bool) ∧
get_shmem_info code2 (0 :num) ([] :ffiname list) ([] :shmem_info_num list) =
((new_ffi_names :ffiname list),(shmem_info :shmem_info_num list)) ∧
(new_shmem_info :shmem_info_num list) =
MAP
  (λ(rec :shmem_info_num).
       rec with
       <|entry_pc := w2n (mc_conf.target.get_pc ms) + rec.entry_pc;
         exit_pc := w2n (mc_conf.target.get_pc ms) + rec.exit_pc|>)
  shmem_info ∧ DROP i mc_conf.ffi_names = new_ffi_names ∧
mmio_pcs_min_index mc_conf.ffi_names = SOME i ∧
MAP (λ(rec :shmem_info_num). rec.entry_pc) new_shmem_info =
DROP i (MAP (w2n :α word -> num) mc_conf.ffi_entry_pcs) ∧
mc_conf.mmio_info =
ZIP
  (GENLIST (λ(index :num). index + i) (LENGTH new_shmem_info),
   MAP
     (λ(rec :shmem_info_num).
          (rec.nbytes,Addr rec.addr_reg (n2w rec.addr_off :α word),rec.reg,
           (n2w rec.exit_pc :α word))) new_shmem_info) ∧
no_install_or_no_share_mem code mc_conf.ffi_names ∧
(∀(bn :num).
   bn < cbspace ⇒
   ¬MEM
     ((n2w bn :α word) + (n2w (LENGTH (prog_to_bytes code2)) :α word) +
      mc_conf.target.get_pc ms) (TAKE i mc_conf.ffi_entry_pcs)) ⇒
(state_rel (mc_conf,code2,labs,mc_conf.target.get_pc ms)
   (make_init mc_conf (ffi :'ffi ffi_state) t m dm sdm ms code
      (compile_lab mc_conf.target.config)
      (mc_conf.target.get_pc ms +
       (n2w (LENGTH (prog_to_bytes code2)) :α word)) cbspace coracle) t ms :
 bool)
IMP_state_rel_make_init_types=(ffi :'ffi ffi_state)::'ffi ffi_state;(new_shmem_info :shmem_info_num list)::shmem_info_num list;(shmem_info :shmem_info_num list)::shmem_info_num list;(new_ffi_names :ffiname list)::ffiname list;(sdm :α word -> bool)::α word -> bool;(dm :α word -> bool)::α word -> bool;(m :α word -> α word_loc)::α word -> α word_loc;(t :α asm_state)::α asm_state;(cbspace :num)::num;(ms :'state)::'state;(clock :num)::num;(i :num)::num;(code2 :α sec list)::α sec list;(labs :num sptree$num_map sptree$num_map)::num sptree$num_map sptree$num_map;(coracle :num -> config # α sec list)::num -> config # α sec list;(code :α sec list)::α sec list;(mc_conf :(α, 'state, β) machine_config)::(α, 'state, β) machine_config;
IMP_state_rel_make_init_hypotheses=0
state_rel_conjuncts=53
ISR4_statement=good_code (mc_conf :(α, 'state, β) machine_config).target.config
  (LN :γ sptree$num_map sptree$num_map) (code :α sec list) ∧
mc_conf_ok mc_conf ∧
(no_share_mem_inst code ⇒
 compiler_oracle_ok (coracle :num -> config # α sec list)
   (labs :num sptree$num_map sptree$num_map)
   (LENGTH (prog_to_bytes (code2 :α sec list))) mc_conf.target.config
   mc_conf.ffi_names) ∧
list_subset
  (FILTER (λ(x :ffiname). ∃(s :mlstring). x = ExtCall s)
     (find_ffi_names code)) (TAKE (i :num) mc_conf.ffi_names) ∧
remove_labels (clock :num) mc_conf.target.config (0 :num)
  (LN :num sptree$num_map sptree$num_map) (TAKE i mc_conf.ffi_names) code =
SOME (code2,labs) ∧
good_init_state mc_conf (ms :'state) (prog_to_bytes code2) (cbspace :num)
  (t :α asm_state) (m :α word -> α word_loc) (dm :α word -> bool)
  (sdm :α word -> bool) ∧
get_shmem_info code2 (0 :num) ([] :ffiname list) ([] :shmem_info_num list) =
((new_ffi_names :ffiname list),(shmem_info :shmem_info_num list)) ∧
(new_shmem_info :shmem_info_num list) =
MAP
  (λ(rec :shmem_info_num).
       rec with
       <|entry_pc := w2n (mc_conf.target.get_pc ms) + rec.entry_pc;
         exit_pc := w2n (mc_conf.target.get_pc ms) + rec.exit_pc|>)
  shmem_info ∧ DROP i mc_conf.ffi_names = new_ffi_names ∧
mmio_pcs_min_index mc_conf.ffi_names = SOME i ∧
MAP (λ(rec :shmem_info_num). rec.entry_pc) new_shmem_info =
DROP i (MAP (w2n :α word -> num) mc_conf.ffi_entry_pcs) ∧
mc_conf.mmio_info =
ZIP
  (GENLIST (λ(index :num). index + i) (LENGTH new_shmem_info),
   MAP
     (λ(rec :shmem_info_num).
          (rec.nbytes,Addr rec.addr_reg (n2w rec.addr_off :α word),rec.reg,
           (n2w rec.exit_pc :α word))) new_shmem_info) ∧
no_install_or_no_share_mem code mc_conf.ffi_names ∧
(∀(bn :num).
   bn < cbspace ⇒
   ¬MEM
     ((n2w bn :α word) + (n2w (LENGTH (prog_to_bytes code2)) :α word) +
      mc_conf.target.get_pc ms) (TAKE i mc_conf.ffi_entry_pcs)) ⇒
no_share_mem_inst code2 ⇒
∀(k :num).
  (let
     ((cfg :config),(code :α sec list)) =
       ((make_init mc_conf (ffi :'ffi ffi_state) t m dm sdm ms code
           (compile_lab mc_conf.target.config)
           (mc_conf.target.get_pc ms +
            (n2w (LENGTH (prog_to_bytes code2)) :α word)) cbspace coracle).
        compile_oracle k :config # α sec list)
   in
     good_code mc_conf.target.config cfg.labels code ∧
     no_share_mem_inst code ∧
     (k = (0 :num) ⇒
      cfg.labels = labs ∧ cfg.pos = LENGTH (prog_to_bytes code2) ∧
      cfg.ffi_names = SOME mc_conf.ffi_names))
ISR4_hypotheses=0
ISR4_proved=T
ISR5_statement=good_code (mc_conf :(α, 'state, β) machine_config).target.config
  (LN :γ sptree$num_map sptree$num_map) (code :α sec list) ∧
mc_conf_ok mc_conf ∧
(no_share_mem_inst code ⇒
 compiler_oracle_ok (coracle :num -> config # α sec list)
   (labs :num sptree$num_map sptree$num_map)
   (LENGTH (prog_to_bytes (code2 :α sec list))) mc_conf.target.config
   mc_conf.ffi_names) ∧
list_subset
  (FILTER (λ(x :ffiname). ∃(s :mlstring). x = ExtCall s)
     (find_ffi_names code)) (TAKE (i :num) mc_conf.ffi_names) ∧
remove_labels (clock :num) mc_conf.target.config (0 :num)
  (LN :num sptree$num_map sptree$num_map) (TAKE i mc_conf.ffi_names) code =
SOME (code2,labs) ∧
good_init_state mc_conf (ms :'state) (prog_to_bytes code2) (cbspace :num)
  (t :α asm_state) (m :α word -> α word_loc) (dm :α word -> bool)
  (sdm :α word -> bool) ∧
get_shmem_info code2 (0 :num) ([] :ffiname list) ([] :shmem_info_num list) =
((new_ffi_names :ffiname list),(shmem_info :shmem_info_num list)) ∧
(new_shmem_info :shmem_info_num list) =
MAP
  (λ(rec :shmem_info_num).
       rec with
       <|entry_pc := w2n (mc_conf.target.get_pc ms) + rec.entry_pc;
         exit_pc := w2n (mc_conf.target.get_pc ms) + rec.exit_pc|>)
  shmem_info ∧ DROP i mc_conf.ffi_names = new_ffi_names ∧
mmio_pcs_min_index mc_conf.ffi_names = SOME i ∧
MAP (λ(rec :shmem_info_num). rec.entry_pc) new_shmem_info =
DROP i (MAP (w2n :α word -> num) mc_conf.ffi_entry_pcs) ∧
mc_conf.mmio_info =
ZIP
  (GENLIST (λ(index :num). index + i) (LENGTH new_shmem_info),
   MAP
     (λ(rec :shmem_info_num).
          (rec.nbytes,Addr rec.addr_reg (n2w rec.addr_off :α word),rec.reg,
           (n2w rec.exit_pc :α word))) new_shmem_info) ∧
no_install_or_no_share_mem code mc_conf.ffi_names ∧
(∀(bn :num).
   bn < cbspace ⇒
   ¬MEM
     ((n2w bn :α word) + (n2w (LENGTH (prog_to_bytes code2)) :α word) +
      mc_conf.target.get_pc ms) (TAKE i mc_conf.ffi_entry_pcs)) ⇒
∀(l1 :num) (l2 :num) (x :num). lab_lookup l1 l2 labs = SOME x ⇒ EVEN x
ISR5_hypotheses=0
ISR5_proved=T
ISR6_statement=good_code (mc_conf :(α, 'state, β) machine_config).target.config
  (LN :γ sptree$num_map sptree$num_map) (code :α sec list) ∧
mc_conf_ok mc_conf ∧
(no_share_mem_inst code ⇒
 compiler_oracle_ok (coracle :num -> config # α sec list)
   (labs :num sptree$num_map sptree$num_map)
   (LENGTH (prog_to_bytes (code2 :α sec list))) mc_conf.target.config
   mc_conf.ffi_names) ∧
list_subset
  (FILTER (λ(x :ffiname). ∃(s :mlstring). x = ExtCall s)
     (find_ffi_names code)) (TAKE (i :num) mc_conf.ffi_names) ∧
remove_labels (clock :num) mc_conf.target.config (0 :num)
  (LN :num sptree$num_map sptree$num_map) (TAKE i mc_conf.ffi_names) code =
SOME (code2,labs) ∧
good_init_state mc_conf (ms :'state) (prog_to_bytes code2) (cbspace :num)
  (t :α asm_state) (m :α word -> α word_loc) (dm :α word -> bool)
  (sdm :α word -> bool) ∧
get_shmem_info code2 (0 :num) ([] :ffiname list) ([] :shmem_info_num list) =
((new_ffi_names :ffiname list),(shmem_info :shmem_info_num list)) ∧
(new_shmem_info :shmem_info_num list) =
MAP
  (λ(rec :shmem_info_num).
       rec with
       <|entry_pc := w2n (mc_conf.target.get_pc ms) + rec.entry_pc;
         exit_pc := w2n (mc_conf.target.get_pc ms) + rec.exit_pc|>)
  shmem_info ∧ DROP i mc_conf.ffi_names = new_ffi_names ∧
mmio_pcs_min_index mc_conf.ffi_names = SOME i ∧
MAP (λ(rec :shmem_info_num). rec.entry_pc) new_shmem_info =
DROP i (MAP (w2n :α word -> num) mc_conf.ffi_entry_pcs) ∧
mc_conf.mmio_info =
ZIP
  (GENLIST (λ(index :num). index + i) (LENGTH new_shmem_info),
   MAP
     (λ(rec :shmem_info_num).
          (rec.nbytes,Addr rec.addr_reg (n2w rec.addr_off :α word),rec.reg,
           (n2w rec.exit_pc :α word))) new_shmem_info) ∧
no_install_or_no_share_mem code mc_conf.ffi_names ∧
(∀(bn :num).
   bn < cbspace ⇒
   ¬MEM
     ((n2w bn :α word) + (n2w (LENGTH (prog_to_bytes code2)) :α word) +
      mc_conf.target.get_pc ms) (TAKE i mc_conf.ffi_entry_pcs)) ⇒
list_subset
  (FILTER (λ(x :ffiname). ∃(s :mlstring). x = ExtCall s)
     (find_ffi_names
        (make_init mc_conf (ffi :'ffi ffi_state) t m dm sdm ms code
           (compile_lab mc_conf.target.config)
           (mc_conf.target.get_pc ms +
            (n2w (LENGTH (prog_to_bytes code2)) :α word)) cbspace coracle).
        code)) mc_conf.ffi_names
ISR6_hypotheses=0
ISR6_proved=T
ISR7_statement=good_code (mc_conf :(α, 'state, β) machine_config).target.config
  (LN :γ sptree$num_map sptree$num_map) (code :α sec list) ∧
mc_conf_ok mc_conf ∧
(no_share_mem_inst code ⇒
 compiler_oracle_ok (coracle :num -> config # α sec list)
   (labs :num sptree$num_map sptree$num_map)
   (LENGTH (prog_to_bytes (code2 :α sec list))) mc_conf.target.config
   mc_conf.ffi_names) ∧
list_subset
  (FILTER (λ(x :ffiname). ∃(s :mlstring). x = ExtCall s)
     (find_ffi_names code)) (TAKE (i :num) mc_conf.ffi_names) ∧
remove_labels (clock :num) mc_conf.target.config (0 :num)
  (LN :num sptree$num_map sptree$num_map) (TAKE i mc_conf.ffi_names) code =
SOME (code2,labs) ∧
good_init_state mc_conf (ms :'state) (prog_to_bytes code2) (cbspace :num)
  (t :α asm_state) (m :α word -> α word_loc) (dm :α word -> bool)
  (sdm :α word -> bool) ∧
get_shmem_info code2 (0 :num) ([] :ffiname list) ([] :shmem_info_num list) =
((new_ffi_names :ffiname list),(shmem_info :shmem_info_num list)) ∧
(new_shmem_info :shmem_info_num list) =
MAP
  (λ(rec :shmem_info_num).
       rec with
       <|entry_pc := w2n (mc_conf.target.get_pc ms) + rec.entry_pc;
         exit_pc := w2n (mc_conf.target.get_pc ms) + rec.exit_pc|>)
  shmem_info ∧ DROP i mc_conf.ffi_names = new_ffi_names ∧
mmio_pcs_min_index mc_conf.ffi_names = SOME i ∧
MAP (λ(rec :shmem_info_num). rec.entry_pc) new_shmem_info =
DROP i (MAP (w2n :α word -> num) mc_conf.ffi_entry_pcs) ∧
mc_conf.mmio_info =
ZIP
  (GENLIST (λ(index :num). index + i) (LENGTH new_shmem_info),
   MAP
     (λ(rec :shmem_info_num).
          (rec.nbytes,Addr rec.addr_reg (n2w rec.addr_off :α word),rec.reg,
           (n2w rec.exit_pc :α word))) new_shmem_info) ∧
no_install_or_no_share_mem code mc_conf.ffi_names ∧
(∀(bn :num).
   bn < cbspace ⇒
   ¬MEM
     ((n2w bn :α word) + (n2w (LENGTH (prog_to_bytes code2)) :α word) +
      mc_conf.target.get_pc ms) (TAKE i mc_conf.ffi_entry_pcs)) ⇒
EVEN (LENGTH (prog_to_bytes code2))
ISR7_hypotheses=0
ISR7_proved=T
ISR9_statement=good_code (mc_conf :(α, 'state, β) machine_config).target.config
  (LN :γ sptree$num_map sptree$num_map) (code :α sec list) ∧
mc_conf_ok mc_conf ∧
(no_share_mem_inst code ⇒
 compiler_oracle_ok (coracle :num -> config # α sec list)
   (labs :num sptree$num_map sptree$num_map)
   (LENGTH (prog_to_bytes (code2 :α sec list))) mc_conf.target.config
   mc_conf.ffi_names) ∧
list_subset
  (FILTER (λ(x :ffiname). ∃(s :mlstring). x = ExtCall s)
     (find_ffi_names code)) (TAKE (i :num) mc_conf.ffi_names) ∧
remove_labels (clock :num) mc_conf.target.config (0 :num)
  (LN :num sptree$num_map sptree$num_map) (TAKE i mc_conf.ffi_names) code =
SOME (code2,labs) ∧
good_init_state mc_conf (ms :'state) (prog_to_bytes code2) (cbspace :num)
  (t :α asm_state) (m :α word -> α word_loc) (dm :α word -> bool)
  (sdm :α word -> bool) ∧
get_shmem_info code2 (0 :num) ([] :ffiname list) ([] :shmem_info_num list) =
((new_ffi_names :ffiname list),(shmem_info :shmem_info_num list)) ∧
(new_shmem_info :shmem_info_num list) =
MAP
  (λ(rec :shmem_info_num).
       rec with
       <|entry_pc := w2n (mc_conf.target.get_pc ms) + rec.entry_pc;
         exit_pc := w2n (mc_conf.target.get_pc ms) + rec.exit_pc|>)
  shmem_info ∧ DROP i mc_conf.ffi_names = new_ffi_names ∧
mmio_pcs_min_index mc_conf.ffi_names = SOME i ∧
MAP (λ(rec :shmem_info_num). rec.entry_pc) new_shmem_info =
DROP i (MAP (w2n :α word -> num) mc_conf.ffi_entry_pcs) ∧
mc_conf.mmio_info =
ZIP
  (GENLIST (λ(index :num). index + i) (LENGTH new_shmem_info),
   MAP
     (λ(rec :shmem_info_num).
          (rec.nbytes,Addr rec.addr_reg (n2w rec.addr_off :α word),rec.reg,
           (n2w rec.exit_pc :α word))) new_shmem_info) ∧
no_install_or_no_share_mem code mc_conf.ffi_names ∧
(∀(bn :num).
   bn < cbspace ⇒
   ¬MEM
     ((n2w bn :α word) + (n2w (LENGTH (prog_to_bytes code2)) :α word) +
      mc_conf.target.get_pc ms) (TAKE i mc_conf.ffi_entry_pcs)) ⇒
∀(a :α word).
  byte_align a ∈
  (make_init mc_conf (ffi :'ffi ffi_state) t m dm sdm ms code
     (compile_lab mc_conf.target.config)
     (mc_conf.target.get_pc ms + (n2w (LENGTH (prog_to_bytes code2)) :α word))
     cbspace coracle).mem_domain ⇒
  a ∈ t.mem_domain ∧
  a ∈
  (make_init mc_conf ffi t m dm sdm ms code
     (compile_lab mc_conf.target.config)
     (mc_conf.target.get_pc ms + (n2w (LENGTH (prog_to_bytes code2)) :α word))
     cbspace coracle).mem_domain ∧
  word_loc_val_byte (mc_conf.target.get_pc ms) labs
    (make_init mc_conf ffi t m dm sdm ms code
       (compile_lab mc_conf.target.config)
       (mc_conf.target.get_pc ms +
        (n2w (LENGTH (prog_to_bytes code2)) :α word)) cbspace coracle).mem a
    (make_init mc_conf ffi t m dm sdm ms code
       (compile_lab mc_conf.target.config)
       (mc_conf.target.get_pc ms +
        (n2w (LENGTH (prog_to_bytes code2)) :α word)) cbspace coracle).be =
  SOME (t.mem a :word8)
ISR9_hypotheses=0
ISR9_proved=T
ISR10_statement=good_code (mc_conf :(α, 'state, β) machine_config).target.config
  (LN :γ sptree$num_map sptree$num_map) (code :α sec list) ∧
mc_conf_ok mc_conf ∧
(no_share_mem_inst code ⇒
 compiler_oracle_ok (coracle :num -> config # α sec list)
   (labs :num sptree$num_map sptree$num_map)
   (LENGTH (prog_to_bytes (code2 :α sec list))) mc_conf.target.config
   mc_conf.ffi_names) ∧
list_subset
  (FILTER (λ(x :ffiname). ∃(s :mlstring). x = ExtCall s)
     (find_ffi_names code)) (TAKE (i :num) mc_conf.ffi_names) ∧
remove_labels (clock :num) mc_conf.target.config (0 :num)
  (LN :num sptree$num_map sptree$num_map) (TAKE i mc_conf.ffi_names) code =
SOME (code2,labs) ∧
good_init_state mc_conf (ms :'state) (prog_to_bytes code2) (cbspace :num)
  (t :α asm_state) (m :α word -> α word_loc) (dm :α word -> bool)
  (sdm :α word -> bool) ∧
get_shmem_info code2 (0 :num) ([] :ffiname list) ([] :shmem_info_num list) =
((new_ffi_names :ffiname list),(shmem_info :shmem_info_num list)) ∧
(new_shmem_info :shmem_info_num list) =
MAP
  (λ(rec :shmem_info_num).
       rec with
       <|entry_pc := w2n (mc_conf.target.get_pc ms) + rec.entry_pc;
         exit_pc := w2n (mc_conf.target.get_pc ms) + rec.exit_pc|>)
  shmem_info ∧ DROP i mc_conf.ffi_names = new_ffi_names ∧
mmio_pcs_min_index mc_conf.ffi_names = SOME i ∧
MAP (λ(rec :shmem_info_num). rec.entry_pc) new_shmem_info =
DROP i (MAP (w2n :α word -> num) mc_conf.ffi_entry_pcs) ∧
mc_conf.mmio_info =
ZIP
  (GENLIST (λ(index :num). index + i) (LENGTH new_shmem_info),
   MAP
     (λ(rec :shmem_info_num).
          (rec.nbytes,Addr rec.addr_reg (n2w rec.addr_off :α word),rec.reg,
           (n2w rec.exit_pc :α word))) new_shmem_info) ∧
no_install_or_no_share_mem code mc_conf.ffi_names ∧
(∀(bn :num).
   bn < cbspace ⇒
   ¬MEM
     ((n2w bn :α word) + (n2w (LENGTH (prog_to_bytes code2)) :α word) +
      mc_conf.target.get_pc ms) (TAKE i mc_conf.ffi_entry_pcs)) ⇒
(make_init mc_conf (ffi :'ffi ffi_state) t m dm sdm ms code
   (compile_lab mc_conf.target.config)
   (mc_conf.target.get_pc ms + (n2w (LENGTH (prog_to_bytes code2)) :α word))
   cbspace coracle).code_buffer.position =
mc_conf.target.get_pc ms + (n2w (LENGTH (prog_to_bytes code2)) :α word)
ISR10_hypotheses=0
ISR10_proved=T
ISR11_statement=good_code (mc_conf :(α, 'state, β) machine_config).target.config
  (LN :γ sptree$num_map sptree$num_map) (code :α sec list) ∧
mc_conf_ok mc_conf ∧
(no_share_mem_inst code ⇒
 compiler_oracle_ok (coracle :num -> config # α sec list)
   (labs :num sptree$num_map sptree$num_map)
   (LENGTH (prog_to_bytes (code2 :α sec list))) mc_conf.target.config
   mc_conf.ffi_names) ∧
list_subset
  (FILTER (λ(x :ffiname). ∃(s :mlstring). x = ExtCall s)
     (find_ffi_names code)) (TAKE (i :num) mc_conf.ffi_names) ∧
remove_labels (clock :num) mc_conf.target.config (0 :num)
  (LN :num sptree$num_map sptree$num_map) (TAKE i mc_conf.ffi_names) code =
SOME (code2,labs) ∧
good_init_state mc_conf (ms :'state) (prog_to_bytes code2) (cbspace :num)
  (t :α asm_state) (m :α word -> α word_loc) (dm :α word -> bool)
  (sdm :α word -> bool) ∧
get_shmem_info code2 (0 :num) ([] :ffiname list) ([] :shmem_info_num list) =
((new_ffi_names :ffiname list),(shmem_info :shmem_info_num list)) ∧
(new_shmem_info :shmem_info_num list) =
MAP
  (λ(rec :shmem_info_num).
       rec with
       <|entry_pc := w2n (mc_conf.target.get_pc ms) + rec.entry_pc;
         exit_pc := w2n (mc_conf.target.get_pc ms) + rec.exit_pc|>)
  shmem_info ∧ DROP i mc_conf.ffi_names = new_ffi_names ∧
mmio_pcs_min_index mc_conf.ffi_names = SOME i ∧
MAP (λ(rec :shmem_info_num). rec.entry_pc) new_shmem_info =
DROP i (MAP (w2n :α word -> num) mc_conf.ffi_entry_pcs) ∧
mc_conf.mmio_info =
ZIP
  (GENLIST (λ(index :num). index + i) (LENGTH new_shmem_info),
   MAP
     (λ(rec :shmem_info_num).
          (rec.nbytes,Addr rec.addr_reg (n2w rec.addr_off :α word),rec.reg,
           (n2w rec.exit_pc :α word))) new_shmem_info) ∧
no_install_or_no_share_mem code mc_conf.ffi_names ∧
(∀(bn :num).
   bn < cbspace ⇒
   ¬MEM
     ((n2w bn :α word) + (n2w (LENGTH (prog_to_bytes code2)) :α word) +
      mc_conf.target.get_pc ms) (TAKE i mc_conf.ffi_entry_pcs)) ⇒
bytes_in_mem
  (make_init mc_conf (ffi :'ffi ffi_state) t m dm sdm ms code
     (compile_lab mc_conf.target.config)
     (mc_conf.target.get_pc ms + (n2w (LENGTH (prog_to_bytes code2)) :α word))
     cbspace coracle).code_buffer.position
  (make_init mc_conf ffi t m dm sdm ms code
     (compile_lab mc_conf.target.config)
     (mc_conf.target.get_pc ms + (n2w (LENGTH (prog_to_bytes code2)) :α word))
     cbspace coracle).code_buffer.buffer t.mem t.mem_domain
  (make_init mc_conf ffi t m dm sdm ms code
     (compile_lab mc_conf.target.config)
     (mc_conf.target.get_pc ms + (n2w (LENGTH (prog_to_bytes code2)) :α word))
     cbspace coracle).mem_domain
ISR11_hypotheses=0
ISR11_proved=T
ISR13_statement=good_code (mc_conf :(α, 'state, β) machine_config).target.config
  (LN :γ sptree$num_map sptree$num_map) (code :α sec list) ∧
mc_conf_ok mc_conf ∧
(no_share_mem_inst code ⇒
 compiler_oracle_ok (coracle :num -> config # α sec list)
   (labs :num sptree$num_map sptree$num_map)
   (LENGTH (prog_to_bytes (code2 :α sec list))) mc_conf.target.config
   mc_conf.ffi_names) ∧
list_subset
  (FILTER (λ(x :ffiname). ∃(s :mlstring). x = ExtCall s)
     (find_ffi_names code)) (TAKE (i :num) mc_conf.ffi_names) ∧
remove_labels (clock :num) mc_conf.target.config (0 :num)
  (LN :num sptree$num_map sptree$num_map) (TAKE i mc_conf.ffi_names) code =
SOME (code2,labs) ∧
good_init_state mc_conf (ms :'state) (prog_to_bytes code2) (cbspace :num)
  (t :α asm_state) (m :α word -> α word_loc) (dm :α word -> bool)
  (sdm :α word -> bool) ∧
get_shmem_info code2 (0 :num) ([] :ffiname list) ([] :shmem_info_num list) =
((new_ffi_names :ffiname list),(shmem_info :shmem_info_num list)) ∧
(new_shmem_info :shmem_info_num list) =
MAP
  (λ(rec :shmem_info_num).
       rec with
       <|entry_pc := w2n (mc_conf.target.get_pc ms) + rec.entry_pc;
         exit_pc := w2n (mc_conf.target.get_pc ms) + rec.exit_pc|>)
  shmem_info ∧ DROP i mc_conf.ffi_names = new_ffi_names ∧
mmio_pcs_min_index mc_conf.ffi_names = SOME i ∧
MAP (λ(rec :shmem_info_num). rec.entry_pc) new_shmem_info =
DROP i (MAP (w2n :α word -> num) mc_conf.ffi_entry_pcs) ∧
mc_conf.mmio_info =
ZIP
  (GENLIST (λ(index :num). index + i) (LENGTH new_shmem_info),
   MAP
     (λ(rec :shmem_info_num).
          (rec.nbytes,Addr rec.addr_reg (n2w rec.addr_off :α word),rec.reg,
           (n2w rec.exit_pc :α word))) new_shmem_info) ∧
no_install_or_no_share_mem code mc_conf.ffi_names ∧
(∀(bn :num).
   bn < cbspace ⇒
   ¬MEM
     ((n2w bn :α word) + (n2w (LENGTH (prog_to_bytes code2)) :α word) +
      mc_conf.target.get_pc ms) (TAKE i mc_conf.ffi_entry_pcs)) ⇒
t.pc =
mc_conf.target.get_pc ms +
(n2w
   (pos_val
      (make_init mc_conf (ffi :'ffi ffi_state) t m dm sdm ms code
         (compile_lab mc_conf.target.config)
         (mc_conf.target.get_pc ms +
          (n2w (LENGTH (prog_to_bytes code2)) :α word)) cbspace coracle).pc
      (0 :num) code2) :α word)
ISR13_hypotheses=0
ISR13_proved=T
ISR14_statement=good_code (mc_conf :(α, 'state, β) machine_config).target.config
  (LN :γ sptree$num_map sptree$num_map) (code :α sec list) ∧
mc_conf_ok mc_conf ∧
(no_share_mem_inst code ⇒
 compiler_oracle_ok (coracle :num -> config # α sec list)
   (labs :num sptree$num_map sptree$num_map)
   (LENGTH (prog_to_bytes (code2 :α sec list))) mc_conf.target.config
   mc_conf.ffi_names) ∧
list_subset
  (FILTER (λ(x :ffiname). ∃(s :mlstring). x = ExtCall s)
     (find_ffi_names code)) (TAKE (i :num) mc_conf.ffi_names) ∧
remove_labels (clock :num) mc_conf.target.config (0 :num)
  (LN :num sptree$num_map sptree$num_map) (TAKE i mc_conf.ffi_names) code =
SOME (code2,labs) ∧
good_init_state mc_conf (ms :'state) (prog_to_bytes code2) (cbspace :num)
  (t :α asm_state) (m :α word -> α word_loc) (dm :α word -> bool)
  (sdm :α word -> bool) ∧
get_shmem_info code2 (0 :num) ([] :ffiname list) ([] :shmem_info_num list) =
((new_ffi_names :ffiname list),(shmem_info :shmem_info_num list)) ∧
(new_shmem_info :shmem_info_num list) =
MAP
  (λ(rec :shmem_info_num).
       rec with
       <|entry_pc := w2n (mc_conf.target.get_pc ms) + rec.entry_pc;
         exit_pc := w2n (mc_conf.target.get_pc ms) + rec.exit_pc|>)
  shmem_info ∧ DROP i mc_conf.ffi_names = new_ffi_names ∧
mmio_pcs_min_index mc_conf.ffi_names = SOME i ∧
MAP (λ(rec :shmem_info_num). rec.entry_pc) new_shmem_info =
DROP i (MAP (w2n :α word -> num) mc_conf.ffi_entry_pcs) ∧
mc_conf.mmio_info =
ZIP
  (GENLIST (λ(index :num). index + i) (LENGTH new_shmem_info),
   MAP
     (λ(rec :shmem_info_num).
          (rec.nbytes,Addr rec.addr_reg (n2w rec.addr_off :α word),rec.reg,
           (n2w rec.exit_pc :α word))) new_shmem_info) ∧
no_install_or_no_share_mem code mc_conf.ffi_names ∧
(∀(bn :num).
   bn < cbspace ⇒
   ¬MEM
     ((n2w bn :α word) + (n2w (LENGTH (prog_to_bytes code2)) :α word) +
      mc_conf.target.get_pc ms) (TAKE i mc_conf.ffi_entry_pcs)) ⇒
EVERY (sec_labels_ok :α sec -> bool) code2
ISR14_hypotheses=0
ISR14_proved=T
ISR17_statement=good_code (mc_conf :(α, 'state, β) machine_config).target.config
  (LN :γ sptree$num_map sptree$num_map) (code :α sec list) ∧
mc_conf_ok mc_conf ∧
(no_share_mem_inst code ⇒
 compiler_oracle_ok (coracle :num -> config # α sec list)
   (labs :num sptree$num_map sptree$num_map)
   (LENGTH (prog_to_bytes (code2 :α sec list))) mc_conf.target.config
   mc_conf.ffi_names) ∧
list_subset
  (FILTER (λ(x :ffiname). ∃(s :mlstring). x = ExtCall s)
     (find_ffi_names code)) (TAKE (i :num) mc_conf.ffi_names) ∧
remove_labels (clock :num) mc_conf.target.config (0 :num)
  (LN :num sptree$num_map sptree$num_map) (TAKE i mc_conf.ffi_names) code =
SOME (code2,labs) ∧
good_init_state mc_conf (ms :'state) (prog_to_bytes code2) (cbspace :num)
  (t :α asm_state) (m :α word -> α word_loc) (dm :α word -> bool)
  (sdm :α word -> bool) ∧
get_shmem_info code2 (0 :num) ([] :ffiname list) ([] :shmem_info_num list) =
((new_ffi_names :ffiname list),(shmem_info :shmem_info_num list)) ∧
(new_shmem_info :shmem_info_num list) =
MAP
  (λ(rec :shmem_info_num).
       rec with
       <|entry_pc := w2n (mc_conf.target.get_pc ms) + rec.entry_pc;
         exit_pc := w2n (mc_conf.target.get_pc ms) + rec.exit_pc|>)
  shmem_info ∧ DROP i mc_conf.ffi_names = new_ffi_names ∧
mmio_pcs_min_index mc_conf.ffi_names = SOME i ∧
MAP (λ(rec :shmem_info_num). rec.entry_pc) new_shmem_info =
DROP i (MAP (w2n :α word -> num) mc_conf.ffi_entry_pcs) ∧
mc_conf.mmio_info =
ZIP
  (GENLIST (λ(index :num). index + i) (LENGTH new_shmem_info),
   MAP
     (λ(rec :shmem_info_num).
          (rec.nbytes,Addr rec.addr_reg (n2w rec.addr_off :α word),rec.reg,
           (n2w rec.exit_pc :α word))) new_shmem_info) ∧
no_install_or_no_share_mem code mc_conf.ffi_names ∧
(∀(bn :num).
   bn < cbspace ⇒
   ¬MEM
     ((n2w bn :α word) + (n2w (LENGTH (prog_to_bytes code2)) :α word) +
      mc_conf.target.get_pc ms) (TAKE i mc_conf.ffi_entry_pcs)) ⇒
no_install_or_no_share_mem code2 mc_conf.ffi_names
ISR17_hypotheses=0
ISR17_proved=T
