PadBytesFits=[1w; 2w; 3w]
PadBytesAppend=[1w; 2w; 9w]
PadBytesLonger=[1w; 9w; 8w]
AddNopEmpty=[]
AddNopLabelThenAsm=[Label 1 2 3; Asm (Asmi (Inst Skip)) [1w; 2w; 7w] 3; Label 4 5 6]
AddNopAsmHead=[Asm (Asmi (Inst Skip)) [1w; 7w] 2; Label 9 9 9]
AddNopLabAsmHead=[LabAsm (Jump (Lab 1 2)) 0w [1w; 7w] 2; Label 9 9 9]
PadSectionEmpty=[Label 1 2 3]
PadSectionConcrete=[Label 1 2 0; Asm (Asmi (Inst Skip)) [1w; 2w; 9w; 9w] 4; Label 4 5 0]
PadCodeEmpty=[]
PadCodeTwo=[Section 1 [Label 1 2 0; Asm (Asmi (Inst Skip)) [1w; 2w; 9w] 3];
 Section 2 []]
SecLengthEmpty=5
SecLengthConcrete=21
GetSymbolsEmpty=[]
GetSymbolsTwo=[(1,10,11); (2,21,3)]
LineOkLightLabel=T
LineOkLightAsm=T
LineOkLightHaltOk=T
LineOkLightHaltBad=F
LineOkLightInstall=T
LineOkLightCallFFIOk=T
LineOkLightCall=F
LineOkLightJumpCmpOk=T
LineOkLightJumpCmpBad=F
LineOkLightLocValue=T
SecOkLightMixed=T
SecOkLightCall=F
