IMP_state_rel_make_init=good_code (mc_conf :(α, 'state, β) machine_config).target.config
  (LN :γ sptree$num_map sptree$num_map) (code :α sec list) ∧
mc_conf_ok mc_conf ∧
(no_share_mem_inst code ⇒
 compiler_oracle_ok (coracle :num -> config # α sec list)
   (labs :num sptree$num_map sptree$num_map)
   (LENGTH (prog_to_bytes (code2 :α sec list))) mc_conf.target.config
   mc_conf.ffi_names) ∧
list_subset
  (FILTER (λ(x :ffiname). ∃(s :mlstring). x = ExtCall s)
     (find_ffi_names code)) (TAKE (i :num) mc_conf.ffi_names) ∧
remove_labels (clock :num) mc_conf.target.config (0 :num)
  (LN :num sptree$num_map sptree$num_map) (TAKE i mc_conf.ffi_names) code =
SOME (code2,labs) ∧
good_init_state mc_conf (ms :'state) (prog_to_bytes code2) (cbspace :num)
  (t :α asm_state) (m :α word -> α word_loc) (dm :α word -> bool)
  (sdm :α word -> bool) ∧
get_shmem_info code2 (0 :num) ([] :ffiname list) ([] :shmem_info_num list) =
((new_ffi_names :ffiname list),(shmem_info :shmem_info_num list)) ∧
(new_shmem_info :shmem_info_num list) =
MAP
  (λ(rec :shmem_info_num).
       rec with
       <|entry_pc := w2n (mc_conf.target.get_pc ms) + rec.entry_pc;
         exit_pc := w2n (mc_conf.target.get_pc ms) + rec.exit_pc|>)
  shmem_info ∧ DROP i mc_conf.ffi_names = new_ffi_names ∧
mmio_pcs_min_index mc_conf.ffi_names = SOME i ∧
MAP (λ(rec :shmem_info_num). rec.entry_pc) new_shmem_info =
DROP i (MAP (w2n :α word -> num) mc_conf.ffi_entry_pcs) ∧
mc_conf.mmio_info =
ZIP
  (GENLIST (λ(index :num). index + i) (LENGTH new_shmem_info),
   MAP
     (λ(rec :shmem_info_num).
          (rec.nbytes,Addr rec.addr_reg (n2w rec.addr_off :α word),rec.reg,
           (n2w rec.exit_pc :α word))) new_shmem_info) ∧
no_install_or_no_share_mem code mc_conf.ffi_names ∧
(∀(bn :num).
   bn < cbspace ⇒
   ¬MEM
     ((n2w bn :α word) + (n2w (LENGTH (prog_to_bytes code2)) :α word) +
      mc_conf.target.get_pc ms) (TAKE i mc_conf.ffi_entry_pcs)) ⇒
(state_rel (mc_conf,code2,labs,mc_conf.target.get_pc ms)
   (make_init mc_conf (ffi :'ffi ffi_state) t m dm sdm ms code
      (compile_lab mc_conf.target.config)
      (mc_conf.target.get_pc ms +
       (n2w (LENGTH (prog_to_bytes code2)) :α word)) cbspace coracle) t ms :
 bool)
IMP_state_rel_make_init_types=(ffi :'ffi ffi_state)::'ffi ffi_state;(new_shmem_info :shmem_info_num list)::shmem_info_num list;(shmem_info :shmem_info_num list)::shmem_info_num list;(new_ffi_names :ffiname list)::ffiname list;(sdm :α word -> bool)::α word -> bool;(dm :α word -> bool)::α word -> bool;(m :α word -> α word_loc)::α word -> α word_loc;(t :α asm_state)::α asm_state;(cbspace :num)::num;(ms :'state)::'state;(clock :num)::num;(i :num)::num;(code2 :α sec list)::α sec list;(labs :num sptree$num_map sptree$num_map)::num sptree$num_map sptree$num_map;(coracle :num -> config # α sec list)::num -> config # α sec list;(code :α sec list)::α sec list;(mc_conf :(α, 'state, β) machine_config)::(α, 'state, β) machine_config;
IMP_state_rel_make_init_hypotheses=0
state_rel_conjuncts=53
ISR1_statement=good_code (mc_conf :(α, 'state, β) machine_config).target.config
  (LN :γ sptree$num_map sptree$num_map) (code :α sec list) ∧
mc_conf_ok mc_conf ∧
(no_share_mem_inst code ⇒
 compiler_oracle_ok (coracle :num -> config # α sec list)
   (labs :num sptree$num_map sptree$num_map)
   (LENGTH (prog_to_bytes (code2 :α sec list))) mc_conf.target.config
   mc_conf.ffi_names) ∧
list_subset
  (FILTER (λ(x :ffiname). ∃(s :mlstring). x = ExtCall s)
     (find_ffi_names code)) (TAKE (i :num) mc_conf.ffi_names) ∧
remove_labels (clock :num) mc_conf.target.config (0 :num)
  (LN :num sptree$num_map sptree$num_map) (TAKE i mc_conf.ffi_names) code =
SOME (code2,labs) ∧
good_init_state mc_conf (ms :'state) (prog_to_bytes code2) (cbspace :num)
  (t :α asm_state) (m :α word -> α word_loc) (dm :α word -> bool)
  (sdm :α word -> bool) ∧
get_shmem_info code2 (0 :num) ([] :ffiname list) ([] :shmem_info_num list) =
((new_ffi_names :ffiname list),(shmem_info :shmem_info_num list)) ∧
(new_shmem_info :shmem_info_num list) =
MAP
  (λ(rec :shmem_info_num).
       rec with
       <|entry_pc := w2n (mc_conf.target.get_pc ms) + rec.entry_pc;
         exit_pc := w2n (mc_conf.target.get_pc ms) + rec.exit_pc|>)
  shmem_info ∧ DROP i mc_conf.ffi_names = new_ffi_names ∧
mmio_pcs_min_index mc_conf.ffi_names = SOME i ∧
MAP (λ(rec :shmem_info_num). rec.entry_pc) new_shmem_info =
DROP i (MAP (w2n :α word -> num) mc_conf.ffi_entry_pcs) ∧
mc_conf.mmio_info =
ZIP
  (GENLIST (λ(index :num). index + i) (LENGTH new_shmem_info),
   MAP
     (λ(rec :shmem_info_num).
          (rec.nbytes,Addr rec.addr_reg (n2w rec.addr_off :α word),rec.reg,
           (n2w rec.exit_pc :α word))) new_shmem_info) ∧
no_install_or_no_share_mem code mc_conf.ffi_names ∧
(∀(bn :num).
   bn < cbspace ⇒
   ¬MEM
     ((n2w bn :α word) + (n2w (LENGTH (prog_to_bytes code2)) :α word) +
      mc_conf.target.get_pc ms) (TAKE i mc_conf.ffi_entry_pcs)) ⇒
∃(i :num).
  mmio_pcs_min_index mc_conf.ffi_names = SOME i ∧
  ∀(index :num).
    if i ≤ index ∧ index < LENGTH mc_conf.ffi_names then
      ∃(info :word8 # α addr # num # α word).
        ALOOKUP mc_conf.mmio_info index = SOME info
    else
      ALOOKUP mc_conf.mmio_info index =
      (NONE :(word8 # α addr # num # α word) option)
ISR1_hypotheses=0
ISR1_proved=T
ISR12_statement=good_code (mc_conf :(α, 'state, β) machine_config).target.config
  (LN :γ sptree$num_map sptree$num_map) (code :α sec list) ∧
mc_conf_ok mc_conf ∧
(no_share_mem_inst code ⇒
 compiler_oracle_ok (coracle :num -> config # α sec list)
   (labs :num sptree$num_map sptree$num_map)
   (LENGTH (prog_to_bytes (code2 :α sec list))) mc_conf.target.config
   mc_conf.ffi_names) ∧
list_subset
  (FILTER (λ(x :ffiname). ∃(s :mlstring). x = ExtCall s)
     (find_ffi_names code)) (TAKE (i :num) mc_conf.ffi_names) ∧
remove_labels (clock :num) mc_conf.target.config (0 :num)
  (LN :num sptree$num_map sptree$num_map) (TAKE i mc_conf.ffi_names) code =
SOME (code2,labs) ∧
good_init_state mc_conf (ms :'state) (prog_to_bytes code2) (cbspace :num)
  (t :α asm_state) (m :α word -> α word_loc) (dm :α word -> bool)
  (sdm :α word -> bool) ∧
get_shmem_info code2 (0 :num) ([] :ffiname list) ([] :shmem_info_num list) =
((new_ffi_names :ffiname list),(shmem_info :shmem_info_num list)) ∧
(new_shmem_info :shmem_info_num list) =
MAP
  (λ(rec :shmem_info_num).
       rec with
       <|entry_pc := w2n (mc_conf.target.get_pc ms) + rec.entry_pc;
         exit_pc := w2n (mc_conf.target.get_pc ms) + rec.exit_pc|>)
  shmem_info ∧ DROP i mc_conf.ffi_names = new_ffi_names ∧
mmio_pcs_min_index mc_conf.ffi_names = SOME i ∧
MAP (λ(rec :shmem_info_num). rec.entry_pc) new_shmem_info =
DROP i (MAP (w2n :α word -> num) mc_conf.ffi_entry_pcs) ∧
mc_conf.mmio_info =
ZIP
  (GENLIST (λ(index :num). index + i) (LENGTH new_shmem_info),
   MAP
     (λ(rec :shmem_info_num).
          (rec.nbytes,Addr rec.addr_reg (n2w rec.addr_off :α word),rec.reg,
           (n2w rec.exit_pc :α word))) new_shmem_info) ∧
no_install_or_no_share_mem code mc_conf.ffi_names ∧
(∀(bn :num).
   bn < cbspace ⇒
   ¬MEM
     ((n2w bn :α word) + (n2w (LENGTH (prog_to_bytes code2)) :α word) +
      mc_conf.target.get_pc ms) (TAKE i mc_conf.ffi_entry_pcs)) ⇒
∀(bn :num).
  bn <
  LENGTH
    (make_init mc_conf (ffi :'ffi ffi_state) t m dm sdm ms code
       (compile_lab mc_conf.target.config)
       (mc_conf.target.get_pc ms +
        (n2w (LENGTH (prog_to_bytes code2)) :α word)) cbspace coracle).
    code_buffer.buffer +
  (make_init mc_conf ffi t m dm sdm ms code
     (compile_lab mc_conf.target.config)
     (mc_conf.target.get_pc ms + (n2w (LENGTH (prog_to_bytes code2)) :α word))
     cbspace coracle).code_buffer.space_left ⇒
  ¬MEM
    ((make_init mc_conf ffi t m dm sdm ms code
        (compile_lab mc_conf.target.config)
        (mc_conf.target.get_pc ms +
         (n2w (LENGTH (prog_to_bytes code2)) :α word)) cbspace coracle).
     code_buffer.position + (n2w bn :α word)) mc_conf.ffi_entry_pcs
ISR12_hypotheses=0
ISR12_proved=T
