find_ffi_names_filter_skip=∀(code :α sec list). find_ffi_names (filter_skip code) = find_ffi_names code
find_ffi_names_filter_skip_types=(code :α sec list)::α sec list;
find_ffi_names_filter_skip_hypotheses=0
find_ffi_names_filter_skip_proved=T
MAP_Section_num_filter_skip=∀(code :α sec list).
  MAP (Section_num :α sec -> num) (filter_skip code) =
  MAP (Section_num :α sec -> num) code
MAP_Section_num_filter_skip_types=(code :α sec list)::α sec list;
MAP_Section_num_filter_skip_hypotheses=0
MAP_Section_num_filter_skip_proved=T
filter_skip_extract_labels=∀(code :α sec list).
  MAP
    ((extract_labels :α line list -> (num # num) list) ∘
     (Section_lines :α sec -> α line list)) (filter_skip code) =
  MAP
    ((extract_labels :α line list -> (num # num) list) ∘
     (Section_lines :α sec -> α line list)) code
filter_skip_extract_labels_types=(code :α sec list)::α sec list;
filter_skip_extract_labels_hypotheses=0
filter_skip_extract_labels_proved=T
get_code_labels_filter_skip=∀(code :α sec list).
  get_code_labels (filter_skip code) = get_code_labels code
get_code_labels_filter_skip_types=(code :α sec list)::α sec list;
get_code_labels_filter_skip_hypotheses=0
get_code_labels_filter_skip_proved=T
get_labels_filter_skip=∀(code :α sec list). get_labels (filter_skip code) = get_labels code
get_labels_filter_skip_types=(code :α sec list)::α sec list;
get_labels_filter_skip_hypotheses=0
get_labels_filter_skip_proved=T
not_not_skip_IMP_Skip=¬not_skip (inst' :α line) ⇒
∃(l :word8 list) (n :num).
  inst' = Asm (Asmi (Inst (Skip :α inst) :α asm)) l n
not_not_skip_IMP_Skip_types=(inst' :α line)::α line;
not_not_skip_IMP_Skip_hypotheses=0
not_not_skip_IMP_Skip_proved=T
asm_fetch_aux_filter_skip=∀(code :α sec list) (p :num).
  asm_fetch_aux p (filter_skip code) = SOME (inst' :α line) ∧ not_skip inst' ⇒
  ∃(p' :num). asm_fetch_aux p' code = SOME inst'
asm_fetch_aux_filter_skip_types=(code :α sec list)::α sec list;(p :num)::num;(inst' :α line)::α line;
asm_fetch_aux_filter_skip_hypotheses=0
asm_fetch_aux_filter_skip_proved=T
IMP_asm_fetch_aux_filter_skip=∀(p :num) (code :α sec list) (i :α line).
  asm_fetch_aux p code = SOME i ∧ not_skip i ⇒
  ∃(p' :num). asm_fetch_aux p' (filter_skip code) = SOME i
IMP_asm_fetch_aux_filter_skip_types=(p :num)::num;(code :α sec list)::α sec list;(i :α line)::α line;
IMP_asm_fetch_aux_filter_skip_hypotheses=0
IMP_asm_fetch_aux_filter_skip_proved=T
no_share_mem_filter_skip=no_share_mem_inst (filter_skip (code :α sec list)) ⇔ no_share_mem_inst code
no_share_mem_filter_skip_types=(code :α sec list)::α sec list;
no_share_mem_filter_skip_hypotheses=0
no_share_mem_filter_skip_proved=T
