mem_load_align_sdm=(mem_load (n :num) (a :α addr) (align_sdm (s :(α, β, γ) labSem$state)) :
 (α, β, γ) labSem$state) = align_sdm (mem_load n a s :(α, β, γ) labSem$state)
mem_load_align_sdm_types=(s :(α, β, γ) labSem$state)::(α, β, γ) labSem$state;(a :α addr)::α addr;(n :num)::num;
mem_load_align_sdm_hypotheses=0
mem_load_align_sdm_proved=T
mem_load32_align_sdm=mem_load32 (n :num) (a :α addr) (align_sdm (s :(α, β, γ) labSem$state)) =
align_sdm (mem_load32 n a s)
mem_load32_align_sdm_types=(s :(α, β, γ) labSem$state)::(α, β, γ) labSem$state;(a :α addr)::α addr;(n :num)::num;
mem_load32_align_sdm_hypotheses=0
mem_load32_align_sdm_proved=T
mem_load_byte_align_sdm=mem_load_byte (n :num) (a :α addr) (align_sdm (s :(α, β, γ) labSem$state)) =
align_sdm (mem_load_byte n a s)
mem_load_byte_align_sdm_types=(s :(α, β, γ) labSem$state)::(α, β, γ) labSem$state;(a :α addr)::α addr;(n :num)::num;
mem_load_byte_align_sdm_hypotheses=0
mem_load_byte_align_sdm_proved=T
mem_store_align_sdm=(mem_store (n :num) (a :α addr) (align_sdm (s :(α, β, γ) labSem$state)) :
 (α, β, γ) labSem$state) =
align_sdm (mem_store n a s :(α, β, γ) labSem$state)
mem_store_align_sdm_types=(s :(α, β, γ) labSem$state)::(α, β, γ) labSem$state;(a :α addr)::α addr;(n :num)::num;
mem_store_align_sdm_hypotheses=0
mem_store_align_sdm_proved=T
mem_store32_align_sdm=mem_store32 (n :num) (a :α addr) (align_sdm (s :(α, β, γ) labSem$state)) =
align_sdm (mem_store32 n a s)
mem_store32_align_sdm_types=(s :(α, β, γ) labSem$state)::(α, β, γ) labSem$state;(a :α addr)::α addr;(n :num)::num;
mem_store32_align_sdm_hypotheses=0
mem_store32_align_sdm_proved=T
mem_store_byte_align_sdm=mem_store_byte (n :num) (a :α addr) (align_sdm (s :(α, β, γ) labSem$state)) =
align_sdm (mem_store_byte n a s)
mem_store_byte_align_sdm_types=(s :(α, β, γ) labSem$state)::(α, β, γ) labSem$state;(a :α addr)::α addr;(n :num)::num;
mem_store_byte_align_sdm_hypotheses=0
mem_store_byte_align_sdm_proved=T
mem_op_align_sdm=mem_op (m :memop) (n :num) (a :α addr)
  (align_sdm (s :(α, β, γ) labSem$state)) = align_sdm (mem_op m n a s)
mem_op_align_sdm_types=(s :(α, β, γ) labSem$state)::(α, β, γ) labSem$state;(a :α addr)::α addr;(n :num)::num;(m :memop)::memop;
mem_op_align_sdm_hypotheses=0
mem_op_align_sdm_proved=T
asm_inst_align_sdm=asm_inst (i :α inst) (align_sdm (s :(α, β, γ) labSem$state)) =
align_sdm (asm_inst i s)
asm_inst_align_sdm_types=(s :(α, β, γ) labSem$state)::(α, β, γ) labSem$state;(i :α inst)::α inst;
asm_inst_align_sdm_hypotheses=0
asm_inst_align_sdm_proved=T
