lab_eval_clock_zero=T
lab_eval_halt_success=T
lab_eval_halt_resource=T
lab_eval_halt_loc_error=T
lab_eval_halt_failed_still_success=T
lab_eval_fetch_empty=T
lab_eval_fetch_beyond=T
lab_eval_unsupported_asmi=T
lab_eval_const_then_halt=T
lab_eval_skip_timeout=T
lab_eval_failed_skip_rollback=T
lab_eval_div_failure_rollback=T
lab_eval_store_failure_rollback=T
lab_eval_fp_neg_then_halt=T
lab_eval_jumpreg_return=T
lab_eval_jumpreg_word_error=T
lab_eval_jumpreg_missing_error=T
lab_eval_cbw_then_halt=T
lab_eval_cbw_timeout=T
lab_eval_cbw_address_error=T
lab_eval_cbw_space_error=T
lab_eval_cbw_loc_error=T
lab_eval_locvalue_success=T
lab_eval_locvalue_missing=T
lab_eval_jump_success=T
lab_eval_jump_missing=T
lab_eval_jump_self_timeout=T
lab_eval_jumpcmp_true=T
lab_eval_jumpcmp_false=T
lab_eval_jumpcmp_true_missing=T
lab_eval_jumpcmp_false_missing_ignored=T
lab_eval_jumpcmp_loc_test=T
lab_eval_jumpcmp_loc_error=T
lab_eval_call_return=T
lab_eval_call_missing_target=T
lab_eval_call_missing_return=T
lab_eval_shared_domain_error=T
lab_eval_shared_loc_address_error=T
lab_eval_shared_load16_identity=T
lab_eval_shared_load16_final=T
lab_eval_shared_load16_badlength=T
lab_eval_shared_store16_return=T
lab_eval_install_operands_error=T
lab_eval_install_flush_error=T
lab_eval_install_return_missing=T
lab_eval_install_compile_none=T
lab_eval_ffi_operand_error=T
lab_eval_ffi_domain_error=T
lab_eval_ffi_return_missing=T
lab_eval_ffi_identity=T
lab_eval_ffi_final=T
lab_eval_ffi_badlength=T
lab_eval_install_good=T
lab_eval_install_bytes=T
lab_eval_install_cfg=T
lab_eval_install_empty=T
lab_eval_install_execute_code=T
