lab_shared_load=T
lab_shared_load8=T
lab_shared_load16=T
lab_shared_load32=T
lab_shared_store=T
lab_shared_store8=T
lab_shared_store16=T
lab_shared_store32=T
lab_shared_load16_unaligned=T
lab_shared_store16_unaligned=T
lab_shared_load_word_unaligned=T
lab_shared_store_word_unaligned=T
lab_shared_load_word_domain=T
lab_shared_store_word_domain=T
lab_shared_load_narrow_domain=T
lab_shared_store_narrow_domain=T
lab_shared_load_address_loc=T
lab_shared_store_address_loc=T
lab_shared_store_value_loc=T
lab_shared_load_final=T
lab_shared_store_final=T
lab_shared_load_wrong_length=T
lab_shared_store_wrong_length=T
lab_shared_load_zero_clock=T
lab_shared_store_zero_clock=T
lab_shared_load_address_alias=T
lab_shared_load_protocol_ignores_be=T
lab_shared_store_protocol_ignores_be=T
lab_shared_load24_alignment=T
lab_shared_store24_alignment=T
lab_shared_load1_empty=T
lab_shared_store1_empty=T
lab_shared_load1_mod0=T
lab_shared_store1_mod0=T
lab_shared_load8_word=T
lab_shared_store8_short_take16=T
lab_shared_load_size256=T
lab_shared_store_size256=T
lab_shared_load_address_wrap=T
