lab_fp_less_nan=T
lab_fp_less_equal_zero=T
lab_fp_equal_nan=T
lab_fp_equal_zero=T
lab_fp_mov_payload=T
lab_fp_abs_payload=T
lab_fp_neg_zero=T
lab_fp_sqrt_four=T
lab_fp_add_two=T
lab_fp_sub_zero=T
lab_fp_mul_four=T
lab_fp_div_half=T
lab_fp_fma_order=T
lab_fp_to_reg64=T
lab_fp_to_reg_alias32=T
lab_fp_from_reg64=T
lab_fp_from_reg_loc_error=T
lab_fp_from_reg32=T
lab_fp_from_reg8=T
lab_fp_to_int_tie_even=T
lab_fp_to_int_negative=T
lab_fp_to_int_overflow_bits=T
lab_fp_to_int_overflow_failed=T
lab_fp_to_int_inf_error=T
lab_fp_to_int_odd32=T
lab_fp_from_int64=T
lab_fp_from_int32=T
lab_fp_from_int8=T
lab_fp_from_int128=T
