lab_arith_binop_add=T
lab_arith_binop_sub=T
lab_arith_binop_and=T
lab_arith_binop_or=T
lab_arith_binop_xor=T
lab_arith_loc_or_self=T
lab_arith_loc_or_other_reg=T
lab_arith_loc_or_imm=T
lab_arith_loc_add_self=T
lab_arith_binop_right_loc=T
lab_arith_lsl_valid=T
lab_arith_lsl_invalid=T
lab_arith_lsr_invalid=T
lab_arith_asr_invalid=T
lab_arith_ror_invalid=T
lab_arith_shift_source_loc=T
lab_arith_shift_amount_loc=T
lab_arith_div_valid=T
lab_arith_div_zero=T
lab_arith_div_divisor_loc=T
lab_arith_div_dividend_loc=T
lab_arith_div_neg_dividend=T
lab_arith_div_neg_divisor=T
lab_arith_div_both_neg=T
lab_arith_div_min_by_minus_one=T
lab_arith_div_neg_dest_alias=T
lab_arith_carry_nonzero=T
lab_arith_carry_zero=T
lab_arith_carry_flag_alias=T
lab_arith_carry_loc=T
lab_arith_longmul_valid=T
lab_arith_longmul_dest_alias=T
lab_arith_longmul_loc=T
lab_arith_longdiv_valid=T
lab_arith_longdiv_dest_alias=T
lab_arith_longdiv_quotient_bound=T
lab_arith_longdiv_zero=T
lab_arith_longdiv_loc=T
lab_arith_add_overflow=T
lab_arith_add_no_overflow=T
lab_arith_add_negative_overflow=T
lab_arith_sub_overflow=T
lab_arith_sub_negative_rhs_overflow=T
lab_arith_sub_no_overflow=T
lab_arith_addOverflow_flag_alias=T
lab_arith_addOverflow_loc=T
lab_arith_subOverflow_flag_alias=T
lab_arith_subOverflow_loc=T
lab_arith_sticky_failed=T
