lab_mem_load_word=T
lab_mem_load_loc=T
lab_mem_store_loc=T
lab_mem_load_unaligned_write=T
lab_mem_store_unaligned_write=T
lab_mem_load_domain_write=T
lab_mem_store_domain_write=T
lab_mem_load_address_loc=T
lab_mem_store_address_loc=T
lab_mem_address_wrap=T
lab_mem_load32_le_low=T
lab_mem_load32_le_high=T
lab_mem_load32_be_high=T
lab_mem_load32_be_low=T
lab_mem_load32_unsigned=T
lab_mem_load32_unaligned=T
lab_mem_load32_domain=T
lab_mem_load32_loc=T
lab_mem_load32_address_loc=T
lab_mem_store32_le_narrow=T
lab_mem_store32_be_narrow=T
lab_mem_store32_upper_half=T
lab_mem_store32_unaligned=T
lab_mem_store32_domain=T
lab_mem_store32_source_loc=T
lab_mem_store32_memory_loc=T
lab_mem_load8_le=T
lab_mem_load8_be=T
lab_mem_load8_unsigned=T
lab_mem_load8_domain_base=T
lab_mem_load8_loc=T
lab_mem_load8_address_loc=T
lab_mem_store8_le_narrow=T
lab_mem_store8_be_narrow=T
lab_mem_store8_domain_base=T
lab_mem_store8_source_loc=T
lab_mem_store8_memory_loc=T
lab_mem_load16_unsupported=T
lab_mem_load16_loc_address=T
lab_mem_store16_unsupported=T
lab_mem_store16_loc_address=T
lab_mem_sticky_load=T
lab_mem_sticky_store=T
lab_mem_width1_address0=T
lab_mem_width1_address1=T
lab_mem_width8_address1=T
