add_tenth_fifth=0x3FD3333333333334w
add_one_halfulp=0x3FF0000000000000w
add_pz_nz=0w
add_nz_nz=0x8000000000000000w
add_max_max=0x7FF0000000000000w
sub_one_one=0w
sub_nz_pz=0x8000000000000000w
sub_three_tenth=0x4007333333333333w
mul_tenth_three=0x3FD3333333333334w
mul_negone_pz=0x8000000000000000w
mul_max_two=0x7FF0000000000000w
mul_sub1_half=0w
div_one_three=0x3FD5555555555555w
div_one_ten=0x3FB999999999999Aw
div_negone_three=0xBFD5555555555555w
div_sub1_two=0w
fma_tenth_ten_negone=0x3C90000000000000w
fma_one_one_one=0x4000000000000000w
fma_zero_sign=0w
fma_cancel=0w
