lt_one_two=T
lt_two_one=F
lt_pz_nz=F
lt_nz_pz=F
lt_sub1_sub2=T
lt_maxsub_minnorm=T
lt_ninf_sub1=T
lt_maxfin_pinf=T
lt_pinf_pinf=F
lt_qnan_one=F
lt_one_snan=F
lt_negone_pz=T
lt_pinf_ninf=F
le_pz_nz=T
le_pinf_pinf=T
le_qnan_qnan=F
le_two_one=F
le_ninf_ninf=T
le_sub1_one=T
eq_pz_nz=T
eq_qnan_qnan=F
eq_one_one=T
eq_ninf_pinf=F
eq_sub1_sub2=F
abs_negone=0x3FF0000000000000w
abs_nz=0w
abs_nqnan=0x7FF8000000000000w
abs_ninf=0x7FF0000000000000w
neg_one=0xBFF0000000000000w
neg_pz=0x8000000000000000w
neg_qnan=0xFFF8000000000000w
neg_sub1=0x8000000000000001w
