digits_0_0=[0]
digits_0_1=[1]
digits_0_37=[37]
digits_0_123456=[123456]
digits_1_0=[0]
digits_1_1=[0]
digits_1_37=[0]
digits_1_123456=[0]
digits_2_0=[0]
digits_2_1=[1]
digits_2_37=[1; 0; 1; 0; 0; 1]
digits_2_123456=[0; 0; 0; 0; 0; 0; 1; 0; 0; 1; 0; 0; 0; 1; 1; 1; 1]
digits_3_0=[0]
digits_3_1=[1]
digits_3_37=[1; 0; 1; 1]
digits_3_123456=[0; 1; 1; 0; 0; 1; 1; 2; 0; 0; 2]
digits_10_0=[0]
digits_10_1=[1]
digits_10_37=[7; 3]
digits_10_123456=[6; 5; 4; 3; 2; 1]
digits_16_0=[0]
digits_16_1=[1]
digits_16_37=[5; 2]
digits_16_123456=[0; 4; 2; 14; 1]
digits_37_0=[0]
digits_37_1=[1]
digits_37_37=[0; 1]
digits_37_123456=[24; 6; 16; 2]
hex_0=48
hex_1=49
hex_2=50
hex_3=51
hex_4=52
hex_5=53
hex_6=54
hex_7=55
hex_8=56
hex_9=57
hex_10=65
hex_11=66
hex_12=67
hex_13=68
hex_14=69
hex_15=70
hex_16=0
hex_17=0
hex_999=0
custom_0=[54]
custom_1=[17]
custom_3=[19; 17; 17; 19; 18; 18; 17; 17; 18; 18; 17]
custom_17=[18; 25; 19; 20; 19]
decimal_0=[48]
decimal_1=[49]
decimal_9=[57]
decimal_10=[49; 48]
decimal_999=[57; 57; 57]
decimal_18446744073709551615=[49; 56; 52; 52; 54; 55; 52; 52; 48; 55; 51; 55; 48; 57; 53; 53; 49; 54; 49; 53]
decimal_1329227995784915872903807060280344699=[49; 51; 50; 57; 50; 50; 55; 57; 57; 53; 55; 56; 52; 57; 49; 53; 56; 55; 50; 57; 48; 51; 56; 48; 55; 48; 54; 48; 50; 56; 48; 51; 52; 52; 54; 57; 57]
word_base_0=[0]
word_base_1=[48]
word_base_2=[49; 49; 48; 48; 48; 48; 48; 48; 49; 49; 49; 48; 48; 49]
word_base_3=[56; 48; 48; 48; 48; 48; 48; 48; 48; 48; 48; 48; 48; 48; 48; 48; 48; 48; 48; 49]
word_hex_0=[48]
word_hex_1=[49]
word_hex_2=[55; 70]
word_hex_3=[65; 53]
word_hex_4=[49; 50; 51; 52]
word_hex_5=[70; 70; 70; 70; 70; 70; 70; 70; 70; 70; 70; 70; 70; 70; 70; 70]
word_hex_6=[56; 48; 48; 48; 48; 48; 48; 48; 48; 48; 48; 48; 48; 48; 48; 48; 48; 48; 48; 49]
word_hex_7=[55; 66]
