pv_save_history_pre_1=67
pv_save_history_pre_4=67
pv_save_history_pre_5=47
pv_save_history_pre_temp=99
pv_save_history_post_1=67
pv_save_history_post_4=67
pv_save_history_post_5=47
pv_save_history_post_temp=67
pv_save_cycle_pre_1=27
pv_save_cycle_pre_2=17
pv_save_cycle_pre_4=17
pv_save_cycle_post_1=27
pv_save_cycle_post_2=17
pv_save_cycle_post_4=17
pv_save_none_source_pre_1=99
pv_save_none_source_pre_4=27
pv_save_none_source_post_1=99
pv_save_none_source_post_4=27
pv_save_bad_pending_pre_4=99
pv_save_bad_pending_post_4=27
