pv_head_history_pre_1=67
pv_head_history_pre_2=67
pv_head_history_pre_3=67
pv_head_history_pre_4=67
pv_head_history_pre_5=47
pv_head_history_post_1=67
pv_head_history_post_2=67
pv_head_history_post_3=67
pv_head_history_post_4=67
pv_head_history_post_5=47
pv_head_none_pre_1=27
pv_head_none_pre_2=99
pv_head_none_pre_4=27
pv_head_none_post_1=27
pv_head_none_post_2=99
pv_head_none_post_4=27
pv_head_bad_endpoint_pre_1=27
pv_head_bad_endpoint_pre_2=17
pv_head_bad_endpoint_post_1=27
pv_head_bad_endpoint_post_2=27
pv_head_bad_pending_pre_1=27
pv_head_bad_pending_pre_2=37
pv_head_bad_pending_pre_4=17
pv_head_bad_pending_post_1=27
pv_head_bad_pending_post_2=37
pv_head_bad_pending_post_4=27
