rc_empty_ks=M_success []
rc_no_nodes=M_success [3; 4]
rc_fixed=M_success [1; 2]
rc_dup_colours=M_success [1]
rc_oob=M_failure Subscript
rc_oob_after_empty=M_success []
aat_none=[Fixed 0; Fixed 1; Stemp]
aat_pref=[Fixed 0; Fixed 2; Stemp]
aat_stemp=[Fixed 0; Stemp; Stemp]
aat_non_atemp=T
aat_oob=M_failure Subscript
aa_all=(M_success (),[Fixed 1; Fixed 0; Fixed 0; Fixed 0])
aa_pref=[Fixed 1; Fixed 2; Fixed 2; Fixed 2]
aa_one_colour=[Fixed 1; Fixed 0; Fixed 0; Fixed 0]
fmc_hit=M_success (SOME 0)
fmc_not_in_ks=M_success NONE
fmc_empty=M_success NONE
fmc_oob=M_failure Subscript
fmc_oob_before_match=M_failure Subscript
fmc_handled_oob_before_match=M_success NONE
