la_hit=7
la_miss=9
la_bool=T
id_basic=(M_success (),<|adj_ls := [[2]; []; [0]; []; []]; node_tag := [Fixed 0; Atemp; Atemp; Atemp; Atemp]; degrees := [3; 6; 4; 1; 5]; dim := 5; simp_wl := []; spill_wl := []; freeze_wl := []; avail_moves_wl := []; unavail_moves_wl := []; coalesced := [0; 1; 1; 2; 4]; move_related := [F; T; T; F; T]; stack := []|>)
id_oob=(M_failure Subscript,<|adj_ls := [[2]; []; [0]; []; []]; node_tag := [Fixed 0; Atemp; Atemp; Atemp; Atemp]; degrees := [3; 1; 4; 1; 5]; dim := 5; simp_wl := []; spill_wl := []; freeze_wl := []; avail_moves_wl := []; unavail_moves_wl := []; coalesced := [0; 1; 1; 2; 4]; move_related := [F; T; T; F; T]; stack := []|>)
co_same=(M_success F,<|adj_ls := [[2]; []; [0]; []; []]; node_tag := [Fixed 0; Atemp; Atemp; Atemp; Atemp]; degrees := [3; 1; 4; 1; 5]; dim := 5; simp_wl := []; spill_wl := []; freeze_wl := []; avail_moves_wl := []; unavail_moves_wl := []; coalesced := [0; 1; 1; 2; 4]; move_related := [F; T; T; F; T]; stack := []|>)
co_adjacent=(M_success F,<|adj_ls := [[2]; []; [0]; []; []]; node_tag := [Fixed 0; Atemp; Atemp; Atemp; Atemp]; degrees := [3; 1; 4; 1; 5]; dim := 5; simp_wl := []; spill_wl := []; freeze_wl := []; avail_moves_wl := []; unavail_moves_wl := []; coalesced := [0; 1; 1; 2; 4]; move_related := [F; T; T; F; T]; stack := []|>)
co_fixed_mr=(M_success T,<|adj_ls := [[2]; []; [0]; []; []]; node_tag := [Fixed 0; Atemp; Atemp; Atemp; Atemp]; degrees := [3; 1; 4; 1; 5]; dim := 5; simp_wl := []; spill_wl := []; freeze_wl := []; avail_moves_wl := []; unavail_moves_wl := []; coalesced := [0; 1; 1; 2; 4]; move_related := [F; T; T; F; T]; stack := []|>)
co_not_mr=(M_success F,<|adj_ls := [[2]; []; [0]; []; []]; node_tag := [Fixed 0; Atemp; Atemp; Atemp; Atemp]; degrees := [3; 1; 4; 1; 5]; dim := 5; simp_wl := []; spill_wl := []; freeze_wl := []; avail_moves_wl := []; unavail_moves_wl := []; coalesced := [0; 1; 1; 2; 4]; move_related := [F; T; T; F; T]; stack := []|>)
co_both_mr=(M_success T,<|adj_ls := [[2]; []; [0]; []; []]; node_tag := [Fixed 0; Atemp; Atemp; Atemp; Atemp]; degrees := [3; 1; 4; 1; 5]; dim := 5; simp_wl := []; spill_wl := []; freeze_wl := []; avail_moves_wl := []; unavail_moves_wl := []; coalesced := [0; 1; 1; 2; 4]; move_related := [F; T; T; F; T]; stack := []|>)
co_oob=(M_failure Subscript,<|adj_ls := [[2]; []; [0]; []; []]; node_tag := [Fixed 0; Atemp; Atemp; Atemp; Atemp]; degrees := [3; 1; 4; 1; 5]; dim := 5; simp_wl := []; spill_wl := []; freeze_wl := []; avail_moves_wl := []; unavail_moves_wl := []; coalesced := [0; 1; 1; 2; 4]; move_related := [F; T; T; F; T]; stack := []|>)
cp_self=(M_success 1,<|adj_ls := [[2]; []; [0]; []; []]; node_tag := [Fixed 0; Atemp; Atemp; Atemp; Atemp]; degrees := [3; 1; 4; 1; 5]; dim := 5; simp_wl := []; spill_wl := []; freeze_wl := []; avail_moves_wl := []; unavail_moves_wl := []; coalesced := [0; 1; 1; 2; 4]; move_related := [F; T; T; F; T]; stack := []|>)
cp_chain=(M_success 1,<|adj_ls := [[2]; []; [0]; []; []]; node_tag := [Fixed 0; Atemp; Atemp; Atemp; Atemp]; degrees := [3; 1; 4; 1; 5]; dim := 5; simp_wl := []; spill_wl := []; freeze_wl := []; avail_moves_wl := []; unavail_moves_wl := []; coalesced := [0; 1; 1; 1; 4]; move_related := [F; T; T; F; T]; stack := []|>)
cp_fixed=(M_success 0,<|adj_ls := [[2]; []; [0]; []; []]; node_tag := [Fixed 0; Atemp; Atemp; Atemp; Atemp]; degrees := [3; 1; 4; 1; 5]; dim := 5; simp_wl := []; spill_wl := []; freeze_wl := []; avail_moves_wl := []; unavail_moves_wl := []; coalesced := [0; 1; 1; 2; 4]; move_related := [F; T; T; F; T]; stack := []|>)
cp_forward=(M_success 1,<|adj_ls := [[2]; []; [0]; []; []]; node_tag := [Fixed 0; Atemp; Atemp; Atemp; Atemp]; degrees := [3; 1; 4; 1; 5]; dim := 5; simp_wl := []; spill_wl := []; freeze_wl := []; avail_moves_wl := []; unavail_moves_wl := []; coalesced := [0; 3; 1; 3; 4]; move_related := [F; T; T; F; T]; stack := []|>)
cp_oob=(M_failure Subscript,<|adj_ls := [[2]; []; [0]; []; []]; node_tag := [Fixed 0; Atemp; Atemp; Atemp; Atemp]; degrees := [3; 1; 4; 1; 5]; dim := 5; simp_wl := []; spill_wl := []; freeze_wl := []; avail_moves_wl := []; unavail_moves_wl := []; coalesced := [0; 1; 1; 2; 4]; move_related := [F; T; T; F; T]; stack := []|>)
cm_fixed_second=(M_success (0,2),<|adj_ls := [[2]; []; [0]; []; []]; node_tag := [Fixed 0; Atemp; Atemp; Atemp; Atemp]; degrees := [3; 1; 4; 1; 5]; dim := 5; simp_wl := []; spill_wl := []; freeze_wl := []; avail_moves_wl := []; unavail_moves_wl := []; coalesced := [0; 1; 1; 2; 4]; move_related := [F; T; T; F; T]; stack := []|>)
cm_fixed_first=(M_success (0,2),<|adj_ls := [[2]; []; [0]; []; []]; node_tag := [Fixed 0; Atemp; Atemp; Atemp; Atemp]; degrees := [3; 1; 4; 1; 5]; dim := 5; simp_wl := []; spill_wl := []; freeze_wl := []; avail_moves_wl := []; unavail_moves_wl := []; coalesced := [0; 1; 1; 2; 4]; move_related := [F; T; T; F; T]; stack := []|>)
cm_order=(M_success (1,4),<|adj_ls := [[2]; []; [0]; []; []]; node_tag := [Fixed 0; Atemp; Atemp; Atemp; Atemp]; degrees := [3; 1; 4; 1; 5]; dim := 5; simp_wl := []; spill_wl := []; freeze_wl := []; avail_moves_wl := []; unavail_moves_wl := []; coalesced := [0; 1; 1; 2; 4]; move_related := [F; T; T; F; T]; stack := []|>)
sf_empty=(M_success (NONE,[(9,9,9)]),<|adj_ls := [[2]; []; [0]; []; []]; node_tag := [Fixed 0; Atemp; Atemp; Atemp; Atemp]; degrees := [3; 1; 4; 1; 5]; dim := 5; simp_wl := []; spill_wl := []; freeze_wl := []; avail_moves_wl := []; unavail_moves_wl := []; coalesced := [0; 1; 1; 2; 4]; move_related := [F; T; T; F; T]; stack := []|>)
sf_first=(M_success (SOME ((0,4),T,[(3,3,1)]),[(1,1,4)]),<|adj_ls := [[2]; []; [0]; []; []]; node_tag := [Fixed 0; Atemp; Atemp; Atemp; Atemp]; degrees := [3; 1; 4; 1; 5]; dim := 5; simp_wl := []; spill_wl := []; freeze_wl := []; avail_moves_wl := []; unavail_moves_wl := []; coalesced := [0; 1; 1; 2; 4]; move_related := [F; T; T; F; T]; stack := []|>)
sf_none=(M_success (NONE,[]),<|adj_ls := [[2]; []; [0]; []; []]; node_tag := [Fixed 0; Atemp; Atemp; Atemp; Atemp]; degrees := [3; 1; 4; 1; 5]; dim := 5; simp_wl := []; spill_wl := []; freeze_wl := []; avail_moves_wl := []; unavail_moves_wl := []; coalesced := [0; 1; 1; 1; 4]; move_related := [F; T; T; F; T]; stack := []|>)
rmr_basic=(M_success (),<|adj_ls := [[2]; []; [0]; []; []]; node_tag := [Fixed 0; Atemp; Atemp; Atemp; Atemp]; degrees := [3; 1; 4; 1; 5]; dim := 5; simp_wl := []; spill_wl := []; freeze_wl := []; avail_moves_wl := []; unavail_moves_wl := []; coalesced := [0; 1; 1; 2; 4]; move_related := [F; F; T; T; T]; stack := []|>)
rmr_oob=(M_failure Subscript,<|adj_ls := [[2]; []; [0]; []; []]; node_tag := [Fixed 0; Atemp; Atemp; Atemp; Atemp]; degrees := [3; 1; 4; 1; 5]; dim := 5; simp_wl := []; spill_wl := []; freeze_wl := []; avail_moves_wl := []; unavail_moves_wl := []; coalesced := [0; 1; 1; 2; 4]; move_related := [F; F; F; F; F]; stack := []|>)
maxd_basic=(M_success (4,[2; 0; 1]),<|adj_ls := [[2]; []; [0]; []; []]; node_tag := [Fixed 0; Atemp; Atemp; Atemp; Atemp]; degrees := [3; 1; 4; 1; 5]; dim := 5; simp_wl := []; spill_wl := []; freeze_wl := []; avail_moves_wl := []; unavail_moves_wl := []; coalesced := [0; 1; 1; 2; 4]; move_related := [F; T; T; F; T]; stack := []|>)
maxd_tie=(M_success (2,[1; 3; 8]),<|adj_ls := [[2]; []; [0]; []; []]; node_tag := [Fixed 0; Atemp; Atemp; Atemp; Atemp]; degrees := [3; 1; 4; 1; 5]; dim := 5; simp_wl := []; spill_wl := []; freeze_wl := []; avail_moves_wl := []; unavail_moves_wl := []; coalesced := [0; 1; 1; 2; 4]; move_related := [F; T; T; F; T]; stack := []|>)
maxd_oob_dim=(M_failure Subscript,<|adj_ls := [[2]; []; [0]; []; []]; node_tag := [Fixed 0; Atemp; Atemp; Atemp; Atemp]; degrees := [1]; dim := 5; simp_wl := []; spill_wl := []; freeze_wl := []; avail_moves_wl := []; unavail_moves_wl := []; coalesced := [0; 1; 1; 2; 4]; move_related := [F; T; T; F; T]; stack := []|>)
minc_basic=(M_success (4,[2; 0; 1]),<|adj_ls := [[2]; []; [0]; []; []]; node_tag := [Fixed 0; Atemp; Atemp; Atemp; Atemp]; degrees := [3; 1; 4; 1; 5]; dim := 5; simp_wl := []; spill_wl := []; freeze_wl := []; avail_moves_wl := []; unavail_moves_wl := []; coalesced := [0; 1; 1; 2; 4]; move_related := [F; T; T; F; T]; stack := []|>)
minc_zero_deg=(M_success (1,[0]),<|adj_ls := [[2]; []; [0]; []; []]; node_tag := [Fixed 0; Atemp; Atemp; Atemp; Atemp]; degrees := [0; 0]; dim := 5; simp_wl := []; spill_wl := []; freeze_wl := []; avail_moves_wl := []; unavail_moves_wl := []; coalesced := [0; 1; 1; 2; 4]; move_related := [F; T; T; F; T]; stack := []|>)
