fi_type=:(α -> β -> (bool, γ) exc # β) -> α list -> α list -> β -> (α list, γ) exc # β
si_type=:num -> num list -> num list -> num list
fi_empty=(M_success [8; 9],7)
fi_mixed=(M_success [4; 2; 90],1234)
fi_all_true=(M_success [7; 6; 5],3)
fi_all_false=(M_success [1],3)
fi_duplicates=(M_success [2; 2; 2; 2],7)
fi_state_pred=(M_success [30; 10],4)
fi_fail_first=(M_failure 17,12)
fi_fail_middle=(M_failure 17,14)
fi_fail_last=(M_failure 17,17)
fi_bool_value=(M_success [F; F; T],9)
fi_large=(M_success [18446744073709551616],2)
si_empty=[6]
si_empty_acc=[8; 9; 6]
si_middle=[7; 5; 4; 2]
si_dup=[7; 4; 2]
si_end=[7; 4; 2; 1]
si_front=[9; 7; 4; 2]
si_acc=[10; 12; 7; 5; 4; 2]
si_acc_dup=[10; 12; 7; 4; 2]
si_unsorted=[5; 3; 9; 5]
si_unsorted_dup_later=[9; 3; 9; 5]
si_zero=[0]
si_large=[18446744073709551617; 18446744073709551616; 2]
