tc_type=:tag -> num
uc_type=:num -> num list -> num
et_type=:tag -> num
pmi_type=:α -> num -> β -> (α # β) list sptree$num_map -> (α # β) list sptree$num_map
umi_type=:α -> num -> num -> (α # num) list sptree$num_map -> (α # num) list sptree$num_map
mts_type=:(α # num # num) list -> (α # num) list sptree$num_map -> (α # num) list sptree$num_map
rm_type=:(num # α) list sptree$num_map -> α list sptree$num_map
tc_fixed=5
tc_atemp=0
tc_stemp=0
et_fixed=18446744073709551616
et_atemp=0
et_stemp=0
uc_empty=4
uc_gap=5
uc_below=2
uc_dup=3
uc_run=4
uc_unsorted=2
uc_unsorted_miss=4
uc_large=18446744073709551617
pmi_empty=BN LN (BN LN (LS [(7,9)]))
pmi_existing=BS LN [] (BN LN (LS [(7,9); (1,2)]))
pmi_bool=LS [(T,F); (F,T)]
umi_empty=BN (LS [(7,1)]) (LS [(7,2)])
umi_self=BN (BN LN (LS [(7,4); (7,4)])) LN
mts_empty=BN LN (BN (LS [(1,1)]) LN)
mts_three=BN (LS [(5,1); (3,3); (5,1)]) (BS LN [(5,2); (5,2)] (LS [(3,2)]))
mts_bool=BS LN [(F,1); (T,1)] (LS [(F,0); (T,0)])
rm_three=BN (LS [1; 1; 3]) (BS LN [2; 2] (LS [2]))
rm_ties=LS [F; F; T; T]
rm_empty_list=BN LN (LS [])
