branch_equal_reg_short=[99; 136; 32; 0]
branch_equal_reg_long=[99; 148; 32; 0; 111; 16; 208; 127]
branch_equal_imm_short=[147; 111; 112; 0; 99; 134; 240; 1]
branch_equal_imm_long=[147; 111; 112; 0; 99; 148; 240; 1; 111; 16; 144; 127]
branch_notequal_reg_short=[99; 152; 32; 0]
branch_notequal_reg_long=[99; 132; 32; 0; 111; 16; 208; 127]
branch_notequal_imm_short=[147; 111; 112; 0; 99; 150; 240; 1]
branch_notequal_imm_long=[147; 111; 112; 0; 99; 132; 240; 1; 111; 16; 144; 127]
branch_less_reg_short=[99; 200; 32; 0]
branch_less_reg_long=[99; 212; 32; 0; 111; 16; 208; 127]
branch_less_imm_short=[147; 111; 112; 0; 99; 198; 240; 1]
branch_less_imm_long=[147; 111; 112; 0; 99; 212; 240; 1; 111; 16; 144; 127]
branch_notless_reg_short=[99; 216; 32; 0]
branch_notless_reg_long=[99; 196; 32; 0; 111; 16; 208; 127]
branch_notless_imm_short=[147; 111; 112; 0; 99; 214; 240; 1]
branch_notless_imm_long=[147; 111; 112; 0; 99; 196; 240; 1; 111; 16; 144; 127]
branch_lower_reg_short=[99; 232; 32; 0]
branch_lower_reg_long=[99; 244; 32; 0; 111; 16; 208; 127]
branch_lower_imm_short=[147; 111; 112; 0; 99; 230; 240; 1]
branch_lower_imm_long=[147; 111; 112; 0; 99; 244; 240; 1; 111; 16; 144; 127]
branch_notlower_reg_short=[99; 248; 32; 0]
branch_notlower_reg_long=[99; 228; 32; 0; 111; 16; 208; 127]
branch_notlower_imm_short=[147; 111; 112; 0; 99; 246; 240; 1]
branch_notlower_imm_long=[147; 111; 112; 0; 99; 228; 240; 1; 111; 16; 144; 127]
branch_test_reg_short=[179; 255; 32; 0; 99; 134; 15; 0]
branch_test_reg_long=[179; 255; 32; 0; 99; 148; 15; 0; 111; 16; 144; 127]
branch_test_imm_short=[147; 255; 112; 0; 99; 134; 15; 0]
branch_test_imm_long=[147; 255; 112; 0; 99; 148; 15; 0; 111; 16; 144; 127]
branch_nottest_reg_short=[179; 255; 32; 0; 99; 150; 15; 0]
branch_nottest_reg_long=[179; 255; 32; 0; 99; 132; 15; 0; 111; 16; 144; 127]
branch_nottest_imm_short=[147; 255; 112; 0; 99; 150; 15; 0]
branch_nottest_imm_long=[147; 255; 112; 0; 99; 132; 15; 0; 111; 16; 144; 127]
