spt_union_insert_all=T
spt_union_assoc_all=T
spt_union_unit_sym_all=T
spt_union_singleton_all=T
spt_union_insert_empty_0=T
spt_union_insert_empty_1=T
spt_union_insert_empty_2=T
spt_union_insert_empty_17=T
spt_union_insert_leaf_0=T
spt_union_insert_leaf_1=T
spt_union_insert_leaf_2=T
spt_union_insert_leaf_17=T
spt_union_insert_empty_internal_0=T
spt_union_insert_empty_internal_1=T
spt_union_insert_empty_internal_2=T
spt_union_insert_empty_internal_17=T
spt_union_insert_branch_0=T
spt_union_insert_branch_1=T
spt_union_insert_branch_2=T
spt_union_insert_branch_17=T
spt_union_insert_root_0=T
spt_union_insert_root_1=T
spt_union_insert_root_2=T
spt_union_insert_root_17=T
spt_union_insert_malformed_nested_0=T
spt_union_insert_malformed_nested_1=T
spt_union_insert_malformed_nested_2=T
spt_union_insert_malformed_nested_17=T
spt_union_left_bias=T
spt_union_nat_noncomm=T
spt_union_malformed_retained=T
spt_union_unit_malformed=T
