sw_full_wf_def=⊢ (wf LN ⇔ T) ∧ (∀a. wf ⦕ 0 ↦ a ⦖ ⇔ T) ∧ (∀t1 t2. wf (BN t1 t2) ⇔ wf t1 ∧ wf t2 ∧ ¬(isEmpty t1 ∧ isEmpty t2)) ∧ ∀t1 a t2. wf (BS t1 a t2) ⇔ wf t1 ∧ wf t2 ∧ ¬(isEmpty t1 ∧ isEmpty t2)
sw_tree_0=(pair$, (bool$T) (bool$T))
sw_tree_1=(pair$, (bool$T) (bool$F))
sw_tree_2=(pair$, (bool$F) (bool$F))
sw_tree_3=(pair$, (bool$T) (bool$F))
sw_tree_4=(pair$, (bool$F) (bool$F))
sw_tree_5=(pair$, (bool$T) (bool$F))
sw_tree_6=(pair$, (bool$T) (bool$F))
sw_tree_7=(pair$, (bool$T) (bool$F))
sw_tree_8=(pair$, (bool$F) (bool$F))
sw_tree_9=(pair$, (bool$T) (bool$F))
sw_tree_10=(pair$, (bool$T) (bool$F))
sw_tree_11=(pair$, (bool$T) (bool$F))
sw_tree_12=(pair$, (bool$T) (bool$F))
sw_tree_13=(pair$, (bool$T) (bool$F))
sw_tree_14=(pair$, (bool$F) (bool$F))
sw_tree_15=(pair$, (bool$T) (bool$F))
sw_tree_16=(pair$, (bool$T) (bool$F))
sw_tree_17=(pair$, (bool$T) (bool$F))
sw_tree_18=(pair$, (bool$F) (bool$F))
sw_tree_19=(pair$, (bool$T) (bool$F))
sw_tree_20=(pair$, (bool$T) (bool$F))
sw_tree_21=(pair$, (bool$T) (bool$F))
sw_tree_22=(pair$, (bool$F) (bool$F))
sw_tree_23=(pair$, (bool$F) (bool$F))
sw_tree_24=(pair$, (bool$F) (bool$F))
sw_tree_25=(pair$, (bool$F) (bool$F))
sw_tree_26=(pair$, (bool$F) (bool$F))
sw_tree_27=(pair$, (bool$F) (bool$F))
sw_tree_28=(pair$, (bool$F) (bool$F))
sw_tree_29=(pair$, (bool$F) (bool$F))
sw_tree_30=(pair$, (bool$F) (bool$F))
sw_tree_31=(pair$, (bool$F) (bool$F))
sw_tree_32=(pair$, (bool$T) (bool$F))
sw_tree_33=(pair$, (bool$T) (bool$F))
sw_tree_34=(pair$, (bool$F) (bool$F))
sw_tree_35=(pair$, (bool$T) (bool$F))
sw_tree_36=(pair$, (bool$T) (bool$F))
sw_tree_37=(pair$, (bool$T) (bool$F))
sw_tree_38=(pair$, (bool$F) (bool$F))
sw_tree_39=(pair$, (bool$T) (bool$F))
sw_tree_40=(pair$, (bool$T) (bool$F))
sw_tree_41=(pair$, (bool$T) (bool$F))
sw_tree_42=(pair$, (bool$T) (bool$F))
sw_tree_43=(pair$, (bool$T) (bool$F))
sw_tree_44=(pair$, (bool$F) (bool$F))
sw_tree_45=(pair$, (bool$T) (bool$F))
sw_tree_46=(pair$, (bool$T) (bool$F))
sw_tree_47=(pair$, (bool$T) (bool$F))
sw_tree_48=(pair$, (bool$F) (bool$F))
sw_tree_49=(pair$, (bool$T) (bool$F))
sw_tree_50=(pair$, (bool$T) (bool$F))
sw_tree_51=(pair$, (bool$T) (bool$F))
sw_tree_52=(pair$, (bool$T) (bool$F))
sw_tree_53=(pair$, (bool$T) (bool$F))
sw_tree_54=(pair$, (bool$F) (bool$F))
sw_tree_55=(pair$, (bool$T) (bool$F))
sw_tree_56=(pair$, (bool$T) (bool$F))
sw_tree_57=(pair$, (bool$T) (bool$F))
sw_tree_58=(pair$, (bool$F) (bool$F))
sw_tree_59=(pair$, (bool$T) (bool$F))
sw_tree_60=(pair$, (bool$T) (bool$F))
sw_tree_61=(pair$, (bool$T) (bool$F))
sw_tree_62=(pair$, (bool$F) (bool$F))
sw_tree_63=(pair$, (bool$F) (bool$F))
sw_tree_64=(pair$, (bool$F) (bool$F))
sw_tree_65=(pair$, (bool$F) (bool$F))
sw_tree_66=(pair$, (bool$F) (bool$F))
sw_tree_67=(pair$, (bool$F) (bool$F))
sw_tree_68=(pair$, (bool$F) (bool$F))
sw_tree_69=(pair$, (bool$F) (bool$F))
sw_tree_70=(pair$, (bool$F) (bool$F))
sw_tree_71=(pair$, (bool$F) (bool$F))
sw_tree_72=(pair$, (bool$T) (bool$F))
sw_tree_73=(pair$, (bool$T) (bool$F))
sw_tree_74=(pair$, (bool$F) (bool$F))
sw_tree_75=(pair$, (bool$T) (bool$F))
sw_tree_76=(pair$, (bool$T) (bool$F))
sw_tree_77=(pair$, (bool$T) (bool$F))
sw_tree_78=(pair$, (bool$F) (bool$F))
sw_tree_79=(pair$, (bool$T) (bool$F))
sw_tree_80=(pair$, (bool$T) (bool$F))
sw_tree_81=(pair$, (bool$T) (bool$F))
sw_tree_82=(pair$, (bool$T) (bool$F))
sw_tree_83=(pair$, (bool$T) (bool$F))
sw_tree_84=(pair$, (bool$F) (bool$F))
sw_tree_85=(pair$, (bool$T) (bool$F))
sw_tree_86=(pair$, (bool$T) (bool$F))
sw_tree_87=(pair$, (bool$T) (bool$F))
sw_tree_88=(pair$, (bool$F) (bool$F))
sw_tree_89=(pair$, (bool$T) (bool$F))
sw_tree_90=(pair$, (bool$T) (bool$F))
sw_tree_91=(pair$, (bool$T) (bool$F))
sw_tree_92=(pair$, (bool$T) (bool$F))
sw_tree_93=(pair$, (bool$T) (bool$F))
sw_tree_94=(pair$, (bool$F) (bool$F))
sw_tree_95=(pair$, (bool$T) (bool$F))
sw_tree_96=(pair$, (bool$T) (bool$F))
sw_tree_97=(pair$, (bool$T) (bool$F))
sw_tree_98=(pair$, (bool$F) (bool$F))
sw_tree_99=(pair$, (bool$T) (bool$F))
sw_tree_100=(pair$, (bool$T) (bool$F))
sw_tree_101=(pair$, (bool$T) (bool$F))
sw_tree_102=(pair$, (bool$F) (bool$F))
sw_tree_103=(pair$, (bool$T) (bool$F))
sw_tree_104=(pair$, (bool$F) (bool$F))
sw_tree_105=(pair$, (bool$T) (bool$F))
sw_tree_106=(pair$, (bool$T) (bool$F))
sw_tree_107=(pair$, (bool$T) (bool$F))
sw_tree_108=(pair$, (bool$F) (bool$F))
sw_tree_109=(pair$, (bool$T) (bool$F))
sw_tree_110=(pair$, (bool$T) (bool$F))
sw_tree_111=(pair$, (bool$T) (bool$F))
sw_tree_112=(pair$, (bool$T) (bool$F))
sw_tree_113=(pair$, (bool$T) (bool$F))
sw_tree_114=(pair$, (bool$F) (bool$F))
sw_tree_115=(pair$, (bool$T) (bool$F))
sw_tree_116=(pair$, (bool$T) (bool$F))
sw_tree_117=(pair$, (bool$T) (bool$F))
sw_tree_118=(pair$, (bool$F) (bool$F))
sw_tree_119=(pair$, (bool$T) (bool$F))
sw_tree_120=(pair$, (bool$T) (bool$F))
sw_tree_121=(pair$, (bool$T) (bool$F))
sw_tree_122=(pair$, (bool$F) (bool$F))
sw_tree_123=(pair$, (bool$F) (bool$F))
sw_tree_124=(pair$, (bool$F) (bool$F))
sw_tree_125=(pair$, (bool$F) (bool$F))
sw_tree_126=(pair$, (bool$F) (bool$F))
sw_tree_127=(pair$, (bool$F) (bool$F))
sw_tree_128=(pair$, (bool$F) (bool$F))
sw_tree_129=(pair$, (bool$F) (bool$F))
sw_tree_130=(pair$, (bool$F) (bool$F))
sw_tree_131=(pair$, (bool$F) (bool$F))
sw_tree_132=(pair$, (bool$T) (bool$F))
sw_tree_133=(pair$, (bool$T) (bool$F))
sw_tree_134=(pair$, (bool$F) (bool$F))
sw_tree_135=(pair$, (bool$T) (bool$F))
sw_tree_136=(pair$, (bool$T) (bool$F))
sw_tree_137=(pair$, (bool$T) (bool$F))
sw_tree_138=(pair$, (bool$F) (bool$F))
sw_tree_139=(pair$, (bool$T) (bool$F))
sw_tree_140=(pair$, (bool$T) (bool$F))
sw_tree_141=(pair$, (bool$T) (bool$F))
sw_tree_142=(pair$, (bool$T) (bool$F))
sw_tree_143=(pair$, (bool$T) (bool$F))
sw_tree_144=(pair$, (bool$F) (bool$F))
sw_tree_145=(pair$, (bool$T) (bool$F))
sw_tree_146=(pair$, (bool$T) (bool$F))
sw_tree_147=(pair$, (bool$T) (bool$F))
sw_tree_148=(pair$, (bool$F) (bool$F))
sw_tree_149=(pair$, (bool$T) (bool$F))
sw_tree_150=(pair$, (bool$T) (bool$F))
sw_tree_151=(pair$, (bool$T) (bool$F))
sw_tree_152=(pair$, (bool$T) (bool$F))
sw_tree_153=(pair$, (bool$T) (bool$F))
sw_tree_154=(pair$, (bool$F) (bool$F))
sw_tree_155=(pair$, (bool$T) (bool$F))
sw_tree_156=(pair$, (bool$T) (bool$F))
sw_tree_157=(pair$, (bool$T) (bool$F))
sw_tree_158=(pair$, (bool$F) (bool$F))
sw_tree_159=(pair$, (bool$T) (bool$F))
sw_tree_160=(pair$, (bool$T) (bool$F))
sw_tree_161=(pair$, (bool$T) (bool$F))
sw_tree_162=(pair$, (bool$F) (bool$F))
sw_tree_163=(pair$, (bool$F) (bool$F))
sw_tree_164=(pair$, (bool$F) (bool$F))
sw_tree_165=(pair$, (bool$F) (bool$F))
sw_tree_166=(pair$, (bool$F) (bool$F))
sw_tree_167=(pair$, (bool$F) (bool$F))
sw_tree_168=(pair$, (bool$F) (bool$F))
sw_tree_169=(pair$, (bool$F) (bool$F))
sw_tree_170=(pair$, (bool$F) (bool$F))
sw_tree_171=(pair$, (bool$F) (bool$F))
sw_tree_172=(pair$, (bool$T) (bool$F))
sw_tree_173=(pair$, (bool$T) (bool$F))
sw_tree_174=(pair$, (bool$F) (bool$F))
sw_tree_175=(pair$, (bool$T) (bool$F))
sw_tree_176=(pair$, (bool$T) (bool$F))
sw_tree_177=(pair$, (bool$T) (bool$F))
sw_tree_178=(pair$, (bool$F) (bool$F))
sw_tree_179=(pair$, (bool$T) (bool$F))
sw_tree_180=(pair$, (bool$T) (bool$F))
sw_tree_181=(pair$, (bool$T) (bool$F))
sw_tree_182=(pair$, (bool$T) (bool$F))
sw_tree_183=(pair$, (bool$T) (bool$F))
sw_tree_184=(pair$, (bool$F) (bool$F))
sw_tree_185=(pair$, (bool$T) (bool$F))
sw_tree_186=(pair$, (bool$T) (bool$F))
sw_tree_187=(pair$, (bool$T) (bool$F))
sw_tree_188=(pair$, (bool$F) (bool$F))
sw_tree_189=(pair$, (bool$T) (bool$F))
sw_tree_190=(pair$, (bool$T) (bool$F))
sw_tree_191=(pair$, (bool$T) (bool$F))
sw_tree_192=(pair$, (bool$T) (bool$F))
sw_tree_193=(pair$, (bool$T) (bool$F))
sw_tree_194=(pair$, (bool$F) (bool$F))
sw_tree_195=(pair$, (bool$T) (bool$F))
sw_tree_196=(pair$, (bool$T) (bool$F))
sw_tree_197=(pair$, (bool$T) (bool$F))
sw_tree_198=(pair$, (bool$F) (bool$F))
sw_tree_199=(pair$, (bool$T) (bool$F))
sw_tree_200=(pair$, (bool$T) (bool$F))
sw_tree_201=(pair$, (bool$T) (bool$F))
sw_tree_202=(pair$, (bool$T) (bool$F))
sw_tree_203=(pair$, (bool$F) (bool$F))
sw_tree_204=(pair$, (bool$T) (bool$F))
sw_tree_205=(pair$, (bool$F) (bool$F))
sw_tree_206=(pair$, (bool$T) (bool$F))
sw_tree_207=(pair$, (bool$F) (bool$F))
sw_tree_208=(pair$, (bool$T) (bool$F))
sw_tree_209=(pair$, (bool$F) (bool$F))
sw_tree_210=(pair$, (bool$T) (bool$F))
sw_tree_211=(pair$, (bool$F) (bool$F))
sw_tree_212=(pair$, (bool$T) (bool$F))
sw_tree_213=(pair$, (bool$F) (bool$F))
sw_tree_214=(pair$, (bool$T) (bool$F))
sw_tree_215=(pair$, (bool$F) (bool$F))
sw_tree_216=(pair$, (bool$T) (bool$F))
sw_tree_217=(pair$, (bool$F) (bool$F))
sw_tree_218=(pair$, (bool$T) (bool$F))
sw_tree_219=(pair$, (bool$F) (bool$F))
sw_tree_220=(pair$, (bool$T) (bool$F))
sw_tree_221=(pair$, (bool$F) (bool$F))
sw_tree_222=(pair$, (bool$T) (bool$F))
sw_tree_223=(pair$, (bool$F) (bool$F))
sw_tree_224=(pair$, (bool$T) (bool$F))
sw_tree_225=(pair$, (bool$F) (bool$F))
sw_tree_226=(pair$, (bool$T) (bool$F))
sw_tree_227=(pair$, (bool$F) (bool$F))
sw_tree_228=(pair$, (bool$T) (bool$F))
sw_tree_229=(pair$, (bool$F) (bool$F))
sw_tree_230=(pair$, (bool$T) (bool$F))
sw_tree_231=(pair$, (bool$F) (bool$F))
sw_tree_232=(pair$, (bool$T) (bool$F))
sw_tree_233=(pair$, (bool$F) (bool$F))
sw_tree_234=(pair$, (bool$T) (bool$F))
sw_tree_235=(pair$, (bool$F) (bool$F))
sw_tree_236=(pair$, (bool$T) (bool$F))
sw_tree_237=(pair$, (bool$F) (bool$F))
sw_tree_238=(pair$, (bool$T) (bool$F))
sw_tree_239=(pair$, (bool$F) (bool$F))
sw_tree_240=(pair$, (bool$T) (bool$F))
sw_tree_241=(pair$, (bool$F) (bool$F))
sw_tree_242=(pair$, (bool$T) (bool$F))
sw_tree_243=(pair$, (bool$F) (bool$F))
sw_tree_244=(pair$, (bool$T) (bool$F))
sw_tree_245=(pair$, (bool$F) (bool$F))
sw_tree_246=(pair$, (bool$T) (bool$F))
sw_tree_247=(pair$, (bool$F) (bool$F))
sw_tree_248=(pair$, (bool$T) (bool$F))
sw_tree_249=(pair$, (bool$F) (bool$F))
sw_function_0=(pair$, (bool$T) (bool$T))
sw_function_1=(pair$, (bool$T) (bool$F))
sw_function_2=(pair$, (bool$T) (bool$F))
sw_function_3=(pair$, (bool$F) (bool$F))
