merge_empty=([],[],5,⦕ 1 ↦ 7 ⦖,⦕ 1 ↦ 9 ⦖)
merge_missing_both=([],[],5,LN,LN)
merge_missing_left=([],[],5,LN,⦕ 1 ↦ 9 ⦖)
merge_missing_right=([],[],5,⦕ 1 ↦ 7 ⦖,LN)
merge_equal=([],[],5,⦕ 1 ↦ 7 ⦖,⦕ 1 ↦ 7 ⦖)
merge_unequal=([(5,7)],[(5,9)],9,⦕ 1 ↦ 5 ⦖,⦕ 1 ↦ 5 ⦖)
merge_tail_order=([(9,7); (5,11)],[(9,9); (5,13)],13,⦕ 0 ↦ 9; 2 ↦ 5 ⦖,⦕ 0 ↦ 9; 2 ↦ 5 ⦖)
merge_duplicate=([(5,7)],[(5,9)],9,⦕ 1 ↦ 5 ⦖,⦕ 1 ↦ 5 ⦖)
merge_invalid=([],[],0,BN LN LN,⦕ 0 ↦ 7; 4 ↦ 9 ⦖)
merge_big=([(18446744073709551616,18446744073709551616)],[(18446744073709551616,3)],
 18446744073709551620,⦕ 0 ↦ 18446744073709551616 ⦖,
 ⦕ 0 ↦ 18446744073709551616 ⦖)
merge_definition=⊢ (∀ssa_L ssa_R na. merge_moves [] ssa_L ssa_R na = ([],[],na,ssa_L,ssa_R)) ∧
  ∀x xs ssa_L ssa_R na.
    merge_moves (x::xs) ssa_L ssa_R na =
    (let
       (seqL,seqR,na',ssa_L',ssa_R') = merge_moves xs ssa_L ssa_R na;
       optLx = lookup x ssa_L';
       optLy = lookup x ssa_R'
     in
       case (optLx,optLy) of
         (NONE,v3) => (seqL,seqR,na',ssa_L',ssa_R')
       | (SOME Lx,NONE) => (seqL,seqR,na',ssa_L',ssa_R')
       | (SOME Lx,SOME Ly) =>
         if Lx = Ly then (seqL,seqR,na',ssa_L',ssa_R')
         else
           (let
              Lmove = (na',Lx);
              Rmove = (na',Ly)
            in
              (Lmove::seqL,Rmove::seqR,na' + 4,insert x na' ssa_L',
               insert x na' ssa_R')))
merge_original_type=:num list ->
num sptree$num_map ->
num sptree$num_map ->
num ->
(num # num) list #
(num # num) list # num # num sptree$num_map # num sptree$num_map
