spa_alloc_full=⊢ ∀num numset ssa na lt prog' ssa' na'. ssa_cc_trans (Alloc num numset) ssa na lt = (prog',ssa',na') ⇒ ssa_map_ok na ssa ∧ is_alloc_var na ⇒ na ≤ na' ∧ is_alloc_var na' ∧ ssa_map_ok na' ssa'
spa_alloc_type_num=:num
spa_alloc_type_numset=:sptree$num_set # sptree$num_set
spa_alloc_type_ssa=:num sptree$num_map
spa_alloc_type_na=:num
spa_alloc_type_lt=:(num sptree$num_map # sptree$num_set # sptree$num_set) list
spa_alloc_type_progOut=:α prog
spa_alloc_type_ssaOut=:num sptree$num_map
spa_alloc_type_naOut=:num
spa_install_full=⊢ ∀ptr len dptr dlen numset ssa na lt prog' ssa' na'. ssa_cc_trans (Install ptr len dptr dlen numset) ssa na lt = (prog',ssa',na') ⇒ ssa_map_ok na ssa ∧ is_alloc_var na ⇒ na ≤ na' ∧ is_alloc_var na' ∧ ssa_map_ok na' ssa'
spa_install_type_ptr=:num
spa_install_type_len=:num
spa_install_type_dptr=:num
spa_install_type_dlen=:num
spa_install_type_numset=:sptree$num_set # sptree$num_set
spa_install_type_ssa=:num sptree$num_map
spa_install_type_na=:num
spa_install_type_lt=:(num sptree$num_map # sptree$num_set # sptree$num_set) list
spa_install_type_progOut=:α prog
spa_install_type_ssaOut=:num sptree$num_map
spa_install_type_naOut=:num
spa_ffi_full=⊢ ∀ffi_index ptr1 len1 ptr2 len2 numset ssa na lt prog' ssa' na'. ssa_cc_trans (FFI ffi_index ptr1 len1 ptr2 len2 numset) ssa na lt = (prog',ssa',na') ⇒ ssa_map_ok na ssa ∧ is_alloc_var na ⇒ na ≤ na' ∧ is_alloc_var na' ∧ ssa_map_ok na' ssa'
spa_ffi_type_ffi_index=:mlstring
spa_ffi_type_ptr1=:num
spa_ffi_type_len1=:num
spa_ffi_type_ptr2=:num
spa_ffi_type_len2=:num
spa_ffi_type_numset=:sptree$num_set # sptree$num_set
spa_ffi_type_ssa=:num sptree$num_map
spa_ffi_type_na=:num
spa_ffi_type_lt=:(num sptree$num_map # sptree$num_set # sptree$num_set) list
spa_ffi_type_progOut=:α prog
spa_ffi_type_ssaOut=:num sptree$num_map
spa_ffi_type_naOut=:num
