forbid_skip=T
forbid_inst=T
forbid_get=T
forbid_set=T
forbid_heap=T
forbid_call_empty=T
forbid_seq=T
forbid_if=T
forbid_loop=T
forbid_jump=T
forbid_alloc=T
forbid_store_consts=T
forbid_raise=T
forbid_return=T
forbid_break=T
forbid_continue=T
forbid_ffi=T
forbid_tick=T
forbid_loc=T
forbid_install=T
forbid_shmem=T
forbid_code_write=T
forbid_data_write=T
forbid_raw_call=T
forbid_stack_alloc=T
forbid_stack_free=T
forbid_stack_store=T
forbid_stack_store_any=T
forbid_stack_load=T
forbid_stack_load_any=T
forbid_stack_get_size=T
forbid_stack_set_size=T
forbid_bitmap_load=T
forbid_halt=T
forbid_call_handler_install=T
forbid_call_handler_shmem=T
forbid_call_return_install=T
forbid_call_return_shmem=T
forbid_call_both=T
forbid_call_safe=T
forbid_seq_left=T
forbid_seq_right=T
forbid_if_left=T
forbid_if_right=T
forbid_loop_install=T
forbid_loop_shmem=T
