initialized_sections_0=[(0,189); (1,4); (2,4)]
initialized_sections_1=[(0,189); (1,4); (2,4); (9,2); (9,2); (0,1)]
initialized_sections_2=[(0,189); (1,4); (2,4)]
initialized_sections_3=[(0,189); (1,4); (2,4); (9,2); (9,2); (0,1)]
initialized_sections_4=[(0,189); (1,4); (2,4)]
initialized_sections_5=[(0,189); (1,4); (2,4); (9,2); (9,2); (0,1)]
initialized_sections_6=[(0,189); (1,4); (2,4)]
initialized_sections_7=[(0,189); (1,4); (2,4); (9,2); (9,2); (0,1)]
initialized_sections_8=[(0,189); (1,4); (2,4)]
initialized_sections_9=[(0,189); (1,4); (2,4); (9,2); (9,2); (0,1)]
initialized_sections_10=[(0,189); (1,4); (2,4)]
initialized_sections_11=[(0,189); (1,4); (2,4); (9,2); (9,2); (0,1)]
initialized_sections_12=[(0,189); (1,4); (2,4)]
initialized_sections_13=[(0,189); (1,4); (2,4); (9,2); (9,2); (0,1)]
initialized_sections_14=[(0,189); (1,4); (2,4)]
initialized_sections_15=[(0,189); (1,4); (2,4); (9,2); (9,2); (0,1)]
initialized_sections_16=[(0,189); (1,4); (2,4)]
initialized_sections_17=[(0,189); (1,4); (2,4); (9,2); (9,2); (0,1)]
initialized_sections_18=[(0,189); (1,4); (2,4)]
initialized_sections_19=[(0,189); (1,4); (2,4); (9,2); (9,2); (0,1)]
initialized_sections_20=[(0,189); (1,4); (2,4)]
initialized_sections_21=[(0,189); (1,4); (2,4); (9,2); (9,2); (0,1)]
initialized_sections_22=[(0,189); (1,4); (2,4)]
initialized_sections_23=[(0,189); (1,4); (2,4); (9,2); (9,2); (0,1)]
initialized_sections_24=[(0,189); (1,4); (2,4)]
initialized_sections_25=[(0,189); (1,4); (2,4); (9,2); (9,2); (0,1)]
initialized_sections_26=[(0,189); (1,4); (2,4)]
initialized_sections_27=[(0,189); (1,4); (2,4); (9,2); (9,2); (0,1)]
initialized_sections_28=[(0,189); (1,4); (2,4)]
initialized_sections_29=[(0,189); (1,4); (2,4); (9,2); (9,2); (0,1)]
initialized_sections_30=[(0,189); (1,4); (2,4)]
initialized_sections_31=[(0,189); (1,4); (2,4); (9,2); (9,2); (0,1)]
initialized_sections_32=[(0,189); (1,4); (2,4)]
initialized_sections_33=[(0,189); (1,4); (2,4); (9,2); (9,2); (0,1)]
initialized_sections_34=[(0,189); (1,4); (2,4)]
initialized_sections_35=[(0,189); (1,4); (2,4); (9,2); (9,2); (0,1)]
initialized_sections_36=[(0,189); (1,4); (2,4)]
initialized_sections_37=[(0,189); (1,4); (2,4); (9,2); (9,2); (0,1)]
initialized_sections_38=[(0,189); (1,4); (2,4)]
initialized_sections_39=[(0,189); (1,4); (2,4); (9,2); (9,2); (0,1)]
