any_load_disabled=(SOME Error,SOME (Word 9w),[Word 11w; Loc 3 4],0,17,Word 23w)
any_load_loc=(NONE,SOME (Loc 3 4),[Word 11w; Loc 3 4],0,17,Word 23w)
any_load_alias=(NONE,SOME (Loc 3 4),[Word 11w; Loc 3 4],0,17,Word 23w)
any_load_missing=(SOME Error,NONE,[],0,17,Word 23w)
any_load_offset_loc=(SOME Error,NONE,[],0,17,Word 23w)
any_load_unaligned=(SOME Error,NONE,[],0,17,Word 23w)
any_load_boundary=(SOME Error,NONE,[],0,17,Word 23w)
any_load_space=(NONE,SOME (Loc 3 4),[Word 11w; Loc 3 4],1,17,Word 23w)
any_store_loc=(NONE,SOME (Loc 5 6),[Word 11w; Loc 5 6],0,17,Word 23w)
any_store_alias=(NONE,SOME (Word 8w),[Word 11w; Word 8w],0,17,Word 23w)
any_store_missing=(SOME Error,NONE,[],0,17,Word 23w)
any_store_offset_missing=(SOME Error,NONE,[],0,17,Word 23w)
any_store_offset_loc=(SOME Error,NONE,[],0,17,Word 23w)
any_store_unaligned=(SOME Error,NONE,[],0,17,Word 23w)
any_store_boundary=(SOME Error,NONE,[],0,17,Word 23w)
any_store_disabled=(SOME Error,SOME (Word 9w),[Word 11w; Loc 3 4],0,17,Word 23w)
any_load_width32=(NONE,SOME (Loc 3 4),[Word 11w; Loc 3 4],0,17,Word 23w)
any_load_width64=(NONE,SOME (Loc 3 4),[Word 11w; Loc 3 4],0,17,Word 23w)
any_load_width1_zero=(NONE,SOME (Word 11w),[Word 11w; Loc 3 4],0,17,Word 23w)
any_load_width1_nonzero=(SOME Error,NONE,[],0,17,Word 23w)
