While_term=λcmp r ri c. While cmp r ri c
While_type=:cmp -> num -> α reg_imm -> α prog -> α prog
move_term=λdest src. move dest src
move_type=:num -> num -> α prog
sub_inst_term=λr1 r2. sub_inst r1 r2
sub_inst_type=:num -> num -> α prog
add_inst_term=λr1 r2. add_inst r1 r2
add_inst_type=:num -> num -> α prog
add_bytes_in_word_inst_term=λr1. add_bytes_in_word_inst r1
add_bytes_in_word_inst_type=:num -> α prog
list_Seq_full_def=list_Seq [] = Skip ∧ (∀x. list_Seq [x] = x) ∧ ∀y xs x. list_Seq (x::y::xs) = Seq x (list_Seq (y::xs))
list_Seq_type=:α prog list -> α prog
move_1=move 1234 42
sub_inst_1=sub_inst 1234 42
add_inst_1=add_inst 1234 42
bytes_1=Inst (Arith (Binop Add 1234 1234 (Imm 0w)))
while_1=While NotEqual 1234 (Imm 1w) (Halt 42)
seq_1_0=Skip
seq_1_1=Halt 42
seq_1_2=Seq (Halt 42) Skip
seq_1_3=Seq (Halt 42) (Seq Skip (Break 7))
move_8=move 1234 42
sub_inst_8=sub_inst 1234 42
add_inst_8=add_inst 1234 42
bytes_8=add_1_inst 1234
while_8=While NotEqual 1234 (Imm 1w) (Halt 42)
seq_8_0=Skip
seq_8_1=Halt 42
seq_8_2=Seq (Halt 42) Skip
seq_8_3=Seq (Halt 42) (Seq Skip (Break 7))
move_32=move 1234 42
sub_inst_32=sub_inst 1234 42
add_inst_32=add_inst 1234 42
bytes_32=Inst (Arith (Binop Add 1234 1234 (Imm 4w)))
while_32=While NotEqual 1234 (Imm 1w) (Halt 42)
seq_32_0=Skip
seq_32_1=Halt 42
seq_32_2=Seq (Halt 42) Skip
seq_32_3=Seq (Halt 42) (Seq Skip (Break 7))
move_64=move 1234 42
sub_inst_64=sub_inst 1234 42
add_inst_64=add_inst 1234 42
bytes_64=Inst (Arith (Binop Add 1234 1234 (Imm 8w)))
while_64=While NotEqual 1234 (Imm 1w) (Halt 42)
seq_64_0=Skip
seq_64_1=Halt 42
seq_64_2=Seq (Halt 42) Skip
seq_64_3=Seq (Halt 42) (Seq Skip (Break 7))
move_80=move 1234 42
sub_inst_80=sub_inst 1234 42
add_inst_80=add_inst 1234 42
bytes_80=Inst (Arith (Binop Add 1234 1234 (Imm 10w)))
while_80=While NotEqual 1234 (Imm 1w) (Halt 42)
seq_80_0=Skip
seq_80_1=Halt 42
seq_80_2=Seq (Halt 42) Skip
seq_80_3=Seq (Halt 42) (Seq Skip (Break 7))
While_expanded=λcmp r ri c. Loop (If cmp r ri c (Break 0))
move_expanded=λdest src. Inst (Arith (Binop Or dest src (Reg src)))
sub_inst_expanded=λr1 r2. Inst (Arith (Binop Sub r1 r1 (Reg r2)))
add_inst_expanded=λr1 r2. Inst (Arith (Binop Add r1 r1 (Reg r2)))
add_bytes_in_word_inst_expanded=λr1. Inst (Arith (Binop Add r1 r1 (Imm bytes_in_word)))
