sel_1_skip=[]
sel_1_inst=[]
sel_1_location=[]
sel_1_raw=[]
sel_1_return=[(11,12)]
sel_1_both=[(11,12); (21,22)]
sel_1_ignored=[]
sel_1_loop=[(11,12); (21,22)]
sel_1_seq=[(11,12); (11,12); (21,22)]
sel_1_if=[(11,12); (21,22); (11,12)]
sel_1_nested=[(31,32); (41,42); (11,12); (21,22); (11,12)]
sel_1_duplicate=[(11,12); (11,12); (11,12); (11,12)]
sel_1_zero=[(0,1); (0,0)]
sel_1_wide=[(1180591620717411303424,1180591620717411303425)]
sel_8_skip=[]
sel_8_inst=[]
sel_8_location=[]
sel_8_raw=[]
sel_8_return=[(11,12)]
sel_8_both=[(11,12); (21,22)]
sel_8_ignored=[]
sel_8_loop=[(11,12); (21,22)]
sel_8_seq=[(11,12); (11,12); (21,22)]
sel_8_if=[(11,12); (21,22); (11,12)]
sel_8_nested=[(31,32); (41,42); (11,12); (21,22); (11,12)]
sel_8_duplicate=[(11,12); (11,12); (11,12); (11,12)]
sel_8_zero=[(0,1); (0,0)]
sel_8_wide=[(1180591620717411303424,1180591620717411303425)]
sel_64_skip=[]
sel_64_inst=[]
sel_64_location=[]
sel_64_raw=[]
sel_64_return=[(11,12)]
sel_64_both=[(11,12); (21,22)]
sel_64_ignored=[]
sel_64_loop=[(11,12); (21,22)]
sel_64_seq=[(11,12); (11,12); (21,22)]
sel_64_if=[(11,12); (21,22); (11,12)]
sel_64_nested=[(31,32); (41,42); (11,12); (21,22); (11,12)]
sel_64_duplicate=[(11,12); (11,12); (11,12); (11,12)]
sel_64_zero=[(0,1); (0,0)]
sel_64_wide=[(1180591620717411303424,1180591620717411303425)]
sel_80_skip=[]
sel_80_inst=[]
sel_80_location=[]
sel_80_raw=[]
sel_80_return=[(11,12)]
sel_80_both=[(11,12); (21,22)]
sel_80_ignored=[]
sel_80_loop=[(11,12); (21,22)]
sel_80_seq=[(11,12); (11,12); (21,22)]
sel_80_if=[(11,12); (21,22); (11,12)]
sel_80_nested=[(31,32); (41,42); (11,12); (21,22); (11,12)]
sel_80_duplicate=[(11,12); (11,12); (11,12); (11,12)]
sel_80_zero=[(0,1); (0,0)]
sel_80_wide=[(1180591620717411303424,1180591620717411303425)]
