skip=SOME (6,NONE,SOME (INL 1),INL 123)
const=SOME (6,SOME (INL 17),SOME (INL 1),INL 123)
or_loc=SOME (6,SOME (INR (4,5)),SOME (INL 1),INL 123)
or_missing=NONE
or_loc_general=NONE
add=SOME (6,SOME (INL 4),SOME (INL 1),INL 123)
shift=SOME (6,SOME (INL 20),SOME (INL 1),INL 123)
div=SOME (6,SOME (INL 0),SOME (INL 1),INL 123)
div_zero=NONE
carry=SOME (6,SOME (INL 5),SOME (INL 1),INL 123)
carry_alias=SOME (6,NONE,SOME (INL 1),INL 123)
add_overflow=SOME (6,SOME (INL 4),SOME (INL 0),INL 123)
sub_overflow=SOME (6,SOME (INL 240),SOME (INL 0),INL 123)
long_mul=SOME (6,SOME (INL 9),SOME (INL 196),INL 123)
long_div=SOME (6,SOME (INL 25),SOME (INL 0),INL 123)
long_div_overflow=NONE
load=SOME (6,SOME (INL 123),SOME (INL 1),INL 123)
load8=SOME (6,SOME (INL 123),SOME (INL 1),INL 123)
load16=NONE
load32=NONE
store_loc=SOME (6,NONE,SOME (INL 1),INR (4,5))
store8=SOME (6,NONE,SOME (INL 1),INL 250)
store16=NONE
store32=NONE
store8_loc=NONE
load32_64=SOME (6,SOME (INL 123),SOME (INL 1),INL 123)
store32_64=SOME (6,NONE,SOME (INL 1),INL 250)
load32_64_be=SOME (6,SOME (INL 0),SOME (INL 1),INL 123)
store32_64_be=SOME (6,NONE,SOME (INL 1),INL 1073741824123)
store8_64_offset=SOME (6,NONE,SOME (INL 1),INL 64123)
store8_64_offset_be=SOME (6,NONE,SOME (INL 1),INL 70368744177664123)
load8_no_domain=NONE
store32_no_domain=NONE
