reg_word=SOME (Word 7w)
reg_loc=SOME (Loc 4 5)
reg_missing=NONE
immediate=SOME (Word 255w)
cont_none=T
cont_continue_zero=T
cont_continue_three=F
cont_break_zero=F
cont_break_one=F
cont_break_three=F
cont_result=F
cont_exception=F
cont_halt=F
cont_timeout=F
cont_error=F
cont_final=F
exit_none=NONE
exit_continue_zero=SOME (Continue 0)
exit_continue_three=SOME (Continue 2)
exit_break_zero=NONE
exit_break_one=SOME (Break 0)
exit_break_three=SOME (Break 2)
exit_result=SOME (Result (Loc 4 5))
exit_exception=SOME (Exception (Loc 4 5))
exit_halt=SOME (Halt (Word 7w))
exit_timeout=SOME TimeOut
exit_error=SOME Error
exit_final=T
