fpreg_mov_nan=SOME (6,SOME 18442240474082181121,SOME (INL 77),SOME (INR (4,5)))
fpreg_mov_missing=NONE
fpreg_abs_nan=SOME (6,SOME 9218868437227405313,SOME (INL 77),SOME (INR (4,5)))
fpreg_abs_zero=SOME (6,SOME 0,SOME (INL 77),SOME (INR (4,5)))
fpreg_neg_nan=SOME (6,SOME 9218868437227405313,SOME (INL 77),SOME (INR (4,5)))
fpreg_neg_zero=SOME (6,SOME 9223372036854775808,SOME (INL 77),SOME (INR (4,5)))
fpreg_abs_missing=NONE
fpreg_neg_missing=NONE
fpreg_to64=SOME (6,NONE,SOME (INL 1234605616436508552),SOME (INR (4,5)))
fpreg_to32=SOME (6,NONE,SOME (INL 1432778632),SOME (INL 287454020))
fpreg_to8=SOME (6,NONE,SOME (INL 136),SOME (INL 68))
fpreg_to32_alias=SOME (6,NONE,SOME (INL 287454020),SOME (INR (4,5)))
fpreg_to_missing=NONE
fpreg_from64_ignore=SOME (6,SOME 10,SOME (INL 77),SOME (INR (4,5)))
fpreg_from64_loc=NONE
fpreg_from32=SOME (6,SOME 85899345930,SOME (INL 77),SOME (INR (4,5)))
fpreg_from8=SOME (6,SOME 5130,SOME (INL 77),SOME (INR (4,5)))
fpreg_from32_missing=NONE
fpreg_from32_loc=NONE
fpreg_from32_alias=SOME (6,SOME 42949672970,SOME (INL 77),SOME (INR (4,5)))
