full_zero=NONE
full_one=SOME [T; F; T]
full_two=SOME [T; F]
full_oob=NONE
full_loc=NONE
enc_empty=NONE
enc_zero=SOME []
enc_zero_extra=NONE
enc_loc=NONE
enc_true=SOME [Word 7w]
enc_false=SOME []
enc_two=SOME [Word 7w; Loc 4 0]
enc_short=NONE
enc_missing_sentinel=NONE
enc_bad_continuation=NONE
dec_empty=NONE
dec_zero=SOME [Word 0w]
dec_true=SOME [Word 1w; Word 9w; Word 0w]
dec_false=SOME [Word 1w; Loc 4 5; Word 0w]
dec_short_roots=NONE
dec_extra_roots=NONE
dec_two=SOME [Word 1w; Word 9w; Word 1w; Loc 2 1; Word 0w]
dec_zero_extra=NONE
full_mixed=SOME [T; F; T]
enc_mixed=SOME [Word 1w]
dec_mixed=SOME [Word 1w; Word 0w; Word 0w]
type_full=:α word list -> β word_loc -> bool list option
type_enc=:α word list -> β word_loc list -> β word_loc list option
type_dec=:α word list -> β word_loc list -> β word_loc list -> β word_loc list option
