tm_read_0=T
tm_read_0_wrong_opcode=T
tm_read_1=T
tm_read_1_wrong_opcode=T
tm_read_2=T
tm_read_2_wrong_opcode=T
tm_read_4=T
tm_read_4_wrong_opcode=T
tm_write_0=T
tm_write_0_wrong_opcode=T
tm_write_1=T
tm_write_1_wrong_opcode=T
tm_write_2=T
tm_write_2_wrong_opcode=T
tm_write_4=T
tm_write_4_wrong_opcode=T
tm_read_invalid_3=T
tm_read_invalid_8=T
tm_read_invalid_16=T
tm_read_invalid_255=T
tm_write_invalid_3=T
tm_write_invalid_8=T
tm_write_invalid_16=T
tm_write_invalid_255=T
tm_read_register_mismatch=T
tm_read_base_mismatch=T
tm_read_offset_mismatch=T
tm_write_domain_gap=T
tm_read_wrap=T
tm_write_wrap=T
tm_read_empty_domain=T
tm_write_empty_domain=T
tm_read_invalid_empty=T
tm_read_byte_size_wrap=T
tm_write_byte_size_wrap=T
