leaf=SOME 0
unknown=NONE
const_leaf=SOME 5
nested_const=SOME 7
branch_max=SOME 5
branch_unknown=NONE
call_hit=SOME 10
call_miss=NONE
call_hit_nested=SOME 14
deep_calls=SOME 33
branch_call=SOME 10
unknown_deep=NONE
mb_identity=Leaf
mb_leaf_left=Const 1 Leaf
mb_leaf_right=Const 1 Leaf
mb_unknown_left=Unknown
mb_unknown_right=Unknown
mb_branch=Branch (Const 1 Leaf) (Const 2 Leaf)
cg_default=Leaf
cg_seq=Leaf
cg_alloc=Call 5 Leaf
cg_install=Unknown
cg_call_dest_none=Unknown
cg_call_lookup_miss=Unknown
cg_call_tail_hit=Call 2 Leaf
cg_call_shortcircuit=Leaf
cg_call_guard=Leaf
fcg_miss=Unknown
fcg_hit=Branch (Call 2 Leaf) Leaf
mdg_empty=SOME 0
mdg_frame_hit=SOME 5
mdg_frame_miss=NONE
mdg_code_miss=NONE
