kvc_loc_loc=T
kvc_loc_loc_eq=F
kvc_word_signed=T
kvc_word_signed_rev=F
kvc_key=T
kvc_loc_word=F
kvc_word_loc=T
rearrange_rev=[30; 20; 10]
rearrange_bad=[10; 20]
rearrange_out=[10; 20]
from_list2=[(0,Word 1w); (4,Word 5w); (2,Loc 2 3)]
sort_kvc=[(7,Loc 0 0); (5,Word 3w); (3,Word 1w); (2,Loc 1 1); (1,Word 2w)]
env_to_list=[(2,Loc 2 3); (4,Word 5w); (0,Word 1w)]
env_to_list_perm=33
call_env=([(0,Word 1w); (2,Word 2w)],SOME 5,SOME 8)
call_env_none=NONE
push_env_some=([StackFrame (SOME 2) [(0,Word 1w)] [(3,Loc 1 0)] (SOME (9,7,8))],SOME 6,0)
push_env_none=([StackFrame NONE [] [(3,Loc 1 0)] NONE],NONE,9)
pop_env=SOME ([(3,Loc 1 0); (0,Word 1w)],SOME 2,9,[])
pop_env_empty=T
jump_exc=SOME ([(4,Loc 1 1); (2,Word 6w)],SOME 4,5,0,7,8)
jump_exc_nohandler=T
jump_exc_range=T
cut_names_hit=SOME [(5,Word 9w); (2,Loc 3 4)]
cut_names_miss=NONE
cut_env_hit=SOME [(1,Word 1w); (5,Word 9w)]
cut_env_miss=NONE
cut_state=SOME [(2,Loc 3 4)]
cut_state_opt_none=SOME [(1,Word 1w); (5,Word 9w); (2,Loc 3 4)]
