sti_skip=(Skip,BN (BS LN 10 (LS 12)) (BN LN (LS 11)),21)
sti_const=(Inst (Const 21 5w),BN (BS LN 21 (LS 12)) (BN LN (LS 11)),25)
sti_binop_reg=(Inst (Arith (Binop Add 21 11 (Reg 12))),BN (BS LN 21 (LS 12)) (BN LN (LS 11)),25)
sti_binop_imm=(Inst (Arith (Binop Sub 21 0 (Imm 7w))),BN (BS LN 21 (LS 12)) (BN LN (LS 11)),25)
sti_shift_reg=(Seq (Move1 [(8,12)]) (Inst (Arith (Shift Lsl 21 11 (Reg 8)))),BN (BS LN 21 (LS 12)) (BN LN (LS 11)),25)
sti_shift_imm=(Inst (Arith (Shift Asr 21 11 (Imm 1w))),BN (BS LN 21 (LS 12)) (BN LN (LS 11)),25)
sti_div=(Inst (Arith (Div 21 11 12)),BN (BS LN 21 (LS 12)) (BN LN (LS 11)),25)
sti_addcarry=(Seq (Move1 [(0,0)]) (Seq (Inst (Arith (AddCarry 21 11 12 0))) (Move1 [(25,0)])),BN (BS LN 21 (LS 12)) (BN (LS 25) (LS 11)),29)
sti_addoverflow=(Seq (Inst (Arith (AddOverflow 21 11 12 0))) (Move1 [(25,0)]),BN (BS LN 21 (LS 12)) (BN (LS 25) (LS 11)),29)
sti_suboverflow=(Seq (Inst (Arith (SubOverflow 21 11 12 0))) (Move1 [(25,0)]),BN (BS LN 21 (LS 12)) (BN (LS 25) (LS 11)),29)
sti_longmul=(Seq (Move1 [(0,12); (4,0)]) (Seq (Inst (Arith (LongMul 6 0 0 4))) (Move1 [(25,0); (21,6)])),BN (BS LN 21 (LS 12)) (BN LN (LS 25)),29)
sti_longdiv=(Seq (Move1 [(6,12); (0,0)]) (Seq (Inst (Arith (LongDiv 0 6 6 0 11))) (Move1 [(21,6); (25,0)])),BN (BS LN 25 (LS 12)) (BN LN (LS 21)),29)
sti_load=(Inst (Mem Load 21 (Addr 11 8w)),BN (BS LN 21 (LS 12)) (BN LN (LS 11)),25)
sti_store=(Inst (Mem Store 10 (Addr 11 8w)),BN (BS LN 10 (LS 12)) (BN LN (LS 11)),21)
sti_load32=(Inst (Mem Load32 21 (Addr 0 0w)),BN (BS LN 10 (LS 21)) (BN LN (LS 11)),25)
sti_store8=(Inst (Mem Store8 0 (Addr 12 1w)),BN (BS LN 10 (LS 12)) (BN LN (LS 11)),21)
sti_load16=(Inst (Mem Load16 2 (Addr 3 8w)),BN (BS LN 10 (LS 12)) (BN LN (LS 11)),21)
sti_fpless=(Inst (FP (FPLess 21 1 0)),BN (BS LN 21 (LS 12)) (BN LN (LS 11)),25)
sti_fpadd=(Inst (FP (FPAdd 2 1 0)),BN (BS LN 10 (LS 12)) (BN LN (LS 11)),21)
sti_movto64=(Inst (FP (FPMovToReg 21 3 1)),BN (BS LN 21 (LS 12)) (BN LN (LS 11)),25)
sti_movto32=(Inst (FP (FPMovToReg 21 25 1)),BN (BS LN 21 (LS 12)) (BN LN (LS 25)),29)
sti_movfrom64=(Inst (FP (FPMovFromReg 1 10 0)),BN (BS LN 10 (LS 12)) (BN LN (LS 11)),21)
sti_movfrom32_distinct=(Inst (FP (FPMovFromReg 1 10 11)),BN (BS LN 10 (LS 12)) (BN LN (LS 11)),21)
sti_movfrom32_same=(Seq (Move0 [(21,10)]) (Inst (FP (FPMovFromReg 1 10 21))),BN (BS LN 21 (LS 12)) (BN LN (LS 11)),25)
ste_var=Var 11
ste_missing=Var 0
ste_nested=Op Add [Var 10; Load (Var 12); Const 3w; Shift Lsr (Var 11) (Var 10)]
ste_lookup=Lookup NextFree
