rrb_full_stack_move_reg_bound=⊢ ∀n st off i p k. i < k ∧ reg_bound p k ⇒ reg_bound (stack_move n st off i p) k
rrb_full_copy_ret_aux_reg_bound=⊢ ∀k f n. reg_bound (copy_ret_aux k f n) (k + 2)
rrb_full_copy_ret_reg_bound=⊢ reg_bound kont (k + 2) ⇒ reg_bound (copy_ret perf b (k,f,f') vs kont) (k + 2)
rrb_1_0_0_move_good=T
rrb_1_0_0_move_bad=T
rrb_1_0_0_aux=T
rrb_1_0_0_ret_0_0_0=F
rrb_1_0_0_ret_0_0_1=T
rrb_1_0_0_ret_0_1_0=F
rrb_1_0_0_ret_0_1_1=T
rrb_1_0_0_ret_1_0_0=F
rrb_1_0_0_ret_1_0_1=T
rrb_1_0_0_ret_1_1_0=F
rrb_1_0_0_ret_1_1_1=T
rrb_1_0_4_move_good=T
rrb_1_0_4_move_bad=T
rrb_1_0_4_aux=T
rrb_1_0_4_ret_0_0_0=F
rrb_1_0_4_ret_0_0_1=T
rrb_1_0_4_ret_0_1_0=F
rrb_1_0_4_ret_0_1_1=T
rrb_1_0_4_ret_1_0_0=F
rrb_1_0_4_ret_1_0_1=T
rrb_1_0_4_ret_1_1_0=F
rrb_1_0_4_ret_1_1_1=T
rrb_1_1_0_move_good=T
rrb_1_1_0_move_bad=F
rrb_1_1_0_aux=T
rrb_1_1_0_ret_0_0_0=F
rrb_1_1_0_ret_0_0_1=T
rrb_1_1_0_ret_0_1_0=F
rrb_1_1_0_ret_0_1_1=T
rrb_1_1_0_ret_1_0_0=F
rrb_1_1_0_ret_1_0_1=T
rrb_1_1_0_ret_1_1_0=F
rrb_1_1_0_ret_1_1_1=T
rrb_1_1_4_move_good=T
rrb_1_1_4_move_bad=F
rrb_1_1_4_aux=T
rrb_1_1_4_ret_0_0_0=F
rrb_1_1_4_ret_0_0_1=T
rrb_1_1_4_ret_0_1_0=F
rrb_1_1_4_ret_0_1_1=T
rrb_1_1_4_ret_1_0_0=F
rrb_1_1_4_ret_1_0_1=T
rrb_1_1_4_ret_1_1_0=F
rrb_1_1_4_ret_1_1_1=T
rrb_1_4_0_move_good=T
rrb_1_4_0_move_bad=F
rrb_1_4_0_aux=T
rrb_1_4_0_ret_0_0_0=F
rrb_1_4_0_ret_0_0_1=T
rrb_1_4_0_ret_0_1_0=F
rrb_1_4_0_ret_0_1_1=T
rrb_1_4_0_ret_1_0_0=F
rrb_1_4_0_ret_1_0_1=T
rrb_1_4_0_ret_1_1_0=F
rrb_1_4_0_ret_1_1_1=T
rrb_1_4_4_move_good=T
rrb_1_4_4_move_bad=F
rrb_1_4_4_aux=T
rrb_1_4_4_ret_0_0_0=F
rrb_1_4_4_ret_0_0_1=T
rrb_1_4_4_ret_0_1_0=F
rrb_1_4_4_ret_0_1_1=T
rrb_1_4_4_ret_1_0_0=F
rrb_1_4_4_ret_1_0_1=T
rrb_1_4_4_ret_1_1_0=F
rrb_1_4_4_ret_1_1_1=T
rrb_2_0_0_move_good=T
rrb_2_0_0_move_bad=T
rrb_2_0_0_aux=T
rrb_2_0_0_ret_0_0_0=F
rrb_2_0_0_ret_0_0_1=T
rrb_2_0_0_ret_0_1_0=F
rrb_2_0_0_ret_0_1_1=T
rrb_2_0_0_ret_1_0_0=F
rrb_2_0_0_ret_1_0_1=T
rrb_2_0_0_ret_1_1_0=F
rrb_2_0_0_ret_1_1_1=T
rrb_2_0_4_move_good=T
rrb_2_0_4_move_bad=T
rrb_2_0_4_aux=T
rrb_2_0_4_ret_0_0_0=F
rrb_2_0_4_ret_0_0_1=T
rrb_2_0_4_ret_0_1_0=F
rrb_2_0_4_ret_0_1_1=T
rrb_2_0_4_ret_1_0_0=F
rrb_2_0_4_ret_1_0_1=T
rrb_2_0_4_ret_1_1_0=F
rrb_2_0_4_ret_1_1_1=T
rrb_2_1_0_move_good=T
rrb_2_1_0_move_bad=F
rrb_2_1_0_aux=T
rrb_2_1_0_ret_0_0_0=F
rrb_2_1_0_ret_0_0_1=T
rrb_2_1_0_ret_0_1_0=F
rrb_2_1_0_ret_0_1_1=T
rrb_2_1_0_ret_1_0_0=F
rrb_2_1_0_ret_1_0_1=T
rrb_2_1_0_ret_1_1_0=F
rrb_2_1_0_ret_1_1_1=T
rrb_2_1_4_move_good=T
rrb_2_1_4_move_bad=F
rrb_2_1_4_aux=T
rrb_2_1_4_ret_0_0_0=F
rrb_2_1_4_ret_0_0_1=T
rrb_2_1_4_ret_0_1_0=F
rrb_2_1_4_ret_0_1_1=T
rrb_2_1_4_ret_1_0_0=F
rrb_2_1_4_ret_1_0_1=T
rrb_2_1_4_ret_1_1_0=F
rrb_2_1_4_ret_1_1_1=T
rrb_2_4_0_move_good=T
rrb_2_4_0_move_bad=F
rrb_2_4_0_aux=T
rrb_2_4_0_ret_0_0_0=F
rrb_2_4_0_ret_0_0_1=T
rrb_2_4_0_ret_0_1_0=F
rrb_2_4_0_ret_0_1_1=T
rrb_2_4_0_ret_1_0_0=F
rrb_2_4_0_ret_1_0_1=T
rrb_2_4_0_ret_1_1_0=F
rrb_2_4_0_ret_1_1_1=T
rrb_2_4_4_move_good=T
rrb_2_4_4_move_bad=F
rrb_2_4_4_aux=T
rrb_2_4_4_ret_0_0_0=F
rrb_2_4_4_ret_0_0_1=T
rrb_2_4_4_ret_0_1_0=F
rrb_2_4_4_ret_0_1_1=T
rrb_2_4_4_ret_1_0_0=F
rrb_2_4_4_ret_1_0_1=T
rrb_2_4_4_ret_1_1_0=F
rrb_2_4_4_ret_1_1_1=T
rrb_8_0_0_move_good=T
rrb_8_0_0_move_bad=T
rrb_8_0_0_aux=T
rrb_8_0_0_ret_0_0_0=F
rrb_8_0_0_ret_0_0_1=T
rrb_8_0_0_ret_0_1_0=F
rrb_8_0_0_ret_0_1_1=T
rrb_8_0_0_ret_1_0_0=F
rrb_8_0_0_ret_1_0_1=T
rrb_8_0_0_ret_1_1_0=F
rrb_8_0_0_ret_1_1_1=T
rrb_8_0_4_move_good=T
rrb_8_0_4_move_bad=T
rrb_8_0_4_aux=T
rrb_8_0_4_ret_0_0_0=F
rrb_8_0_4_ret_0_0_1=T
rrb_8_0_4_ret_0_1_0=F
rrb_8_0_4_ret_0_1_1=T
rrb_8_0_4_ret_1_0_0=F
rrb_8_0_4_ret_1_0_1=T
rrb_8_0_4_ret_1_1_0=F
rrb_8_0_4_ret_1_1_1=T
rrb_8_1_0_move_good=T
rrb_8_1_0_move_bad=F
rrb_8_1_0_aux=T
rrb_8_1_0_ret_0_0_0=F
rrb_8_1_0_ret_0_0_1=T
rrb_8_1_0_ret_0_1_0=F
rrb_8_1_0_ret_0_1_1=T
rrb_8_1_0_ret_1_0_0=F
rrb_8_1_0_ret_1_0_1=T
rrb_8_1_0_ret_1_1_0=F
rrb_8_1_0_ret_1_1_1=T
rrb_8_1_4_move_good=T
rrb_8_1_4_move_bad=F
rrb_8_1_4_aux=T
rrb_8_1_4_ret_0_0_0=F
rrb_8_1_4_ret_0_0_1=T
rrb_8_1_4_ret_0_1_0=F
rrb_8_1_4_ret_0_1_1=T
rrb_8_1_4_ret_1_0_0=F
rrb_8_1_4_ret_1_0_1=T
rrb_8_1_4_ret_1_1_0=F
rrb_8_1_4_ret_1_1_1=T
rrb_8_4_0_move_good=T
rrb_8_4_0_move_bad=F
rrb_8_4_0_aux=T
rrb_8_4_0_ret_0_0_0=F
rrb_8_4_0_ret_0_0_1=T
rrb_8_4_0_ret_0_1_0=F
rrb_8_4_0_ret_0_1_1=T
rrb_8_4_0_ret_1_0_0=F
rrb_8_4_0_ret_1_0_1=T
rrb_8_4_0_ret_1_1_0=F
rrb_8_4_0_ret_1_1_1=T
rrb_8_4_4_move_good=T
rrb_8_4_4_move_bad=F
rrb_8_4_4_aux=T
rrb_8_4_4_ret_0_0_0=F
rrb_8_4_4_ret_0_0_1=T
rrb_8_4_4_ret_0_1_0=F
rrb_8_4_4_ret_0_1_1=T
rrb_8_4_4_ret_1_0_0=F
rrb_8_4_4_ret_1_0_1=T
rrb_8_4_4_ret_1_1_0=F
rrb_8_4_4_ret_1_1_1=T
rrb_64_0_0_move_good=T
rrb_64_0_0_move_bad=T
rrb_64_0_0_aux=T
rrb_64_0_0_ret_0_0_0=F
rrb_64_0_0_ret_0_0_1=T
rrb_64_0_0_ret_0_1_0=F
rrb_64_0_0_ret_0_1_1=T
rrb_64_0_0_ret_1_0_0=F
rrb_64_0_0_ret_1_0_1=T
rrb_64_0_0_ret_1_1_0=F
rrb_64_0_0_ret_1_1_1=T
rrb_64_0_4_move_good=T
rrb_64_0_4_move_bad=T
rrb_64_0_4_aux=T
rrb_64_0_4_ret_0_0_0=F
rrb_64_0_4_ret_0_0_1=T
rrb_64_0_4_ret_0_1_0=F
rrb_64_0_4_ret_0_1_1=T
rrb_64_0_4_ret_1_0_0=F
rrb_64_0_4_ret_1_0_1=T
rrb_64_0_4_ret_1_1_0=F
rrb_64_0_4_ret_1_1_1=T
rrb_64_1_0_move_good=T
rrb_64_1_0_move_bad=F
rrb_64_1_0_aux=T
rrb_64_1_0_ret_0_0_0=F
rrb_64_1_0_ret_0_0_1=T
rrb_64_1_0_ret_0_1_0=F
rrb_64_1_0_ret_0_1_1=T
rrb_64_1_0_ret_1_0_0=F
rrb_64_1_0_ret_1_0_1=T
rrb_64_1_0_ret_1_1_0=F
rrb_64_1_0_ret_1_1_1=T
rrb_64_1_4_move_good=T
rrb_64_1_4_move_bad=F
rrb_64_1_4_aux=T
rrb_64_1_4_ret_0_0_0=F
rrb_64_1_4_ret_0_0_1=T
rrb_64_1_4_ret_0_1_0=F
rrb_64_1_4_ret_0_1_1=T
rrb_64_1_4_ret_1_0_0=F
rrb_64_1_4_ret_1_0_1=T
rrb_64_1_4_ret_1_1_0=F
rrb_64_1_4_ret_1_1_1=T
rrb_64_4_0_move_good=T
rrb_64_4_0_move_bad=F
rrb_64_4_0_aux=T
rrb_64_4_0_ret_0_0_0=F
rrb_64_4_0_ret_0_0_1=T
rrb_64_4_0_ret_0_1_0=F
rrb_64_4_0_ret_0_1_1=T
rrb_64_4_0_ret_1_0_0=F
rrb_64_4_0_ret_1_0_1=T
rrb_64_4_0_ret_1_1_0=F
rrb_64_4_0_ret_1_1_1=T
rrb_64_4_4_move_good=T
rrb_64_4_4_move_bad=F
rrb_64_4_4_aux=T
rrb_64_4_4_ret_0_0_0=F
rrb_64_4_4_ret_0_0_1=T
rrb_64_4_4_ret_0_1_0=F
rrb_64_4_4_ret_0_1_1=T
rrb_64_4_4_ret_1_0_0=F
rrb_64_4_4_ret_1_0_1=T
rrb_64_4_4_ret_1_1_0=F
rrb_64_4_4_ret_1_1_1=T
rrb_80_0_0_move_good=T
rrb_80_0_0_move_bad=T
rrb_80_0_0_aux=T
rrb_80_0_0_ret_0_0_0=F
rrb_80_0_0_ret_0_0_1=T
rrb_80_0_0_ret_0_1_0=F
rrb_80_0_0_ret_0_1_1=T
rrb_80_0_0_ret_1_0_0=F
rrb_80_0_0_ret_1_0_1=T
rrb_80_0_0_ret_1_1_0=F
rrb_80_0_0_ret_1_1_1=T
rrb_80_0_4_move_good=T
rrb_80_0_4_move_bad=T
rrb_80_0_4_aux=T
rrb_80_0_4_ret_0_0_0=F
rrb_80_0_4_ret_0_0_1=T
rrb_80_0_4_ret_0_1_0=F
rrb_80_0_4_ret_0_1_1=T
rrb_80_0_4_ret_1_0_0=F
rrb_80_0_4_ret_1_0_1=T
rrb_80_0_4_ret_1_1_0=F
rrb_80_0_4_ret_1_1_1=T
rrb_80_1_0_move_good=T
rrb_80_1_0_move_bad=F
rrb_80_1_0_aux=T
rrb_80_1_0_ret_0_0_0=F
rrb_80_1_0_ret_0_0_1=T
rrb_80_1_0_ret_0_1_0=F
rrb_80_1_0_ret_0_1_1=T
rrb_80_1_0_ret_1_0_0=F
rrb_80_1_0_ret_1_0_1=T
rrb_80_1_0_ret_1_1_0=F
rrb_80_1_0_ret_1_1_1=T
rrb_80_1_4_move_good=T
rrb_80_1_4_move_bad=F
rrb_80_1_4_aux=T
rrb_80_1_4_ret_0_0_0=F
rrb_80_1_4_ret_0_0_1=T
rrb_80_1_4_ret_0_1_0=F
rrb_80_1_4_ret_0_1_1=T
rrb_80_1_4_ret_1_0_0=F
rrb_80_1_4_ret_1_0_1=T
rrb_80_1_4_ret_1_1_0=F
rrb_80_1_4_ret_1_1_1=T
rrb_80_4_0_move_good=T
rrb_80_4_0_move_bad=F
rrb_80_4_0_aux=T
rrb_80_4_0_ret_0_0_0=F
rrb_80_4_0_ret_0_0_1=T
rrb_80_4_0_ret_0_1_0=F
rrb_80_4_0_ret_0_1_1=T
rrb_80_4_0_ret_1_0_0=F
rrb_80_4_0_ret_1_0_1=T
rrb_80_4_0_ret_1_1_0=F
rrb_80_4_0_ret_1_1_1=T
rrb_80_4_4_move_good=T
rrb_80_4_4_move_bad=F
rrb_80_4_4_aux=T
rrb_80_4_4_ret_0_0_0=F
rrb_80_4_4_ret_0_0_1=T
rrb_80_4_4_ret_0_1_0=F
rrb_80_4_4_ret_0_1_1=T
rrb_80_4_4_ret_1_0_0=F
rrb_80_4_4_ret_1_0_1=T
rrb_80_4_4_ret_1_1_0=F
rrb_80_4_4_ret_1_1_1=T
