mi_definition=⊢ ∀ac k t code coracle. make_init ac k t code coracle = <|locals := insert 0 (Loc 1 0) LN; fp_regs := t.fp_regs; store := t.store \\ Handler; stack := []; memory := t.memory; mdomain := t.mdomain; sh_mdomain := t.sh_mdomain; permute := K I; gc_fun := t.gc_fun; handler := 0; clock := t.clock; code := code; data_buffer := t.data_buffer; code_buffer := t.code_buffer; compile := (λ(bm0,cfg) progs. (let (progs,fs,bm) = compile_word_to_stack ac F k progs (Nil,bm0) in OPTION_MAP (λ(bytes,cfg). (bytes,append (FST bm),SND bm,cfg)) (t.compile cfg progs))); compile_oracle := coracle; be := t.be; ffi := t.ffi; termdep := 0; stack_limit := LENGTH t.stack; stack_max := stack_size []; stack_size := mapi (λn (arg_count,prog). FST (SND (compile_prog ac F prog arg_count k (Nil,0)))) code; locals_size := SOME 0|>
mi_1_0_reset=(pair$, (list$CONS (pair$, 0 (wordLang$Loc 1 0)) (list$NIL)) (pair$, (option$SOME 0) (pair$, 0 (pair$, 0 (pair$, 0 (pair$, (option$SOME 1) (pair$, 9 70)))))))
mi_1_0_sizes=(sptree$LN)
mi_1_0_inherit=(bool$T)
mi_1_0_store=(bool$T)
mi_1_0_oracle=(pair$, (pair$, 103 17) (list$CONS (pair$, 7 (pair$, 3 (wordLang$Tick))) (list$NIL)))
mi_1_1_reset=(pair$, (list$CONS (pair$, 0 (wordLang$Loc 1 0)) (list$NIL)) (pair$, (option$SOME 0) (pair$, 0 (pair$, 0 (pair$, 1 (pair$, (option$SOME 1) (pair$, 9 70)))))))
mi_1_1_sizes=(sptree$LS 0)
mi_1_1_inherit=(bool$T)
mi_1_1_store=(bool$T)
mi_1_1_oracle=(pair$, (pair$, 103 17) (list$CONS (pair$, 7 (pair$, 3 (wordLang$Tick))) (list$NIL)))
mi_1_2_reset=(pair$, (list$CONS (pair$, 0 (wordLang$Loc 1 0)) (list$NIL)) (pair$, (option$SOME 0) (pair$, 0 (pair$, 0 (pair$, 2 (pair$, (option$SOME 1) (pair$, 9 70)))))))
mi_1_2_sizes=(sptree$LS 0)
mi_1_2_inherit=(bool$T)
mi_1_2_store=(bool$T)
mi_1_2_oracle=(pair$, (pair$, 103 17) (list$CONS (pair$, 7 (pair$, 3 (wordLang$Tick))) (list$NIL)))
mi_1_3_reset=(pair$, (list$CONS (pair$, 0 (wordLang$Loc 1 0)) (list$NIL)) (pair$, (option$SOME 0) (pair$, 0 (pair$, 0 (pair$, 3 (pair$, (option$SOME 1) (pair$, 9 70)))))))
mi_1_3_sizes=(sptree$LN)
mi_1_3_inherit=(bool$T)
mi_1_3_store=(bool$T)
mi_1_3_oracle=(pair$, (pair$, 103 17) (list$CONS (pair$, 7 (pair$, 3 (wordLang$Tick))) (list$NIL)))
mi_1_4_reset=(pair$, (list$CONS (pair$, 0 (wordLang$Loc 1 0)) (list$NIL)) (pair$, (option$SOME 0) (pair$, 0 (pair$, 0 (pair$, 4 (pair$, (option$SOME 1) (pair$, 9 70)))))))
mi_1_4_sizes=(sptree$BS (sptree$LS 18) 0 (sptree$LS 0))
mi_1_4_inherit=(bool$T)
mi_1_4_store=(bool$T)
mi_1_4_oracle=(pair$, (pair$, 103 17) (list$CONS (pair$, 7 (pair$, 3 (wordLang$Tick))) (list$NIL)))
mi_1_0_0_compile=(option$NONE)
mi_1_0_99_compile=(option$NONE)
mi_1_17_0_compile=(option$SOME (pair$, (list$CONS (word 2) (list$CONS (word 17) (list$NIL))) (pair$, (list$CONS (word 0) (list$NIL)) (pair$, 1 27))))
mi_1_17_99_compile=(option$SOME (pair$, (list$CONS (word 2) (list$CONS (word 17) (list$NIL))) (pair$, (list$CONS (word 0) (list$NIL)) (pair$, 100 27))))
mi_1_300_0_compile=(option$SOME (pair$, (list$CONS (word 2) (list$CONS (word 300) (list$NIL))) (pair$, (list$CONS (word 0) (list$NIL)) (pair$, 1 310))))
mi_1_300_99_compile=(option$SOME (pair$, (list$CONS (word 2) (list$CONS (word 300) (list$NIL))) (pair$, (list$CONS (word 0) (list$NIL)) (pair$, 100 310))))
mi_8_0_reset=(pair$, (list$CONS (pair$, 0 (wordLang$Loc 1 0)) (list$NIL)) (pair$, (option$SOME 0) (pair$, 0 (pair$, 0 (pair$, 0 (pair$, (option$SOME 1) (pair$, 9 70)))))))
mi_8_0_sizes=(sptree$LN)
mi_8_0_inherit=(bool$T)
mi_8_0_store=(bool$T)
mi_8_0_oracle=(pair$, (pair$, 103 17) (list$CONS (pair$, 7 (pair$, 3 (wordLang$Tick))) (list$NIL)))
mi_8_1_reset=(pair$, (list$CONS (pair$, 0 (wordLang$Loc 1 0)) (list$NIL)) (pair$, (option$SOME 0) (pair$, 0 (pair$, 0 (pair$, 1 (pair$, (option$SOME 1) (pair$, 9 70)))))))
mi_8_1_sizes=(sptree$LS 0)
mi_8_1_inherit=(bool$T)
mi_8_1_store=(bool$T)
mi_8_1_oracle=(pair$, (pair$, 103 17) (list$CONS (pair$, 7 (pair$, 3 (wordLang$Tick))) (list$NIL)))
mi_8_2_reset=(pair$, (list$CONS (pair$, 0 (wordLang$Loc 1 0)) (list$NIL)) (pair$, (option$SOME 0) (pair$, 0 (pair$, 0 (pair$, 2 (pair$, (option$SOME 1) (pair$, 9 70)))))))
mi_8_2_sizes=(sptree$LS 0)
mi_8_2_inherit=(bool$T)
mi_8_2_store=(bool$T)
mi_8_2_oracle=(pair$, (pair$, 103 17) (list$CONS (pair$, 7 (pair$, 3 (wordLang$Tick))) (list$NIL)))
mi_8_3_reset=(pair$, (list$CONS (pair$, 0 (wordLang$Loc 1 0)) (list$NIL)) (pair$, (option$SOME 0) (pair$, 0 (pair$, 0 (pair$, 3 (pair$, (option$SOME 1) (pair$, 9 70)))))))
mi_8_3_sizes=(sptree$LN)
mi_8_3_inherit=(bool$T)
mi_8_3_store=(bool$T)
mi_8_3_oracle=(pair$, (pair$, 103 17) (list$CONS (pair$, 7 (pair$, 3 (wordLang$Tick))) (list$NIL)))
mi_8_4_reset=(pair$, (list$CONS (pair$, 0 (wordLang$Loc 1 0)) (list$NIL)) (pair$, (option$SOME 0) (pair$, 0 (pair$, 0 (pair$, 4 (pair$, (option$SOME 1) (pair$, 9 70)))))))
mi_8_4_sizes=(sptree$BS (sptree$LS 18) 0 (sptree$LS 0))
mi_8_4_inherit=(bool$T)
mi_8_4_store=(bool$T)
mi_8_4_oracle=(pair$, (pair$, 103 17) (list$CONS (pair$, 7 (pair$, 3 (wordLang$Tick))) (list$NIL)))
mi_8_0_0_compile=(option$NONE)
mi_8_0_99_compile=(option$NONE)
mi_8_17_0_compile=(option$SOME (pair$, (list$CONS (word 2) (list$CONS (word 17) (list$NIL))) (pair$, (list$CONS (word 128) (list$CONS (word 128) (list$CONS (word 128) (list$CONS (word 128) (list$CONS (word 160) (list$CONS (word 128) (list$CONS (word 16) (list$NIL)))))))) (pair$, 7 27))))
mi_8_17_99_compile=(option$SOME (pair$, (list$CONS (word 2) (list$CONS (word 17) (list$NIL))) (pair$, (list$CONS (word 128) (list$CONS (word 128) (list$CONS (word 128) (list$CONS (word 128) (list$CONS (word 160) (list$CONS (word 128) (list$CONS (word 16) (list$NIL)))))))) (pair$, 106 27))))
mi_8_300_0_compile=(option$SOME (pair$, (list$CONS (word 2) (list$CONS (word 300) (list$NIL))) (pair$, (list$CONS (word 128) (list$CONS (word 128) (list$CONS (word 128) (list$CONS (word 128) (list$CONS (word 160) (list$CONS (word 128) (list$CONS (word 16) (list$NIL)))))))) (pair$, 7 310))))
mi_8_300_99_compile=(option$SOME (pair$, (list$CONS (word 2) (list$CONS (word 300) (list$NIL))) (pair$, (list$CONS (word 128) (list$CONS (word 128) (list$CONS (word 128) (list$CONS (word 128) (list$CONS (word 160) (list$CONS (word 128) (list$CONS (word 16) (list$NIL)))))))) (pair$, 106 310))))
mi_64_0_reset=(pair$, (list$CONS (pair$, 0 (wordLang$Loc 1 0)) (list$NIL)) (pair$, (option$SOME 0) (pair$, 0 (pair$, 0 (pair$, 0 (pair$, (option$SOME 1) (pair$, 9 70)))))))
mi_64_0_sizes=(sptree$LN)
mi_64_0_inherit=(bool$T)
mi_64_0_store=(bool$T)
mi_64_0_oracle=(pair$, (pair$, 103 17) (list$CONS (pair$, 7 (pair$, 3 (wordLang$Tick))) (list$NIL)))
mi_64_1_reset=(pair$, (list$CONS (pair$, 0 (wordLang$Loc 1 0)) (list$NIL)) (pair$, (option$SOME 0) (pair$, 0 (pair$, 0 (pair$, 1 (pair$, (option$SOME 1) (pair$, 9 70)))))))
mi_64_1_sizes=(sptree$LS 0)
mi_64_1_inherit=(bool$T)
mi_64_1_store=(bool$T)
mi_64_1_oracle=(pair$, (pair$, 103 17) (list$CONS (pair$, 7 (pair$, 3 (wordLang$Tick))) (list$NIL)))
mi_64_2_reset=(pair$, (list$CONS (pair$, 0 (wordLang$Loc 1 0)) (list$NIL)) (pair$, (option$SOME 0) (pair$, 0 (pair$, 0 (pair$, 2 (pair$, (option$SOME 1) (pair$, 9 70)))))))
mi_64_2_sizes=(sptree$LS 0)
mi_64_2_inherit=(bool$T)
mi_64_2_store=(bool$T)
mi_64_2_oracle=(pair$, (pair$, 103 17) (list$CONS (pair$, 7 (pair$, 3 (wordLang$Tick))) (list$NIL)))
mi_64_3_reset=(pair$, (list$CONS (pair$, 0 (wordLang$Loc 1 0)) (list$NIL)) (pair$, (option$SOME 0) (pair$, 0 (pair$, 0 (pair$, 3 (pair$, (option$SOME 1) (pair$, 9 70)))))))
mi_64_3_sizes=(sptree$LN)
mi_64_3_inherit=(bool$T)
mi_64_3_store=(bool$T)
mi_64_3_oracle=(pair$, (pair$, 103 17) (list$CONS (pair$, 7 (pair$, 3 (wordLang$Tick))) (list$NIL)))
mi_64_4_reset=(pair$, (list$CONS (pair$, 0 (wordLang$Loc 1 0)) (list$NIL)) (pair$, (option$SOME 0) (pair$, 0 (pair$, 0 (pair$, 4 (pair$, (option$SOME 1) (pair$, 9 70)))))))
mi_64_4_sizes=(sptree$BS (sptree$LS 18) 0 (sptree$LS 0))
mi_64_4_inherit=(bool$T)
mi_64_4_store=(bool$T)
mi_64_4_oracle=(pair$, (pair$, 103 17) (list$CONS (pair$, 7 (pair$, 3 (wordLang$Tick))) (list$NIL)))
mi_64_0_0_compile=(option$NONE)
mi_64_0_99_compile=(option$NONE)
mi_64_17_0_compile=(option$SOME (pair$, (list$CONS (word 2) (list$CONS (word 17) (list$NIL))) (pair$, (list$CONS (word 70377334112256) (list$NIL)) (pair$, 1 27))))
mi_64_17_99_compile=(option$SOME (pair$, (list$CONS (word 2) (list$CONS (word 17) (list$NIL))) (pair$, (list$CONS (word 70377334112256) (list$NIL)) (pair$, 100 27))))
mi_64_300_0_compile=(option$SOME (pair$, (list$CONS (word 2) (list$CONS (word 300) (list$NIL))) (pair$, (list$CONS (word 70377334112256) (list$NIL)) (pair$, 1 310))))
mi_64_300_99_compile=(option$SOME (pair$, (list$CONS (word 2) (list$CONS (word 300) (list$NIL))) (pair$, (list$CONS (word 70377334112256) (list$NIL)) (pair$, 100 310))))
mi_80_0_reset=(pair$, (list$CONS (pair$, 0 (wordLang$Loc 1 0)) (list$NIL)) (pair$, (option$SOME 0) (pair$, 0 (pair$, 0 (pair$, 0 (pair$, (option$SOME 1) (pair$, 9 70)))))))
mi_80_0_sizes=(sptree$LN)
mi_80_0_inherit=(bool$T)
mi_80_0_store=(bool$T)
mi_80_0_oracle=(pair$, (pair$, 103 17) (list$CONS (pair$, 7 (pair$, 3 (wordLang$Tick))) (list$NIL)))
mi_80_1_reset=(pair$, (list$CONS (pair$, 0 (wordLang$Loc 1 0)) (list$NIL)) (pair$, (option$SOME 0) (pair$, 0 (pair$, 0 (pair$, 1 (pair$, (option$SOME 1) (pair$, 9 70)))))))
mi_80_1_sizes=(sptree$LS 0)
mi_80_1_inherit=(bool$T)
mi_80_1_store=(bool$T)
mi_80_1_oracle=(pair$, (pair$, 103 17) (list$CONS (pair$, 7 (pair$, 3 (wordLang$Tick))) (list$NIL)))
mi_80_2_reset=(pair$, (list$CONS (pair$, 0 (wordLang$Loc 1 0)) (list$NIL)) (pair$, (option$SOME 0) (pair$, 0 (pair$, 0 (pair$, 2 (pair$, (option$SOME 1) (pair$, 9 70)))))))
mi_80_2_sizes=(sptree$LS 0)
mi_80_2_inherit=(bool$T)
mi_80_2_store=(bool$T)
mi_80_2_oracle=(pair$, (pair$, 103 17) (list$CONS (pair$, 7 (pair$, 3 (wordLang$Tick))) (list$NIL)))
mi_80_3_reset=(pair$, (list$CONS (pair$, 0 (wordLang$Loc 1 0)) (list$NIL)) (pair$, (option$SOME 0) (pair$, 0 (pair$, 0 (pair$, 3 (pair$, (option$SOME 1) (pair$, 9 70)))))))
mi_80_3_sizes=(sptree$LN)
mi_80_3_inherit=(bool$T)
mi_80_3_store=(bool$T)
mi_80_3_oracle=(pair$, (pair$, 103 17) (list$CONS (pair$, 7 (pair$, 3 (wordLang$Tick))) (list$NIL)))
mi_80_4_reset=(pair$, (list$CONS (pair$, 0 (wordLang$Loc 1 0)) (list$NIL)) (pair$, (option$SOME 0) (pair$, 0 (pair$, 0 (pair$, 4 (pair$, (option$SOME 1) (pair$, 9 70)))))))
mi_80_4_sizes=(sptree$BS (sptree$LS 18) 0 (sptree$LS 0))
mi_80_4_inherit=(bool$T)
mi_80_4_store=(bool$T)
mi_80_4_oracle=(pair$, (pair$, 103 17) (list$CONS (pair$, 7 (pair$, 3 (wordLang$Tick))) (list$NIL)))
mi_80_0_0_compile=(option$NONE)
mi_80_0_99_compile=(option$NONE)
mi_80_17_0_compile=(option$SOME (pair$, (list$CONS (word 2) (list$CONS (word 17) (list$NIL))) (pair$, (list$CONS (word 70377334112256) (list$NIL)) (pair$, 1 27))))
mi_80_17_99_compile=(option$SOME (pair$, (list$CONS (word 2) (list$CONS (word 17) (list$NIL))) (pair$, (list$CONS (word 70377334112256) (list$NIL)) (pair$, 100 27))))
mi_80_300_0_compile=(option$SOME (pair$, (list$CONS (word 2) (list$CONS (word 300) (list$NIL))) (pair$, (list$CONS (word 70377334112256) (list$NIL)) (pair$, 1 310))))
mi_80_300_99_compile=(option$SOME (pair$, (list$CONS (word 2) (list$CONS (word 300) (list$NIL))) (pair$, (list$CONS (word 70377334112256) (list$NIL)) (pair$, 100 310))))
