wcns_01_mt=(F,T)
wcns_02_seq=(F,T)
wcns_03_loop=(F,T)
wcns_04_if=(F,T)
wcns_05_call=(F,T)
wcns_06_alloc=(T,T)
wcns_07_loc=(T,T)
wcns_08_share=(F,T)
wcns_09_install=(T,T)
wcns_10_skip=(T,T)
wcns_11_move=(T,T)
wcns_12_inst=(T,T)
wcns_13_assign=(T,T)
wcns_14_get=(T,T)
wcns_15_set=(T,T)
wcns_16_store=(T,T)
wcns_17_consts=(T,T)
wcns_18_raise=(T,T)
wcns_19_return=(T,T)
wcns_20_break=(T,T)
wcns_21_continue=(T,T)
wcns_22_tick=(T,T)
wcns_23_heap=(T,T)
wcns_24_code=(T,T)
wcns_25_data=(T,T)
wcns_26_ffi=(T,T)
wcns_call_none_none_width1=(T,T)
wcns_call_return_only_width1=(F,T)
wcns_call_both_present_width1=(F,T)
