overflow_class_add_8_0=([31; 103; 105],99,[99; 98],[3; 5],F)
overflow_class_add_8_1=([31; 101; 101],1,[1; 1],[1; 1],F)
overflow_class_add_8_2=([31; 1180591620717411303527; 1180591620717411303529],1180591620717411303425,[1180591620717411303425; 0],[1180591620717411303427; 1180591620717411303429],F)
overflow_class_sub_8_0=([32; 103; 105],99,[99; 98],[3; 5],F)
overflow_class_sub_8_1=([32; 101; 101],1,[1; 1],[1; 1],F)
overflow_class_sub_8_2=([32; 1180591620717411303527; 1180591620717411303529],1180591620717411303425,[1180591620717411303425; 0],[1180591620717411303427; 1180591620717411303429],F)
overflow_class_add_80_0=([31; 103; 105],99,[99; 98],[3; 5],F)
overflow_class_add_80_1=([31; 101; 101],1,[1; 1],[1; 1],F)
overflow_class_add_80_2=([31; 1180591620717411303527; 1180591620717411303529],1180591620717411303425,[1180591620717411303425; 0],[1180591620717411303427; 1180591620717411303429],F)
overflow_class_sub_80_0=([32; 103; 105],99,[99; 98],[3; 5],F)
overflow_class_sub_80_1=([32; 101; 101],1,[1; 1],[1; 1],F)
overflow_class_sub_80_2=([32; 1180591620717411303527; 1180591620717411303529],1180591620717411303425,[1180591620717411303425; 0],[1180591620717411303427; 1180591620717411303429],F)
overflow_ssa_add=(Seq (Inst (Arith (AddOverflow 21 11 12 0))) (Move 1 [(25,0)]),SOME 21,SOME 25,29)
overflow_copy_add_0=Inst (Arith (AddOverflow 1 2 3 4))
overflow_copy_add_1=Inst (Arith (AddOverflow 1 9 3 4))
overflow_stack_add_0=Inst (Arith (AddOverflow 0 1 2 0))
overflow_stack_add_1=Seq (StackLoad 4 6) (Seq (StackLoad 5 4) (Seq (Inst (Arith (AddOverflow 4 4 5 0))) (StackStore 4 5)))
overflow_ssa_sub=(Seq (Inst (Arith (SubOverflow 21 11 12 0))) (Move 1 [(25,0)]),SOME 21,SOME 25,29)
overflow_copy_sub_0=Inst (Arith (SubOverflow 1 2 3 4))
overflow_copy_sub_1=Inst (Arith (SubOverflow 1 9 3 4))
overflow_stack_sub_0=Inst (Arith (SubOverflow 0 1 2 0))
overflow_stack_sub_1=Seq (StackLoad 4 6) (Seq (StackLoad 5 4) (Seq (Inst (Arith (SubOverflow 4 4 5 0))) (StackStore 4 5)))
overflow_state_add_1_0_0=(0,0,0,0,F)
overflow_state_add_1_0_1=(0,0,0,0,F)
overflow_state_add_1_1_0=(1,0,0,1,F)
overflow_state_add_1_1_1=(0,0,0,1,F)
overflow_state_add_1_2_0=(0,1,1,1,F)
overflow_state_add_1_2_1=(1,1,1,1,F)
overflow_state_add_1_3_0=(0,1,1,1,F)
overflow_state_add_1_3_1=(1,1,1,1,F)
overflow_state_add_1_4_0=(0,1,1,1,F)
overflow_state_add_1_4_1=(1,1,1,1,F)
overflow_state_add_1_5_0=(1,0,0,1,F)
overflow_state_add_1_5_1=(0,0,0,1,F)
overflow_state_add_1_6_0=(0,1,1,1,F)
overflow_state_add_1_6_1=(1,1,1,1,F)
overflow_state_add_1_7_0=(0,1,1,1,F)
overflow_state_add_1_7_1=(1,1,1,1,F)
overflow_state_sub_1_0_0=(0,0,0,0,F)
overflow_state_sub_1_0_1=(0,0,0,0,F)
overflow_state_sub_1_1_0=(1,1,0,1,F)
overflow_state_sub_1_1_1=(1,1,0,1,F)
overflow_state_sub_1_2_0=(0,0,1,1,F)
overflow_state_sub_1_2_1=(0,0,1,1,F)
overflow_state_sub_1_3_0=(0,0,1,1,F)
overflow_state_sub_1_3_1=(0,0,1,1,F)
overflow_state_sub_1_4_0=(0,0,1,1,F)
overflow_state_sub_1_4_1=(0,0,1,1,F)
overflow_state_sub_1_5_0=(1,1,0,1,F)
overflow_state_sub_1_5_1=(1,1,0,1,F)
overflow_state_sub_1_6_0=(0,0,1,1,F)
overflow_state_sub_1_6_1=(0,0,1,1,F)
overflow_state_sub_1_7_0=(0,0,1,1,F)
overflow_state_sub_1_7_1=(0,0,1,1,F)
overflow_state_add_8_0_0=(0,0,0,0,F)
overflow_state_add_8_0_1=(0,0,0,0,F)
overflow_state_add_8_1_0=(128,1,127,1,F)
overflow_state_add_8_1_1=(1,1,127,1,F)
overflow_state_add_8_2_0=(127,1,128,255,F)
overflow_state_add_8_2_1=(1,1,128,255,F)
overflow_state_add_8_3_0=(129,0,128,1,F)
overflow_state_add_8_3_1=(0,0,128,1,F)
overflow_state_add_8_4_0=(0,0,255,1,F)
overflow_state_add_8_4_1=(0,0,255,1,F)
overflow_state_add_8_5_0=(126,0,127,255,F)
overflow_state_add_8_5_1=(0,0,127,255,F)
overflow_state_add_8_6_0=(0,1,128,128,F)
overflow_state_add_8_6_1=(1,1,128,128,F)
overflow_state_add_8_7_0=(254,0,255,255,F)
overflow_state_add_8_7_1=(0,0,255,255,F)
overflow_state_sub_8_0_0=(0,0,0,0,F)
overflow_state_sub_8_0_1=(0,0,0,0,F)
overflow_state_sub_8_1_0=(126,0,127,1,F)
overflow_state_sub_8_1_1=(0,0,127,1,F)
overflow_state_sub_8_2_0=(129,0,128,255,F)
overflow_state_sub_8_2_1=(0,0,128,255,F)
overflow_state_sub_8_3_0=(127,1,128,1,F)
overflow_state_sub_8_3_1=(1,1,128,1,F)
overflow_state_sub_8_4_0=(254,0,255,1,F)
overflow_state_sub_8_4_1=(0,0,255,1,F)
overflow_state_sub_8_5_0=(128,1,127,255,F)
overflow_state_sub_8_5_1=(1,1,127,255,F)
overflow_state_sub_8_6_0=(0,0,128,128,F)
overflow_state_sub_8_6_1=(0,0,128,128,F)
overflow_state_sub_8_7_0=(0,0,255,255,F)
overflow_state_sub_8_7_1=(0,0,255,255,F)
overflow_state_add_64_0_0=(0,0,0,0,F)
overflow_state_add_64_0_1=(0,0,0,0,F)
overflow_state_add_64_1_0=(9223372036854775808,1,9223372036854775807,1,F)
overflow_state_add_64_1_1=(1,1,9223372036854775807,1,F)
overflow_state_add_64_2_0=(9223372036854775807,1,9223372036854775808,18446744073709551615,F)
overflow_state_add_64_2_1=(1,1,9223372036854775808,18446744073709551615,F)
overflow_state_add_64_3_0=(9223372036854775809,0,9223372036854775808,1,F)
overflow_state_add_64_3_1=(0,0,9223372036854775808,1,F)
overflow_state_add_64_4_0=(0,0,18446744073709551615,1,F)
overflow_state_add_64_4_1=(0,0,18446744073709551615,1,F)
overflow_state_add_64_5_0=(9223372036854775806,0,9223372036854775807,18446744073709551615,F)
overflow_state_add_64_5_1=(0,0,9223372036854775807,18446744073709551615,F)
overflow_state_add_64_6_0=(0,1,9223372036854775808,9223372036854775808,F)
overflow_state_add_64_6_1=(1,1,9223372036854775808,9223372036854775808,F)
overflow_state_add_64_7_0=(18446744073709551614,0,18446744073709551615,18446744073709551615,F)
overflow_state_add_64_7_1=(0,0,18446744073709551615,18446744073709551615,F)
overflow_state_sub_64_0_0=(0,0,0,0,F)
overflow_state_sub_64_0_1=(0,0,0,0,F)
overflow_state_sub_64_1_0=(9223372036854775806,0,9223372036854775807,1,F)
overflow_state_sub_64_1_1=(0,0,9223372036854775807,1,F)
overflow_state_sub_64_2_0=(9223372036854775809,0,9223372036854775808,18446744073709551615,F)
overflow_state_sub_64_2_1=(0,0,9223372036854775808,18446744073709551615,F)
overflow_state_sub_64_3_0=(9223372036854775807,1,9223372036854775808,1,F)
overflow_state_sub_64_3_1=(1,1,9223372036854775808,1,F)
overflow_state_sub_64_4_0=(18446744073709551614,0,18446744073709551615,1,F)
overflow_state_sub_64_4_1=(0,0,18446744073709551615,1,F)
overflow_state_sub_64_5_0=(9223372036854775808,1,9223372036854775807,18446744073709551615,F)
overflow_state_sub_64_5_1=(1,1,9223372036854775807,18446744073709551615,F)
overflow_state_sub_64_6_0=(0,0,9223372036854775808,9223372036854775808,F)
overflow_state_sub_64_6_1=(0,0,9223372036854775808,9223372036854775808,F)
overflow_state_sub_64_7_0=(0,0,18446744073709551615,18446744073709551615,F)
overflow_state_sub_64_7_1=(0,0,18446744073709551615,18446744073709551615,F)
overflow_state_add_80_0_0=(0,0,0,0,F)
overflow_state_add_80_0_1=(0,0,0,0,F)
overflow_state_add_80_1_0=(604462909807314587353088,1,604462909807314587353087,1,F)
overflow_state_add_80_1_1=(1,1,604462909807314587353087,1,F)
overflow_state_add_80_2_0=(604462909807314587353087,1,604462909807314587353088,1208925819614629174706175,F)
overflow_state_add_80_2_1=(1,1,604462909807314587353088,1208925819614629174706175,F)
overflow_state_add_80_3_0=(604462909807314587353089,0,604462909807314587353088,1,F)
overflow_state_add_80_3_1=(0,0,604462909807314587353088,1,F)
overflow_state_add_80_4_0=(0,0,1208925819614629174706175,1,F)
overflow_state_add_80_4_1=(0,0,1208925819614629174706175,1,F)
overflow_state_add_80_5_0=(604462909807314587353086,0,604462909807314587353087,1208925819614629174706175,F)
overflow_state_add_80_5_1=(0,0,604462909807314587353087,1208925819614629174706175,F)
overflow_state_add_80_6_0=(0,1,604462909807314587353088,604462909807314587353088,F)
overflow_state_add_80_6_1=(1,1,604462909807314587353088,604462909807314587353088,F)
overflow_state_add_80_7_0=(1208925819614629174706174,0,1208925819614629174706175,1208925819614629174706175,F)
overflow_state_add_80_7_1=(0,0,1208925819614629174706175,1208925819614629174706175,F)
overflow_state_sub_80_0_0=(0,0,0,0,F)
overflow_state_sub_80_0_1=(0,0,0,0,F)
overflow_state_sub_80_1_0=(604462909807314587353086,0,604462909807314587353087,1,F)
overflow_state_sub_80_1_1=(0,0,604462909807314587353087,1,F)
overflow_state_sub_80_2_0=(604462909807314587353089,0,604462909807314587353088,1208925819614629174706175,F)
overflow_state_sub_80_2_1=(0,0,604462909807314587353088,1208925819614629174706175,F)
overflow_state_sub_80_3_0=(604462909807314587353087,1,604462909807314587353088,1,F)
overflow_state_sub_80_3_1=(1,1,604462909807314587353088,1,F)
overflow_state_sub_80_4_0=(1208925819614629174706174,0,1208925819614629174706175,1,F)
overflow_state_sub_80_4_1=(0,0,1208925819614629174706175,1,F)
overflow_state_sub_80_5_0=(604462909807314587353088,1,604462909807314587353087,1208925819614629174706175,F)
overflow_state_sub_80_5_1=(1,1,604462909807314587353087,1208925819614629174706175,F)
overflow_state_sub_80_6_0=(0,0,604462909807314587353088,604462909807314587353088,F)
overflow_state_sub_80_6_1=(0,0,604462909807314587353088,604462909807314587353088,F)
overflow_state_sub_80_7_0=(0,0,1208925819614629174706175,1208925819614629174706175,F)
overflow_state_sub_80_7_1=(0,0,1208925819614629174706175,1208925819614629174706175,F)
