ans_full_share=⊢ ∀c perf op v exp bs frame. (perf ⇔ F) ∧ post_alloc_conventions (FST frame) (ShareInst op v exp) ∧ full_inst_ok_less c (ShareInst op v exp) ∧ (c.two_reg_arith ⇒ every_inst two_reg_inst (ShareInst op v exp)) ∧ (no_share_inst (ShareInst op v exp) ∨ c.ISA ≠ Ag32) ∧ FST frame + 1 < c.reg_count − LENGTH c.avoid_regs ∧ 4 < FST frame ⇒ stack_asm_name c (FST (comp c perf (ShareInst op v exp) bs frame))
ans_1_load_direct_valid=T
ans_1_load_direct_guard=T
ans_1_load_direct_target=T
ans_1_load_spill_valid=F
ans_1_load_spill_guard=F
ans_1_load_spill_target=F
ans_1_load_offset4_valid=T
ans_1_load_offset4_guard=T
ans_1_load_offset4_target=T
ans_1_load_ag32_valid=T
ans_1_load_ag32_guard=F
ans_1_load_ag32_target=T
ans_1_load_underflow_valid=T
ans_1_load_underflow_guard=F
ans_1_load_underflow_target=F
ans_1_load_extract_fail_valid=F
ans_1_load_extract_fail_guard=F
ans_1_load_extract_fail_target=T
ans_1_store_direct_valid=T
ans_1_store_direct_guard=T
ans_1_store_direct_target=T
ans_1_store_spill_valid=F
ans_1_store_spill_guard=F
ans_1_store_spill_target=F
ans_1_store_offset4_valid=T
ans_1_store_offset4_guard=T
ans_1_store_offset4_target=T
ans_1_store_ag32_valid=T
ans_1_store_ag32_guard=F
ans_1_store_ag32_target=T
ans_1_store_underflow_valid=T
ans_1_store_underflow_guard=F
ans_1_store_underflow_target=F
ans_1_store_extract_fail_valid=F
ans_1_store_extract_fail_guard=F
ans_1_store_extract_fail_target=T
ans_1_load8_direct_valid=F
ans_1_load8_direct_guard=F
ans_1_load8_direct_target=F
ans_1_load8_spill_valid=F
ans_1_load8_spill_guard=F
ans_1_load8_spill_target=F
ans_1_load8_offset4_valid=F
ans_1_load8_offset4_guard=F
ans_1_load8_offset4_target=F
ans_1_load8_ag32_valid=F
ans_1_load8_ag32_guard=F
ans_1_load8_ag32_target=F
ans_1_load8_underflow_valid=F
ans_1_load8_underflow_guard=F
ans_1_load8_underflow_target=F
ans_1_load8_extract_fail_valid=F
ans_1_load8_extract_fail_guard=F
ans_1_load8_extract_fail_target=T
ans_1_store8_direct_valid=F
ans_1_store8_direct_guard=F
ans_1_store8_direct_target=F
ans_1_store8_spill_valid=F
ans_1_store8_spill_guard=F
ans_1_store8_spill_target=F
ans_1_store8_offset4_valid=F
ans_1_store8_offset4_guard=F
ans_1_store8_offset4_target=F
ans_1_store8_ag32_valid=F
ans_1_store8_ag32_guard=F
ans_1_store8_ag32_target=F
ans_1_store8_underflow_valid=F
ans_1_store8_underflow_guard=F
ans_1_store8_underflow_target=F
ans_1_store8_extract_fail_valid=F
ans_1_store8_extract_fail_guard=F
ans_1_store8_extract_fail_target=T
ans_1_load16_direct_valid=T
ans_1_load16_direct_guard=T
ans_1_load16_direct_target=T
ans_1_load16_spill_valid=F
ans_1_load16_spill_guard=F
ans_1_load16_spill_target=F
ans_1_load16_offset4_valid=T
ans_1_load16_offset4_guard=T
ans_1_load16_offset4_target=T
ans_1_load16_ag32_valid=T
ans_1_load16_ag32_guard=F
ans_1_load16_ag32_target=F
ans_1_load16_underflow_valid=T
ans_1_load16_underflow_guard=F
ans_1_load16_underflow_target=F
ans_1_load16_extract_fail_valid=F
ans_1_load16_extract_fail_guard=F
ans_1_load16_extract_fail_target=T
ans_1_store16_direct_valid=T
ans_1_store16_direct_guard=T
ans_1_store16_direct_target=T
ans_1_store16_spill_valid=F
ans_1_store16_spill_guard=F
ans_1_store16_spill_target=F
ans_1_store16_offset4_valid=T
ans_1_store16_offset4_guard=T
ans_1_store16_offset4_target=T
ans_1_store16_ag32_valid=T
ans_1_store16_ag32_guard=F
ans_1_store16_ag32_target=F
ans_1_store16_underflow_valid=T
ans_1_store16_underflow_guard=F
ans_1_store16_underflow_target=F
ans_1_store16_extract_fail_valid=F
ans_1_store16_extract_fail_guard=F
ans_1_store16_extract_fail_target=T
ans_1_load32_direct_valid=T
ans_1_load32_direct_guard=T
ans_1_load32_direct_target=T
ans_1_load32_spill_valid=F
ans_1_load32_spill_guard=F
ans_1_load32_spill_target=F
ans_1_load32_offset4_valid=T
ans_1_load32_offset4_guard=T
ans_1_load32_offset4_target=T
ans_1_load32_ag32_valid=T
ans_1_load32_ag32_guard=F
ans_1_load32_ag32_target=T
ans_1_load32_underflow_valid=T
ans_1_load32_underflow_guard=F
ans_1_load32_underflow_target=F
ans_1_load32_extract_fail_valid=F
ans_1_load32_extract_fail_guard=F
ans_1_load32_extract_fail_target=T
ans_1_store32_direct_valid=T
ans_1_store32_direct_guard=T
ans_1_store32_direct_target=T
ans_1_store32_spill_valid=F
ans_1_store32_spill_guard=F
ans_1_store32_spill_target=F
ans_1_store32_offset4_valid=T
ans_1_store32_offset4_guard=T
ans_1_store32_offset4_target=T
ans_1_store32_ag32_valid=T
ans_1_store32_ag32_guard=F
ans_1_store32_ag32_target=T
ans_1_store32_underflow_valid=T
ans_1_store32_underflow_guard=F
ans_1_store32_underflow_target=F
ans_1_store32_extract_fail_valid=F
ans_1_store32_extract_fail_guard=F
ans_1_store32_extract_fail_target=T
ans_2_load_direct_valid=T
ans_2_load_direct_guard=T
ans_2_load_direct_target=T
ans_2_load_spill_valid=F
ans_2_load_spill_guard=F
ans_2_load_spill_target=F
ans_2_load_offset4_valid=T
ans_2_load_offset4_guard=T
ans_2_load_offset4_target=T
ans_2_load_ag32_valid=T
ans_2_load_ag32_guard=F
ans_2_load_ag32_target=T
ans_2_load_underflow_valid=T
ans_2_load_underflow_guard=F
ans_2_load_underflow_target=F
ans_2_load_extract_fail_valid=F
ans_2_load_extract_fail_guard=F
ans_2_load_extract_fail_target=T
ans_2_store_direct_valid=T
ans_2_store_direct_guard=T
ans_2_store_direct_target=T
ans_2_store_spill_valid=F
ans_2_store_spill_guard=F
ans_2_store_spill_target=F
ans_2_store_offset4_valid=T
ans_2_store_offset4_guard=T
ans_2_store_offset4_target=T
ans_2_store_ag32_valid=T
ans_2_store_ag32_guard=F
ans_2_store_ag32_target=T
ans_2_store_underflow_valid=T
ans_2_store_underflow_guard=F
ans_2_store_underflow_target=F
ans_2_store_extract_fail_valid=F
ans_2_store_extract_fail_guard=F
ans_2_store_extract_fail_target=T
ans_2_load8_direct_valid=F
ans_2_load8_direct_guard=F
ans_2_load8_direct_target=F
ans_2_load8_spill_valid=F
ans_2_load8_spill_guard=F
ans_2_load8_spill_target=F
ans_2_load8_offset4_valid=F
ans_2_load8_offset4_guard=F
ans_2_load8_offset4_target=F
ans_2_load8_ag32_valid=F
ans_2_load8_ag32_guard=F
ans_2_load8_ag32_target=F
ans_2_load8_underflow_valid=F
ans_2_load8_underflow_guard=F
ans_2_load8_underflow_target=F
ans_2_load8_extract_fail_valid=F
ans_2_load8_extract_fail_guard=F
ans_2_load8_extract_fail_target=T
ans_2_store8_direct_valid=F
ans_2_store8_direct_guard=F
ans_2_store8_direct_target=F
ans_2_store8_spill_valid=F
ans_2_store8_spill_guard=F
ans_2_store8_spill_target=F
ans_2_store8_offset4_valid=F
ans_2_store8_offset4_guard=F
ans_2_store8_offset4_target=F
ans_2_store8_ag32_valid=F
ans_2_store8_ag32_guard=F
ans_2_store8_ag32_target=F
ans_2_store8_underflow_valid=F
ans_2_store8_underflow_guard=F
ans_2_store8_underflow_target=F
ans_2_store8_extract_fail_valid=F
ans_2_store8_extract_fail_guard=F
ans_2_store8_extract_fail_target=T
ans_2_load16_direct_valid=F
ans_2_load16_direct_guard=F
ans_2_load16_direct_target=F
ans_2_load16_spill_valid=F
ans_2_load16_spill_guard=F
ans_2_load16_spill_target=F
ans_2_load16_offset4_valid=F
ans_2_load16_offset4_guard=F
ans_2_load16_offset4_target=F
ans_2_load16_ag32_valid=F
ans_2_load16_ag32_guard=F
ans_2_load16_ag32_target=F
ans_2_load16_underflow_valid=F
ans_2_load16_underflow_guard=F
ans_2_load16_underflow_target=F
ans_2_load16_extract_fail_valid=F
ans_2_load16_extract_fail_guard=F
ans_2_load16_extract_fail_target=T
ans_2_store16_direct_valid=F
ans_2_store16_direct_guard=F
ans_2_store16_direct_target=F
ans_2_store16_spill_valid=F
ans_2_store16_spill_guard=F
ans_2_store16_spill_target=F
ans_2_store16_offset4_valid=F
ans_2_store16_offset4_guard=F
ans_2_store16_offset4_target=F
ans_2_store16_ag32_valid=F
ans_2_store16_ag32_guard=F
ans_2_store16_ag32_target=F
ans_2_store16_underflow_valid=F
ans_2_store16_underflow_guard=F
ans_2_store16_underflow_target=F
ans_2_store16_extract_fail_valid=F
ans_2_store16_extract_fail_guard=F
ans_2_store16_extract_fail_target=T
ans_2_load32_direct_valid=T
ans_2_load32_direct_guard=T
ans_2_load32_direct_target=T
ans_2_load32_spill_valid=F
ans_2_load32_spill_guard=F
ans_2_load32_spill_target=F
ans_2_load32_offset4_valid=T
ans_2_load32_offset4_guard=T
ans_2_load32_offset4_target=T
ans_2_load32_ag32_valid=T
ans_2_load32_ag32_guard=F
ans_2_load32_ag32_target=T
ans_2_load32_underflow_valid=T
ans_2_load32_underflow_guard=F
ans_2_load32_underflow_target=F
ans_2_load32_extract_fail_valid=F
ans_2_load32_extract_fail_guard=F
ans_2_load32_extract_fail_target=T
ans_2_store32_direct_valid=T
ans_2_store32_direct_guard=T
ans_2_store32_direct_target=T
ans_2_store32_spill_valid=F
ans_2_store32_spill_guard=F
ans_2_store32_spill_target=F
ans_2_store32_offset4_valid=T
ans_2_store32_offset4_guard=T
ans_2_store32_offset4_target=T
ans_2_store32_ag32_valid=T
ans_2_store32_ag32_guard=F
ans_2_store32_ag32_target=T
ans_2_store32_underflow_valid=T
ans_2_store32_underflow_guard=F
ans_2_store32_underflow_target=F
ans_2_store32_extract_fail_valid=F
ans_2_store32_extract_fail_guard=F
ans_2_store32_extract_fail_target=T
ans_8_load_direct_valid=T
ans_8_load_direct_guard=T
ans_8_load_direct_target=T
ans_8_load_spill_valid=T
ans_8_load_spill_guard=T
ans_8_load_spill_target=T
ans_8_load_offset4_valid=T
ans_8_load_offset4_guard=T
ans_8_load_offset4_target=T
ans_8_load_ag32_valid=T
ans_8_load_ag32_guard=F
ans_8_load_ag32_target=T
ans_8_load_underflow_valid=T
ans_8_load_underflow_guard=F
ans_8_load_underflow_target=F
ans_8_load_extract_fail_valid=F
ans_8_load_extract_fail_guard=F
ans_8_load_extract_fail_target=T
ans_8_store_direct_valid=T
ans_8_store_direct_guard=T
ans_8_store_direct_target=T
ans_8_store_spill_valid=T
ans_8_store_spill_guard=T
ans_8_store_spill_target=T
ans_8_store_offset4_valid=T
ans_8_store_offset4_guard=T
ans_8_store_offset4_target=T
ans_8_store_ag32_valid=T
ans_8_store_ag32_guard=F
ans_8_store_ag32_target=T
ans_8_store_underflow_valid=T
ans_8_store_underflow_guard=F
ans_8_store_underflow_target=F
ans_8_store_extract_fail_valid=F
ans_8_store_extract_fail_guard=F
ans_8_store_extract_fail_target=T
ans_8_load8_direct_valid=T
ans_8_load8_direct_guard=T
ans_8_load8_direct_target=T
ans_8_load8_spill_valid=T
ans_8_load8_spill_guard=T
ans_8_load8_spill_target=T
ans_8_load8_offset4_valid=F
ans_8_load8_offset4_guard=F
ans_8_load8_offset4_target=F
ans_8_load8_ag32_valid=T
ans_8_load8_ag32_guard=F
ans_8_load8_ag32_target=T
ans_8_load8_underflow_valid=T
ans_8_load8_underflow_guard=F
ans_8_load8_underflow_target=F
ans_8_load8_extract_fail_valid=F
ans_8_load8_extract_fail_guard=F
ans_8_load8_extract_fail_target=T
ans_8_store8_direct_valid=T
ans_8_store8_direct_guard=T
ans_8_store8_direct_target=T
ans_8_store8_spill_valid=T
ans_8_store8_spill_guard=T
ans_8_store8_spill_target=T
ans_8_store8_offset4_valid=F
ans_8_store8_offset4_guard=F
ans_8_store8_offset4_target=F
ans_8_store8_ag32_valid=T
ans_8_store8_ag32_guard=F
ans_8_store8_ag32_target=T
ans_8_store8_underflow_valid=T
ans_8_store8_underflow_guard=F
ans_8_store8_underflow_target=F
ans_8_store8_extract_fail_valid=F
ans_8_store8_extract_fail_guard=F
ans_8_store8_extract_fail_target=T
ans_8_load16_direct_valid=T
ans_8_load16_direct_guard=T
ans_8_load16_direct_target=T
ans_8_load16_spill_valid=T
ans_8_load16_spill_guard=T
ans_8_load16_spill_target=T
ans_8_load16_offset4_valid=F
ans_8_load16_offset4_guard=F
ans_8_load16_offset4_target=F
ans_8_load16_ag32_valid=T
ans_8_load16_ag32_guard=F
ans_8_load16_ag32_target=F
ans_8_load16_underflow_valid=T
ans_8_load16_underflow_guard=F
ans_8_load16_underflow_target=F
ans_8_load16_extract_fail_valid=F
ans_8_load16_extract_fail_guard=F
ans_8_load16_extract_fail_target=T
ans_8_store16_direct_valid=T
ans_8_store16_direct_guard=T
ans_8_store16_direct_target=T
ans_8_store16_spill_valid=T
ans_8_store16_spill_guard=T
ans_8_store16_spill_target=T
ans_8_store16_offset4_valid=F
ans_8_store16_offset4_guard=F
ans_8_store16_offset4_target=F
ans_8_store16_ag32_valid=T
ans_8_store16_ag32_guard=F
ans_8_store16_ag32_target=F
ans_8_store16_underflow_valid=T
ans_8_store16_underflow_guard=F
ans_8_store16_underflow_target=F
ans_8_store16_extract_fail_valid=F
ans_8_store16_extract_fail_guard=F
ans_8_store16_extract_fail_target=T
ans_8_load32_direct_valid=T
ans_8_load32_direct_guard=T
ans_8_load32_direct_target=T
ans_8_load32_spill_valid=T
ans_8_load32_spill_guard=T
ans_8_load32_spill_target=T
ans_8_load32_offset4_valid=T
ans_8_load32_offset4_guard=T
ans_8_load32_offset4_target=T
ans_8_load32_ag32_valid=T
ans_8_load32_ag32_guard=F
ans_8_load32_ag32_target=T
ans_8_load32_underflow_valid=T
ans_8_load32_underflow_guard=F
ans_8_load32_underflow_target=F
ans_8_load32_extract_fail_valid=F
ans_8_load32_extract_fail_guard=F
ans_8_load32_extract_fail_target=T
ans_8_store32_direct_valid=T
ans_8_store32_direct_guard=T
ans_8_store32_direct_target=T
ans_8_store32_spill_valid=T
ans_8_store32_spill_guard=T
ans_8_store32_spill_target=T
ans_8_store32_offset4_valid=T
ans_8_store32_offset4_guard=T
ans_8_store32_offset4_target=T
ans_8_store32_ag32_valid=T
ans_8_store32_ag32_guard=F
ans_8_store32_ag32_target=T
ans_8_store32_underflow_valid=T
ans_8_store32_underflow_guard=F
ans_8_store32_underflow_target=F
ans_8_store32_extract_fail_valid=F
ans_8_store32_extract_fail_guard=F
ans_8_store32_extract_fail_target=T
ans_64_load_direct_valid=T
ans_64_load_direct_guard=T
ans_64_load_direct_target=T
ans_64_load_spill_valid=T
ans_64_load_spill_guard=T
ans_64_load_spill_target=T
ans_64_load_offset4_valid=T
ans_64_load_offset4_guard=T
ans_64_load_offset4_target=T
ans_64_load_ag32_valid=T
ans_64_load_ag32_guard=F
ans_64_load_ag32_target=T
ans_64_load_underflow_valid=T
ans_64_load_underflow_guard=F
ans_64_load_underflow_target=F
ans_64_load_extract_fail_valid=F
ans_64_load_extract_fail_guard=F
ans_64_load_extract_fail_target=T
ans_64_store_direct_valid=T
ans_64_store_direct_guard=T
ans_64_store_direct_target=T
ans_64_store_spill_valid=T
ans_64_store_spill_guard=T
ans_64_store_spill_target=T
ans_64_store_offset4_valid=T
ans_64_store_offset4_guard=T
ans_64_store_offset4_target=T
ans_64_store_ag32_valid=T
ans_64_store_ag32_guard=F
ans_64_store_ag32_target=T
ans_64_store_underflow_valid=T
ans_64_store_underflow_guard=F
ans_64_store_underflow_target=F
ans_64_store_extract_fail_valid=F
ans_64_store_extract_fail_guard=F
ans_64_store_extract_fail_target=T
ans_64_load8_direct_valid=T
ans_64_load8_direct_guard=T
ans_64_load8_direct_target=T
ans_64_load8_spill_valid=T
ans_64_load8_spill_guard=T
ans_64_load8_spill_target=T
ans_64_load8_offset4_valid=F
ans_64_load8_offset4_guard=F
ans_64_load8_offset4_target=F
ans_64_load8_ag32_valid=T
ans_64_load8_ag32_guard=F
ans_64_load8_ag32_target=T
ans_64_load8_underflow_valid=T
ans_64_load8_underflow_guard=F
ans_64_load8_underflow_target=F
ans_64_load8_extract_fail_valid=F
ans_64_load8_extract_fail_guard=F
ans_64_load8_extract_fail_target=T
ans_64_store8_direct_valid=T
ans_64_store8_direct_guard=T
ans_64_store8_direct_target=T
ans_64_store8_spill_valid=T
ans_64_store8_spill_guard=T
ans_64_store8_spill_target=T
ans_64_store8_offset4_valid=F
ans_64_store8_offset4_guard=F
ans_64_store8_offset4_target=F
ans_64_store8_ag32_valid=T
ans_64_store8_ag32_guard=F
ans_64_store8_ag32_target=T
ans_64_store8_underflow_valid=T
ans_64_store8_underflow_guard=F
ans_64_store8_underflow_target=F
ans_64_store8_extract_fail_valid=F
ans_64_store8_extract_fail_guard=F
ans_64_store8_extract_fail_target=T
ans_64_load16_direct_valid=T
ans_64_load16_direct_guard=T
ans_64_load16_direct_target=T
ans_64_load16_spill_valid=T
ans_64_load16_spill_guard=T
ans_64_load16_spill_target=T
ans_64_load16_offset4_valid=F
ans_64_load16_offset4_guard=F
ans_64_load16_offset4_target=F
ans_64_load16_ag32_valid=T
ans_64_load16_ag32_guard=F
ans_64_load16_ag32_target=F
ans_64_load16_underflow_valid=T
ans_64_load16_underflow_guard=F
ans_64_load16_underflow_target=F
ans_64_load16_extract_fail_valid=F
ans_64_load16_extract_fail_guard=F
ans_64_load16_extract_fail_target=T
ans_64_store16_direct_valid=T
ans_64_store16_direct_guard=T
ans_64_store16_direct_target=T
ans_64_store16_spill_valid=T
ans_64_store16_spill_guard=T
ans_64_store16_spill_target=T
ans_64_store16_offset4_valid=F
ans_64_store16_offset4_guard=F
ans_64_store16_offset4_target=F
ans_64_store16_ag32_valid=T
ans_64_store16_ag32_guard=F
ans_64_store16_ag32_target=F
ans_64_store16_underflow_valid=T
ans_64_store16_underflow_guard=F
ans_64_store16_underflow_target=F
ans_64_store16_extract_fail_valid=F
ans_64_store16_extract_fail_guard=F
ans_64_store16_extract_fail_target=T
ans_64_load32_direct_valid=T
ans_64_load32_direct_guard=T
ans_64_load32_direct_target=T
ans_64_load32_spill_valid=T
ans_64_load32_spill_guard=T
ans_64_load32_spill_target=T
ans_64_load32_offset4_valid=T
ans_64_load32_offset4_guard=T
ans_64_load32_offset4_target=T
ans_64_load32_ag32_valid=T
ans_64_load32_ag32_guard=F
ans_64_load32_ag32_target=T
ans_64_load32_underflow_valid=T
ans_64_load32_underflow_guard=F
ans_64_load32_underflow_target=F
ans_64_load32_extract_fail_valid=F
ans_64_load32_extract_fail_guard=F
ans_64_load32_extract_fail_target=T
ans_64_store32_direct_valid=T
ans_64_store32_direct_guard=T
ans_64_store32_direct_target=T
ans_64_store32_spill_valid=T
ans_64_store32_spill_guard=T
ans_64_store32_spill_target=T
ans_64_store32_offset4_valid=T
ans_64_store32_offset4_guard=T
ans_64_store32_offset4_target=T
ans_64_store32_ag32_valid=T
ans_64_store32_ag32_guard=F
ans_64_store32_ag32_target=T
ans_64_store32_underflow_valid=T
ans_64_store32_underflow_guard=F
ans_64_store32_underflow_target=F
ans_64_store32_extract_fail_valid=F
ans_64_store32_extract_fail_guard=F
ans_64_store32_extract_fail_target=T
ans_80_load_direct_valid=T
ans_80_load_direct_guard=T
ans_80_load_direct_target=T
ans_80_load_spill_valid=T
ans_80_load_spill_guard=T
ans_80_load_spill_target=T
ans_80_load_offset4_valid=T
ans_80_load_offset4_guard=T
ans_80_load_offset4_target=T
ans_80_load_ag32_valid=T
ans_80_load_ag32_guard=F
ans_80_load_ag32_target=T
ans_80_load_underflow_valid=T
ans_80_load_underflow_guard=F
ans_80_load_underflow_target=F
ans_80_load_extract_fail_valid=F
ans_80_load_extract_fail_guard=F
ans_80_load_extract_fail_target=T
ans_80_store_direct_valid=T
ans_80_store_direct_guard=T
ans_80_store_direct_target=T
ans_80_store_spill_valid=T
ans_80_store_spill_guard=T
ans_80_store_spill_target=T
ans_80_store_offset4_valid=T
ans_80_store_offset4_guard=T
ans_80_store_offset4_target=T
ans_80_store_ag32_valid=T
ans_80_store_ag32_guard=F
ans_80_store_ag32_target=T
ans_80_store_underflow_valid=T
ans_80_store_underflow_guard=F
ans_80_store_underflow_target=F
ans_80_store_extract_fail_valid=F
ans_80_store_extract_fail_guard=F
ans_80_store_extract_fail_target=T
ans_80_load8_direct_valid=T
ans_80_load8_direct_guard=T
ans_80_load8_direct_target=T
ans_80_load8_spill_valid=T
ans_80_load8_spill_guard=T
ans_80_load8_spill_target=T
ans_80_load8_offset4_valid=F
ans_80_load8_offset4_guard=F
ans_80_load8_offset4_target=F
ans_80_load8_ag32_valid=T
ans_80_load8_ag32_guard=F
ans_80_load8_ag32_target=T
ans_80_load8_underflow_valid=T
ans_80_load8_underflow_guard=F
ans_80_load8_underflow_target=F
ans_80_load8_extract_fail_valid=F
ans_80_load8_extract_fail_guard=F
ans_80_load8_extract_fail_target=T
ans_80_store8_direct_valid=T
ans_80_store8_direct_guard=T
ans_80_store8_direct_target=T
ans_80_store8_spill_valid=T
ans_80_store8_spill_guard=T
ans_80_store8_spill_target=T
ans_80_store8_offset4_valid=F
ans_80_store8_offset4_guard=F
ans_80_store8_offset4_target=F
ans_80_store8_ag32_valid=T
ans_80_store8_ag32_guard=F
ans_80_store8_ag32_target=T
ans_80_store8_underflow_valid=T
ans_80_store8_underflow_guard=F
ans_80_store8_underflow_target=F
ans_80_store8_extract_fail_valid=F
ans_80_store8_extract_fail_guard=F
ans_80_store8_extract_fail_target=T
ans_80_load16_direct_valid=T
ans_80_load16_direct_guard=T
ans_80_load16_direct_target=T
ans_80_load16_spill_valid=T
ans_80_load16_spill_guard=T
ans_80_load16_spill_target=T
ans_80_load16_offset4_valid=F
ans_80_load16_offset4_guard=F
ans_80_load16_offset4_target=F
ans_80_load16_ag32_valid=T
ans_80_load16_ag32_guard=F
ans_80_load16_ag32_target=F
ans_80_load16_underflow_valid=T
ans_80_load16_underflow_guard=F
ans_80_load16_underflow_target=F
ans_80_load16_extract_fail_valid=F
ans_80_load16_extract_fail_guard=F
ans_80_load16_extract_fail_target=T
ans_80_store16_direct_valid=T
ans_80_store16_direct_guard=T
ans_80_store16_direct_target=T
ans_80_store16_spill_valid=T
ans_80_store16_spill_guard=T
ans_80_store16_spill_target=T
ans_80_store16_offset4_valid=F
ans_80_store16_offset4_guard=F
ans_80_store16_offset4_target=F
ans_80_store16_ag32_valid=T
ans_80_store16_ag32_guard=F
ans_80_store16_ag32_target=F
ans_80_store16_underflow_valid=T
ans_80_store16_underflow_guard=F
ans_80_store16_underflow_target=F
ans_80_store16_extract_fail_valid=F
ans_80_store16_extract_fail_guard=F
ans_80_store16_extract_fail_target=T
ans_80_load32_direct_valid=T
ans_80_load32_direct_guard=T
ans_80_load32_direct_target=T
ans_80_load32_spill_valid=T
ans_80_load32_spill_guard=T
ans_80_load32_spill_target=T
ans_80_load32_offset4_valid=T
ans_80_load32_offset4_guard=T
ans_80_load32_offset4_target=T
ans_80_load32_ag32_valid=T
ans_80_load32_ag32_guard=F
ans_80_load32_ag32_target=T
ans_80_load32_underflow_valid=T
ans_80_load32_underflow_guard=F
ans_80_load32_underflow_target=F
ans_80_load32_extract_fail_valid=F
ans_80_load32_extract_fail_guard=F
ans_80_load32_extract_fail_target=T
ans_80_store32_direct_valid=T
ans_80_store32_direct_guard=T
ans_80_store32_direct_target=T
ans_80_store32_spill_valid=T
ans_80_store32_spill_guard=T
ans_80_store32_spill_target=T
ans_80_store32_offset4_valid=T
ans_80_store32_offset4_guard=T
ans_80_store32_offset4_target=T
ans_80_store32_ag32_valid=T
ans_80_store32_ag32_guard=F
ans_80_store32_ag32_target=T
ans_80_store32_underflow_valid=T
ans_80_store32_underflow_guard=F
ans_80_store32_underflow_target=F
ans_80_store32_extract_fail_valid=F
ans_80_store32_extract_fail_guard=F
ans_80_store32_extract_fail_target=T
