rc_must_1=T
rc_loop_1=T
rc_seq_1=T
rc_reg_1=T
rc_imm_yes_1=T
rc_imm_no_1=T
rc_must_32=T
rc_loop_32=T
rc_seq_32=T
rc_reg_32=T
rc_imm_yes_32=T
rc_imm_no_32=T
rc_must_64=T
rc_loop_64=T
rc_seq_64=T
rc_reg_64=T
rc_imm_yes_64=T
rc_imm_no_64=T
rc_must_80=T
rc_loop_80=T
rc_seq_80=T
rc_reg_80=T
rc_imm_yes_80=T
rc_imm_no_80=T
rc_must_shared=T
rc_must_invalid=T
rc_must_ignored_handler=T
rc_loop_shared=T
rc_loop_invalid=T
rc_loop_ignored_handler=T
rc_seq_shared=T
rc_seq_invalid=T
rc_seq_ignored_handler=T
rc_reg_shared=T
rc_reg_invalid=T
rc_reg_ignored_handler=T
rc_imm_yes_shared=T
rc_imm_yes_invalid=T
rc_imm_yes_ignored_handler=T
rc_imm_no_shared=T
rc_imm_no_invalid=T
rc_imm_no_ignored_handler=T
