mvm_original_statement=∀prog. every_var (λx. x ≤ max_var prog) prog
mvm_skip=(0,T,T)
mvm_move=(23,T,F)
mvm_move_empty=(0,T,T)
mvm_inst64=(3,T,F)
mvm_inst32=(17,T,F)
mvm_assign=(17,T,F)
mvm_get=(7,T,F)
mvm_store=(17,T,F)
mvm_tail_ignored=(17,T,F)
mvm_tail_empty=(0,T,T)
mvm_call_body=(23,T,F)
mvm_call_cutset=(47,T,F)
mvm_call_values=(53,T,F)
mvm_handler_value=(37,T,F)
mvm_handler_body=(61,T,F)
mvm_seq=(17,T,F)
mvm_must=(17,T,F)
mvm_if_reg=(23,T,F)
mvm_if_imm=(17,T,F)
mvm_alloc=(23,T,F)
mvm_consts=(23,T,F)
mvm_install=(23,T,F)
mvm_codewrite=(17,T,F)
mvm_datawrite=(23,T,F)
mvm_ffi=(23,T,F)
mvm_raise=(17,T,F)
mvm_heap=(17,T,F)
mvm_return=(17,T,F)
mvm_return_empty=(0,T,F)
mvm_tick=(0,T,T)
mvm_loc=(7,T,F)
mvm_set=(17,T,F)
mvm_share=(5,T,F)
mvm_loop_exit=(29,T,F)
mvm_loop_body=(31,T,F)
mvm_break=(0,T,T)
mvm_continue=(0,T,T)
mvm_width1_huge=(1208925819614629174706176,T,F)
mvm_inst_load16_ignored=(0,T,T)
mvm_inst_store16_ignored=(0,T,T)
mvm_inst_fp80_from=(101,T,F)
mvm_call_arguments=(97,T,F)
mvm_call_nested_handler=(17,T,F)
mvm_cutsets_nonwf=(0,T,F)
mvm_op_list_nested=(101,T,F)
mvm_inst_fp_ignored=(0,T,T)
