wts_top_empty_plain=T
wts_top_empty_perf=T
wts_top_empty_zero=T
wts_top_empty_narrow=T
wts_top_width_one_plain=T
wts_top_width_one_perf=T
wts_top_zero_registers=T
wts_top_reg_underflow=T
wts_top_avoid_duplicate=T
wts_top_avoid_single=T
wts_top_reg_only=T
wts_top_stack_args=T
wts_top_perf_args=T
wts_top_break=T
wts_top_duplicates=T
wts_top_duplicates_reverse=T
wts_top_order=T
wts_top_large_identifier=T
wts_top_bitmap_plain=T
wts_top_bitmap_perf=T
wts_top_bitmap_order=T
wts_top_bitmap_reverse=T
wts_top_bitmap_multiword=T
wts_top_bitmap_zero_frame=T
