aai_full_inst=⊢ ∀c perf i bs frame. (perf ⇔ F) ⇒ alloc_arg (FST (comp c perf (Inst i) bs frame))
aai_full_share=⊢ ∀c perf op v exp bs frame. (perf ⇔ F) ⇒ alloc_arg (FST (comp c perf (ShareInst op v exp) bs frame))
aai_1_0_skip=T
aai_1_0_const=T
aai_1_0_binop_imm=T
aai_1_0_binop_reg=T
aai_1_0_shift_imm=T
aai_1_0_shift_reg=T
aai_1_0_div=T
aai_1_0_long_mul=T
aai_1_0_long_div=T
aai_1_0_carry=T
aai_1_0_add_overflow=T
aai_1_0_sub_overflow=T
aai_1_0_load=T
aai_1_0_load8=T
aai_1_0_load16=T
aai_1_0_load32=T
aai_1_0_store=T
aai_1_0_store8=T
aai_1_0_store16=T
aai_1_0_store32=T
aai_1_0_fpless=T
aai_1_0_fplessequal=T
aai_1_0_fpequal=T
aai_1_0_fpabs=T
aai_1_0_fpneg=T
aai_1_0_fpsqrt=T
aai_1_0_fpadd=T
aai_1_0_fpsub=T
aai_1_0_fpmul=T
aai_1_0_fpdiv=T
aai_1_0_fpfma=T
aai_1_0_fpmov=T
aai_1_0_fpmovtoreg=T
aai_1_0_fpmovfromreg=T
aai_1_0_fptoint=T
aai_1_0_fpfromint=T
aai_1_0_fpmovtoreg1=T
aai_1_0_fpmovfromreg1=T
aai_1_0_fpmovtoreg32=T
aai_1_0_fpmovfromreg32=T
aai_1_0_fpmovtoreg80=T
aai_1_0_fpmovfromreg80=T
aai_1_0_share_Load_0=T
aai_1_0_share_Load_1=T
aai_1_0_share_Load_2=T
aai_1_0_share_Load8_0=T
aai_1_0_share_Load8_1=T
aai_1_0_share_Load8_2=T
aai_1_0_share_Load16_0=T
aai_1_0_share_Load16_1=T
aai_1_0_share_Load16_2=T
aai_1_0_share_Load32_0=T
aai_1_0_share_Load32_1=T
aai_1_0_share_Load32_2=T
aai_1_0_share_Store_0=T
aai_1_0_share_Store_1=T
aai_1_0_share_Store_2=T
aai_1_0_share_Store8_0=T
aai_1_0_share_Store8_1=T
aai_1_0_share_Store8_2=T
aai_1_0_share_Store16_0=T
aai_1_0_share_Store16_1=T
aai_1_0_share_Store16_2=T
aai_1_0_share_Store32_0=T
aai_1_0_share_Store32_1=T
aai_1_0_share_Store32_2=T
aai_1_1_skip=T
aai_1_1_const=T
aai_1_1_binop_imm=T
aai_1_1_binop_reg=T
aai_1_1_shift_imm=T
aai_1_1_shift_reg=T
aai_1_1_div=T
aai_1_1_long_mul=T
aai_1_1_long_div=T
aai_1_1_carry=T
aai_1_1_add_overflow=T
aai_1_1_sub_overflow=T
aai_1_1_load=T
aai_1_1_load8=T
aai_1_1_load16=T
aai_1_1_load32=T
aai_1_1_store=T
aai_1_1_store8=T
aai_1_1_store16=T
aai_1_1_store32=T
aai_1_1_fpless=T
aai_1_1_fplessequal=T
aai_1_1_fpequal=T
aai_1_1_fpabs=T
aai_1_1_fpneg=T
aai_1_1_fpsqrt=T
aai_1_1_fpadd=T
aai_1_1_fpsub=T
aai_1_1_fpmul=T
aai_1_1_fpdiv=T
aai_1_1_fpfma=T
aai_1_1_fpmov=T
aai_1_1_fpmovtoreg=T
aai_1_1_fpmovfromreg=T
aai_1_1_fptoint=T
aai_1_1_fpfromint=T
aai_1_1_fpmovtoreg1=T
aai_1_1_fpmovfromreg1=T
aai_1_1_fpmovtoreg32=T
aai_1_1_fpmovfromreg32=T
aai_1_1_fpmovtoreg80=T
aai_1_1_fpmovfromreg80=T
aai_1_1_share_Load_0=T
aai_1_1_share_Load_1=T
aai_1_1_share_Load_2=T
aai_1_1_share_Load8_0=T
aai_1_1_share_Load8_1=T
aai_1_1_share_Load8_2=T
aai_1_1_share_Load16_0=T
aai_1_1_share_Load16_1=T
aai_1_1_share_Load16_2=T
aai_1_1_share_Load32_0=T
aai_1_1_share_Load32_1=T
aai_1_1_share_Load32_2=T
aai_1_1_share_Store_0=T
aai_1_1_share_Store_1=T
aai_1_1_share_Store_2=T
aai_1_1_share_Store8_0=T
aai_1_1_share_Store8_1=T
aai_1_1_share_Store8_2=T
aai_1_1_share_Store16_0=T
aai_1_1_share_Store16_1=T
aai_1_1_share_Store16_2=T
aai_1_1_share_Store32_0=T
aai_1_1_share_Store32_1=T
aai_1_1_share_Store32_2=T
aai_2_0_skip=T
aai_2_0_const=T
aai_2_0_binop_imm=T
aai_2_0_binop_reg=T
aai_2_0_shift_imm=T
aai_2_0_shift_reg=T
aai_2_0_div=T
aai_2_0_long_mul=T
aai_2_0_long_div=T
aai_2_0_carry=T
aai_2_0_add_overflow=T
aai_2_0_sub_overflow=T
aai_2_0_load=T
aai_2_0_load8=T
aai_2_0_load16=T
aai_2_0_load32=T
aai_2_0_store=T
aai_2_0_store8=T
aai_2_0_store16=T
aai_2_0_store32=T
aai_2_0_fpless=T
aai_2_0_fplessequal=T
aai_2_0_fpequal=T
aai_2_0_fpabs=T
aai_2_0_fpneg=T
aai_2_0_fpsqrt=T
aai_2_0_fpadd=T
aai_2_0_fpsub=T
aai_2_0_fpmul=T
aai_2_0_fpdiv=T
aai_2_0_fpfma=T
aai_2_0_fpmov=T
aai_2_0_fpmovtoreg=T
aai_2_0_fpmovfromreg=T
aai_2_0_fptoint=T
aai_2_0_fpfromint=T
aai_2_0_fpmovtoreg1=T
aai_2_0_fpmovfromreg1=T
aai_2_0_fpmovtoreg32=T
aai_2_0_fpmovfromreg32=T
aai_2_0_fpmovtoreg80=T
aai_2_0_fpmovfromreg80=T
aai_2_0_share_Load_0=T
aai_2_0_share_Load_1=T
aai_2_0_share_Load_2=T
aai_2_0_share_Load8_0=T
aai_2_0_share_Load8_1=T
aai_2_0_share_Load8_2=T
aai_2_0_share_Load16_0=T
aai_2_0_share_Load16_1=T
aai_2_0_share_Load16_2=T
aai_2_0_share_Load32_0=T
aai_2_0_share_Load32_1=T
aai_2_0_share_Load32_2=T
aai_2_0_share_Store_0=T
aai_2_0_share_Store_1=T
aai_2_0_share_Store_2=T
aai_2_0_share_Store8_0=T
aai_2_0_share_Store8_1=T
aai_2_0_share_Store8_2=T
aai_2_0_share_Store16_0=T
aai_2_0_share_Store16_1=T
aai_2_0_share_Store16_2=T
aai_2_0_share_Store32_0=T
aai_2_0_share_Store32_1=T
aai_2_0_share_Store32_2=T
aai_2_1_skip=T
aai_2_1_const=T
aai_2_1_binop_imm=T
aai_2_1_binop_reg=T
aai_2_1_shift_imm=T
aai_2_1_shift_reg=T
aai_2_1_div=T
aai_2_1_long_mul=T
aai_2_1_long_div=T
aai_2_1_carry=T
aai_2_1_add_overflow=T
aai_2_1_sub_overflow=T
aai_2_1_load=T
aai_2_1_load8=T
aai_2_1_load16=T
aai_2_1_load32=T
aai_2_1_store=T
aai_2_1_store8=T
aai_2_1_store16=T
aai_2_1_store32=T
aai_2_1_fpless=T
aai_2_1_fplessequal=T
aai_2_1_fpequal=T
aai_2_1_fpabs=T
aai_2_1_fpneg=T
aai_2_1_fpsqrt=T
aai_2_1_fpadd=T
aai_2_1_fpsub=T
aai_2_1_fpmul=T
aai_2_1_fpdiv=T
aai_2_1_fpfma=T
aai_2_1_fpmov=T
aai_2_1_fpmovtoreg=T
aai_2_1_fpmovfromreg=T
aai_2_1_fptoint=T
aai_2_1_fpfromint=T
aai_2_1_fpmovtoreg1=T
aai_2_1_fpmovfromreg1=T
aai_2_1_fpmovtoreg32=T
aai_2_1_fpmovfromreg32=T
aai_2_1_fpmovtoreg80=T
aai_2_1_fpmovfromreg80=T
aai_2_1_share_Load_0=T
aai_2_1_share_Load_1=T
aai_2_1_share_Load_2=T
aai_2_1_share_Load8_0=T
aai_2_1_share_Load8_1=T
aai_2_1_share_Load8_2=T
aai_2_1_share_Load16_0=T
aai_2_1_share_Load16_1=T
aai_2_1_share_Load16_2=T
aai_2_1_share_Load32_0=T
aai_2_1_share_Load32_1=T
aai_2_1_share_Load32_2=T
aai_2_1_share_Store_0=T
aai_2_1_share_Store_1=T
aai_2_1_share_Store_2=T
aai_2_1_share_Store8_0=T
aai_2_1_share_Store8_1=T
aai_2_1_share_Store8_2=T
aai_2_1_share_Store16_0=T
aai_2_1_share_Store16_1=T
aai_2_1_share_Store16_2=T
aai_2_1_share_Store32_0=T
aai_2_1_share_Store32_1=T
aai_2_1_share_Store32_2=T
aai_8_0_skip=T
aai_8_0_const=T
aai_8_0_binop_imm=T
aai_8_0_binop_reg=T
aai_8_0_shift_imm=T
aai_8_0_shift_reg=T
aai_8_0_div=T
aai_8_0_long_mul=T
aai_8_0_long_div=T
aai_8_0_carry=T
aai_8_0_add_overflow=T
aai_8_0_sub_overflow=T
aai_8_0_load=T
aai_8_0_load8=T
aai_8_0_load16=T
aai_8_0_load32=T
aai_8_0_store=T
aai_8_0_store8=T
aai_8_0_store16=T
aai_8_0_store32=T
aai_8_0_fpless=T
aai_8_0_fplessequal=T
aai_8_0_fpequal=T
aai_8_0_fpabs=T
aai_8_0_fpneg=T
aai_8_0_fpsqrt=T
aai_8_0_fpadd=T
aai_8_0_fpsub=T
aai_8_0_fpmul=T
aai_8_0_fpdiv=T
aai_8_0_fpfma=T
aai_8_0_fpmov=T
aai_8_0_fpmovtoreg=T
aai_8_0_fpmovfromreg=T
aai_8_0_fptoint=T
aai_8_0_fpfromint=T
aai_8_0_fpmovtoreg1=T
aai_8_0_fpmovfromreg1=T
aai_8_0_fpmovtoreg32=T
aai_8_0_fpmovfromreg32=T
aai_8_0_fpmovtoreg80=T
aai_8_0_fpmovfromreg80=T
aai_8_0_share_Load_0=T
aai_8_0_share_Load_1=T
aai_8_0_share_Load_2=T
aai_8_0_share_Load8_0=T
aai_8_0_share_Load8_1=T
aai_8_0_share_Load8_2=T
aai_8_0_share_Load16_0=T
aai_8_0_share_Load16_1=T
aai_8_0_share_Load16_2=T
aai_8_0_share_Load32_0=T
aai_8_0_share_Load32_1=T
aai_8_0_share_Load32_2=T
aai_8_0_share_Store_0=T
aai_8_0_share_Store_1=T
aai_8_0_share_Store_2=T
aai_8_0_share_Store8_0=T
aai_8_0_share_Store8_1=T
aai_8_0_share_Store8_2=T
aai_8_0_share_Store16_0=T
aai_8_0_share_Store16_1=T
aai_8_0_share_Store16_2=T
aai_8_0_share_Store32_0=T
aai_8_0_share_Store32_1=T
aai_8_0_share_Store32_2=T
aai_8_1_skip=T
aai_8_1_const=T
aai_8_1_binop_imm=T
aai_8_1_binop_reg=T
aai_8_1_shift_imm=T
aai_8_1_shift_reg=T
aai_8_1_div=T
aai_8_1_long_mul=T
aai_8_1_long_div=T
aai_8_1_carry=T
aai_8_1_add_overflow=T
aai_8_1_sub_overflow=T
aai_8_1_load=T
aai_8_1_load8=T
aai_8_1_load16=T
aai_8_1_load32=T
aai_8_1_store=T
aai_8_1_store8=T
aai_8_1_store16=T
aai_8_1_store32=T
aai_8_1_fpless=T
aai_8_1_fplessequal=T
aai_8_1_fpequal=T
aai_8_1_fpabs=T
aai_8_1_fpneg=T
aai_8_1_fpsqrt=T
aai_8_1_fpadd=T
aai_8_1_fpsub=T
aai_8_1_fpmul=T
aai_8_1_fpdiv=T
aai_8_1_fpfma=T
aai_8_1_fpmov=T
aai_8_1_fpmovtoreg=T
aai_8_1_fpmovfromreg=T
aai_8_1_fptoint=T
aai_8_1_fpfromint=T
aai_8_1_fpmovtoreg1=T
aai_8_1_fpmovfromreg1=T
aai_8_1_fpmovtoreg32=T
aai_8_1_fpmovfromreg32=T
aai_8_1_fpmovtoreg80=T
aai_8_1_fpmovfromreg80=T
aai_8_1_share_Load_0=T
aai_8_1_share_Load_1=T
aai_8_1_share_Load_2=T
aai_8_1_share_Load8_0=T
aai_8_1_share_Load8_1=T
aai_8_1_share_Load8_2=T
aai_8_1_share_Load16_0=T
aai_8_1_share_Load16_1=T
aai_8_1_share_Load16_2=T
aai_8_1_share_Load32_0=T
aai_8_1_share_Load32_1=T
aai_8_1_share_Load32_2=T
aai_8_1_share_Store_0=T
aai_8_1_share_Store_1=T
aai_8_1_share_Store_2=T
aai_8_1_share_Store8_0=T
aai_8_1_share_Store8_1=T
aai_8_1_share_Store8_2=T
aai_8_1_share_Store16_0=T
aai_8_1_share_Store16_1=T
aai_8_1_share_Store16_2=T
aai_8_1_share_Store32_0=T
aai_8_1_share_Store32_1=T
aai_8_1_share_Store32_2=T
aai_64_0_skip=T
aai_64_0_const=T
aai_64_0_binop_imm=T
aai_64_0_binop_reg=T
aai_64_0_shift_imm=T
aai_64_0_shift_reg=T
aai_64_0_div=T
aai_64_0_long_mul=T
aai_64_0_long_div=T
aai_64_0_carry=T
aai_64_0_add_overflow=T
aai_64_0_sub_overflow=T
aai_64_0_load=T
aai_64_0_load8=T
aai_64_0_load16=T
aai_64_0_load32=T
aai_64_0_store=T
aai_64_0_store8=T
aai_64_0_store16=T
aai_64_0_store32=T
aai_64_0_fpless=T
aai_64_0_fplessequal=T
aai_64_0_fpequal=T
aai_64_0_fpabs=T
aai_64_0_fpneg=T
aai_64_0_fpsqrt=T
aai_64_0_fpadd=T
aai_64_0_fpsub=T
aai_64_0_fpmul=T
aai_64_0_fpdiv=T
aai_64_0_fpfma=T
aai_64_0_fpmov=T
aai_64_0_fpmovtoreg=T
aai_64_0_fpmovfromreg=T
aai_64_0_fptoint=T
aai_64_0_fpfromint=T
aai_64_0_fpmovtoreg1=T
aai_64_0_fpmovfromreg1=T
aai_64_0_fpmovtoreg32=T
aai_64_0_fpmovfromreg32=T
aai_64_0_fpmovtoreg80=T
aai_64_0_fpmovfromreg80=T
aai_64_0_share_Load_0=T
aai_64_0_share_Load_1=T
aai_64_0_share_Load_2=T
aai_64_0_share_Load8_0=T
aai_64_0_share_Load8_1=T
aai_64_0_share_Load8_2=T
aai_64_0_share_Load16_0=T
aai_64_0_share_Load16_1=T
aai_64_0_share_Load16_2=T
aai_64_0_share_Load32_0=T
aai_64_0_share_Load32_1=T
aai_64_0_share_Load32_2=T
aai_64_0_share_Store_0=T
aai_64_0_share_Store_1=T
aai_64_0_share_Store_2=T
aai_64_0_share_Store8_0=T
aai_64_0_share_Store8_1=T
aai_64_0_share_Store8_2=T
aai_64_0_share_Store16_0=T
aai_64_0_share_Store16_1=T
aai_64_0_share_Store16_2=T
aai_64_0_share_Store32_0=T
aai_64_0_share_Store32_1=T
aai_64_0_share_Store32_2=T
aai_64_1_skip=T
aai_64_1_const=T
aai_64_1_binop_imm=T
aai_64_1_binop_reg=T
aai_64_1_shift_imm=T
aai_64_1_shift_reg=T
aai_64_1_div=T
aai_64_1_long_mul=T
aai_64_1_long_div=T
aai_64_1_carry=T
aai_64_1_add_overflow=T
aai_64_1_sub_overflow=T
aai_64_1_load=T
aai_64_1_load8=T
aai_64_1_load16=T
aai_64_1_load32=T
aai_64_1_store=T
aai_64_1_store8=T
aai_64_1_store16=T
aai_64_1_store32=T
aai_64_1_fpless=T
aai_64_1_fplessequal=T
aai_64_1_fpequal=T
aai_64_1_fpabs=T
aai_64_1_fpneg=T
aai_64_1_fpsqrt=T
aai_64_1_fpadd=T
aai_64_1_fpsub=T
aai_64_1_fpmul=T
aai_64_1_fpdiv=T
aai_64_1_fpfma=T
aai_64_1_fpmov=T
aai_64_1_fpmovtoreg=T
aai_64_1_fpmovfromreg=T
aai_64_1_fptoint=T
aai_64_1_fpfromint=T
aai_64_1_fpmovtoreg1=T
aai_64_1_fpmovfromreg1=T
aai_64_1_fpmovtoreg32=T
aai_64_1_fpmovfromreg32=T
aai_64_1_fpmovtoreg80=T
aai_64_1_fpmovfromreg80=T
aai_64_1_share_Load_0=T
aai_64_1_share_Load_1=T
aai_64_1_share_Load_2=T
aai_64_1_share_Load8_0=T
aai_64_1_share_Load8_1=T
aai_64_1_share_Load8_2=T
aai_64_1_share_Load16_0=T
aai_64_1_share_Load16_1=T
aai_64_1_share_Load16_2=T
aai_64_1_share_Load32_0=T
aai_64_1_share_Load32_1=T
aai_64_1_share_Load32_2=T
aai_64_1_share_Store_0=T
aai_64_1_share_Store_1=T
aai_64_1_share_Store_2=T
aai_64_1_share_Store8_0=T
aai_64_1_share_Store8_1=T
aai_64_1_share_Store8_2=T
aai_64_1_share_Store16_0=T
aai_64_1_share_Store16_1=T
aai_64_1_share_Store16_2=T
aai_64_1_share_Store32_0=T
aai_64_1_share_Store32_1=T
aai_64_1_share_Store32_2=T
aai_80_0_skip=T
aai_80_0_const=T
aai_80_0_binop_imm=T
aai_80_0_binop_reg=T
aai_80_0_shift_imm=T
aai_80_0_shift_reg=T
aai_80_0_div=T
aai_80_0_long_mul=T
aai_80_0_long_div=T
aai_80_0_carry=T
aai_80_0_add_overflow=T
aai_80_0_sub_overflow=T
aai_80_0_load=T
aai_80_0_load8=T
aai_80_0_load16=T
aai_80_0_load32=T
aai_80_0_store=T
aai_80_0_store8=T
aai_80_0_store16=T
aai_80_0_store32=T
aai_80_0_fpless=T
aai_80_0_fplessequal=T
aai_80_0_fpequal=T
aai_80_0_fpabs=T
aai_80_0_fpneg=T
aai_80_0_fpsqrt=T
aai_80_0_fpadd=T
aai_80_0_fpsub=T
aai_80_0_fpmul=T
aai_80_0_fpdiv=T
aai_80_0_fpfma=T
aai_80_0_fpmov=T
aai_80_0_fpmovtoreg=T
aai_80_0_fpmovfromreg=T
aai_80_0_fptoint=T
aai_80_0_fpfromint=T
aai_80_0_fpmovtoreg1=T
aai_80_0_fpmovfromreg1=T
aai_80_0_fpmovtoreg32=T
aai_80_0_fpmovfromreg32=T
aai_80_0_fpmovtoreg80=T
aai_80_0_fpmovfromreg80=T
aai_80_0_share_Load_0=T
aai_80_0_share_Load_1=T
aai_80_0_share_Load_2=T
aai_80_0_share_Load8_0=T
aai_80_0_share_Load8_1=T
aai_80_0_share_Load8_2=T
aai_80_0_share_Load16_0=T
aai_80_0_share_Load16_1=T
aai_80_0_share_Load16_2=T
aai_80_0_share_Load32_0=T
aai_80_0_share_Load32_1=T
aai_80_0_share_Load32_2=T
aai_80_0_share_Store_0=T
aai_80_0_share_Store_1=T
aai_80_0_share_Store_2=T
aai_80_0_share_Store8_0=T
aai_80_0_share_Store8_1=T
aai_80_0_share_Store8_2=T
aai_80_0_share_Store16_0=T
aai_80_0_share_Store16_1=T
aai_80_0_share_Store16_2=T
aai_80_0_share_Store32_0=T
aai_80_0_share_Store32_1=T
aai_80_0_share_Store32_2=T
aai_80_1_skip=T
aai_80_1_const=T
aai_80_1_binop_imm=T
aai_80_1_binop_reg=T
aai_80_1_shift_imm=T
aai_80_1_shift_reg=T
aai_80_1_div=T
aai_80_1_long_mul=T
aai_80_1_long_div=T
aai_80_1_carry=T
aai_80_1_add_overflow=T
aai_80_1_sub_overflow=T
aai_80_1_load=T
aai_80_1_load8=T
aai_80_1_load16=T
aai_80_1_load32=T
aai_80_1_store=T
aai_80_1_store8=T
aai_80_1_store16=T
aai_80_1_store32=T
aai_80_1_fpless=T
aai_80_1_fplessequal=T
aai_80_1_fpequal=T
aai_80_1_fpabs=T
aai_80_1_fpneg=T
aai_80_1_fpsqrt=T
aai_80_1_fpadd=T
aai_80_1_fpsub=T
aai_80_1_fpmul=T
aai_80_1_fpdiv=T
aai_80_1_fpfma=T
aai_80_1_fpmov=T
aai_80_1_fpmovtoreg=T
aai_80_1_fpmovfromreg=T
aai_80_1_fptoint=T
aai_80_1_fpfromint=T
aai_80_1_fpmovtoreg1=T
aai_80_1_fpmovfromreg1=T
aai_80_1_fpmovtoreg32=T
aai_80_1_fpmovfromreg32=T
aai_80_1_fpmovtoreg80=T
aai_80_1_fpmovfromreg80=T
aai_80_1_share_Load_0=T
aai_80_1_share_Load_1=T
aai_80_1_share_Load_2=T
aai_80_1_share_Load8_0=T
aai_80_1_share_Load8_1=T
aai_80_1_share_Load8_2=T
aai_80_1_share_Load16_0=T
aai_80_1_share_Load16_1=T
aai_80_1_share_Load16_2=T
aai_80_1_share_Load32_0=T
aai_80_1_share_Load32_1=T
aai_80_1_share_Load32_2=T
aai_80_1_share_Store_0=T
aai_80_1_share_Store_1=T
aai_80_1_share_Store_2=T
aai_80_1_share_Store8_0=T
aai_80_1_share_Store8_1=T
aai_80_1_share_Store8_2=T
aai_80_1_share_Store16_0=T
aai_80_1_share_Store16_1=T
aai_80_1_share_Store16_2=T
aai_80_1_share_Store32_0=T
aai_80_1_share_Store32_1=T
aai_80_1_share_Store32_2=T
