addr_load_0_2_0=load_inst 0 1
addr_load_0_2_8=Inst (Mem Load 0 (Addr 1 8w))
addr_load_0_2_18446744073709551608=Inst (Mem Load 0 (Addr 1 0xFFFFFFFFFFFFFFF8w))
addr_load_4_2_0=Seq (load_inst 2 1) (StackStore 2 6)
addr_load_4_2_8=Seq (Inst (Mem Load 2 (Addr 1 8w))) (StackStore 2 6)
addr_load_4_2_18446744073709551608=Seq (Inst (Mem Load 2 (Addr 1 0xFFFFFFFFFFFFFFF8w))) (StackStore 2 6)
addr_load_0_6_0=Seq (StackLoad 2 5) (load_inst 0 2)
addr_load_0_6_8=Seq (StackLoad 2 5) (Inst (Mem Load 0 (Addr 2 8w)))
addr_load_0_6_18446744073709551608=Seq (StackLoad 2 5) (Inst (Mem Load 0 (Addr 2 0xFFFFFFFFFFFFFFF8w)))
addr_load_4_6_0=Seq (StackLoad 2 5) (Seq (load_inst 2 2) (StackStore 2 6))
addr_load_4_6_8=Seq (StackLoad 2 5) (Seq (Inst (Mem Load 2 (Addr 2 8w))) (StackStore 2 6))
addr_load_4_6_18446744073709551608=Seq (StackLoad 2 5) (Seq (Inst (Mem Load 2 (Addr 2 0xFFFFFFFFFFFFFFF8w))) (StackStore 2 6))
addr_store_0_2_0=store_inst 0 1
addr_store_0_2_8=Inst (Mem Store 0 (Addr 1 8w))
addr_store_0_2_18446744073709551608=Inst (Mem Store 0 (Addr 1 0xFFFFFFFFFFFFFFF8w))
addr_store_4_2_0=Seq (StackLoad 3 6) (store_inst 3 1)
addr_store_4_2_8=Seq (StackLoad 3 6) (Inst (Mem Store 3 (Addr 1 8w)))
addr_store_4_2_18446744073709551608=Seq (StackLoad 3 6) (Inst (Mem Store 3 (Addr 1 0xFFFFFFFFFFFFFFF8w)))
addr_store_0_6_0=Seq (StackLoad 2 5) (store_inst 0 2)
addr_store_0_6_8=Seq (StackLoad 2 5) (Inst (Mem Store 0 (Addr 2 8w)))
addr_store_0_6_18446744073709551608=Seq (StackLoad 2 5) (Inst (Mem Store 0 (Addr 2 0xFFFFFFFFFFFFFFF8w)))
addr_store_4_6_0=Seq (StackLoad 2 5) (Seq (StackLoad 3 6) (store_inst 3 2))
addr_store_4_6_8=Seq (StackLoad 2 5) (Seq (StackLoad 3 6) (Inst (Mem Store 3 (Addr 2 8w))))
addr_store_4_6_18446744073709551608=Seq (StackLoad 2 5) (Seq (StackLoad 3 6) (Inst (Mem Store 3 (Addr 2 0xFFFFFFFFFFFFFFF8w))))
addr_load8_0_2_0=Inst (Mem Load8 0 (Addr 1 0w))
addr_load8_0_2_8=Inst (Mem Load8 0 (Addr 1 8w))
addr_load8_0_2_18446744073709551608=Inst (Mem Load8 0 (Addr 1 0xFFFFFFFFFFFFFFF8w))
addr_load8_4_2_0=Seq (Inst (Mem Load8 2 (Addr 1 0w))) (StackStore 2 6)
addr_load8_4_2_8=Seq (Inst (Mem Load8 2 (Addr 1 8w))) (StackStore 2 6)
addr_load8_4_2_18446744073709551608=Seq (Inst (Mem Load8 2 (Addr 1 0xFFFFFFFFFFFFFFF8w))) (StackStore 2 6)
addr_load8_0_6_0=Seq (StackLoad 2 5) (Inst (Mem Load8 0 (Addr 2 0w)))
addr_load8_0_6_8=Seq (StackLoad 2 5) (Inst (Mem Load8 0 (Addr 2 8w)))
addr_load8_0_6_18446744073709551608=Seq (StackLoad 2 5) (Inst (Mem Load8 0 (Addr 2 0xFFFFFFFFFFFFFFF8w)))
addr_load8_4_6_0=Seq (StackLoad 2 5) (Seq (Inst (Mem Load8 2 (Addr 2 0w))) (StackStore 2 6))
addr_load8_4_6_8=Seq (StackLoad 2 5) (Seq (Inst (Mem Load8 2 (Addr 2 8w))) (StackStore 2 6))
addr_load8_4_6_18446744073709551608=Seq (StackLoad 2 5) (Seq (Inst (Mem Load8 2 (Addr 2 0xFFFFFFFFFFFFFFF8w))) (StackStore 2 6))
addr_store8_0_2_0=Inst (Mem Store8 0 (Addr 1 0w))
addr_store8_0_2_8=Inst (Mem Store8 0 (Addr 1 8w))
addr_store8_0_2_18446744073709551608=Inst (Mem Store8 0 (Addr 1 0xFFFFFFFFFFFFFFF8w))
addr_store8_4_2_0=Seq (StackLoad 3 6) (Inst (Mem Store8 3 (Addr 1 0w)))
addr_store8_4_2_8=Seq (StackLoad 3 6) (Inst (Mem Store8 3 (Addr 1 8w)))
addr_store8_4_2_18446744073709551608=Seq (StackLoad 3 6) (Inst (Mem Store8 3 (Addr 1 0xFFFFFFFFFFFFFFF8w)))
addr_store8_0_6_0=Seq (StackLoad 2 5) (Inst (Mem Store8 0 (Addr 2 0w)))
addr_store8_0_6_8=Seq (StackLoad 2 5) (Inst (Mem Store8 0 (Addr 2 8w)))
addr_store8_0_6_18446744073709551608=Seq (StackLoad 2 5) (Inst (Mem Store8 0 (Addr 2 0xFFFFFFFFFFFFFFF8w)))
addr_store8_4_6_0=Seq (StackLoad 2 5) (Seq (StackLoad 3 6) (Inst (Mem Store8 3 (Addr 2 0w))))
addr_store8_4_6_8=Seq (StackLoad 2 5) (Seq (StackLoad 3 6) (Inst (Mem Store8 3 (Addr 2 8w))))
addr_store8_4_6_18446744073709551608=Seq (StackLoad 2 5) (Seq (StackLoad 3 6) (Inst (Mem Store8 3 (Addr 2 0xFFFFFFFFFFFFFFF8w))))
addr_load32_0_2_0=Inst (Mem Load32 0 (Addr 1 0w))
addr_load32_0_2_8=Inst (Mem Load32 0 (Addr 1 8w))
addr_load32_0_2_18446744073709551608=Inst (Mem Load32 0 (Addr 1 0xFFFFFFFFFFFFFFF8w))
addr_load32_4_2_0=Seq (Inst (Mem Load32 2 (Addr 1 0w))) (StackStore 2 6)
addr_load32_4_2_8=Seq (Inst (Mem Load32 2 (Addr 1 8w))) (StackStore 2 6)
addr_load32_4_2_18446744073709551608=Seq (Inst (Mem Load32 2 (Addr 1 0xFFFFFFFFFFFFFFF8w))) (StackStore 2 6)
addr_load32_0_6_0=Seq (StackLoad 2 5) (Inst (Mem Load32 0 (Addr 2 0w)))
addr_load32_0_6_8=Seq (StackLoad 2 5) (Inst (Mem Load32 0 (Addr 2 8w)))
addr_load32_0_6_18446744073709551608=Seq (StackLoad 2 5) (Inst (Mem Load32 0 (Addr 2 0xFFFFFFFFFFFFFFF8w)))
addr_load32_4_6_0=Seq (StackLoad 2 5) (Seq (Inst (Mem Load32 2 (Addr 2 0w))) (StackStore 2 6))
addr_load32_4_6_8=Seq (StackLoad 2 5) (Seq (Inst (Mem Load32 2 (Addr 2 8w))) (StackStore 2 6))
addr_load32_4_6_18446744073709551608=Seq (StackLoad 2 5) (Seq (Inst (Mem Load32 2 (Addr 2 0xFFFFFFFFFFFFFFF8w))) (StackStore 2 6))
addr_store32_0_2_0=Inst (Mem Store32 0 (Addr 1 0w))
addr_store32_0_2_8=Inst (Mem Store32 0 (Addr 1 8w))
addr_store32_0_2_18446744073709551608=Inst (Mem Store32 0 (Addr 1 0xFFFFFFFFFFFFFFF8w))
addr_store32_4_2_0=Seq (StackLoad 3 6) (Inst (Mem Store32 3 (Addr 1 0w)))
addr_store32_4_2_8=Seq (StackLoad 3 6) (Inst (Mem Store32 3 (Addr 1 8w)))
addr_store32_4_2_18446744073709551608=Seq (StackLoad 3 6) (Inst (Mem Store32 3 (Addr 1 0xFFFFFFFFFFFFFFF8w)))
addr_store32_0_6_0=Seq (StackLoad 2 5) (Inst (Mem Store32 0 (Addr 2 0w)))
addr_store32_0_6_8=Seq (StackLoad 2 5) (Inst (Mem Store32 0 (Addr 2 8w)))
addr_store32_0_6_18446744073709551608=Seq (StackLoad 2 5) (Inst (Mem Store32 0 (Addr 2 0xFFFFFFFFFFFFFFF8w)))
addr_store32_4_6_0=Seq (StackLoad 2 5) (Seq (StackLoad 3 6) (Inst (Mem Store32 3 (Addr 2 0w))))
addr_store32_4_6_8=Seq (StackLoad 2 5) (Seq (StackLoad 3 6) (Inst (Mem Store32 3 (Addr 2 8w))))
addr_store32_4_6_18446744073709551608=Seq (StackLoad 2 5) (Seq (StackLoad 3 6) (Inst (Mem Store32 3 (Addr 2 0xFFFFFFFFFFFFFFF8w))))
selected_store_0=Seq (Move0 [(23,18)]) (Inst (Mem Store 20 (Addr 23 0w)))
selected_store_8=Seq (Move0 [(23,18)]) (Inst (Mem Store 20 (Addr 23 8w)))
selected_store_2047=Seq (Move0 [(23,18)]) (Inst (Mem Store 20 (Addr 23 2047w)))
selected_store_2048=Seq (Seq (Move0 [(23,18)]) (Seq (Inst (Const 24 2048w)) (Inst (Arith (Binop Add 23 23 (Reg 24)))))) (Inst (Mem Store 20 (Addr 23 0w)))
selected_store_18446744073709551608=Seq (Move0 [(23,18)]) (Inst (Mem Store 20 (Addr 23 0xFFFFFFFFFFFFFFF8w)))
