div=SOME [SOME (Word 3w)]
div_zero=T
add_carry=SOME [SOME (Word 0x10000000000000000w); SOME (Word 1w)]
add_overflow=SOME [SOME (Word 0x8000000000000000w); SOME (Word 1w)]
sub_overflow=SOME [SOME (Word 0x7FFFFFFFFFFFFFFFw); SOME (Word 1w)]
long_mul=SOME [SOME (Word 2w); SOME (Word 0x20000000000000000w)]
long_div=SOME [SOME (Word 0x5555555555555555w); SOME (Word 1w)]
long_div_big=T
binop_imm=SOME [SOME (Word 22w)]
shift_reg=SOME [SOME (Word 0w)]
const=SOME [SOME (Word 99w)]
load=SOME [SOME (Word 0x1122334455667788w)]
load8=SOME [SOME (Word 119w)]
load32=SOME [SOME (Word 0x11223344w)]
load_miss=T
load16=T
store8=SOME (Word 0x1122334455AB7788w)
store=SOME (Loc 1 2)
store16=T
fp_less=SOME [SOME (Word 1w)]
fp_equal=SOME [SOME (Word 0w)]
fp_add=SOME [SOME 0x4008000000000000w]
fp_div=SOME [SOME 0x3FE0000000000000w]
fp_sqrt=SOME [SOME 0x4000000000000000w]
fp_fma=SOME [SOME 0x4022000000000000w]
fp_neg=SOME [SOME 0xC000000000000000w]
fp_mov_to_reg=SOME [SOME (Word 0x3FF0000000000000w)]
fp_mov_from_reg=SOME [SOME 17w]
fp_to_int=SOME [SOME 2w]
fp_to_int_big=T
fp_from_int=SOME [SOME 0w]
fp_missing=T
