sk_full_SORTED_FST_LESS_IMP=⊢ ∀xs x. SORTED (λx y. FST x > FST y) (x::xs) ⇒ SORTED (λx y. FST x > FST y) xs ∧ ¬MEM x xs ∧ ∀y. MEM y xs ⇒ FST x > FST y
sk_full_SORTED_IMP_EQ_LISTS=⊢ ∀xs ys. SORTED (λx y. FST x > FST y) ys ∧ SORTED (λx y. FST x > FST y) xs ∧ (∀x. MEM x ys ⇔ MEM x xs) ⇒ xs = ys
sk_sorted_0=⊢ SORTED (λx y. FST x > FST y) [] ⇔ T
sk_head_0_0=⊢ SORTED (λx y. FST x > FST y) [(0,0)] ⇒ SORTED (λx y. FST x > FST y) [] ∧ ¬MEM (0,0) [] ∧ EVERY (λy. FST (0,0) > FST y) [] ⇔ T
sk_head_0_1=⊢ SORTED (λx y. FST x > FST y) [(4,9)] ⇒ SORTED (λx y. FST x > FST y) [] ∧ ¬MEM (4,9) [] ∧ EVERY (λy. FST (4,9) > FST y) [] ⇔ T
sk_head_0_2=⊢ SORTED (λx y. FST x > FST y) [(3,7)] ⇒ SORTED (λx y. FST x > FST y) [] ∧ ¬MEM (3,7) [] ∧ EVERY (λy. FST (3,7) > FST y) [] ⇔ T
sk_head_0_3=⊢ SORTED (λx y. FST x > FST y) [(1208925819614629174706177,0)] ⇒ SORTED (λx y. FST x > FST y) [] ∧ ¬MEM (1208925819614629174706177,0) [] ∧ EVERY (λy. FST (1208925819614629174706177,0) > FST y) [] ⇔ T
sk_equal_0_0=⊢ SORTED (λx y. FST x > FST y) [] ∧ SORTED (λx y. FST x > FST y) [] ∧ EVERY (λx. MEM x []) [] ∧ EVERY (λx. MEM x []) [] ⇒ [] = [] ⇔ T
sk_equal_0_1=⊢ SORTED (λx y. FST x > FST y) [(0,0)] ∧ SORTED (λx y. FST x > FST y) [] ∧ EVERY (λx. MEM x []) [(0,0)] ∧ EVERY (λx. MEM x [(0,0)]) [] ⇒ [] = [(0,0)] ⇔ T
sk_equal_0_2=⊢ SORTED (λx y. FST x > FST y) [(3,7); (2,8); (0,9)] ∧ SORTED (λx y. FST x > FST y) [] ∧ EVERY (λx. MEM x []) [(3,7); (2,8); (0,9)] ∧ EVERY (λx. MEM x [(3,7); (2,8); (0,9)]) [] ⇒ [] = [(3,7); (2,8); (0,9)] ⇔ T
sk_equal_0_3=⊢ SORTED (λx y. FST x > FST y) [(2,8); (3,7); (0,9)] ∧ SORTED (λx y. FST x > FST y) [] ∧ EVERY (λx. MEM x []) [(2,8); (3,7); (0,9)] ∧ EVERY (λx. MEM x [(2,8); (3,7); (0,9)]) [] ⇒ [] = [(2,8); (3,7); (0,9)] ⇔ T
sk_equal_0_4=⊢ SORTED (λx y. FST x > FST y) [(3,7); (3,7)] ∧ SORTED (λx y. FST x > FST y) [] ∧ EVERY (λx. MEM x []) [(3,7); (3,7)] ∧ EVERY (λx. MEM x [(3,7); (3,7)]) [] ⇒ [] = [(3,7); (3,7)] ⇔ T
sk_equal_0_5=⊢ SORTED (λx y. FST x > FST y) [(3,7); (3,9)] ∧ SORTED (λx y. FST x > FST y) [] ∧ EVERY (λx. MEM x []) [(3,7); (3,9)] ∧ EVERY (λx. MEM x [(3,7); (3,9)]) [] ⇒ [] = [(3,7); (3,9)] ⇔ T
sk_equal_0_6=⊢ SORTED (λx y. FST x > FST y) [(0,9); (2,8); (3,7)] ∧ SORTED (λx y. FST x > FST y) [] ∧ EVERY (λx. MEM x []) [(0,9); (2,8); (3,7)] ∧ EVERY (λx. MEM x [(0,9); (2,8); (3,7)]) [] ⇒ [] = [(0,9); (2,8); (3,7)] ⇔ T
sk_equal_0_7=⊢ SORTED (λx y. FST x > FST y) [(1208925819614629174706176,3); (18446744073709551616,8); (1,1)] ∧ SORTED (λx y. FST x > FST y) [] ∧ EVERY (λx. MEM x []) [(1208925819614629174706176,3); (18446744073709551616,8); (1,1)] ∧ EVERY (λx. MEM x [(1208925819614629174706176,3); (18446744073709551616,8); (1,1)]) [] ⇒ [] = [(1208925819614629174706176,3); (18446744073709551616,8); (1,1)] ⇔ T
sk_equal_0_8=⊢ SORTED (λx y. FST x > FST y) [(3,99); (2,8); (0,9)] ∧ SORTED (λx y. FST x > FST y) [] ∧ EVERY (λx. MEM x []) [(3,99); (2,8); (0,9)] ∧ EVERY (λx. MEM x [(3,99); (2,8); (0,9)]) [] ⇒ [] = [(3,99); (2,8); (0,9)] ⇔ T
sk_equal_0_9=⊢ SORTED (λx y. FST x > FST y) [(3,7); (0,9)] ∧ SORTED (λx y. FST x > FST y) [] ∧ EVERY (λx. MEM x []) [(3,7); (0,9)] ∧ EVERY (λx. MEM x [(3,7); (0,9)]) [] ⇒ [] = [(3,7); (0,9)] ⇔ T
sk_sorted_1=⊢ SORTED (λx y. FST x > FST y) [(0,0)] ⇔ T
sk_head_1_0=⊢ SORTED (λx y. FST x > FST y) [(0,0); (0,0)] ⇒ SORTED (λx y. FST x > FST y) [(0,0)] ∧ ¬MEM (0,0) [(0,0)] ∧ EVERY (λy. FST (0,0) > FST y) [(0,0)] ⇔ T
sk_head_1_1=⊢ SORTED (λx y. FST x > FST y) [(4,9); (0,0)] ⇒ SORTED (λx y. FST x > FST y) [(0,0)] ∧ ¬MEM (4,9) [(0,0)] ∧ EVERY (λy. FST (4,9) > FST y) [(0,0)] ⇔ T
sk_head_1_2=⊢ SORTED (λx y. FST x > FST y) [(3,7); (0,0)] ⇒ SORTED (λx y. FST x > FST y) [(0,0)] ∧ ¬MEM (3,7) [(0,0)] ∧ EVERY (λy. FST (3,7) > FST y) [(0,0)] ⇔ T
sk_head_1_3=⊢ SORTED (λx y. FST x > FST y) [(1208925819614629174706177,0); (0,0)] ⇒ SORTED (λx y. FST x > FST y) [(0,0)] ∧ ¬MEM (1208925819614629174706177,0) [(0,0)] ∧ EVERY (λy. FST (1208925819614629174706177,0) > FST y) [(0,0)] ⇔ T
sk_equal_1_0=⊢ SORTED (λx y. FST x > FST y) [] ∧ SORTED (λx y. FST x > FST y) [(0,0)] ∧ EVERY (λx. MEM x [(0,0)]) [] ∧ EVERY (λx. MEM x []) [(0,0)] ⇒ [(0,0)] = [] ⇔ T
sk_equal_1_1=⊢ SORTED (λx y. FST x > FST y) [(0,0)] ∧ SORTED (λx y. FST x > FST y) [(0,0)] ∧ EVERY (λx. MEM x [(0,0)]) [(0,0)] ∧ EVERY (λx. MEM x [(0,0)]) [(0,0)] ⇒ [(0,0)] = [(0,0)] ⇔ T
sk_equal_1_2=⊢ SORTED (λx y. FST x > FST y) [(3,7); (2,8); (0,9)] ∧ SORTED (λx y. FST x > FST y) [(0,0)] ∧ EVERY (λx. MEM x [(0,0)]) [(3,7); (2,8); (0,9)] ∧ EVERY (λx. MEM x [(3,7); (2,8); (0,9)]) [(0,0)] ⇒ [(0,0)] = [(3,7); (2,8); (0,9)] ⇔ T
sk_equal_1_3=⊢ SORTED (λx y. FST x > FST y) [(2,8); (3,7); (0,9)] ∧ SORTED (λx y. FST x > FST y) [(0,0)] ∧ EVERY (λx. MEM x [(0,0)]) [(2,8); (3,7); (0,9)] ∧ EVERY (λx. MEM x [(2,8); (3,7); (0,9)]) [(0,0)] ⇒ [(0,0)] = [(2,8); (3,7); (0,9)] ⇔ T
sk_equal_1_4=⊢ SORTED (λx y. FST x > FST y) [(3,7); (3,7)] ∧ SORTED (λx y. FST x > FST y) [(0,0)] ∧ EVERY (λx. MEM x [(0,0)]) [(3,7); (3,7)] ∧ EVERY (λx. MEM x [(3,7); (3,7)]) [(0,0)] ⇒ [(0,0)] = [(3,7); (3,7)] ⇔ T
sk_equal_1_5=⊢ SORTED (λx y. FST x > FST y) [(3,7); (3,9)] ∧ SORTED (λx y. FST x > FST y) [(0,0)] ∧ EVERY (λx. MEM x [(0,0)]) [(3,7); (3,9)] ∧ EVERY (λx. MEM x [(3,7); (3,9)]) [(0,0)] ⇒ [(0,0)] = [(3,7); (3,9)] ⇔ T
sk_equal_1_6=⊢ SORTED (λx y. FST x > FST y) [(0,9); (2,8); (3,7)] ∧ SORTED (λx y. FST x > FST y) [(0,0)] ∧ EVERY (λx. MEM x [(0,0)]) [(0,9); (2,8); (3,7)] ∧ EVERY (λx. MEM x [(0,9); (2,8); (3,7)]) [(0,0)] ⇒ [(0,0)] = [(0,9); (2,8); (3,7)] ⇔ T
sk_equal_1_7=⊢ SORTED (λx y. FST x > FST y) [(1208925819614629174706176,3); (18446744073709551616,8); (1,1)] ∧ SORTED (λx y. FST x > FST y) [(0,0)] ∧ EVERY (λx. MEM x [(0,0)]) [(1208925819614629174706176,3); (18446744073709551616,8); (1,1)] ∧ EVERY (λx. MEM x [(1208925819614629174706176,3); (18446744073709551616,8); (1,1)]) [(0,0)] ⇒ [(0,0)] = [(1208925819614629174706176,3); (18446744073709551616,8); (1,1)] ⇔ T
sk_equal_1_8=⊢ SORTED (λx y. FST x > FST y) [(3,99); (2,8); (0,9)] ∧ SORTED (λx y. FST x > FST y) [(0,0)] ∧ EVERY (λx. MEM x [(0,0)]) [(3,99); (2,8); (0,9)] ∧ EVERY (λx. MEM x [(3,99); (2,8); (0,9)]) [(0,0)] ⇒ [(0,0)] = [(3,99); (2,8); (0,9)] ⇔ T
sk_equal_1_9=⊢ SORTED (λx y. FST x > FST y) [(3,7); (0,9)] ∧ SORTED (λx y. FST x > FST y) [(0,0)] ∧ EVERY (λx. MEM x [(0,0)]) [(3,7); (0,9)] ∧ EVERY (λx. MEM x [(3,7); (0,9)]) [(0,0)] ⇒ [(0,0)] = [(3,7); (0,9)] ⇔ T
sk_sorted_2=⊢ SORTED (λx y. FST x > FST y) [(3,7); (2,8); (0,9)] ⇔ T
sk_head_2_0=⊢ SORTED (λx y. FST x > FST y) [(0,0); (3,7); (2,8); (0,9)] ⇒ SORTED (λx y. FST x > FST y) [(3,7); (2,8); (0,9)] ∧ ¬MEM (0,0) [(3,7); (2,8); (0,9)] ∧ EVERY (λy. FST (0,0) > FST y) [(3,7); (2,8); (0,9)] ⇔ T
sk_head_2_1=⊢ SORTED (λx y. FST x > FST y) [(4,9); (3,7); (2,8); (0,9)] ⇒ SORTED (λx y. FST x > FST y) [(3,7); (2,8); (0,9)] ∧ ¬MEM (4,9) [(3,7); (2,8); (0,9)] ∧ EVERY (λy. FST (4,9) > FST y) [(3,7); (2,8); (0,9)] ⇔ T
sk_head_2_2=⊢ SORTED (λx y. FST x > FST y) [(3,7); (3,7); (2,8); (0,9)] ⇒ SORTED (λx y. FST x > FST y) [(3,7); (2,8); (0,9)] ∧ ¬MEM (3,7) [(3,7); (2,8); (0,9)] ∧ EVERY (λy. FST (3,7) > FST y) [(3,7); (2,8); (0,9)] ⇔ T
sk_head_2_3=⊢ SORTED (λx y. FST x > FST y) [(1208925819614629174706177,0); (3,7); (2,8); (0,9)] ⇒ SORTED (λx y. FST x > FST y) [(3,7); (2,8); (0,9)] ∧ ¬MEM (1208925819614629174706177,0) [(3,7); (2,8); (0,9)] ∧ EVERY (λy. FST (1208925819614629174706177,0) > FST y) [(3,7); (2,8); (0,9)] ⇔ T
sk_equal_2_0=⊢ SORTED (λx y. FST x > FST y) [] ∧ SORTED (λx y. FST x > FST y) [(3,7); (2,8); (0,9)] ∧ EVERY (λx. MEM x [(3,7); (2,8); (0,9)]) [] ∧ EVERY (λx. MEM x []) [(3,7); (2,8); (0,9)] ⇒ [(3,7); (2,8); (0,9)] = [] ⇔ T
sk_equal_2_1=⊢ SORTED (λx y. FST x > FST y) [(0,0)] ∧ SORTED (λx y. FST x > FST y) [(3,7); (2,8); (0,9)] ∧ EVERY (λx. MEM x [(3,7); (2,8); (0,9)]) [(0,0)] ∧ EVERY (λx. MEM x [(0,0)]) [(3,7); (2,8); (0,9)] ⇒ [(3,7); (2,8); (0,9)] = [(0,0)] ⇔ T
sk_equal_2_2=⊢ SORTED (λx y. FST x > FST y) [(3,7); (2,8); (0,9)] ∧ SORTED (λx y. FST x > FST y) [(3,7); (2,8); (0,9)] ∧ EVERY (λx. MEM x [(3,7); (2,8); (0,9)]) [(3,7); (2,8); (0,9)] ∧ EVERY (λx. MEM x [(3,7); (2,8); (0,9)]) [(3,7); (2,8); (0,9)] ⇒ [(3,7); (2,8); (0,9)] = [(3,7); (2,8); (0,9)] ⇔ T
sk_equal_2_3=⊢ SORTED (λx y. FST x > FST y) [(2,8); (3,7); (0,9)] ∧ SORTED (λx y. FST x > FST y) [(3,7); (2,8); (0,9)] ∧ EVERY (λx. MEM x [(3,7); (2,8); (0,9)]) [(2,8); (3,7); (0,9)] ∧ EVERY (λx. MEM x [(2,8); (3,7); (0,9)]) [(3,7); (2,8); (0,9)] ⇒ [(3,7); (2,8); (0,9)] = [(2,8); (3,7); (0,9)] ⇔ T
sk_equal_2_4=⊢ SORTED (λx y. FST x > FST y) [(3,7); (3,7)] ∧ SORTED (λx y. FST x > FST y) [(3,7); (2,8); (0,9)] ∧ EVERY (λx. MEM x [(3,7); (2,8); (0,9)]) [(3,7); (3,7)] ∧ EVERY (λx. MEM x [(3,7); (3,7)]) [(3,7); (2,8); (0,9)] ⇒ [(3,7); (2,8); (0,9)] = [(3,7); (3,7)] ⇔ T
sk_equal_2_5=⊢ SORTED (λx y. FST x > FST y) [(3,7); (3,9)] ∧ SORTED (λx y. FST x > FST y) [(3,7); (2,8); (0,9)] ∧ EVERY (λx. MEM x [(3,7); (2,8); (0,9)]) [(3,7); (3,9)] ∧ EVERY (λx. MEM x [(3,7); (3,9)]) [(3,7); (2,8); (0,9)] ⇒ [(3,7); (2,8); (0,9)] = [(3,7); (3,9)] ⇔ T
sk_equal_2_6=⊢ SORTED (λx y. FST x > FST y) [(0,9); (2,8); (3,7)] ∧ SORTED (λx y. FST x > FST y) [(3,7); (2,8); (0,9)] ∧ EVERY (λx. MEM x [(3,7); (2,8); (0,9)]) [(0,9); (2,8); (3,7)] ∧ EVERY (λx. MEM x [(0,9); (2,8); (3,7)]) [(3,7); (2,8); (0,9)] ⇒ [(3,7); (2,8); (0,9)] = [(0,9); (2,8); (3,7)] ⇔ T
sk_equal_2_7=⊢ SORTED (λx y. FST x > FST y) [(1208925819614629174706176,3); (18446744073709551616,8); (1,1)] ∧ SORTED (λx y. FST x > FST y) [(3,7); (2,8); (0,9)] ∧ EVERY (λx. MEM x [(3,7); (2,8); (0,9)]) [(1208925819614629174706176,3); (18446744073709551616,8); (1,1)] ∧ EVERY (λx. MEM x [(1208925819614629174706176,3); (18446744073709551616,8); (1,1)]) [(3,7); (2,8); (0,9)] ⇒ [(3,7); (2,8); (0,9)] = [(1208925819614629174706176,3); (18446744073709551616,8); (1,1)] ⇔ T
sk_equal_2_8=⊢ SORTED (λx y. FST x > FST y) [(3,99); (2,8); (0,9)] ∧ SORTED (λx y. FST x > FST y) [(3,7); (2,8); (0,9)] ∧ EVERY (λx. MEM x [(3,7); (2,8); (0,9)]) [(3,99); (2,8); (0,9)] ∧ EVERY (λx. MEM x [(3,99); (2,8); (0,9)]) [(3,7); (2,8); (0,9)] ⇒ [(3,7); (2,8); (0,9)] = [(3,99); (2,8); (0,9)] ⇔ T
sk_equal_2_9=⊢ SORTED (λx y. FST x > FST y) [(3,7); (0,9)] ∧ SORTED (λx y. FST x > FST y) [(3,7); (2,8); (0,9)] ∧ EVERY (λx. MEM x [(3,7); (2,8); (0,9)]) [(3,7); (0,9)] ∧ EVERY (λx. MEM x [(3,7); (0,9)]) [(3,7); (2,8); (0,9)] ⇒ [(3,7); (2,8); (0,9)] = [(3,7); (0,9)] ⇔ T
sk_sorted_3=⊢ SORTED (λx y. FST x > FST y) [(2,8); (3,7); (0,9)] ⇔ F
sk_head_3_0=⊢ SORTED (λx y. FST x > FST y) [(0,0); (2,8); (3,7); (0,9)] ⇒ SORTED (λx y. FST x > FST y) [(2,8); (3,7); (0,9)] ∧ ¬MEM (0,0) [(2,8); (3,7); (0,9)] ∧ EVERY (λy. FST (0,0) > FST y) [(2,8); (3,7); (0,9)] ⇔ T
sk_head_3_1=⊢ SORTED (λx y. FST x > FST y) [(4,9); (2,8); (3,7); (0,9)] ⇒ SORTED (λx y. FST x > FST y) [(2,8); (3,7); (0,9)] ∧ ¬MEM (4,9) [(2,8); (3,7); (0,9)] ∧ EVERY (λy. FST (4,9) > FST y) [(2,8); (3,7); (0,9)] ⇔ T
sk_head_3_2=⊢ SORTED (λx y. FST x > FST y) [(3,7); (2,8); (3,7); (0,9)] ⇒ SORTED (λx y. FST x > FST y) [(2,8); (3,7); (0,9)] ∧ ¬MEM (3,7) [(2,8); (3,7); (0,9)] ∧ EVERY (λy. FST (3,7) > FST y) [(2,8); (3,7); (0,9)] ⇔ T
sk_head_3_3=⊢ SORTED (λx y. FST x > FST y) [(1208925819614629174706177,0); (2,8); (3,7); (0,9)] ⇒ SORTED (λx y. FST x > FST y) [(2,8); (3,7); (0,9)] ∧ ¬MEM (1208925819614629174706177,0) [(2,8); (3,7); (0,9)] ∧ EVERY (λy. FST (1208925819614629174706177,0) > FST y) [(2,8); (3,7); (0,9)] ⇔ T
sk_equal_3_0=⊢ SORTED (λx y. FST x > FST y) [] ∧ SORTED (λx y. FST x > FST y) [(2,8); (3,7); (0,9)] ∧ EVERY (λx. MEM x [(2,8); (3,7); (0,9)]) [] ∧ EVERY (λx. MEM x []) [(2,8); (3,7); (0,9)] ⇒ [(2,8); (3,7); (0,9)] = [] ⇔ T
sk_equal_3_1=⊢ SORTED (λx y. FST x > FST y) [(0,0)] ∧ SORTED (λx y. FST x > FST y) [(2,8); (3,7); (0,9)] ∧ EVERY (λx. MEM x [(2,8); (3,7); (0,9)]) [(0,0)] ∧ EVERY (λx. MEM x [(0,0)]) [(2,8); (3,7); (0,9)] ⇒ [(2,8); (3,7); (0,9)] = [(0,0)] ⇔ T
sk_equal_3_2=⊢ SORTED (λx y. FST x > FST y) [(3,7); (2,8); (0,9)] ∧ SORTED (λx y. FST x > FST y) [(2,8); (3,7); (0,9)] ∧ EVERY (λx. MEM x [(2,8); (3,7); (0,9)]) [(3,7); (2,8); (0,9)] ∧ EVERY (λx. MEM x [(3,7); (2,8); (0,9)]) [(2,8); (3,7); (0,9)] ⇒ [(2,8); (3,7); (0,9)] = [(3,7); (2,8); (0,9)] ⇔ T
sk_equal_3_3=⊢ SORTED (λx y. FST x > FST y) [(2,8); (3,7); (0,9)] ∧ SORTED (λx y. FST x > FST y) [(2,8); (3,7); (0,9)] ∧ EVERY (λx. MEM x [(2,8); (3,7); (0,9)]) [(2,8); (3,7); (0,9)] ∧ EVERY (λx. MEM x [(2,8); (3,7); (0,9)]) [(2,8); (3,7); (0,9)] ⇒ [(2,8); (3,7); (0,9)] = [(2,8); (3,7); (0,9)] ⇔ T
sk_equal_3_4=⊢ SORTED (λx y. FST x > FST y) [(3,7); (3,7)] ∧ SORTED (λx y. FST x > FST y) [(2,8); (3,7); (0,9)] ∧ EVERY (λx. MEM x [(2,8); (3,7); (0,9)]) [(3,7); (3,7)] ∧ EVERY (λx. MEM x [(3,7); (3,7)]) [(2,8); (3,7); (0,9)] ⇒ [(2,8); (3,7); (0,9)] = [(3,7); (3,7)] ⇔ T
sk_equal_3_5=⊢ SORTED (λx y. FST x > FST y) [(3,7); (3,9)] ∧ SORTED (λx y. FST x > FST y) [(2,8); (3,7); (0,9)] ∧ EVERY (λx. MEM x [(2,8); (3,7); (0,9)]) [(3,7); (3,9)] ∧ EVERY (λx. MEM x [(3,7); (3,9)]) [(2,8); (3,7); (0,9)] ⇒ [(2,8); (3,7); (0,9)] = [(3,7); (3,9)] ⇔ T
sk_equal_3_6=⊢ SORTED (λx y. FST x > FST y) [(0,9); (2,8); (3,7)] ∧ SORTED (λx y. FST x > FST y) [(2,8); (3,7); (0,9)] ∧ EVERY (λx. MEM x [(2,8); (3,7); (0,9)]) [(0,9); (2,8); (3,7)] ∧ EVERY (λx. MEM x [(0,9); (2,8); (3,7)]) [(2,8); (3,7); (0,9)] ⇒ [(2,8); (3,7); (0,9)] = [(0,9); (2,8); (3,7)] ⇔ T
sk_equal_3_7=⊢ SORTED (λx y. FST x > FST y) [(1208925819614629174706176,3); (18446744073709551616,8); (1,1)] ∧ SORTED (λx y. FST x > FST y) [(2,8); (3,7); (0,9)] ∧ EVERY (λx. MEM x [(2,8); (3,7); (0,9)]) [(1208925819614629174706176,3); (18446744073709551616,8); (1,1)] ∧ EVERY (λx. MEM x [(1208925819614629174706176,3); (18446744073709551616,8); (1,1)]) [(2,8); (3,7); (0,9)] ⇒ [(2,8); (3,7); (0,9)] = [(1208925819614629174706176,3); (18446744073709551616,8); (1,1)] ⇔ T
sk_equal_3_8=⊢ SORTED (λx y. FST x > FST y) [(3,99); (2,8); (0,9)] ∧ SORTED (λx y. FST x > FST y) [(2,8); (3,7); (0,9)] ∧ EVERY (λx. MEM x [(2,8); (3,7); (0,9)]) [(3,99); (2,8); (0,9)] ∧ EVERY (λx. MEM x [(3,99); (2,8); (0,9)]) [(2,8); (3,7); (0,9)] ⇒ [(2,8); (3,7); (0,9)] = [(3,99); (2,8); (0,9)] ⇔ T
sk_equal_3_9=⊢ SORTED (λx y. FST x > FST y) [(3,7); (0,9)] ∧ SORTED (λx y. FST x > FST y) [(2,8); (3,7); (0,9)] ∧ EVERY (λx. MEM x [(2,8); (3,7); (0,9)]) [(3,7); (0,9)] ∧ EVERY (λx. MEM x [(3,7); (0,9)]) [(2,8); (3,7); (0,9)] ⇒ [(2,8); (3,7); (0,9)] = [(3,7); (0,9)] ⇔ T
sk_sorted_4=⊢ SORTED (λx y. FST x > FST y) [(3,7); (3,7)] ⇔ F
sk_head_4_0=⊢ SORTED (λx y. FST x > FST y) [(0,0); (3,7); (3,7)] ⇒ SORTED (λx y. FST x > FST y) [(3,7); (3,7)] ∧ ¬MEM (0,0) [(3,7); (3,7)] ∧ EVERY (λy. FST (0,0) > FST y) [(3,7); (3,7)] ⇔ T
sk_head_4_1=⊢ SORTED (λx y. FST x > FST y) [(4,9); (3,7); (3,7)] ⇒ SORTED (λx y. FST x > FST y) [(3,7); (3,7)] ∧ ¬MEM (4,9) [(3,7); (3,7)] ∧ EVERY (λy. FST (4,9) > FST y) [(3,7); (3,7)] ⇔ T
sk_head_4_2=⊢ SORTED (λx y. FST x > FST y) [(3,7); (3,7); (3,7)] ⇒ SORTED (λx y. FST x > FST y) [(3,7); (3,7)] ∧ ¬MEM (3,7) [(3,7); (3,7)] ∧ EVERY (λy. FST (3,7) > FST y) [(3,7); (3,7)] ⇔ T
sk_head_4_3=⊢ SORTED (λx y. FST x > FST y) [(1208925819614629174706177,0); (3,7); (3,7)] ⇒ SORTED (λx y. FST x > FST y) [(3,7); (3,7)] ∧ ¬MEM (1208925819614629174706177,0) [(3,7); (3,7)] ∧ EVERY (λy. FST (1208925819614629174706177,0) > FST y) [(3,7); (3,7)] ⇔ T
sk_equal_4_0=⊢ SORTED (λx y. FST x > FST y) [] ∧ SORTED (λx y. FST x > FST y) [(3,7); (3,7)] ∧ EVERY (λx. MEM x [(3,7); (3,7)]) [] ∧ EVERY (λx. MEM x []) [(3,7); (3,7)] ⇒ [(3,7); (3,7)] = [] ⇔ T
sk_equal_4_1=⊢ SORTED (λx y. FST x > FST y) [(0,0)] ∧ SORTED (λx y. FST x > FST y) [(3,7); (3,7)] ∧ EVERY (λx. MEM x [(3,7); (3,7)]) [(0,0)] ∧ EVERY (λx. MEM x [(0,0)]) [(3,7); (3,7)] ⇒ [(3,7); (3,7)] = [(0,0)] ⇔ T
sk_equal_4_2=⊢ SORTED (λx y. FST x > FST y) [(3,7); (2,8); (0,9)] ∧ SORTED (λx y. FST x > FST y) [(3,7); (3,7)] ∧ EVERY (λx. MEM x [(3,7); (3,7)]) [(3,7); (2,8); (0,9)] ∧ EVERY (λx. MEM x [(3,7); (2,8); (0,9)]) [(3,7); (3,7)] ⇒ [(3,7); (3,7)] = [(3,7); (2,8); (0,9)] ⇔ T
sk_equal_4_3=⊢ SORTED (λx y. FST x > FST y) [(2,8); (3,7); (0,9)] ∧ SORTED (λx y. FST x > FST y) [(3,7); (3,7)] ∧ EVERY (λx. MEM x [(3,7); (3,7)]) [(2,8); (3,7); (0,9)] ∧ EVERY (λx. MEM x [(2,8); (3,7); (0,9)]) [(3,7); (3,7)] ⇒ [(3,7); (3,7)] = [(2,8); (3,7); (0,9)] ⇔ T
sk_equal_4_4=⊢ SORTED (λx y. FST x > FST y) [(3,7); (3,7)] ∧ SORTED (λx y. FST x > FST y) [(3,7); (3,7)] ∧ EVERY (λx. MEM x [(3,7); (3,7)]) [(3,7); (3,7)] ∧ EVERY (λx. MEM x [(3,7); (3,7)]) [(3,7); (3,7)] ⇒ [(3,7); (3,7)] = [(3,7); (3,7)] ⇔ T
sk_equal_4_5=⊢ SORTED (λx y. FST x > FST y) [(3,7); (3,9)] ∧ SORTED (λx y. FST x > FST y) [(3,7); (3,7)] ∧ EVERY (λx. MEM x [(3,7); (3,7)]) [(3,7); (3,9)] ∧ EVERY (λx. MEM x [(3,7); (3,9)]) [(3,7); (3,7)] ⇒ [(3,7); (3,7)] = [(3,7); (3,9)] ⇔ T
sk_equal_4_6=⊢ SORTED (λx y. FST x > FST y) [(0,9); (2,8); (3,7)] ∧ SORTED (λx y. FST x > FST y) [(3,7); (3,7)] ∧ EVERY (λx. MEM x [(3,7); (3,7)]) [(0,9); (2,8); (3,7)] ∧ EVERY (λx. MEM x [(0,9); (2,8); (3,7)]) [(3,7); (3,7)] ⇒ [(3,7); (3,7)] = [(0,9); (2,8); (3,7)] ⇔ T
sk_equal_4_7=⊢ SORTED (λx y. FST x > FST y) [(1208925819614629174706176,3); (18446744073709551616,8); (1,1)] ∧ SORTED (λx y. FST x > FST y) [(3,7); (3,7)] ∧ EVERY (λx. MEM x [(3,7); (3,7)]) [(1208925819614629174706176,3); (18446744073709551616,8); (1,1)] ∧ EVERY (λx. MEM x [(1208925819614629174706176,3); (18446744073709551616,8); (1,1)]) [(3,7); (3,7)] ⇒ [(3,7); (3,7)] = [(1208925819614629174706176,3); (18446744073709551616,8); (1,1)] ⇔ T
sk_equal_4_8=⊢ SORTED (λx y. FST x > FST y) [(3,99); (2,8); (0,9)] ∧ SORTED (λx y. FST x > FST y) [(3,7); (3,7)] ∧ EVERY (λx. MEM x [(3,7); (3,7)]) [(3,99); (2,8); (0,9)] ∧ EVERY (λx. MEM x [(3,99); (2,8); (0,9)]) [(3,7); (3,7)] ⇒ [(3,7); (3,7)] = [(3,99); (2,8); (0,9)] ⇔ T
sk_equal_4_9=⊢ SORTED (λx y. FST x > FST y) [(3,7); (0,9)] ∧ SORTED (λx y. FST x > FST y) [(3,7); (3,7)] ∧ EVERY (λx. MEM x [(3,7); (3,7)]) [(3,7); (0,9)] ∧ EVERY (λx. MEM x [(3,7); (0,9)]) [(3,7); (3,7)] ⇒ [(3,7); (3,7)] = [(3,7); (0,9)] ⇔ T
sk_sorted_5=⊢ SORTED (λx y. FST x > FST y) [(3,7); (3,9)] ⇔ F
sk_head_5_0=⊢ SORTED (λx y. FST x > FST y) [(0,0); (3,7); (3,9)] ⇒ SORTED (λx y. FST x > FST y) [(3,7); (3,9)] ∧ ¬MEM (0,0) [(3,7); (3,9)] ∧ EVERY (λy. FST (0,0) > FST y) [(3,7); (3,9)] ⇔ T
sk_head_5_1=⊢ SORTED (λx y. FST x > FST y) [(4,9); (3,7); (3,9)] ⇒ SORTED (λx y. FST x > FST y) [(3,7); (3,9)] ∧ ¬MEM (4,9) [(3,7); (3,9)] ∧ EVERY (λy. FST (4,9) > FST y) [(3,7); (3,9)] ⇔ T
sk_head_5_2=⊢ SORTED (λx y. FST x > FST y) [(3,7); (3,7); (3,9)] ⇒ SORTED (λx y. FST x > FST y) [(3,7); (3,9)] ∧ ¬MEM (3,7) [(3,7); (3,9)] ∧ EVERY (λy. FST (3,7) > FST y) [(3,7); (3,9)] ⇔ T
sk_head_5_3=⊢ SORTED (λx y. FST x > FST y) [(1208925819614629174706177,0); (3,7); (3,9)] ⇒ SORTED (λx y. FST x > FST y) [(3,7); (3,9)] ∧ ¬MEM (1208925819614629174706177,0) [(3,7); (3,9)] ∧ EVERY (λy. FST (1208925819614629174706177,0) > FST y) [(3,7); (3,9)] ⇔ T
sk_equal_5_0=⊢ SORTED (λx y. FST x > FST y) [] ∧ SORTED (λx y. FST x > FST y) [(3,7); (3,9)] ∧ EVERY (λx. MEM x [(3,7); (3,9)]) [] ∧ EVERY (λx. MEM x []) [(3,7); (3,9)] ⇒ [(3,7); (3,9)] = [] ⇔ T
sk_equal_5_1=⊢ SORTED (λx y. FST x > FST y) [(0,0)] ∧ SORTED (λx y. FST x > FST y) [(3,7); (3,9)] ∧ EVERY (λx. MEM x [(3,7); (3,9)]) [(0,0)] ∧ EVERY (λx. MEM x [(0,0)]) [(3,7); (3,9)] ⇒ [(3,7); (3,9)] = [(0,0)] ⇔ T
sk_equal_5_2=⊢ SORTED (λx y. FST x > FST y) [(3,7); (2,8); (0,9)] ∧ SORTED (λx y. FST x > FST y) [(3,7); (3,9)] ∧ EVERY (λx. MEM x [(3,7); (3,9)]) [(3,7); (2,8); (0,9)] ∧ EVERY (λx. MEM x [(3,7); (2,8); (0,9)]) [(3,7); (3,9)] ⇒ [(3,7); (3,9)] = [(3,7); (2,8); (0,9)] ⇔ T
sk_equal_5_3=⊢ SORTED (λx y. FST x > FST y) [(2,8); (3,7); (0,9)] ∧ SORTED (λx y. FST x > FST y) [(3,7); (3,9)] ∧ EVERY (λx. MEM x [(3,7); (3,9)]) [(2,8); (3,7); (0,9)] ∧ EVERY (λx. MEM x [(2,8); (3,7); (0,9)]) [(3,7); (3,9)] ⇒ [(3,7); (3,9)] = [(2,8); (3,7); (0,9)] ⇔ T
sk_equal_5_4=⊢ SORTED (λx y. FST x > FST y) [(3,7); (3,7)] ∧ SORTED (λx y. FST x > FST y) [(3,7); (3,9)] ∧ EVERY (λx. MEM x [(3,7); (3,9)]) [(3,7); (3,7)] ∧ EVERY (λx. MEM x [(3,7); (3,7)]) [(3,7); (3,9)] ⇒ [(3,7); (3,9)] = [(3,7); (3,7)] ⇔ T
sk_equal_5_5=⊢ SORTED (λx y. FST x > FST y) [(3,7); (3,9)] ∧ SORTED (λx y. FST x > FST y) [(3,7); (3,9)] ∧ EVERY (λx. MEM x [(3,7); (3,9)]) [(3,7); (3,9)] ∧ EVERY (λx. MEM x [(3,7); (3,9)]) [(3,7); (3,9)] ⇒ [(3,7); (3,9)] = [(3,7); (3,9)] ⇔ T
sk_equal_5_6=⊢ SORTED (λx y. FST x > FST y) [(0,9); (2,8); (3,7)] ∧ SORTED (λx y. FST x > FST y) [(3,7); (3,9)] ∧ EVERY (λx. MEM x [(3,7); (3,9)]) [(0,9); (2,8); (3,7)] ∧ EVERY (λx. MEM x [(0,9); (2,8); (3,7)]) [(3,7); (3,9)] ⇒ [(3,7); (3,9)] = [(0,9); (2,8); (3,7)] ⇔ T
sk_equal_5_7=⊢ SORTED (λx y. FST x > FST y) [(1208925819614629174706176,3); (18446744073709551616,8); (1,1)] ∧ SORTED (λx y. FST x > FST y) [(3,7); (3,9)] ∧ EVERY (λx. MEM x [(3,7); (3,9)]) [(1208925819614629174706176,3); (18446744073709551616,8); (1,1)] ∧ EVERY (λx. MEM x [(1208925819614629174706176,3); (18446744073709551616,8); (1,1)]) [(3,7); (3,9)] ⇒ [(3,7); (3,9)] = [(1208925819614629174706176,3); (18446744073709551616,8); (1,1)] ⇔ T
sk_equal_5_8=⊢ SORTED (λx y. FST x > FST y) [(3,99); (2,8); (0,9)] ∧ SORTED (λx y. FST x > FST y) [(3,7); (3,9)] ∧ EVERY (λx. MEM x [(3,7); (3,9)]) [(3,99); (2,8); (0,9)] ∧ EVERY (λx. MEM x [(3,99); (2,8); (0,9)]) [(3,7); (3,9)] ⇒ [(3,7); (3,9)] = [(3,99); (2,8); (0,9)] ⇔ T
sk_equal_5_9=⊢ SORTED (λx y. FST x > FST y) [(3,7); (0,9)] ∧ SORTED (λx y. FST x > FST y) [(3,7); (3,9)] ∧ EVERY (λx. MEM x [(3,7); (3,9)]) [(3,7); (0,9)] ∧ EVERY (λx. MEM x [(3,7); (0,9)]) [(3,7); (3,9)] ⇒ [(3,7); (3,9)] = [(3,7); (0,9)] ⇔ T
sk_sorted_6=⊢ SORTED (λx y. FST x > FST y) [(0,9); (2,8); (3,7)] ⇔ F
sk_head_6_0=⊢ SORTED (λx y. FST x > FST y) [(0,0); (0,9); (2,8); (3,7)] ⇒ SORTED (λx y. FST x > FST y) [(0,9); (2,8); (3,7)] ∧ ¬MEM (0,0) [(0,9); (2,8); (3,7)] ∧ EVERY (λy. FST (0,0) > FST y) [(0,9); (2,8); (3,7)] ⇔ T
sk_head_6_1=⊢ SORTED (λx y. FST x > FST y) [(4,9); (0,9); (2,8); (3,7)] ⇒ SORTED (λx y. FST x > FST y) [(0,9); (2,8); (3,7)] ∧ ¬MEM (4,9) [(0,9); (2,8); (3,7)] ∧ EVERY (λy. FST (4,9) > FST y) [(0,9); (2,8); (3,7)] ⇔ T
sk_head_6_2=⊢ SORTED (λx y. FST x > FST y) [(3,7); (0,9); (2,8); (3,7)] ⇒ SORTED (λx y. FST x > FST y) [(0,9); (2,8); (3,7)] ∧ ¬MEM (3,7) [(0,9); (2,8); (3,7)] ∧ EVERY (λy. FST (3,7) > FST y) [(0,9); (2,8); (3,7)] ⇔ T
sk_head_6_3=⊢ SORTED (λx y. FST x > FST y) [(1208925819614629174706177,0); (0,9); (2,8); (3,7)] ⇒ SORTED (λx y. FST x > FST y) [(0,9); (2,8); (3,7)] ∧ ¬MEM (1208925819614629174706177,0) [(0,9); (2,8); (3,7)] ∧ EVERY (λy. FST (1208925819614629174706177,0) > FST y) [(0,9); (2,8); (3,7)] ⇔ T
sk_equal_6_0=⊢ SORTED (λx y. FST x > FST y) [] ∧ SORTED (λx y. FST x > FST y) [(0,9); (2,8); (3,7)] ∧ EVERY (λx. MEM x [(0,9); (2,8); (3,7)]) [] ∧ EVERY (λx. MEM x []) [(0,9); (2,8); (3,7)] ⇒ [(0,9); (2,8); (3,7)] = [] ⇔ T
sk_equal_6_1=⊢ SORTED (λx y. FST x > FST y) [(0,0)] ∧ SORTED (λx y. FST x > FST y) [(0,9); (2,8); (3,7)] ∧ EVERY (λx. MEM x [(0,9); (2,8); (3,7)]) [(0,0)] ∧ EVERY (λx. MEM x [(0,0)]) [(0,9); (2,8); (3,7)] ⇒ [(0,9); (2,8); (3,7)] = [(0,0)] ⇔ T
sk_equal_6_2=⊢ SORTED (λx y. FST x > FST y) [(3,7); (2,8); (0,9)] ∧ SORTED (λx y. FST x > FST y) [(0,9); (2,8); (3,7)] ∧ EVERY (λx. MEM x [(0,9); (2,8); (3,7)]) [(3,7); (2,8); (0,9)] ∧ EVERY (λx. MEM x [(3,7); (2,8); (0,9)]) [(0,9); (2,8); (3,7)] ⇒ [(0,9); (2,8); (3,7)] = [(3,7); (2,8); (0,9)] ⇔ T
sk_equal_6_3=⊢ SORTED (λx y. FST x > FST y) [(2,8); (3,7); (0,9)] ∧ SORTED (λx y. FST x > FST y) [(0,9); (2,8); (3,7)] ∧ EVERY (λx. MEM x [(0,9); (2,8); (3,7)]) [(2,8); (3,7); (0,9)] ∧ EVERY (λx. MEM x [(2,8); (3,7); (0,9)]) [(0,9); (2,8); (3,7)] ⇒ [(0,9); (2,8); (3,7)] = [(2,8); (3,7); (0,9)] ⇔ T
sk_equal_6_4=⊢ SORTED (λx y. FST x > FST y) [(3,7); (3,7)] ∧ SORTED (λx y. FST x > FST y) [(0,9); (2,8); (3,7)] ∧ EVERY (λx. MEM x [(0,9); (2,8); (3,7)]) [(3,7); (3,7)] ∧ EVERY (λx. MEM x [(3,7); (3,7)]) [(0,9); (2,8); (3,7)] ⇒ [(0,9); (2,8); (3,7)] = [(3,7); (3,7)] ⇔ T
sk_equal_6_5=⊢ SORTED (λx y. FST x > FST y) [(3,7); (3,9)] ∧ SORTED (λx y. FST x > FST y) [(0,9); (2,8); (3,7)] ∧ EVERY (λx. MEM x [(0,9); (2,8); (3,7)]) [(3,7); (3,9)] ∧ EVERY (λx. MEM x [(3,7); (3,9)]) [(0,9); (2,8); (3,7)] ⇒ [(0,9); (2,8); (3,7)] = [(3,7); (3,9)] ⇔ T
sk_equal_6_6=⊢ SORTED (λx y. FST x > FST y) [(0,9); (2,8); (3,7)] ∧ SORTED (λx y. FST x > FST y) [(0,9); (2,8); (3,7)] ∧ EVERY (λx. MEM x [(0,9); (2,8); (3,7)]) [(0,9); (2,8); (3,7)] ∧ EVERY (λx. MEM x [(0,9); (2,8); (3,7)]) [(0,9); (2,8); (3,7)] ⇒ [(0,9); (2,8); (3,7)] = [(0,9); (2,8); (3,7)] ⇔ T
sk_equal_6_7=⊢ SORTED (λx y. FST x > FST y) [(1208925819614629174706176,3); (18446744073709551616,8); (1,1)] ∧ SORTED (λx y. FST x > FST y) [(0,9); (2,8); (3,7)] ∧ EVERY (λx. MEM x [(0,9); (2,8); (3,7)]) [(1208925819614629174706176,3); (18446744073709551616,8); (1,1)] ∧ EVERY (λx. MEM x [(1208925819614629174706176,3); (18446744073709551616,8); (1,1)]) [(0,9); (2,8); (3,7)] ⇒ [(0,9); (2,8); (3,7)] = [(1208925819614629174706176,3); (18446744073709551616,8); (1,1)] ⇔ T
sk_equal_6_8=⊢ SORTED (λx y. FST x > FST y) [(3,99); (2,8); (0,9)] ∧ SORTED (λx y. FST x > FST y) [(0,9); (2,8); (3,7)] ∧ EVERY (λx. MEM x [(0,9); (2,8); (3,7)]) [(3,99); (2,8); (0,9)] ∧ EVERY (λx. MEM x [(3,99); (2,8); (0,9)]) [(0,9); (2,8); (3,7)] ⇒ [(0,9); (2,8); (3,7)] = [(3,99); (2,8); (0,9)] ⇔ T
sk_equal_6_9=⊢ SORTED (λx y. FST x > FST y) [(3,7); (0,9)] ∧ SORTED (λx y. FST x > FST y) [(0,9); (2,8); (3,7)] ∧ EVERY (λx. MEM x [(0,9); (2,8); (3,7)]) [(3,7); (0,9)] ∧ EVERY (λx. MEM x [(3,7); (0,9)]) [(0,9); (2,8); (3,7)] ⇒ [(0,9); (2,8); (3,7)] = [(3,7); (0,9)] ⇔ T
sk_sorted_7=⊢ SORTED (λx y. FST x > FST y) [(1208925819614629174706176,3); (18446744073709551616,8); (1,1)] ⇔ T
sk_head_7_0=⊢ SORTED (λx y. FST x > FST y) [(0,0); (1208925819614629174706176,3); (18446744073709551616,8); (1,1)] ⇒ SORTED (λx y. FST x > FST y) [(1208925819614629174706176,3); (18446744073709551616,8); (1,1)] ∧ ¬MEM (0,0) [(1208925819614629174706176,3); (18446744073709551616,8); (1,1)] ∧ EVERY (λy. FST (0,0) > FST y) [(1208925819614629174706176,3); (18446744073709551616,8); (1,1)] ⇔ T
sk_head_7_1=⊢ SORTED (λx y. FST x > FST y) [(4,9); (1208925819614629174706176,3); (18446744073709551616,8); (1,1)] ⇒ SORTED (λx y. FST x > FST y) [(1208925819614629174706176,3); (18446744073709551616,8); (1,1)] ∧ ¬MEM (4,9) [(1208925819614629174706176,3); (18446744073709551616,8); (1,1)] ∧ EVERY (λy. FST (4,9) > FST y) [(1208925819614629174706176,3); (18446744073709551616,8); (1,1)] ⇔ T
sk_head_7_2=⊢ SORTED (λx y. FST x > FST y) [(3,7); (1208925819614629174706176,3); (18446744073709551616,8); (1,1)] ⇒ SORTED (λx y. FST x > FST y) [(1208925819614629174706176,3); (18446744073709551616,8); (1,1)] ∧ ¬MEM (3,7) [(1208925819614629174706176,3); (18446744073709551616,8); (1,1)] ∧ EVERY (λy. FST (3,7) > FST y) [(1208925819614629174706176,3); (18446744073709551616,8); (1,1)] ⇔ T
sk_head_7_3=⊢ SORTED (λx y. FST x > FST y) [(1208925819614629174706177,0); (1208925819614629174706176,3); (18446744073709551616,8); (1,1)] ⇒ SORTED (λx y. FST x > FST y) [(1208925819614629174706176,3); (18446744073709551616,8); (1,1)] ∧ ¬MEM (1208925819614629174706177,0) [(1208925819614629174706176,3); (18446744073709551616,8); (1,1)] ∧ EVERY (λy. FST (1208925819614629174706177,0) > FST y) [(1208925819614629174706176,3); (18446744073709551616,8); (1,1)] ⇔ T
sk_equal_7_0=⊢ SORTED (λx y. FST x > FST y) [] ∧ SORTED (λx y. FST x > FST y) [(1208925819614629174706176,3); (18446744073709551616,8); (1,1)] ∧ EVERY (λx. MEM x [(1208925819614629174706176,3); (18446744073709551616,8); (1,1)]) [] ∧ EVERY (λx. MEM x []) [(1208925819614629174706176,3); (18446744073709551616,8); (1,1)] ⇒ [(1208925819614629174706176,3); (18446744073709551616,8); (1,1)] = [] ⇔ T
sk_equal_7_1=⊢ SORTED (λx y. FST x > FST y) [(0,0)] ∧ SORTED (λx y. FST x > FST y) [(1208925819614629174706176,3); (18446744073709551616,8); (1,1)] ∧ EVERY (λx. MEM x [(1208925819614629174706176,3); (18446744073709551616,8); (1,1)]) [(0,0)] ∧ EVERY (λx. MEM x [(0,0)]) [(1208925819614629174706176,3); (18446744073709551616,8); (1,1)] ⇒ [(1208925819614629174706176,3); (18446744073709551616,8); (1,1)] = [(0,0)] ⇔ T
sk_equal_7_2=⊢ SORTED (λx y. FST x > FST y) [(3,7); (2,8); (0,9)] ∧ SORTED (λx y. FST x > FST y) [(1208925819614629174706176,3); (18446744073709551616,8); (1,1)] ∧ EVERY (λx. MEM x [(1208925819614629174706176,3); (18446744073709551616,8); (1,1)]) [(3,7); (2,8); (0,9)] ∧ EVERY (λx. MEM x [(3,7); (2,8); (0,9)]) [(1208925819614629174706176,3); (18446744073709551616,8); (1,1)] ⇒ [(1208925819614629174706176,3); (18446744073709551616,8); (1,1)] = [(3,7); (2,8); (0,9)] ⇔ T
sk_equal_7_3=⊢ SORTED (λx y. FST x > FST y) [(2,8); (3,7); (0,9)] ∧ SORTED (λx y. FST x > FST y) [(1208925819614629174706176,3); (18446744073709551616,8); (1,1)] ∧ EVERY (λx. MEM x [(1208925819614629174706176,3); (18446744073709551616,8); (1,1)]) [(2,8); (3,7); (0,9)] ∧ EVERY (λx. MEM x [(2,8); (3,7); (0,9)]) [(1208925819614629174706176,3); (18446744073709551616,8); (1,1)] ⇒ [(1208925819614629174706176,3); (18446744073709551616,8); (1,1)] = [(2,8); (3,7); (0,9)] ⇔ T
sk_equal_7_4=⊢ SORTED (λx y. FST x > FST y) [(3,7); (3,7)] ∧ SORTED (λx y. FST x > FST y) [(1208925819614629174706176,3); (18446744073709551616,8); (1,1)] ∧ EVERY (λx. MEM x [(1208925819614629174706176,3); (18446744073709551616,8); (1,1)]) [(3,7); (3,7)] ∧ EVERY (λx. MEM x [(3,7); (3,7)]) [(1208925819614629174706176,3); (18446744073709551616,8); (1,1)] ⇒ [(1208925819614629174706176,3); (18446744073709551616,8); (1,1)] = [(3,7); (3,7)] ⇔ T
sk_equal_7_5=⊢ SORTED (λx y. FST x > FST y) [(3,7); (3,9)] ∧ SORTED (λx y. FST x > FST y) [(1208925819614629174706176,3); (18446744073709551616,8); (1,1)] ∧ EVERY (λx. MEM x [(1208925819614629174706176,3); (18446744073709551616,8); (1,1)]) [(3,7); (3,9)] ∧ EVERY (λx. MEM x [(3,7); (3,9)]) [(1208925819614629174706176,3); (18446744073709551616,8); (1,1)] ⇒ [(1208925819614629174706176,3); (18446744073709551616,8); (1,1)] = [(3,7); (3,9)] ⇔ T
sk_equal_7_6=⊢ SORTED (λx y. FST x > FST y) [(0,9); (2,8); (3,7)] ∧ SORTED (λx y. FST x > FST y) [(1208925819614629174706176,3); (18446744073709551616,8); (1,1)] ∧ EVERY (λx. MEM x [(1208925819614629174706176,3); (18446744073709551616,8); (1,1)]) [(0,9); (2,8); (3,7)] ∧ EVERY (λx. MEM x [(0,9); (2,8); (3,7)]) [(1208925819614629174706176,3); (18446744073709551616,8); (1,1)] ⇒ [(1208925819614629174706176,3); (18446744073709551616,8); (1,1)] = [(0,9); (2,8); (3,7)] ⇔ T
sk_equal_7_7=⊢ SORTED (λx y. FST x > FST y) [(1208925819614629174706176,3); (18446744073709551616,8); (1,1)] ∧ SORTED (λx y. FST x > FST y) [(1208925819614629174706176,3); (18446744073709551616,8); (1,1)] ∧ EVERY (λx. MEM x [(1208925819614629174706176,3); (18446744073709551616,8); (1,1)]) [(1208925819614629174706176,3); (18446744073709551616,8); (1,1)] ∧ EVERY (λx. MEM x [(1208925819614629174706176,3); (18446744073709551616,8); (1,1)]) [(1208925819614629174706176,3); (18446744073709551616,8); (1,1)] ⇒ [(1208925819614629174706176,3); (18446744073709551616,8); (1,1)] = [(1208925819614629174706176,3); (18446744073709551616,8); (1,1)] ⇔ T
sk_equal_7_8=⊢ SORTED (λx y. FST x > FST y) [(3,99); (2,8); (0,9)] ∧ SORTED (λx y. FST x > FST y) [(1208925819614629174706176,3); (18446744073709551616,8); (1,1)] ∧ EVERY (λx. MEM x [(1208925819614629174706176,3); (18446744073709551616,8); (1,1)]) [(3,99); (2,8); (0,9)] ∧ EVERY (λx. MEM x [(3,99); (2,8); (0,9)]) [(1208925819614629174706176,3); (18446744073709551616,8); (1,1)] ⇒ [(1208925819614629174706176,3); (18446744073709551616,8); (1,1)] = [(3,99); (2,8); (0,9)] ⇔ T
sk_equal_7_9=⊢ SORTED (λx y. FST x > FST y) [(3,7); (0,9)] ∧ SORTED (λx y. FST x > FST y) [(1208925819614629174706176,3); (18446744073709551616,8); (1,1)] ∧ EVERY (λx. MEM x [(1208925819614629174706176,3); (18446744073709551616,8); (1,1)]) [(3,7); (0,9)] ∧ EVERY (λx. MEM x [(3,7); (0,9)]) [(1208925819614629174706176,3); (18446744073709551616,8); (1,1)] ⇒ [(1208925819614629174706176,3); (18446744073709551616,8); (1,1)] = [(3,7); (0,9)] ⇔ T
sk_sorted_8=⊢ SORTED (λx y. FST x > FST y) [(3,99); (2,8); (0,9)] ⇔ T
sk_head_8_0=⊢ SORTED (λx y. FST x > FST y) [(0,0); (3,99); (2,8); (0,9)] ⇒ SORTED (λx y. FST x > FST y) [(3,99); (2,8); (0,9)] ∧ ¬MEM (0,0) [(3,99); (2,8); (0,9)] ∧ EVERY (λy. FST (0,0) > FST y) [(3,99); (2,8); (0,9)] ⇔ T
sk_head_8_1=⊢ SORTED (λx y. FST x > FST y) [(4,9); (3,99); (2,8); (0,9)] ⇒ SORTED (λx y. FST x > FST y) [(3,99); (2,8); (0,9)] ∧ ¬MEM (4,9) [(3,99); (2,8); (0,9)] ∧ EVERY (λy. FST (4,9) > FST y) [(3,99); (2,8); (0,9)] ⇔ T
sk_head_8_2=⊢ SORTED (λx y. FST x > FST y) [(3,7); (3,99); (2,8); (0,9)] ⇒ SORTED (λx y. FST x > FST y) [(3,99); (2,8); (0,9)] ∧ ¬MEM (3,7) [(3,99); (2,8); (0,9)] ∧ EVERY (λy. FST (3,7) > FST y) [(3,99); (2,8); (0,9)] ⇔ T
sk_head_8_3=⊢ SORTED (λx y. FST x > FST y) [(1208925819614629174706177,0); (3,99); (2,8); (0,9)] ⇒ SORTED (λx y. FST x > FST y) [(3,99); (2,8); (0,9)] ∧ ¬MEM (1208925819614629174706177,0) [(3,99); (2,8); (0,9)] ∧ EVERY (λy. FST (1208925819614629174706177,0) > FST y) [(3,99); (2,8); (0,9)] ⇔ T
sk_equal_8_0=⊢ SORTED (λx y. FST x > FST y) [] ∧ SORTED (λx y. FST x > FST y) [(3,99); (2,8); (0,9)] ∧ EVERY (λx. MEM x [(3,99); (2,8); (0,9)]) [] ∧ EVERY (λx. MEM x []) [(3,99); (2,8); (0,9)] ⇒ [(3,99); (2,8); (0,9)] = [] ⇔ T
sk_equal_8_1=⊢ SORTED (λx y. FST x > FST y) [(0,0)] ∧ SORTED (λx y. FST x > FST y) [(3,99); (2,8); (0,9)] ∧ EVERY (λx. MEM x [(3,99); (2,8); (0,9)]) [(0,0)] ∧ EVERY (λx. MEM x [(0,0)]) [(3,99); (2,8); (0,9)] ⇒ [(3,99); (2,8); (0,9)] = [(0,0)] ⇔ T
sk_equal_8_2=⊢ SORTED (λx y. FST x > FST y) [(3,7); (2,8); (0,9)] ∧ SORTED (λx y. FST x > FST y) [(3,99); (2,8); (0,9)] ∧ EVERY (λx. MEM x [(3,99); (2,8); (0,9)]) [(3,7); (2,8); (0,9)] ∧ EVERY (λx. MEM x [(3,7); (2,8); (0,9)]) [(3,99); (2,8); (0,9)] ⇒ [(3,99); (2,8); (0,9)] = [(3,7); (2,8); (0,9)] ⇔ T
sk_equal_8_3=⊢ SORTED (λx y. FST x > FST y) [(2,8); (3,7); (0,9)] ∧ SORTED (λx y. FST x > FST y) [(3,99); (2,8); (0,9)] ∧ EVERY (λx. MEM x [(3,99); (2,8); (0,9)]) [(2,8); (3,7); (0,9)] ∧ EVERY (λx. MEM x [(2,8); (3,7); (0,9)]) [(3,99); (2,8); (0,9)] ⇒ [(3,99); (2,8); (0,9)] = [(2,8); (3,7); (0,9)] ⇔ T
sk_equal_8_4=⊢ SORTED (λx y. FST x > FST y) [(3,7); (3,7)] ∧ SORTED (λx y. FST x > FST y) [(3,99); (2,8); (0,9)] ∧ EVERY (λx. MEM x [(3,99); (2,8); (0,9)]) [(3,7); (3,7)] ∧ EVERY (λx. MEM x [(3,7); (3,7)]) [(3,99); (2,8); (0,9)] ⇒ [(3,99); (2,8); (0,9)] = [(3,7); (3,7)] ⇔ T
sk_equal_8_5=⊢ SORTED (λx y. FST x > FST y) [(3,7); (3,9)] ∧ SORTED (λx y. FST x > FST y) [(3,99); (2,8); (0,9)] ∧ EVERY (λx. MEM x [(3,99); (2,8); (0,9)]) [(3,7); (3,9)] ∧ EVERY (λx. MEM x [(3,7); (3,9)]) [(3,99); (2,8); (0,9)] ⇒ [(3,99); (2,8); (0,9)] = [(3,7); (3,9)] ⇔ T
sk_equal_8_6=⊢ SORTED (λx y. FST x > FST y) [(0,9); (2,8); (3,7)] ∧ SORTED (λx y. FST x > FST y) [(3,99); (2,8); (0,9)] ∧ EVERY (λx. MEM x [(3,99); (2,8); (0,9)]) [(0,9); (2,8); (3,7)] ∧ EVERY (λx. MEM x [(0,9); (2,8); (3,7)]) [(3,99); (2,8); (0,9)] ⇒ [(3,99); (2,8); (0,9)] = [(0,9); (2,8); (3,7)] ⇔ T
sk_equal_8_7=⊢ SORTED (λx y. FST x > FST y) [(1208925819614629174706176,3); (18446744073709551616,8); (1,1)] ∧ SORTED (λx y. FST x > FST y) [(3,99); (2,8); (0,9)] ∧ EVERY (λx. MEM x [(3,99); (2,8); (0,9)]) [(1208925819614629174706176,3); (18446744073709551616,8); (1,1)] ∧ EVERY (λx. MEM x [(1208925819614629174706176,3); (18446744073709551616,8); (1,1)]) [(3,99); (2,8); (0,9)] ⇒ [(3,99); (2,8); (0,9)] = [(1208925819614629174706176,3); (18446744073709551616,8); (1,1)] ⇔ T
sk_equal_8_8=⊢ SORTED (λx y. FST x > FST y) [(3,99); (2,8); (0,9)] ∧ SORTED (λx y. FST x > FST y) [(3,99); (2,8); (0,9)] ∧ EVERY (λx. MEM x [(3,99); (2,8); (0,9)]) [(3,99); (2,8); (0,9)] ∧ EVERY (λx. MEM x [(3,99); (2,8); (0,9)]) [(3,99); (2,8); (0,9)] ⇒ [(3,99); (2,8); (0,9)] = [(3,99); (2,8); (0,9)] ⇔ T
sk_equal_8_9=⊢ SORTED (λx y. FST x > FST y) [(3,7); (0,9)] ∧ SORTED (λx y. FST x > FST y) [(3,99); (2,8); (0,9)] ∧ EVERY (λx. MEM x [(3,99); (2,8); (0,9)]) [(3,7); (0,9)] ∧ EVERY (λx. MEM x [(3,7); (0,9)]) [(3,99); (2,8); (0,9)] ⇒ [(3,99); (2,8); (0,9)] = [(3,7); (0,9)] ⇔ T
sk_sorted_9=⊢ SORTED (λx y. FST x > FST y) [(3,7); (0,9)] ⇔ T
sk_head_9_0=⊢ SORTED (λx y. FST x > FST y) [(0,0); (3,7); (0,9)] ⇒ SORTED (λx y. FST x > FST y) [(3,7); (0,9)] ∧ ¬MEM (0,0) [(3,7); (0,9)] ∧ EVERY (λy. FST (0,0) > FST y) [(3,7); (0,9)] ⇔ T
sk_head_9_1=⊢ SORTED (λx y. FST x > FST y) [(4,9); (3,7); (0,9)] ⇒ SORTED (λx y. FST x > FST y) [(3,7); (0,9)] ∧ ¬MEM (4,9) [(3,7); (0,9)] ∧ EVERY (λy. FST (4,9) > FST y) [(3,7); (0,9)] ⇔ T
sk_head_9_2=⊢ SORTED (λx y. FST x > FST y) [(3,7); (3,7); (0,9)] ⇒ SORTED (λx y. FST x > FST y) [(3,7); (0,9)] ∧ ¬MEM (3,7) [(3,7); (0,9)] ∧ EVERY (λy. FST (3,7) > FST y) [(3,7); (0,9)] ⇔ T
sk_head_9_3=⊢ SORTED (λx y. FST x > FST y) [(1208925819614629174706177,0); (3,7); (0,9)] ⇒ SORTED (λx y. FST x > FST y) [(3,7); (0,9)] ∧ ¬MEM (1208925819614629174706177,0) [(3,7); (0,9)] ∧ EVERY (λy. FST (1208925819614629174706177,0) > FST y) [(3,7); (0,9)] ⇔ T
sk_equal_9_0=⊢ SORTED (λx y. FST x > FST y) [] ∧ SORTED (λx y. FST x > FST y) [(3,7); (0,9)] ∧ EVERY (λx. MEM x [(3,7); (0,9)]) [] ∧ EVERY (λx. MEM x []) [(3,7); (0,9)] ⇒ [(3,7); (0,9)] = [] ⇔ T
sk_equal_9_1=⊢ SORTED (λx y. FST x > FST y) [(0,0)] ∧ SORTED (λx y. FST x > FST y) [(3,7); (0,9)] ∧ EVERY (λx. MEM x [(3,7); (0,9)]) [(0,0)] ∧ EVERY (λx. MEM x [(0,0)]) [(3,7); (0,9)] ⇒ [(3,7); (0,9)] = [(0,0)] ⇔ T
sk_equal_9_2=⊢ SORTED (λx y. FST x > FST y) [(3,7); (2,8); (0,9)] ∧ SORTED (λx y. FST x > FST y) [(3,7); (0,9)] ∧ EVERY (λx. MEM x [(3,7); (0,9)]) [(3,7); (2,8); (0,9)] ∧ EVERY (λx. MEM x [(3,7); (2,8); (0,9)]) [(3,7); (0,9)] ⇒ [(3,7); (0,9)] = [(3,7); (2,8); (0,9)] ⇔ T
sk_equal_9_3=⊢ SORTED (λx y. FST x > FST y) [(2,8); (3,7); (0,9)] ∧ SORTED (λx y. FST x > FST y) [(3,7); (0,9)] ∧ EVERY (λx. MEM x [(3,7); (0,9)]) [(2,8); (3,7); (0,9)] ∧ EVERY (λx. MEM x [(2,8); (3,7); (0,9)]) [(3,7); (0,9)] ⇒ [(3,7); (0,9)] = [(2,8); (3,7); (0,9)] ⇔ T
sk_equal_9_4=⊢ SORTED (λx y. FST x > FST y) [(3,7); (3,7)] ∧ SORTED (λx y. FST x > FST y) [(3,7); (0,9)] ∧ EVERY (λx. MEM x [(3,7); (0,9)]) [(3,7); (3,7)] ∧ EVERY (λx. MEM x [(3,7); (3,7)]) [(3,7); (0,9)] ⇒ [(3,7); (0,9)] = [(3,7); (3,7)] ⇔ T
sk_equal_9_5=⊢ SORTED (λx y. FST x > FST y) [(3,7); (3,9)] ∧ SORTED (λx y. FST x > FST y) [(3,7); (0,9)] ∧ EVERY (λx. MEM x [(3,7); (0,9)]) [(3,7); (3,9)] ∧ EVERY (λx. MEM x [(3,7); (3,9)]) [(3,7); (0,9)] ⇒ [(3,7); (0,9)] = [(3,7); (3,9)] ⇔ T
sk_equal_9_6=⊢ SORTED (λx y. FST x > FST y) [(0,9); (2,8); (3,7)] ∧ SORTED (λx y. FST x > FST y) [(3,7); (0,9)] ∧ EVERY (λx. MEM x [(3,7); (0,9)]) [(0,9); (2,8); (3,7)] ∧ EVERY (λx. MEM x [(0,9); (2,8); (3,7)]) [(3,7); (0,9)] ⇒ [(3,7); (0,9)] = [(0,9); (2,8); (3,7)] ⇔ T
sk_equal_9_7=⊢ SORTED (λx y. FST x > FST y) [(1208925819614629174706176,3); (18446744073709551616,8); (1,1)] ∧ SORTED (λx y. FST x > FST y) [(3,7); (0,9)] ∧ EVERY (λx. MEM x [(3,7); (0,9)]) [(1208925819614629174706176,3); (18446744073709551616,8); (1,1)] ∧ EVERY (λx. MEM x [(1208925819614629174706176,3); (18446744073709551616,8); (1,1)]) [(3,7); (0,9)] ⇒ [(3,7); (0,9)] = [(1208925819614629174706176,3); (18446744073709551616,8); (1,1)] ⇔ T
sk_equal_9_8=⊢ SORTED (λx y. FST x > FST y) [(3,99); (2,8); (0,9)] ∧ SORTED (λx y. FST x > FST y) [(3,7); (0,9)] ∧ EVERY (λx. MEM x [(3,7); (0,9)]) [(3,99); (2,8); (0,9)] ∧ EVERY (λx. MEM x [(3,99); (2,8); (0,9)]) [(3,7); (0,9)] ⇒ [(3,7); (0,9)] = [(3,99); (2,8); (0,9)] ⇔ T
sk_equal_9_9=⊢ SORTED (λx y. FST x > FST y) [(3,7); (0,9)] ∧ SORTED (λx y. FST x > FST y) [(3,7); (0,9)] ∧ EVERY (λx. MEM x [(3,7); (0,9)]) [(3,7); (0,9)] ∧ EVERY (λx. MEM x [(3,7); (0,9)]) [(3,7); (0,9)] ⇒ [(3,7); (0,9)] = [(3,7); (0,9)] ⇔ T
sk_type_lists=:(num # num) list
