gf_addcarry_riscv=[(1,3); (1,4); (9,8)]
gf_addcarry_mips=[(1,3); (1,4); (9,8)]
gf_addcarry_self=[(9,8)]
gf_addcarry_x86=[(9,8)]
gf_addovf_riscv=[(1,3); (9,8)]
gf_addovf_armv8=[(9,8)]
gf_subovf_mips=[(1,3); (9,8)]
gf_subovf_self=[(9,8)]
gf_longmul_armv7=[(1,2); (9,8)]
gf_longmul_armv7_self=[(9,8)]
gf_longmul_riscv=[(1,3); (1,4); (9,8)]
gf_longmul_ag32=[(1,4); (9,8)]
gf_longmul_x86=[(9,8)]
gf_fptoreg_32=[(1,2); (9,8)]
gf_fptoreg_32_self=[(9,8)]
gf_fptoreg_64=[(9,8)]
gf_fpfromreg_32=[(1,2); (9,8)]
gf_fpfromreg_64=[(9,8)]
gf_other_inst=[(9,8)]
gf_seq=[(1,3); (5,7); (9,8)]
gf_if=[(1,3); (5,7); (9,8)]
gf_must=[(1,3); (9,8)]
gf_loop=[(1,3); (9,8)]
gf_call_return=[(1,3); (9,8)]
gf_call_both=[(5,7); (1,3); (9,8)]
gf_call_tail=[(9,8)]
gf_skip=[(9,8)]
gf_large=[(36893488147419103232,36893488147419103233)]
