arc_full=⊢ ∀c perf p bs kf. FST kf + 1 < c.reg_count − LENGTH c.avoid_regs ∧ (perf ⇔ F) ⇒ stack_asm_remove c (FST (comp c perf p bs kf))
arc_1_0_skip_guard=T
arc_1_0_skip_result=T
arc_1_0_move_guard=T
arc_1_0_move_result=T
arc_1_0_inst_guard=T
arc_1_0_inst_result=T
arc_1_0_assign_guard=T
arc_1_0_assign_result=T
arc_1_0_get_guard=T
arc_1_0_get_result=T
arc_1_0_set_guard=T
arc_1_0_set_result=T
arc_1_0_store_guard=T
arc_1_0_store_result=T
arc_1_0_alloc_guard=T
arc_1_0_alloc_result=T
arc_1_0_consts_guard=T
arc_1_0_consts_result=T
arc_1_0_raise_guard=T
arc_1_0_raise_result=T
arc_1_0_return_guard=T
arc_1_0_return_result=T
arc_1_0_break_guard=T
arc_1_0_break_result=T
arc_1_0_continue_guard=T
arc_1_0_continue_result=T
arc_1_0_tick_guard=T
arc_1_0_tick_result=T
arc_1_0_heap_guard=T
arc_1_0_heap_result=T
arc_1_0_loc_guard=T
arc_1_0_loc_result=T
arc_1_0_install_guard=T
arc_1_0_install_result=T
arc_1_0_code_guard=T
arc_1_0_code_result=T
arc_1_0_data_guard=T
arc_1_0_data_result=T
arc_1_0_ffi_guard=T
arc_1_0_ffi_result=T
arc_1_0_share_guard=T
arc_1_0_share_result=T
arc_1_0_must_guard=T
arc_1_0_must_result=T
arc_1_0_loop_guard=T
arc_1_0_loop_result=T
arc_1_0_seq_guard=T
arc_1_0_seq_result=T
arc_1_0_if_guard=T
arc_1_0_if_result=T
arc_1_0_tail_guard=T
arc_1_0_tail_result=T
arc_1_0_callreturn_guard=T
arc_1_0_callreturn_result=T
arc_1_0_callhandler_guard=T
arc_1_0_callhandler_result=T
arc_1_4_skip_guard=T
arc_1_4_skip_result=T
arc_1_4_move_guard=T
arc_1_4_move_result=T
arc_1_4_inst_guard=T
arc_1_4_inst_result=T
arc_1_4_assign_guard=T
arc_1_4_assign_result=T
arc_1_4_get_guard=T
arc_1_4_get_result=T
arc_1_4_set_guard=T
arc_1_4_set_result=T
arc_1_4_store_guard=T
arc_1_4_store_result=T
arc_1_4_alloc_guard=T
arc_1_4_alloc_result=T
arc_1_4_consts_guard=T
arc_1_4_consts_result=T
arc_1_4_raise_guard=T
arc_1_4_raise_result=T
arc_1_4_return_guard=T
arc_1_4_return_result=T
arc_1_4_break_guard=T
arc_1_4_break_result=T
arc_1_4_continue_guard=T
arc_1_4_continue_result=T
arc_1_4_tick_guard=T
arc_1_4_tick_result=T
arc_1_4_heap_guard=T
arc_1_4_heap_result=T
arc_1_4_loc_guard=T
arc_1_4_loc_result=T
arc_1_4_install_guard=T
arc_1_4_install_result=T
arc_1_4_code_guard=T
arc_1_4_code_result=T
arc_1_4_data_guard=T
arc_1_4_data_result=T
arc_1_4_ffi_guard=T
arc_1_4_ffi_result=T
arc_1_4_share_guard=T
arc_1_4_share_result=T
arc_1_4_must_guard=T
arc_1_4_must_result=T
arc_1_4_loop_guard=T
arc_1_4_loop_result=T
arc_1_4_seq_guard=T
arc_1_4_seq_result=T
arc_1_4_if_guard=T
arc_1_4_if_result=T
arc_1_4_tail_guard=T
arc_1_4_tail_result=T
arc_1_4_callreturn_guard=T
arc_1_4_callreturn_result=T
arc_1_4_callhandler_guard=T
arc_1_4_callhandler_result=T
arc_2_0_skip_guard=T
arc_2_0_skip_result=T
arc_2_0_move_guard=T
arc_2_0_move_result=T
arc_2_0_inst_guard=T
arc_2_0_inst_result=T
arc_2_0_assign_guard=T
arc_2_0_assign_result=T
arc_2_0_get_guard=T
arc_2_0_get_result=T
arc_2_0_set_guard=T
arc_2_0_set_result=T
arc_2_0_store_guard=T
arc_2_0_store_result=T
arc_2_0_alloc_guard=T
arc_2_0_alloc_result=T
arc_2_0_consts_guard=T
arc_2_0_consts_result=T
arc_2_0_raise_guard=T
arc_2_0_raise_result=T
arc_2_0_return_guard=T
arc_2_0_return_result=T
arc_2_0_break_guard=T
arc_2_0_break_result=T
arc_2_0_continue_guard=T
arc_2_0_continue_result=T
arc_2_0_tick_guard=T
arc_2_0_tick_result=T
arc_2_0_heap_guard=T
arc_2_0_heap_result=T
arc_2_0_loc_guard=T
arc_2_0_loc_result=T
arc_2_0_install_guard=T
arc_2_0_install_result=T
arc_2_0_code_guard=T
arc_2_0_code_result=T
arc_2_0_data_guard=T
arc_2_0_data_result=T
arc_2_0_ffi_guard=T
arc_2_0_ffi_result=T
arc_2_0_share_guard=T
arc_2_0_share_result=T
arc_2_0_must_guard=T
arc_2_0_must_result=T
arc_2_0_loop_guard=T
arc_2_0_loop_result=T
arc_2_0_seq_guard=T
arc_2_0_seq_result=T
arc_2_0_if_guard=T
arc_2_0_if_result=T
arc_2_0_tail_guard=T
arc_2_0_tail_result=T
arc_2_0_callreturn_guard=T
arc_2_0_callreturn_result=T
arc_2_0_callhandler_guard=T
arc_2_0_callhandler_result=T
arc_2_4_skip_guard=T
arc_2_4_skip_result=T
arc_2_4_move_guard=T
arc_2_4_move_result=T
arc_2_4_inst_guard=T
arc_2_4_inst_result=T
arc_2_4_assign_guard=T
arc_2_4_assign_result=T
arc_2_4_get_guard=T
arc_2_4_get_result=T
arc_2_4_set_guard=T
arc_2_4_set_result=T
arc_2_4_store_guard=T
arc_2_4_store_result=T
arc_2_4_alloc_guard=T
arc_2_4_alloc_result=T
arc_2_4_consts_guard=T
arc_2_4_consts_result=T
arc_2_4_raise_guard=T
arc_2_4_raise_result=T
arc_2_4_return_guard=T
arc_2_4_return_result=T
arc_2_4_break_guard=T
arc_2_4_break_result=T
arc_2_4_continue_guard=T
arc_2_4_continue_result=T
arc_2_4_tick_guard=T
arc_2_4_tick_result=T
arc_2_4_heap_guard=T
arc_2_4_heap_result=T
arc_2_4_loc_guard=T
arc_2_4_loc_result=T
arc_2_4_install_guard=T
arc_2_4_install_result=T
arc_2_4_code_guard=T
arc_2_4_code_result=T
arc_2_4_data_guard=T
arc_2_4_data_result=T
arc_2_4_ffi_guard=T
arc_2_4_ffi_result=T
arc_2_4_share_guard=T
arc_2_4_share_result=T
arc_2_4_must_guard=T
arc_2_4_must_result=T
arc_2_4_loop_guard=T
arc_2_4_loop_result=T
arc_2_4_seq_guard=T
arc_2_4_seq_result=T
arc_2_4_if_guard=T
arc_2_4_if_result=T
arc_2_4_tail_guard=T
arc_2_4_tail_result=T
arc_2_4_callreturn_guard=T
arc_2_4_callreturn_result=T
arc_2_4_callhandler_guard=T
arc_2_4_callhandler_result=T
arc_8_0_skip_guard=T
arc_8_0_skip_result=T
arc_8_0_move_guard=T
arc_8_0_move_result=T
arc_8_0_inst_guard=T
arc_8_0_inst_result=T
arc_8_0_assign_guard=T
arc_8_0_assign_result=T
arc_8_0_get_guard=T
arc_8_0_get_result=T
arc_8_0_set_guard=T
arc_8_0_set_result=T
arc_8_0_store_guard=T
arc_8_0_store_result=T
arc_8_0_alloc_guard=T
arc_8_0_alloc_result=T
arc_8_0_consts_guard=T
arc_8_0_consts_result=T
arc_8_0_raise_guard=T
arc_8_0_raise_result=T
arc_8_0_return_guard=T
arc_8_0_return_result=T
arc_8_0_break_guard=T
arc_8_0_break_result=T
arc_8_0_continue_guard=T
arc_8_0_continue_result=T
arc_8_0_tick_guard=T
arc_8_0_tick_result=T
arc_8_0_heap_guard=T
arc_8_0_heap_result=T
arc_8_0_loc_guard=T
arc_8_0_loc_result=T
arc_8_0_install_guard=T
arc_8_0_install_result=T
arc_8_0_code_guard=T
arc_8_0_code_result=T
arc_8_0_data_guard=T
arc_8_0_data_result=T
arc_8_0_ffi_guard=T
arc_8_0_ffi_result=T
arc_8_0_share_guard=T
arc_8_0_share_result=T
arc_8_0_must_guard=T
arc_8_0_must_result=T
arc_8_0_loop_guard=T
arc_8_0_loop_result=T
arc_8_0_seq_guard=T
arc_8_0_seq_result=T
arc_8_0_if_guard=T
arc_8_0_if_result=T
arc_8_0_tail_guard=T
arc_8_0_tail_result=T
arc_8_0_callreturn_guard=T
arc_8_0_callreturn_result=T
arc_8_0_callhandler_guard=T
arc_8_0_callhandler_result=T
arc_8_4_skip_guard=T
arc_8_4_skip_result=T
arc_8_4_move_guard=T
arc_8_4_move_result=T
arc_8_4_inst_guard=T
arc_8_4_inst_result=T
arc_8_4_assign_guard=T
arc_8_4_assign_result=T
arc_8_4_get_guard=T
arc_8_4_get_result=T
arc_8_4_set_guard=T
arc_8_4_set_result=T
arc_8_4_store_guard=T
arc_8_4_store_result=T
arc_8_4_alloc_guard=T
arc_8_4_alloc_result=T
arc_8_4_consts_guard=T
arc_8_4_consts_result=T
arc_8_4_raise_guard=T
arc_8_4_raise_result=T
arc_8_4_return_guard=T
arc_8_4_return_result=T
arc_8_4_break_guard=T
arc_8_4_break_result=T
arc_8_4_continue_guard=T
arc_8_4_continue_result=T
arc_8_4_tick_guard=T
arc_8_4_tick_result=T
arc_8_4_heap_guard=T
arc_8_4_heap_result=T
arc_8_4_loc_guard=T
arc_8_4_loc_result=T
arc_8_4_install_guard=T
arc_8_4_install_result=T
arc_8_4_code_guard=T
arc_8_4_code_result=T
arc_8_4_data_guard=T
arc_8_4_data_result=T
arc_8_4_ffi_guard=T
arc_8_4_ffi_result=T
arc_8_4_share_guard=T
arc_8_4_share_result=T
arc_8_4_must_guard=T
arc_8_4_must_result=T
arc_8_4_loop_guard=T
arc_8_4_loop_result=T
arc_8_4_seq_guard=T
arc_8_4_seq_result=T
arc_8_4_if_guard=T
arc_8_4_if_result=T
arc_8_4_tail_guard=T
arc_8_4_tail_result=T
arc_8_4_callreturn_guard=T
arc_8_4_callreturn_result=T
arc_8_4_callhandler_guard=T
arc_8_4_callhandler_result=T
arc_64_0_skip_guard=T
arc_64_0_skip_result=T
arc_64_0_move_guard=T
arc_64_0_move_result=T
arc_64_0_inst_guard=T
arc_64_0_inst_result=T
arc_64_0_assign_guard=T
arc_64_0_assign_result=T
arc_64_0_get_guard=T
arc_64_0_get_result=T
arc_64_0_set_guard=T
arc_64_0_set_result=T
arc_64_0_store_guard=T
arc_64_0_store_result=T
arc_64_0_alloc_guard=T
arc_64_0_alloc_result=T
arc_64_0_consts_guard=T
arc_64_0_consts_result=T
arc_64_0_raise_guard=T
arc_64_0_raise_result=T
arc_64_0_return_guard=T
arc_64_0_return_result=T
arc_64_0_break_guard=T
arc_64_0_break_result=T
arc_64_0_continue_guard=T
arc_64_0_continue_result=T
arc_64_0_tick_guard=T
arc_64_0_tick_result=T
arc_64_0_heap_guard=T
arc_64_0_heap_result=T
arc_64_0_loc_guard=T
arc_64_0_loc_result=T
arc_64_0_install_guard=T
arc_64_0_install_result=T
arc_64_0_code_guard=T
arc_64_0_code_result=T
arc_64_0_data_guard=T
arc_64_0_data_result=T
arc_64_0_ffi_guard=T
arc_64_0_ffi_result=T
arc_64_0_share_guard=T
arc_64_0_share_result=T
arc_64_0_must_guard=T
arc_64_0_must_result=T
arc_64_0_loop_guard=T
arc_64_0_loop_result=T
arc_64_0_seq_guard=T
arc_64_0_seq_result=T
arc_64_0_if_guard=T
arc_64_0_if_result=T
arc_64_0_tail_guard=T
arc_64_0_tail_result=T
arc_64_0_callreturn_guard=T
arc_64_0_callreturn_result=T
arc_64_0_callhandler_guard=T
arc_64_0_callhandler_result=T
arc_64_4_skip_guard=T
arc_64_4_skip_result=T
arc_64_4_move_guard=T
arc_64_4_move_result=T
arc_64_4_inst_guard=T
arc_64_4_inst_result=T
arc_64_4_assign_guard=T
arc_64_4_assign_result=T
arc_64_4_get_guard=T
arc_64_4_get_result=T
arc_64_4_set_guard=T
arc_64_4_set_result=T
arc_64_4_store_guard=T
arc_64_4_store_result=T
arc_64_4_alloc_guard=T
arc_64_4_alloc_result=T
arc_64_4_consts_guard=T
arc_64_4_consts_result=T
arc_64_4_raise_guard=T
arc_64_4_raise_result=T
arc_64_4_return_guard=T
arc_64_4_return_result=T
arc_64_4_break_guard=T
arc_64_4_break_result=T
arc_64_4_continue_guard=T
arc_64_4_continue_result=T
arc_64_4_tick_guard=T
arc_64_4_tick_result=T
arc_64_4_heap_guard=T
arc_64_4_heap_result=T
arc_64_4_loc_guard=T
arc_64_4_loc_result=T
arc_64_4_install_guard=T
arc_64_4_install_result=T
arc_64_4_code_guard=T
arc_64_4_code_result=T
arc_64_4_data_guard=T
arc_64_4_data_result=T
arc_64_4_ffi_guard=T
arc_64_4_ffi_result=T
arc_64_4_share_guard=T
arc_64_4_share_result=T
arc_64_4_must_guard=T
arc_64_4_must_result=T
arc_64_4_loop_guard=T
arc_64_4_loop_result=T
arc_64_4_seq_guard=T
arc_64_4_seq_result=T
arc_64_4_if_guard=T
arc_64_4_if_result=T
arc_64_4_tail_guard=T
arc_64_4_tail_result=T
arc_64_4_callreturn_guard=T
arc_64_4_callreturn_result=T
arc_64_4_callhandler_guard=T
arc_64_4_callhandler_result=T
arc_80_0_skip_guard=T
arc_80_0_skip_result=T
arc_80_0_move_guard=T
arc_80_0_move_result=T
arc_80_0_inst_guard=T
arc_80_0_inst_result=T
arc_80_0_assign_guard=T
arc_80_0_assign_result=T
arc_80_0_get_guard=T
arc_80_0_get_result=T
arc_80_0_set_guard=T
arc_80_0_set_result=T
arc_80_0_store_guard=T
arc_80_0_store_result=T
arc_80_0_alloc_guard=T
arc_80_0_alloc_result=T
arc_80_0_consts_guard=T
arc_80_0_consts_result=T
arc_80_0_raise_guard=T
arc_80_0_raise_result=T
arc_80_0_return_guard=T
arc_80_0_return_result=T
arc_80_0_break_guard=T
arc_80_0_break_result=T
arc_80_0_continue_guard=T
arc_80_0_continue_result=T
arc_80_0_tick_guard=T
arc_80_0_tick_result=T
arc_80_0_heap_guard=T
arc_80_0_heap_result=T
arc_80_0_loc_guard=T
arc_80_0_loc_result=T
arc_80_0_install_guard=T
arc_80_0_install_result=T
arc_80_0_code_guard=T
arc_80_0_code_result=T
arc_80_0_data_guard=T
arc_80_0_data_result=T
arc_80_0_ffi_guard=T
arc_80_0_ffi_result=T
arc_80_0_share_guard=T
arc_80_0_share_result=T
arc_80_0_must_guard=T
arc_80_0_must_result=T
arc_80_0_loop_guard=T
arc_80_0_loop_result=T
arc_80_0_seq_guard=T
arc_80_0_seq_result=T
arc_80_0_if_guard=T
arc_80_0_if_result=T
arc_80_0_tail_guard=T
arc_80_0_tail_result=T
arc_80_0_callreturn_guard=T
arc_80_0_callreturn_result=T
arc_80_0_callhandler_guard=T
arc_80_0_callhandler_result=T
arc_80_4_skip_guard=T
arc_80_4_skip_result=T
arc_80_4_move_guard=T
arc_80_4_move_result=T
arc_80_4_inst_guard=T
arc_80_4_inst_result=T
arc_80_4_assign_guard=T
arc_80_4_assign_result=T
arc_80_4_get_guard=T
arc_80_4_get_result=T
arc_80_4_set_guard=T
arc_80_4_set_result=T
arc_80_4_store_guard=T
arc_80_4_store_result=T
arc_80_4_alloc_guard=T
arc_80_4_alloc_result=T
arc_80_4_consts_guard=T
arc_80_4_consts_result=T
arc_80_4_raise_guard=T
arc_80_4_raise_result=T
arc_80_4_return_guard=T
arc_80_4_return_result=T
arc_80_4_break_guard=T
arc_80_4_break_result=T
arc_80_4_continue_guard=T
arc_80_4_continue_result=T
arc_80_4_tick_guard=T
arc_80_4_tick_result=T
arc_80_4_heap_guard=T
arc_80_4_heap_result=T
arc_80_4_loc_guard=T
arc_80_4_loc_result=T
arc_80_4_install_guard=T
arc_80_4_install_result=T
arc_80_4_code_guard=T
arc_80_4_code_result=T
arc_80_4_data_guard=T
arc_80_4_data_result=T
arc_80_4_ffi_guard=T
arc_80_4_ffi_result=T
arc_80_4_share_guard=T
arc_80_4_share_result=T
arc_80_4_must_guard=T
arc_80_4_must_result=T
arc_80_4_loop_guard=T
arc_80_4_loop_result=T
arc_80_4_seq_guard=T
arc_80_4_seq_result=T
arc_80_4_if_guard=T
arc_80_4_if_result=T
arc_80_4_tail_guard=T
arc_80_4_tail_result=T
arc_80_4_callreturn_guard=T
arc_80_4_callreturn_result=T
arc_80_4_callhandler_guard=T
arc_80_4_callhandler_result=T
