anc_full=⊢ ∀c perf p bs kf. (perf ⇔ F) ∧ post_alloc_conventions (FST kf) p ∧ full_inst_ok_less c p ∧ (c.two_reg_arith ⇒ every_inst two_reg_inst p) ∧ (no_share_inst p ∨ c.ISA ≠ Ag32) ∧ FST kf + 1 < c.reg_count − LENGTH c.avoid_regs ∧ 4 < FST kf ⇒ stack_asm_name c (FST (comp c perf p bs kf))
anc_1_0_must_guard=T
anc_1_0_must_target=T
anc_1_0_loop_guard=T
anc_1_0_loop_target=T
anc_1_0_seq_guard=T
anc_1_0_seq_target=T
anc_1_0_if_reg_guard=T
anc_1_0_if_reg_target=T
anc_1_0_if_imm_ok_guard=T
anc_1_0_if_imm_ok_target=T
anc_1_0_if_imm_load_guard=T
anc_1_0_if_imm_load_target=T
anc_1_0_tail_direct_guard=T
anc_1_0_tail_direct_target=T
anc_1_0_tail_indirect_guard=T
anc_1_0_tail_indirect_target=T
anc_1_0_return_empty_guard=T
anc_1_0_return_empty_target=T
anc_1_0_return_spill_guard=T
anc_1_0_return_spill_target=T
anc_1_0_handler_guard=T
anc_1_0_handler_target=T
anc_1_0_nested_guard=T
anc_1_0_nested_target=T
anc_1_1_must_guard=T
anc_1_1_must_target=T
anc_1_1_loop_guard=T
anc_1_1_loop_target=T
anc_1_1_seq_guard=T
anc_1_1_seq_target=T
anc_1_1_if_reg_guard=T
anc_1_1_if_reg_target=T
anc_1_1_if_imm_ok_guard=T
anc_1_1_if_imm_ok_target=T
anc_1_1_if_imm_load_guard=T
anc_1_1_if_imm_load_target=T
anc_1_1_tail_direct_guard=T
anc_1_1_tail_direct_target=T
anc_1_1_tail_indirect_guard=T
anc_1_1_tail_indirect_target=T
anc_1_1_return_empty_guard=T
anc_1_1_return_empty_target=T
anc_1_1_return_spill_guard=T
anc_1_1_return_spill_target=T
anc_1_1_handler_guard=T
anc_1_1_handler_target=T
anc_1_1_nested_guard=T
anc_1_1_nested_target=T
anc_2_0_must_guard=T
anc_2_0_must_target=T
anc_2_0_loop_guard=T
anc_2_0_loop_target=T
anc_2_0_seq_guard=T
anc_2_0_seq_target=T
anc_2_0_if_reg_guard=T
anc_2_0_if_reg_target=T
anc_2_0_if_imm_ok_guard=T
anc_2_0_if_imm_ok_target=T
anc_2_0_if_imm_load_guard=T
anc_2_0_if_imm_load_target=T
anc_2_0_tail_direct_guard=T
anc_2_0_tail_direct_target=T
anc_2_0_tail_indirect_guard=T
anc_2_0_tail_indirect_target=T
anc_2_0_return_empty_guard=T
anc_2_0_return_empty_target=T
anc_2_0_return_spill_guard=T
anc_2_0_return_spill_target=T
anc_2_0_handler_guard=T
anc_2_0_handler_target=T
anc_2_0_nested_guard=T
anc_2_0_nested_target=T
anc_2_1_must_guard=T
anc_2_1_must_target=T
anc_2_1_loop_guard=T
anc_2_1_loop_target=T
anc_2_1_seq_guard=T
anc_2_1_seq_target=T
anc_2_1_if_reg_guard=T
anc_2_1_if_reg_target=T
anc_2_1_if_imm_ok_guard=T
anc_2_1_if_imm_ok_target=T
anc_2_1_if_imm_load_guard=T
anc_2_1_if_imm_load_target=T
anc_2_1_tail_direct_guard=T
anc_2_1_tail_direct_target=T
anc_2_1_tail_indirect_guard=T
anc_2_1_tail_indirect_target=T
anc_2_1_return_empty_guard=T
anc_2_1_return_empty_target=T
anc_2_1_return_spill_guard=T
anc_2_1_return_spill_target=T
anc_2_1_handler_guard=T
anc_2_1_handler_target=T
anc_2_1_nested_guard=T
anc_2_1_nested_target=T
anc_8_0_must_guard=T
anc_8_0_must_target=T
anc_8_0_loop_guard=T
anc_8_0_loop_target=T
anc_8_0_seq_guard=T
anc_8_0_seq_target=T
anc_8_0_if_reg_guard=T
anc_8_0_if_reg_target=T
anc_8_0_if_imm_ok_guard=T
anc_8_0_if_imm_ok_target=T
anc_8_0_if_imm_load_guard=T
anc_8_0_if_imm_load_target=T
anc_8_0_tail_direct_guard=T
anc_8_0_tail_direct_target=T
anc_8_0_tail_indirect_guard=T
anc_8_0_tail_indirect_target=T
anc_8_0_return_empty_guard=T
anc_8_0_return_empty_target=T
anc_8_0_return_spill_guard=T
anc_8_0_return_spill_target=T
anc_8_0_handler_guard=T
anc_8_0_handler_target=T
anc_8_0_nested_guard=T
anc_8_0_nested_target=T
anc_8_1_must_guard=T
anc_8_1_must_target=T
anc_8_1_loop_guard=T
anc_8_1_loop_target=T
anc_8_1_seq_guard=T
anc_8_1_seq_target=T
anc_8_1_if_reg_guard=T
anc_8_1_if_reg_target=T
anc_8_1_if_imm_ok_guard=T
anc_8_1_if_imm_ok_target=T
anc_8_1_if_imm_load_guard=T
anc_8_1_if_imm_load_target=T
anc_8_1_tail_direct_guard=T
anc_8_1_tail_direct_target=T
anc_8_1_tail_indirect_guard=T
anc_8_1_tail_indirect_target=T
anc_8_1_return_empty_guard=T
anc_8_1_return_empty_target=T
anc_8_1_return_spill_guard=T
anc_8_1_return_spill_target=T
anc_8_1_handler_guard=T
anc_8_1_handler_target=T
anc_8_1_nested_guard=T
anc_8_1_nested_target=T
anc_32_0_must_guard=T
anc_32_0_must_target=T
anc_32_0_loop_guard=T
anc_32_0_loop_target=T
anc_32_0_seq_guard=T
anc_32_0_seq_target=T
anc_32_0_if_reg_guard=T
anc_32_0_if_reg_target=T
anc_32_0_if_imm_ok_guard=T
anc_32_0_if_imm_ok_target=T
anc_32_0_if_imm_load_guard=T
anc_32_0_if_imm_load_target=T
anc_32_0_tail_direct_guard=T
anc_32_0_tail_direct_target=T
anc_32_0_tail_indirect_guard=T
anc_32_0_tail_indirect_target=T
anc_32_0_return_empty_guard=T
anc_32_0_return_empty_target=T
anc_32_0_return_spill_guard=T
anc_32_0_return_spill_target=T
anc_32_0_handler_guard=T
anc_32_0_handler_target=T
anc_32_0_nested_guard=T
anc_32_0_nested_target=T
anc_32_1_must_guard=T
anc_32_1_must_target=T
anc_32_1_loop_guard=T
anc_32_1_loop_target=T
anc_32_1_seq_guard=T
anc_32_1_seq_target=T
anc_32_1_if_reg_guard=T
anc_32_1_if_reg_target=T
anc_32_1_if_imm_ok_guard=T
anc_32_1_if_imm_ok_target=T
anc_32_1_if_imm_load_guard=T
anc_32_1_if_imm_load_target=T
anc_32_1_tail_direct_guard=T
anc_32_1_tail_direct_target=T
anc_32_1_tail_indirect_guard=T
anc_32_1_tail_indirect_target=T
anc_32_1_return_empty_guard=T
anc_32_1_return_empty_target=T
anc_32_1_return_spill_guard=T
anc_32_1_return_spill_target=T
anc_32_1_handler_guard=T
anc_32_1_handler_target=T
anc_32_1_nested_guard=T
anc_32_1_nested_target=T
anc_64_0_must_guard=T
anc_64_0_must_target=T
anc_64_0_loop_guard=T
anc_64_0_loop_target=T
anc_64_0_seq_guard=T
anc_64_0_seq_target=T
anc_64_0_if_reg_guard=T
anc_64_0_if_reg_target=T
anc_64_0_if_imm_ok_guard=T
anc_64_0_if_imm_ok_target=T
anc_64_0_if_imm_load_guard=T
anc_64_0_if_imm_load_target=T
anc_64_0_tail_direct_guard=T
anc_64_0_tail_direct_target=T
anc_64_0_tail_indirect_guard=T
anc_64_0_tail_indirect_target=T
anc_64_0_return_empty_guard=T
anc_64_0_return_empty_target=T
anc_64_0_return_spill_guard=T
anc_64_0_return_spill_target=T
anc_64_0_handler_guard=T
anc_64_0_handler_target=T
anc_64_0_nested_guard=T
anc_64_0_nested_target=T
anc_64_1_must_guard=T
anc_64_1_must_target=T
anc_64_1_loop_guard=T
anc_64_1_loop_target=T
anc_64_1_seq_guard=T
anc_64_1_seq_target=T
anc_64_1_if_reg_guard=T
anc_64_1_if_reg_target=T
anc_64_1_if_imm_ok_guard=T
anc_64_1_if_imm_ok_target=T
anc_64_1_if_imm_load_guard=T
anc_64_1_if_imm_load_target=T
anc_64_1_tail_direct_guard=T
anc_64_1_tail_direct_target=T
anc_64_1_tail_indirect_guard=T
anc_64_1_tail_indirect_target=T
anc_64_1_return_empty_guard=T
anc_64_1_return_empty_target=T
anc_64_1_return_spill_guard=T
anc_64_1_return_spill_target=T
anc_64_1_handler_guard=T
anc_64_1_handler_target=T
anc_64_1_nested_guard=T
anc_64_1_nested_target=T
anc_80_0_must_guard=T
anc_80_0_must_target=T
anc_80_0_loop_guard=T
anc_80_0_loop_target=T
anc_80_0_seq_guard=T
anc_80_0_seq_target=T
anc_80_0_if_reg_guard=T
anc_80_0_if_reg_target=T
anc_80_0_if_imm_ok_guard=T
anc_80_0_if_imm_ok_target=T
anc_80_0_if_imm_load_guard=T
anc_80_0_if_imm_load_target=T
anc_80_0_tail_direct_guard=T
anc_80_0_tail_direct_target=T
anc_80_0_tail_indirect_guard=T
anc_80_0_tail_indirect_target=T
anc_80_0_return_empty_guard=T
anc_80_0_return_empty_target=T
anc_80_0_return_spill_guard=T
anc_80_0_return_spill_target=T
anc_80_0_handler_guard=T
anc_80_0_handler_target=T
anc_80_0_nested_guard=T
anc_80_0_nested_target=T
anc_80_1_must_guard=T
anc_80_1_must_target=T
anc_80_1_loop_guard=T
anc_80_1_loop_target=T
anc_80_1_seq_guard=T
anc_80_1_seq_target=T
anc_80_1_if_reg_guard=T
anc_80_1_if_reg_target=T
anc_80_1_if_imm_ok_guard=T
anc_80_1_if_imm_ok_target=T
anc_80_1_if_imm_load_guard=T
anc_80_1_if_imm_load_target=T
anc_80_1_tail_direct_guard=T
anc_80_1_tail_direct_target=T
anc_80_1_tail_indirect_guard=T
anc_80_1_tail_indirect_target=T
anc_80_1_return_empty_guard=T
anc_80_1_return_empty_target=T
anc_80_1_return_spill_guard=T
anc_80_1_return_spill_target=T
anc_80_1_handler_guard=T
anc_80_1_handler_target=T
anc_80_1_nested_guard=T
anc_80_1_nested_target=T
