rbc_full=⊢ ∀c perf p bs frame. post_alloc_conventions (FST frame) p ∧ 4 ≤ FST frame ∧ (perf ⇔ F) ⇒ reg_bound (FST (comp c perf p bs frame)) (FST frame + 2)
rbc_1_0_must_seq_guard=T
rbc_1_0_must_seq_target=T
rbc_1_0_loop_if_guard=T
rbc_1_0_loop_if_target=T
rbc_1_0_seq_loops_guard=T
rbc_1_0_seq_loops_target=T
rbc_1_0_if_must_guard=T
rbc_1_0_if_must_target=T
rbc_1_0_nested_handler_guard=T
rbc_1_0_nested_handler_target=T
rbc_1_0_handler_in_loop_guard=T
rbc_1_0_handler_in_loop_target=T
rbc_1_0_handler_in_if_guard=T
rbc_1_0_handler_in_if_target=T
rbc_1_0_deep_seq_guard=T
rbc_1_0_deep_seq_target=T
rbc_1_0_tail_ignore_guard=T
rbc_1_0_tail_ignore_target=T
rbc_1_1_must_seq_guard=T
rbc_1_1_must_seq_target=T
rbc_1_1_loop_if_guard=T
rbc_1_1_loop_if_target=T
rbc_1_1_seq_loops_guard=T
rbc_1_1_seq_loops_target=T
rbc_1_1_if_must_guard=T
rbc_1_1_if_must_target=T
rbc_1_1_nested_handler_guard=T
rbc_1_1_nested_handler_target=T
rbc_1_1_handler_in_loop_guard=T
rbc_1_1_handler_in_loop_target=T
rbc_1_1_handler_in_if_guard=T
rbc_1_1_handler_in_if_target=T
rbc_1_1_deep_seq_guard=T
rbc_1_1_deep_seq_target=T
rbc_1_1_tail_ignore_guard=T
rbc_1_1_tail_ignore_target=T
rbc_1_2_must_seq_guard=T
rbc_1_2_must_seq_target=T
rbc_1_2_loop_if_guard=T
rbc_1_2_loop_if_target=T
rbc_1_2_seq_loops_guard=T
rbc_1_2_seq_loops_target=T
rbc_1_2_if_must_guard=T
rbc_1_2_if_must_target=T
rbc_1_2_nested_handler_guard=T
rbc_1_2_nested_handler_target=T
rbc_1_2_handler_in_loop_guard=T
rbc_1_2_handler_in_loop_target=T
rbc_1_2_handler_in_if_guard=T
rbc_1_2_handler_in_if_target=T
rbc_1_2_deep_seq_guard=T
rbc_1_2_deep_seq_target=T
rbc_1_2_tail_ignore_guard=T
rbc_1_2_tail_ignore_target=T
rbc_2_0_must_seq_guard=T
rbc_2_0_must_seq_target=T
rbc_2_0_loop_if_guard=T
rbc_2_0_loop_if_target=T
rbc_2_0_seq_loops_guard=T
rbc_2_0_seq_loops_target=T
rbc_2_0_if_must_guard=T
rbc_2_0_if_must_target=T
rbc_2_0_nested_handler_guard=T
rbc_2_0_nested_handler_target=T
rbc_2_0_handler_in_loop_guard=T
rbc_2_0_handler_in_loop_target=T
rbc_2_0_handler_in_if_guard=T
rbc_2_0_handler_in_if_target=T
rbc_2_0_deep_seq_guard=T
rbc_2_0_deep_seq_target=T
rbc_2_0_tail_ignore_guard=T
rbc_2_0_tail_ignore_target=T
rbc_2_1_must_seq_guard=T
rbc_2_1_must_seq_target=T
rbc_2_1_loop_if_guard=T
rbc_2_1_loop_if_target=T
rbc_2_1_seq_loops_guard=T
rbc_2_1_seq_loops_target=T
rbc_2_1_if_must_guard=T
rbc_2_1_if_must_target=T
rbc_2_1_nested_handler_guard=T
rbc_2_1_nested_handler_target=T
rbc_2_1_handler_in_loop_guard=T
rbc_2_1_handler_in_loop_target=T
rbc_2_1_handler_in_if_guard=T
rbc_2_1_handler_in_if_target=T
rbc_2_1_deep_seq_guard=T
rbc_2_1_deep_seq_target=T
rbc_2_1_tail_ignore_guard=T
rbc_2_1_tail_ignore_target=T
rbc_2_2_must_seq_guard=T
rbc_2_2_must_seq_target=T
rbc_2_2_loop_if_guard=T
rbc_2_2_loop_if_target=T
rbc_2_2_seq_loops_guard=T
rbc_2_2_seq_loops_target=T
rbc_2_2_if_must_guard=T
rbc_2_2_if_must_target=T
rbc_2_2_nested_handler_guard=T
rbc_2_2_nested_handler_target=T
rbc_2_2_handler_in_loop_guard=T
rbc_2_2_handler_in_loop_target=T
rbc_2_2_handler_in_if_guard=T
rbc_2_2_handler_in_if_target=T
rbc_2_2_deep_seq_guard=T
rbc_2_2_deep_seq_target=T
rbc_2_2_tail_ignore_guard=T
rbc_2_2_tail_ignore_target=T
rbc_8_0_must_seq_guard=T
rbc_8_0_must_seq_target=T
rbc_8_0_loop_if_guard=T
rbc_8_0_loop_if_target=T
rbc_8_0_seq_loops_guard=T
rbc_8_0_seq_loops_target=T
rbc_8_0_if_must_guard=T
rbc_8_0_if_must_target=T
rbc_8_0_nested_handler_guard=T
rbc_8_0_nested_handler_target=T
rbc_8_0_handler_in_loop_guard=T
rbc_8_0_handler_in_loop_target=T
rbc_8_0_handler_in_if_guard=T
rbc_8_0_handler_in_if_target=T
rbc_8_0_deep_seq_guard=T
rbc_8_0_deep_seq_target=T
rbc_8_0_tail_ignore_guard=T
rbc_8_0_tail_ignore_target=T
rbc_8_1_must_seq_guard=T
rbc_8_1_must_seq_target=T
rbc_8_1_loop_if_guard=T
rbc_8_1_loop_if_target=T
rbc_8_1_seq_loops_guard=T
rbc_8_1_seq_loops_target=T
rbc_8_1_if_must_guard=T
rbc_8_1_if_must_target=T
rbc_8_1_nested_handler_guard=T
rbc_8_1_nested_handler_target=T
rbc_8_1_handler_in_loop_guard=T
rbc_8_1_handler_in_loop_target=T
rbc_8_1_handler_in_if_guard=T
rbc_8_1_handler_in_if_target=T
rbc_8_1_deep_seq_guard=T
rbc_8_1_deep_seq_target=T
rbc_8_1_tail_ignore_guard=T
rbc_8_1_tail_ignore_target=T
rbc_8_2_must_seq_guard=T
rbc_8_2_must_seq_target=T
rbc_8_2_loop_if_guard=T
rbc_8_2_loop_if_target=T
rbc_8_2_seq_loops_guard=T
rbc_8_2_seq_loops_target=T
rbc_8_2_if_must_guard=T
rbc_8_2_if_must_target=T
rbc_8_2_nested_handler_guard=T
rbc_8_2_nested_handler_target=T
rbc_8_2_handler_in_loop_guard=T
rbc_8_2_handler_in_loop_target=T
rbc_8_2_handler_in_if_guard=T
rbc_8_2_handler_in_if_target=T
rbc_8_2_deep_seq_guard=T
rbc_8_2_deep_seq_target=T
rbc_8_2_tail_ignore_guard=T
rbc_8_2_tail_ignore_target=T
rbc_64_0_must_seq_guard=T
rbc_64_0_must_seq_target=T
rbc_64_0_loop_if_guard=T
rbc_64_0_loop_if_target=T
rbc_64_0_seq_loops_guard=T
rbc_64_0_seq_loops_target=T
rbc_64_0_if_must_guard=T
rbc_64_0_if_must_target=T
rbc_64_0_nested_handler_guard=T
rbc_64_0_nested_handler_target=T
rbc_64_0_handler_in_loop_guard=T
rbc_64_0_handler_in_loop_target=T
rbc_64_0_handler_in_if_guard=T
rbc_64_0_handler_in_if_target=T
rbc_64_0_deep_seq_guard=T
rbc_64_0_deep_seq_target=T
rbc_64_0_tail_ignore_guard=T
rbc_64_0_tail_ignore_target=T
rbc_64_1_must_seq_guard=T
rbc_64_1_must_seq_target=T
rbc_64_1_loop_if_guard=T
rbc_64_1_loop_if_target=T
rbc_64_1_seq_loops_guard=T
rbc_64_1_seq_loops_target=T
rbc_64_1_if_must_guard=T
rbc_64_1_if_must_target=T
rbc_64_1_nested_handler_guard=T
rbc_64_1_nested_handler_target=T
rbc_64_1_handler_in_loop_guard=T
rbc_64_1_handler_in_loop_target=T
rbc_64_1_handler_in_if_guard=T
rbc_64_1_handler_in_if_target=T
rbc_64_1_deep_seq_guard=T
rbc_64_1_deep_seq_target=T
rbc_64_1_tail_ignore_guard=T
rbc_64_1_tail_ignore_target=T
rbc_64_2_must_seq_guard=T
rbc_64_2_must_seq_target=T
rbc_64_2_loop_if_guard=T
rbc_64_2_loop_if_target=T
rbc_64_2_seq_loops_guard=T
rbc_64_2_seq_loops_target=T
rbc_64_2_if_must_guard=T
rbc_64_2_if_must_target=T
rbc_64_2_nested_handler_guard=T
rbc_64_2_nested_handler_target=T
rbc_64_2_handler_in_loop_guard=T
rbc_64_2_handler_in_loop_target=T
rbc_64_2_handler_in_if_guard=T
rbc_64_2_handler_in_if_target=T
rbc_64_2_deep_seq_guard=T
rbc_64_2_deep_seq_target=T
rbc_64_2_tail_ignore_guard=T
rbc_64_2_tail_ignore_target=T
rbc_80_0_must_seq_guard=T
rbc_80_0_must_seq_target=T
rbc_80_0_loop_if_guard=T
rbc_80_0_loop_if_target=T
rbc_80_0_seq_loops_guard=T
rbc_80_0_seq_loops_target=T
rbc_80_0_if_must_guard=T
rbc_80_0_if_must_target=T
rbc_80_0_nested_handler_guard=T
rbc_80_0_nested_handler_target=T
rbc_80_0_handler_in_loop_guard=T
rbc_80_0_handler_in_loop_target=T
rbc_80_0_handler_in_if_guard=T
rbc_80_0_handler_in_if_target=T
rbc_80_0_deep_seq_guard=T
rbc_80_0_deep_seq_target=T
rbc_80_0_tail_ignore_guard=T
rbc_80_0_tail_ignore_target=T
rbc_80_1_must_seq_guard=T
rbc_80_1_must_seq_target=T
rbc_80_1_loop_if_guard=T
rbc_80_1_loop_if_target=T
rbc_80_1_seq_loops_guard=T
rbc_80_1_seq_loops_target=T
rbc_80_1_if_must_guard=T
rbc_80_1_if_must_target=T
rbc_80_1_nested_handler_guard=T
rbc_80_1_nested_handler_target=T
rbc_80_1_handler_in_loop_guard=T
rbc_80_1_handler_in_loop_target=T
rbc_80_1_handler_in_if_guard=T
rbc_80_1_handler_in_if_target=T
rbc_80_1_deep_seq_guard=T
rbc_80_1_deep_seq_target=T
rbc_80_1_tail_ignore_guard=T
rbc_80_1_tail_ignore_target=T
rbc_80_2_must_seq_guard=T
rbc_80_2_must_seq_target=T
rbc_80_2_loop_if_guard=T
rbc_80_2_loop_if_target=T
rbc_80_2_seq_loops_guard=T
rbc_80_2_seq_loops_target=T
rbc_80_2_if_must_guard=T
rbc_80_2_if_must_target=T
rbc_80_2_nested_handler_guard=T
rbc_80_2_nested_handler_target=T
rbc_80_2_handler_in_loop_guard=T
rbc_80_2_handler_in_loop_target=T
rbc_80_2_handler_in_if_guard=T
rbc_80_2_handler_in_if_target=T
rbc_80_2_deep_seq_guard=T
rbc_80_2_deep_seq_target=T
rbc_80_2_tail_ignore_guard=T
rbc_80_2_tail_ignore_target=T
