ani_full_inst=⊢ ∀c perf i bs frame. (perf ⇔ F) ∧ post_alloc_conventions (FST frame) (Inst i) ∧ full_inst_ok_less c (Inst i) ∧ (c.two_reg_arith ⇒ every_inst two_reg_inst (Inst i)) ∧ (no_share_inst (Inst i) ∨ c.ISA ≠ Ag32) ∧ FST frame + 1 < c.reg_count − LENGTH c.avoid_regs ∧ 4 < FST frame ⇒ stack_asm_name c (FST (comp c perf (Inst i) bs frame))
ani_1_skip_valid=T
ani_1_skip_guard=T
ani_1_skip_target=T
ani_1_const_valid=T
ani_1_const_guard=T
ani_1_const_target=T
ani_1_binop_imm_valid=T
ani_1_binop_imm_guard=T
ani_1_binop_imm_target=T
ani_1_binop_reg_valid=T
ani_1_binop_reg_guard=T
ani_1_binop_reg_target=T
ani_1_binop_or_valid=T
ani_1_binop_or_guard=T
ani_1_binop_or_target=T
ani_1_shift_zero_valid=T
ani_1_shift_zero_guard=T
ani_1_shift_zero_target=T
ani_1_shift_one_valid=F
ani_1_shift_one_guard=F
ani_1_shift_one_target=F
ani_1_shift_reg_valid=T
ani_1_shift_reg_guard=T
ani_1_shift_reg_target=T
ani_1_div_valid=T
ani_1_div_guard=T
ani_1_div_target=T
ani_1_long_mul_valid=T
ani_1_long_mul_guard=T
ani_1_long_mul_target=T
ani_1_long_div_valid=T
ani_1_long_div_guard=T
ani_1_long_div_target=T
ani_1_addCarry_valid=T
ani_1_addCarry_guard=T
ani_1_addCarry_target=T
ani_1_addOverflow_valid=T
ani_1_addOverflow_guard=T
ani_1_addOverflow_target=T
ani_1_subOverflow_valid=T
ani_1_subOverflow_guard=T
ani_1_subOverflow_target=T
ani_1_load_valid=T
ani_1_load_guard=T
ani_1_load_target=T
ani_1_store_valid=T
ani_1_store_guard=T
ani_1_store_target=T
ani_1_load8_valid=F
ani_1_load8_guard=F
ani_1_load8_target=F
ani_1_store8_valid=F
ani_1_store8_guard=F
ani_1_store8_target=F
ani_1_load16_valid=T
ani_1_load16_guard=T
ani_1_load16_target=T
ani_1_store16_valid=T
ani_1_store16_guard=T
ani_1_store16_target=T
ani_1_load32_valid=T
ani_1_load32_guard=T
ani_1_load32_target=T
ani_1_store32_valid=T
ani_1_store32_guard=T
ani_1_store32_target=T
ani_1_fpLess_valid=T
ani_1_fpLess_guard=T
ani_1_fpLess_target=T
ani_1_fpLessEqual_valid=T
ani_1_fpLessEqual_guard=T
ani_1_fpLessEqual_target=T
ani_1_fpEqual_valid=T
ani_1_fpEqual_guard=T
ani_1_fpEqual_target=T
ani_1_fpAbs_valid=T
ani_1_fpAbs_guard=T
ani_1_fpAbs_target=T
ani_1_fpNeg_valid=T
ani_1_fpNeg_guard=T
ani_1_fpNeg_target=T
ani_1_fpSqrt_valid=T
ani_1_fpSqrt_guard=T
ani_1_fpSqrt_target=T
ani_1_fpAdd_valid=T
ani_1_fpAdd_guard=T
ani_1_fpAdd_target=T
ani_1_fpSub_valid=T
ani_1_fpSub_guard=T
ani_1_fpSub_target=T
ani_1_fpMul_valid=T
ani_1_fpMul_guard=T
ani_1_fpMul_target=T
ani_1_fpDiv_valid=T
ani_1_fpDiv_guard=T
ani_1_fpDiv_target=T
ani_1_fpFma_valid=T
ani_1_fpFma_guard=T
ani_1_fpFma_target=T
ani_1_fpMov_valid=T
ani_1_fpMov_guard=T
ani_1_fpMov_target=T
ani_1_fpMovToReg_valid=T
ani_1_fpMovToReg_guard=T
ani_1_fpMovToReg_target=T
ani_1_fpMovFromReg_valid=T
ani_1_fpMovFromReg_guard=T
ani_1_fpMovFromReg_target=T
ani_1_fpToInt_valid=T
ani_1_fpToInt_guard=T
ani_1_fpToInt_target=T
ani_1_fpFromInt_valid=T
ani_1_fpFromInt_guard=T
ani_1_fpFromInt_target=T
ani_1_odd_carry_valid=T
ani_1_odd_carry_guard=F
ani_1_odd_carry_target=F
ani_1_odd_overflow_valid=T
ani_1_odd_overflow_guard=F
ani_1_odd_overflow_target=F
ani_1_odd_pair_valid=T
ani_1_odd_pair_guard=F
ani_1_odd_pair_target=T
ani_1_wide_ignored_second_valid=T
ani_1_wide_ignored_second_guard=F
ani_1_wide_ignored_second_target=T
ani_1_two_reg_reject_valid=T
ani_1_two_reg_reject_guard=F
ani_1_two_reg_reject_target=F
ani_1_or_exception_valid=T
ani_1_or_exception_guard=F
ani_1_or_exception_target=T
ani_1_isa_div_valid=F
ani_1_isa_div_guard=F
ani_1_isa_div_target=F
ani_1_imm_reject_valid=F
ani_1_imm_reject_guard=F
ani_1_imm_reject_target=F
ani_1_fp_range_valid=F
ani_1_fp_range_guard=F
ani_1_fp_range_target=F
ani_1_fp_alias_valid=F
ani_1_fp_alias_guard=F
ani_1_fp_alias_target=F
ani_1_underflow_valid=T
ani_1_underflow_guard=F
ani_1_underflow_target=F
ani_1_minimum_shift_valid=T
ani_1_minimum_shift_guard=F
ani_1_minimum_shift_target=F
ani_2_skip_valid=T
ani_2_skip_guard=T
ani_2_skip_target=T
ani_2_const_valid=T
ani_2_const_guard=T
ani_2_const_target=T
ani_2_binop_imm_valid=T
ani_2_binop_imm_guard=T
ani_2_binop_imm_target=T
ani_2_binop_reg_valid=T
ani_2_binop_reg_guard=T
ani_2_binop_reg_target=T
ani_2_binop_or_valid=T
ani_2_binop_or_guard=T
ani_2_binop_or_target=T
ani_2_shift_zero_valid=T
ani_2_shift_zero_guard=T
ani_2_shift_zero_target=T
ani_2_shift_one_valid=T
ani_2_shift_one_guard=T
ani_2_shift_one_target=T
ani_2_shift_reg_valid=T
ani_2_shift_reg_guard=T
ani_2_shift_reg_target=T
ani_2_div_valid=T
ani_2_div_guard=T
ani_2_div_target=T
ani_2_long_mul_valid=T
ani_2_long_mul_guard=T
ani_2_long_mul_target=T
ani_2_long_div_valid=T
ani_2_long_div_guard=T
ani_2_long_div_target=T
ani_2_addCarry_valid=T
ani_2_addCarry_guard=T
ani_2_addCarry_target=T
ani_2_addOverflow_valid=T
ani_2_addOverflow_guard=T
ani_2_addOverflow_target=T
ani_2_subOverflow_valid=T
ani_2_subOverflow_guard=T
ani_2_subOverflow_target=T
ani_2_load_valid=T
ani_2_load_guard=T
ani_2_load_target=T
ani_2_store_valid=T
ani_2_store_guard=T
ani_2_store_target=T
ani_2_load8_valid=F
ani_2_load8_guard=F
ani_2_load8_target=F
ani_2_store8_valid=F
ani_2_store8_guard=F
ani_2_store8_target=F
ani_2_load16_valid=T
ani_2_load16_guard=T
ani_2_load16_target=T
ani_2_store16_valid=T
ani_2_store16_guard=T
ani_2_store16_target=T
ani_2_load32_valid=T
ani_2_load32_guard=T
ani_2_load32_target=T
ani_2_store32_valid=T
ani_2_store32_guard=T
ani_2_store32_target=T
ani_2_fpLess_valid=T
ani_2_fpLess_guard=T
ani_2_fpLess_target=T
ani_2_fpLessEqual_valid=T
ani_2_fpLessEqual_guard=T
ani_2_fpLessEqual_target=T
ani_2_fpEqual_valid=T
ani_2_fpEqual_guard=T
ani_2_fpEqual_target=T
ani_2_fpAbs_valid=T
ani_2_fpAbs_guard=T
ani_2_fpAbs_target=T
ani_2_fpNeg_valid=T
ani_2_fpNeg_guard=T
ani_2_fpNeg_target=T
ani_2_fpSqrt_valid=T
ani_2_fpSqrt_guard=T
ani_2_fpSqrt_target=T
ani_2_fpAdd_valid=T
ani_2_fpAdd_guard=T
ani_2_fpAdd_target=T
ani_2_fpSub_valid=T
ani_2_fpSub_guard=T
ani_2_fpSub_target=T
ani_2_fpMul_valid=T
ani_2_fpMul_guard=T
ani_2_fpMul_target=T
ani_2_fpDiv_valid=T
ani_2_fpDiv_guard=T
ani_2_fpDiv_target=T
ani_2_fpFma_valid=T
ani_2_fpFma_guard=T
ani_2_fpFma_target=T
ani_2_fpMov_valid=T
ani_2_fpMov_guard=T
ani_2_fpMov_target=T
ani_2_fpMovToReg_valid=T
ani_2_fpMovToReg_guard=T
ani_2_fpMovToReg_target=T
ani_2_fpMovFromReg_valid=T
ani_2_fpMovFromReg_guard=T
ani_2_fpMovFromReg_target=T
ani_2_fpToInt_valid=T
ani_2_fpToInt_guard=T
ani_2_fpToInt_target=T
ani_2_fpFromInt_valid=T
ani_2_fpFromInt_guard=T
ani_2_fpFromInt_target=T
ani_2_odd_carry_valid=T
ani_2_odd_carry_guard=F
ani_2_odd_carry_target=F
ani_2_odd_overflow_valid=T
ani_2_odd_overflow_guard=F
ani_2_odd_overflow_target=F
ani_2_odd_pair_valid=T
ani_2_odd_pair_guard=F
ani_2_odd_pair_target=T
ani_2_wide_ignored_second_valid=T
ani_2_wide_ignored_second_guard=F
ani_2_wide_ignored_second_target=T
ani_2_two_reg_reject_valid=T
ani_2_two_reg_reject_guard=F
ani_2_two_reg_reject_target=F
ani_2_or_exception_valid=T
ani_2_or_exception_guard=F
ani_2_or_exception_target=T
ani_2_isa_div_valid=F
ani_2_isa_div_guard=F
ani_2_isa_div_target=F
ani_2_imm_reject_valid=F
ani_2_imm_reject_guard=F
ani_2_imm_reject_target=F
ani_2_fp_range_valid=F
ani_2_fp_range_guard=F
ani_2_fp_range_target=F
ani_2_fp_alias_valid=F
ani_2_fp_alias_guard=F
ani_2_fp_alias_target=F
ani_2_underflow_valid=T
ani_2_underflow_guard=F
ani_2_underflow_target=F
ani_2_minimum_shift_valid=T
ani_2_minimum_shift_guard=F
ani_2_minimum_shift_target=F
ani_8_skip_valid=T
ani_8_skip_guard=T
ani_8_skip_target=T
ani_8_const_valid=T
ani_8_const_guard=T
ani_8_const_target=T
ani_8_binop_imm_valid=T
ani_8_binop_imm_guard=T
ani_8_binop_imm_target=T
ani_8_binop_reg_valid=T
ani_8_binop_reg_guard=T
ani_8_binop_reg_target=T
ani_8_binop_or_valid=T
ani_8_binop_or_guard=T
ani_8_binop_or_target=T
ani_8_shift_zero_valid=T
ani_8_shift_zero_guard=T
ani_8_shift_zero_target=T
ani_8_shift_one_valid=T
ani_8_shift_one_guard=T
ani_8_shift_one_target=T
ani_8_shift_reg_valid=T
ani_8_shift_reg_guard=T
ani_8_shift_reg_target=T
ani_8_div_valid=T
ani_8_div_guard=T
ani_8_div_target=T
ani_8_long_mul_valid=T
ani_8_long_mul_guard=T
ani_8_long_mul_target=T
ani_8_long_div_valid=T
ani_8_long_div_guard=T
ani_8_long_div_target=T
ani_8_addCarry_valid=T
ani_8_addCarry_guard=T
ani_8_addCarry_target=T
ani_8_addOverflow_valid=T
ani_8_addOverflow_guard=T
ani_8_addOverflow_target=T
ani_8_subOverflow_valid=T
ani_8_subOverflow_guard=T
ani_8_subOverflow_target=T
ani_8_load_valid=T
ani_8_load_guard=T
ani_8_load_target=T
ani_8_store_valid=T
ani_8_store_guard=T
ani_8_store_target=T
ani_8_load8_valid=T
ani_8_load8_guard=T
ani_8_load8_target=T
ani_8_store8_valid=T
ani_8_store8_guard=T
ani_8_store8_target=T
ani_8_load16_valid=T
ani_8_load16_guard=T
ani_8_load16_target=T
ani_8_store16_valid=T
ani_8_store16_guard=T
ani_8_store16_target=T
ani_8_load32_valid=T
ani_8_load32_guard=T
ani_8_load32_target=T
ani_8_store32_valid=T
ani_8_store32_guard=T
ani_8_store32_target=T
ani_8_fpLess_valid=T
ani_8_fpLess_guard=T
ani_8_fpLess_target=T
ani_8_fpLessEqual_valid=T
ani_8_fpLessEqual_guard=T
ani_8_fpLessEqual_target=T
ani_8_fpEqual_valid=T
ani_8_fpEqual_guard=T
ani_8_fpEqual_target=T
ani_8_fpAbs_valid=T
ani_8_fpAbs_guard=T
ani_8_fpAbs_target=T
ani_8_fpNeg_valid=T
ani_8_fpNeg_guard=T
ani_8_fpNeg_target=T
ani_8_fpSqrt_valid=T
ani_8_fpSqrt_guard=T
ani_8_fpSqrt_target=T
ani_8_fpAdd_valid=T
ani_8_fpAdd_guard=T
ani_8_fpAdd_target=T
ani_8_fpSub_valid=T
ani_8_fpSub_guard=T
ani_8_fpSub_target=T
ani_8_fpMul_valid=T
ani_8_fpMul_guard=T
ani_8_fpMul_target=T
ani_8_fpDiv_valid=T
ani_8_fpDiv_guard=T
ani_8_fpDiv_target=T
ani_8_fpFma_valid=T
ani_8_fpFma_guard=T
ani_8_fpFma_target=T
ani_8_fpMov_valid=T
ani_8_fpMov_guard=T
ani_8_fpMov_target=T
ani_8_fpMovToReg_valid=T
ani_8_fpMovToReg_guard=T
ani_8_fpMovToReg_target=T
ani_8_fpMovFromReg_valid=T
ani_8_fpMovFromReg_guard=T
ani_8_fpMovFromReg_target=T
ani_8_fpToInt_valid=T
ani_8_fpToInt_guard=T
ani_8_fpToInt_target=T
ani_8_fpFromInt_valid=T
ani_8_fpFromInt_guard=T
ani_8_fpFromInt_target=T
ani_8_odd_carry_valid=T
ani_8_odd_carry_guard=F
ani_8_odd_carry_target=F
ani_8_odd_overflow_valid=T
ani_8_odd_overflow_guard=F
ani_8_odd_overflow_target=F
ani_8_odd_pair_valid=T
ani_8_odd_pair_guard=F
ani_8_odd_pair_target=T
ani_8_wide_ignored_second_valid=T
ani_8_wide_ignored_second_guard=F
ani_8_wide_ignored_second_target=T
ani_8_two_reg_reject_valid=T
ani_8_two_reg_reject_guard=F
ani_8_two_reg_reject_target=F
ani_8_or_exception_valid=T
ani_8_or_exception_guard=F
ani_8_or_exception_target=T
ani_8_isa_div_valid=F
ani_8_isa_div_guard=F
ani_8_isa_div_target=F
ani_8_imm_reject_valid=F
ani_8_imm_reject_guard=F
ani_8_imm_reject_target=F
ani_8_fp_range_valid=F
ani_8_fp_range_guard=F
ani_8_fp_range_target=F
ani_8_fp_alias_valid=F
ani_8_fp_alias_guard=F
ani_8_fp_alias_target=F
ani_8_underflow_valid=T
ani_8_underflow_guard=F
ani_8_underflow_target=F
ani_8_minimum_shift_valid=T
ani_8_minimum_shift_guard=F
ani_8_minimum_shift_target=F
ani_32_skip_valid=T
ani_32_skip_guard=T
ani_32_skip_target=T
ani_32_const_valid=T
ani_32_const_guard=T
ani_32_const_target=T
ani_32_binop_imm_valid=T
ani_32_binop_imm_guard=T
ani_32_binop_imm_target=T
ani_32_binop_reg_valid=T
ani_32_binop_reg_guard=T
ani_32_binop_reg_target=T
ani_32_binop_or_valid=T
ani_32_binop_or_guard=T
ani_32_binop_or_target=T
ani_32_shift_zero_valid=T
ani_32_shift_zero_guard=T
ani_32_shift_zero_target=T
ani_32_shift_one_valid=T
ani_32_shift_one_guard=T
ani_32_shift_one_target=T
ani_32_shift_reg_valid=T
ani_32_shift_reg_guard=T
ani_32_shift_reg_target=T
ani_32_div_valid=T
ani_32_div_guard=T
ani_32_div_target=T
ani_32_long_mul_valid=T
ani_32_long_mul_guard=T
ani_32_long_mul_target=T
ani_32_long_div_valid=T
ani_32_long_div_guard=T
ani_32_long_div_target=T
ani_32_addCarry_valid=T
ani_32_addCarry_guard=T
ani_32_addCarry_target=T
ani_32_addOverflow_valid=T
ani_32_addOverflow_guard=T
ani_32_addOverflow_target=T
ani_32_subOverflow_valid=T
ani_32_subOverflow_guard=T
ani_32_subOverflow_target=T
ani_32_load_valid=T
ani_32_load_guard=T
ani_32_load_target=T
ani_32_store_valid=T
ani_32_store_guard=T
ani_32_store_target=T
ani_32_load8_valid=T
ani_32_load8_guard=T
ani_32_load8_target=T
ani_32_store8_valid=T
ani_32_store8_guard=T
ani_32_store8_target=T
ani_32_load16_valid=T
ani_32_load16_guard=T
ani_32_load16_target=T
ani_32_store16_valid=T
ani_32_store16_guard=T
ani_32_store16_target=T
ani_32_load32_valid=T
ani_32_load32_guard=T
ani_32_load32_target=T
ani_32_store32_valid=T
ani_32_store32_guard=T
ani_32_store32_target=T
ani_32_fpLess_valid=T
ani_32_fpLess_guard=T
ani_32_fpLess_target=T
ani_32_fpLessEqual_valid=T
ani_32_fpLessEqual_guard=T
ani_32_fpLessEqual_target=T
ani_32_fpEqual_valid=T
ani_32_fpEqual_guard=T
ani_32_fpEqual_target=T
ani_32_fpAbs_valid=T
ani_32_fpAbs_guard=T
ani_32_fpAbs_target=T
ani_32_fpNeg_valid=T
ani_32_fpNeg_guard=T
ani_32_fpNeg_target=T
ani_32_fpSqrt_valid=T
ani_32_fpSqrt_guard=T
ani_32_fpSqrt_target=T
ani_32_fpAdd_valid=T
ani_32_fpAdd_guard=T
ani_32_fpAdd_target=T
ani_32_fpSub_valid=T
ani_32_fpSub_guard=T
ani_32_fpSub_target=T
ani_32_fpMul_valid=T
ani_32_fpMul_guard=T
ani_32_fpMul_target=T
ani_32_fpDiv_valid=T
ani_32_fpDiv_guard=T
ani_32_fpDiv_target=T
ani_32_fpFma_valid=T
ani_32_fpFma_guard=T
ani_32_fpFma_target=T
ani_32_fpMov_valid=T
ani_32_fpMov_guard=T
ani_32_fpMov_target=T
ani_32_fpMovToReg_valid=T
ani_32_fpMovToReg_guard=T
ani_32_fpMovToReg_target=T
ani_32_fpMovFromReg_valid=T
ani_32_fpMovFromReg_guard=T
ani_32_fpMovFromReg_target=T
ani_32_fpToInt_valid=T
ani_32_fpToInt_guard=T
ani_32_fpToInt_target=T
ani_32_fpFromInt_valid=T
ani_32_fpFromInt_guard=T
ani_32_fpFromInt_target=T
ani_32_odd_carry_valid=T
ani_32_odd_carry_guard=F
ani_32_odd_carry_target=F
ani_32_odd_overflow_valid=T
ani_32_odd_overflow_guard=F
ani_32_odd_overflow_target=F
ani_32_odd_pair_valid=T
ani_32_odd_pair_guard=F
ani_32_odd_pair_target=F
ani_32_wide_ignored_second_valid=T
ani_32_wide_ignored_second_guard=F
ani_32_wide_ignored_second_target=T
ani_32_two_reg_reject_valid=T
ani_32_two_reg_reject_guard=F
ani_32_two_reg_reject_target=F
ani_32_or_exception_valid=T
ani_32_or_exception_guard=F
ani_32_or_exception_target=T
ani_32_isa_div_valid=F
ani_32_isa_div_guard=F
ani_32_isa_div_target=F
ani_32_imm_reject_valid=F
ani_32_imm_reject_guard=F
ani_32_imm_reject_target=F
ani_32_fp_range_valid=F
ani_32_fp_range_guard=F
ani_32_fp_range_target=F
ani_32_fp_alias_valid=F
ani_32_fp_alias_guard=F
ani_32_fp_alias_target=F
ani_32_underflow_valid=T
ani_32_underflow_guard=F
ani_32_underflow_target=F
ani_32_minimum_shift_valid=T
ani_32_minimum_shift_guard=F
ani_32_minimum_shift_target=F
ani_64_skip_valid=T
ani_64_skip_guard=T
ani_64_skip_target=T
ani_64_const_valid=T
ani_64_const_guard=T
ani_64_const_target=T
ani_64_binop_imm_valid=T
ani_64_binop_imm_guard=T
ani_64_binop_imm_target=T
ani_64_binop_reg_valid=T
ani_64_binop_reg_guard=T
ani_64_binop_reg_target=T
ani_64_binop_or_valid=T
ani_64_binop_or_guard=T
ani_64_binop_or_target=T
ani_64_shift_zero_valid=T
ani_64_shift_zero_guard=T
ani_64_shift_zero_target=T
ani_64_shift_one_valid=T
ani_64_shift_one_guard=T
ani_64_shift_one_target=T
ani_64_shift_reg_valid=T
ani_64_shift_reg_guard=T
ani_64_shift_reg_target=T
ani_64_div_valid=T
ani_64_div_guard=T
ani_64_div_target=T
ani_64_long_mul_valid=T
ani_64_long_mul_guard=T
ani_64_long_mul_target=T
ani_64_long_div_valid=T
ani_64_long_div_guard=T
ani_64_long_div_target=T
ani_64_addCarry_valid=T
ani_64_addCarry_guard=T
ani_64_addCarry_target=T
ani_64_addOverflow_valid=T
ani_64_addOverflow_guard=T
ani_64_addOverflow_target=T
ani_64_subOverflow_valid=T
ani_64_subOverflow_guard=T
ani_64_subOverflow_target=T
ani_64_load_valid=T
ani_64_load_guard=T
ani_64_load_target=T
ani_64_store_valid=T
ani_64_store_guard=T
ani_64_store_target=T
ani_64_load8_valid=T
ani_64_load8_guard=T
ani_64_load8_target=T
ani_64_store8_valid=T
ani_64_store8_guard=T
ani_64_store8_target=T
ani_64_load16_valid=T
ani_64_load16_guard=T
ani_64_load16_target=T
ani_64_store16_valid=T
ani_64_store16_guard=T
ani_64_store16_target=T
ani_64_load32_valid=T
ani_64_load32_guard=T
ani_64_load32_target=T
ani_64_store32_valid=T
ani_64_store32_guard=T
ani_64_store32_target=T
ani_64_fpLess_valid=T
ani_64_fpLess_guard=T
ani_64_fpLess_target=T
ani_64_fpLessEqual_valid=T
ani_64_fpLessEqual_guard=T
ani_64_fpLessEqual_target=T
ani_64_fpEqual_valid=T
ani_64_fpEqual_guard=T
ani_64_fpEqual_target=T
ani_64_fpAbs_valid=T
ani_64_fpAbs_guard=T
ani_64_fpAbs_target=T
ani_64_fpNeg_valid=T
ani_64_fpNeg_guard=T
ani_64_fpNeg_target=T
ani_64_fpSqrt_valid=T
ani_64_fpSqrt_guard=T
ani_64_fpSqrt_target=T
ani_64_fpAdd_valid=T
ani_64_fpAdd_guard=T
ani_64_fpAdd_target=T
ani_64_fpSub_valid=T
ani_64_fpSub_guard=T
ani_64_fpSub_target=T
ani_64_fpMul_valid=T
ani_64_fpMul_guard=T
ani_64_fpMul_target=T
ani_64_fpDiv_valid=T
ani_64_fpDiv_guard=T
ani_64_fpDiv_target=T
ani_64_fpFma_valid=T
ani_64_fpFma_guard=T
ani_64_fpFma_target=T
ani_64_fpMov_valid=T
ani_64_fpMov_guard=T
ani_64_fpMov_target=T
ani_64_fpMovToReg_valid=T
ani_64_fpMovToReg_guard=T
ani_64_fpMovToReg_target=T
ani_64_fpMovFromReg_valid=T
ani_64_fpMovFromReg_guard=T
ani_64_fpMovFromReg_target=T
ani_64_fpToInt_valid=T
ani_64_fpToInt_guard=T
ani_64_fpToInt_target=T
ani_64_fpFromInt_valid=T
ani_64_fpFromInt_guard=T
ani_64_fpFromInt_target=T
ani_64_odd_carry_valid=T
ani_64_odd_carry_guard=F
ani_64_odd_carry_target=F
ani_64_odd_overflow_valid=T
ani_64_odd_overflow_guard=F
ani_64_odd_overflow_target=F
ani_64_odd_pair_valid=T
ani_64_odd_pair_guard=F
ani_64_odd_pair_target=T
ani_64_wide_ignored_second_valid=T
ani_64_wide_ignored_second_guard=T
ani_64_wide_ignored_second_target=T
ani_64_two_reg_reject_valid=T
ani_64_two_reg_reject_guard=F
ani_64_two_reg_reject_target=F
ani_64_or_exception_valid=T
ani_64_or_exception_guard=F
ani_64_or_exception_target=T
ani_64_isa_div_valid=F
ani_64_isa_div_guard=F
ani_64_isa_div_target=F
ani_64_imm_reject_valid=F
ani_64_imm_reject_guard=F
ani_64_imm_reject_target=F
ani_64_fp_range_valid=F
ani_64_fp_range_guard=F
ani_64_fp_range_target=F
ani_64_fp_alias_valid=F
ani_64_fp_alias_guard=F
ani_64_fp_alias_target=F
ani_64_underflow_valid=T
ani_64_underflow_guard=F
ani_64_underflow_target=F
ani_64_minimum_shift_valid=T
ani_64_minimum_shift_guard=F
ani_64_minimum_shift_target=F
ani_80_skip_valid=T
ani_80_skip_guard=T
ani_80_skip_target=T
ani_80_const_valid=T
ani_80_const_guard=T
ani_80_const_target=T
ani_80_binop_imm_valid=T
ani_80_binop_imm_guard=T
ani_80_binop_imm_target=T
ani_80_binop_reg_valid=T
ani_80_binop_reg_guard=T
ani_80_binop_reg_target=T
ani_80_binop_or_valid=T
ani_80_binop_or_guard=T
ani_80_binop_or_target=T
ani_80_shift_zero_valid=T
ani_80_shift_zero_guard=T
ani_80_shift_zero_target=T
ani_80_shift_one_valid=T
ani_80_shift_one_guard=T
ani_80_shift_one_target=T
ani_80_shift_reg_valid=T
ani_80_shift_reg_guard=T
ani_80_shift_reg_target=T
ani_80_div_valid=T
ani_80_div_guard=T
ani_80_div_target=T
ani_80_long_mul_valid=T
ani_80_long_mul_guard=T
ani_80_long_mul_target=T
ani_80_long_div_valid=T
ani_80_long_div_guard=T
ani_80_long_div_target=T
ani_80_addCarry_valid=T
ani_80_addCarry_guard=T
ani_80_addCarry_target=T
ani_80_addOverflow_valid=T
ani_80_addOverflow_guard=T
ani_80_addOverflow_target=T
ani_80_subOverflow_valid=T
ani_80_subOverflow_guard=T
ani_80_subOverflow_target=T
ani_80_load_valid=T
ani_80_load_guard=T
ani_80_load_target=T
ani_80_store_valid=T
ani_80_store_guard=T
ani_80_store_target=T
ani_80_load8_valid=T
ani_80_load8_guard=T
ani_80_load8_target=T
ani_80_store8_valid=T
ani_80_store8_guard=T
ani_80_store8_target=T
ani_80_load16_valid=T
ani_80_load16_guard=T
ani_80_load16_target=T
ani_80_store16_valid=T
ani_80_store16_guard=T
ani_80_store16_target=T
ani_80_load32_valid=T
ani_80_load32_guard=T
ani_80_load32_target=T
ani_80_store32_valid=T
ani_80_store32_guard=T
ani_80_store32_target=T
ani_80_fpLess_valid=T
ani_80_fpLess_guard=T
ani_80_fpLess_target=T
ani_80_fpLessEqual_valid=T
ani_80_fpLessEqual_guard=T
ani_80_fpLessEqual_target=T
ani_80_fpEqual_valid=T
ani_80_fpEqual_guard=T
ani_80_fpEqual_target=T
ani_80_fpAbs_valid=T
ani_80_fpAbs_guard=T
ani_80_fpAbs_target=T
ani_80_fpNeg_valid=T
ani_80_fpNeg_guard=T
ani_80_fpNeg_target=T
ani_80_fpSqrt_valid=T
ani_80_fpSqrt_guard=T
ani_80_fpSqrt_target=T
ani_80_fpAdd_valid=T
ani_80_fpAdd_guard=T
ani_80_fpAdd_target=T
ani_80_fpSub_valid=T
ani_80_fpSub_guard=T
ani_80_fpSub_target=T
ani_80_fpMul_valid=T
ani_80_fpMul_guard=T
ani_80_fpMul_target=T
ani_80_fpDiv_valid=T
ani_80_fpDiv_guard=T
ani_80_fpDiv_target=T
ani_80_fpFma_valid=T
ani_80_fpFma_guard=T
ani_80_fpFma_target=T
ani_80_fpMov_valid=T
ani_80_fpMov_guard=T
ani_80_fpMov_target=T
ani_80_fpMovToReg_valid=T
ani_80_fpMovToReg_guard=T
ani_80_fpMovToReg_target=T
ani_80_fpMovFromReg_valid=T
ani_80_fpMovFromReg_guard=T
ani_80_fpMovFromReg_target=T
ani_80_fpToInt_valid=T
ani_80_fpToInt_guard=T
ani_80_fpToInt_target=T
ani_80_fpFromInt_valid=T
ani_80_fpFromInt_guard=T
ani_80_fpFromInt_target=T
ani_80_odd_carry_valid=T
ani_80_odd_carry_guard=F
ani_80_odd_carry_target=F
ani_80_odd_overflow_valid=T
ani_80_odd_overflow_guard=F
ani_80_odd_overflow_target=F
ani_80_odd_pair_valid=T
ani_80_odd_pair_guard=F
ani_80_odd_pair_target=T
ani_80_wide_ignored_second_valid=T
ani_80_wide_ignored_second_guard=F
ani_80_wide_ignored_second_target=T
ani_80_two_reg_reject_valid=T
ani_80_two_reg_reject_guard=F
ani_80_two_reg_reject_target=F
ani_80_or_exception_valid=T
ani_80_or_exception_guard=F
ani_80_or_exception_target=T
ani_80_isa_div_valid=F
ani_80_isa_div_guard=F
ani_80_isa_div_target=F
ani_80_imm_reject_valid=F
ani_80_imm_reject_guard=F
ani_80_imm_reject_target=F
ani_80_fp_range_valid=F
ani_80_fp_range_guard=F
ani_80_fp_range_target=F
ani_80_fp_alias_valid=F
ani_80_fp_alias_guard=F
ani_80_fp_alias_target=F
ani_80_underflow_valid=T
ani_80_underflow_guard=F
ani_80_underflow_target=F
ani_80_minimum_shift_valid=T
ani_80_minimum_shift_guard=F
ani_80_minimum_shift_target=F
