hp_move=T
hp_inst=T
hp_get=T
hp_set_var=T
hp_set_other=T
hp_heap=T
hp_heap_alias=T
hp_loc=T
hp_seq=T
hp_must=T
hp_loop=T
hp_if_reg=T
hp_if_alias=T
hp_if_imm=T
hp_tail_indirect=T
hp_tail_other=T
hp_tail_self=T
hp_ret_indirect=T
hp_ret_other=T
hp_ret_self=T
hp_ret_discard=T
hp_ret_self_discard=T
hp_ret_handler=T
hp_if_calls=T
hp_seq_calls=T
hp_share_load=T
hp_share_load8=T
hp_share_load16=T
hp_share_load32=T
hp_share_store=T
hp_share_store8=T
hp_share_store16=T
hp_share_store32=T
hp_ignore_skip=T
hp_ignore_assign=T
hp_ignore_store=T
hp_ignore_alloc=T
hp_ignore_consts=T
hp_ignore_raise=T
hp_ignore_return=T
hp_ignore_break=T
hp_ignore_continue=T
hp_ignore_tick=T
hp_ignore_install=T
hp_ignore_code=T
hp_ignore_data=T
hp_ignore_ffi=T
hp_width1=T
hp_width128=T
hp_large_counter=T
hp_raw_skip=T
hp_raw_self=T
