fe_move_1=T
fe_return_1=T
fe_heap_1=T
fe_set_1=T
fe_get_1=T
fe_alloc_1=T
fe_consts_1=T
fe_loc_1=T
fe_install_1=T
fe_code_1=T
fe_data_1=T
fe_ffi_1=T
fe_move_32=T
fe_return_32=T
fe_heap_32=T
fe_set_32=T
fe_get_32=T
fe_alloc_32=T
fe_consts_32=T
fe_loc_32=T
fe_install_32=T
fe_code_32=T
fe_data_32=T
fe_ffi_32=T
fe_move_64=T
fe_return_64=T
fe_heap_64=T
fe_set_64=T
fe_get_64=T
fe_alloc_64=T
fe_consts_64=T
fe_loc_64=T
fe_install_64=T
fe_code_64=T
fe_data_64=T
fe_ffi_64=T
fe_move_80=T
fe_return_80=T
fe_heap_80=T
fe_set_80=T
fe_get_80=T
fe_alloc_80=T
fe_consts_80=T
fe_loc_80=T
fe_install_80=T
fe_code_80=T
fe_data_80=T
fe_ffi_80=T
fe_set_bitmap=T
fe_set_const=T
fe_set_lookup=T
fe_set_load=T
fe_set_op=T
fe_set_shift=T
