cmp_equal=SOME T
cmp_less_signed=SOME T
cmp_lower=SOME F
cmp_test_loc=SOME T
cmp_nottest_loc=SOME F
cmp_test_loc_nz=NONE
cmp_test_loc_two=NONE
cmp_equal_loc=NONE
fwd_ptr_8=T
fwd_ptr_9=F
fwd_ptr_loc=F
exp_op=SOME (Word 13w)
exp_op_loc=NONE
exp_load_hit=SOME (Word 9w)
exp_load_miss=NONE
exp_shift=SOME (Word 40w)
exp_shift_big=NONE
get_vars_hit=SOME [Loc 4 0; Word 5w]
get_vars_miss=NONE
unset_var=NONE
set_vars=SOME [Word 3w; Word 2w]
set_store=SOME (Word 4w)
flush_true=NONE
flush_false=SOME (Word 7w)
flush_locals=NONE
fp_var=SOME 11w
fix_clock=(5,3,7)
mem_store_miss=T
mem_store_hit=SOME (Word 1w)
var_imm=SOME (Word 4w)
var_imm_reg=SOME (Loc 4 0)
the_word_word1=1w
the_word_word64=0xFFFFFFFFFFFFFFFFw
get_word_word32=0x80000000w
get_word_word80=0xFFFFFFFFFFFFFFFFFFFFw
