ci_skip=T
ci_const=T
ci_binop_imm=T
ci_binop_reg=T
ci_shift_imm=T
ci_shift_reg=T
ci_div=T
ci_long_mul=T
ci_long_div=T
ci_carry=T
ci_add_overflow=T
ci_sub_overflow=T
ci_load=T
ci_load8=T
ci_load16=T
ci_load32=T
ci_store=T
ci_store8=T
ci_store16=T
ci_store32=T
ci_fpless=T
ci_fplessequal=T
ci_fpequal=T
ci_fpabs=T
ci_fpneg=T
ci_fpsqrt=T
ci_fpadd=T
ci_fpsub=T
ci_fpmul=T
ci_fpdiv=T
ci_fpfma=T
ci_fpmov=T
ci_fpmovtoreg=T
ci_fpmovfromreg=T
ci_fptoint=T
ci_fpfromint=T
ci_fpmovtoreg1=T
ci_fpmovfromreg1=T
ci_fpmovtoreg32=T
ci_fpmovfromreg32=T
ci_fpmovtoreg80=T
ci_fpmovfromreg80=T
