ll_full_isPREFIX_DROP=⊢ ∀s t i. s ≼ t ⇒ DROP i s ≼ DROP i t
ll_full_LLOOKUP_cons_SUC=⊢ m < n ⇒ LLOOKUP (h::xs) (n − m) = LLOOKUP xs (n − (m + 1))
ll_full_EVEN_DIV2_INJ=⊢ EVEN x ∧ EVEN y ∧ DIV2 x = DIV2 y ⇒ x = y
ll_prefix_0_0_0=⊢ [] ≼ [] ⇒ DROP 0 [] ≼ DROP 0 [] ⇔ T
ll_prefix_0_0_1=⊢ [] ≼ [] ⇒ DROP 1 [] ≼ DROP 1 [] ⇔ T
ll_prefix_0_0_3=⊢ [] ≼ [] ⇒ DROP 3 [] ≼ DROP 3 [] ⇔ T
ll_prefix_0_0_9=⊢ [] ≼ [] ⇒ DROP 9 [] ≼ DROP 9 [] ⇔ T
ll_prefix_0_1_0=⊢ [] ≼ [0] ⇒ DROP 0 [] ≼ DROP 0 [0] ⇔ T
ll_prefix_0_1_1=⊢ [] ≼ [0] ⇒ DROP 1 [] ≼ DROP 1 [0] ⇔ T
ll_prefix_0_1_3=⊢ [] ≼ [0] ⇒ DROP 3 [] ≼ DROP 3 [0] ⇔ T
ll_prefix_0_1_9=⊢ [] ≼ [0] ⇒ DROP 9 [] ≼ DROP 9 [0] ⇔ T
ll_prefix_0_2_0=⊢ [] ≼ [0; 1] ⇒ DROP 0 [] ≼ DROP 0 [0; 1] ⇔ T
ll_prefix_0_2_1=⊢ [] ≼ [0; 1] ⇒ DROP 1 [] ≼ DROP 1 [0; 1] ⇔ T
ll_prefix_0_2_3=⊢ [] ≼ [0; 1] ⇒ DROP 3 [] ≼ DROP 3 [0; 1] ⇔ T
ll_prefix_0_2_9=⊢ [] ≼ [0; 1] ⇒ DROP 9 [] ≼ DROP 9 [0; 1] ⇔ T
ll_prefix_0_3_0=⊢ [] ≼ [0; 1; 2] ⇒ DROP 0 [] ≼ DROP 0 [0; 1; 2] ⇔ T
ll_prefix_0_3_1=⊢ [] ≼ [0; 1; 2] ⇒ DROP 1 [] ≼ DROP 1 [0; 1; 2] ⇔ T
ll_prefix_0_3_3=⊢ [] ≼ [0; 1; 2] ⇒ DROP 3 [] ≼ DROP 3 [0; 1; 2] ⇔ T
ll_prefix_0_3_9=⊢ [] ≼ [0; 1; 2] ⇒ DROP 9 [] ≼ DROP 9 [0; 1; 2] ⇔ T
ll_prefix_0_4_0=⊢ [] ≼ [2; 0] ⇒ DROP 0 [] ≼ DROP 0 [2; 0] ⇔ T
ll_prefix_0_4_1=⊢ [] ≼ [2; 0] ⇒ DROP 1 [] ≼ DROP 1 [2; 0] ⇔ T
ll_prefix_0_4_3=⊢ [] ≼ [2; 0] ⇒ DROP 3 [] ≼ DROP 3 [2; 0] ⇔ T
ll_prefix_0_4_9=⊢ [] ≼ [2; 0] ⇒ DROP 9 [] ≼ DROP 9 [2; 0] ⇔ T
ll_prefix_0_5_0=⊢ [] ≼ [0; 0] ⇒ DROP 0 [] ≼ DROP 0 [0; 0] ⇔ T
ll_prefix_0_5_1=⊢ [] ≼ [0; 0] ⇒ DROP 1 [] ≼ DROP 1 [0; 0] ⇔ T
ll_prefix_0_5_3=⊢ [] ≼ [0; 0] ⇒ DROP 3 [] ≼ DROP 3 [0; 0] ⇔ T
ll_prefix_0_5_9=⊢ [] ≼ [0; 0] ⇒ DROP 9 [] ≼ DROP 9 [0; 0] ⇔ T
ll_prefix_1_0_0=⊢ [0] ≼ [] ⇒ DROP 0 [0] ≼ DROP 0 [] ⇔ T
ll_prefix_1_0_1=⊢ [0] ≼ [] ⇒ DROP 1 [0] ≼ DROP 1 [] ⇔ T
ll_prefix_1_0_3=⊢ [0] ≼ [] ⇒ DROP 3 [0] ≼ DROP 3 [] ⇔ T
ll_prefix_1_0_9=⊢ [0] ≼ [] ⇒ DROP 9 [0] ≼ DROP 9 [] ⇔ T
ll_prefix_1_1_0=⊢ [0] ≼ [0] ⇒ DROP 0 [0] ≼ DROP 0 [0] ⇔ T
ll_prefix_1_1_1=⊢ [0] ≼ [0] ⇒ DROP 1 [0] ≼ DROP 1 [0] ⇔ T
ll_prefix_1_1_3=⊢ [0] ≼ [0] ⇒ DROP 3 [0] ≼ DROP 3 [0] ⇔ T
ll_prefix_1_1_9=⊢ [0] ≼ [0] ⇒ DROP 9 [0] ≼ DROP 9 [0] ⇔ T
ll_prefix_1_2_0=⊢ [0] ≼ [0; 1] ⇒ DROP 0 [0] ≼ DROP 0 [0; 1] ⇔ T
ll_prefix_1_2_1=⊢ [0] ≼ [0; 1] ⇒ DROP 1 [0] ≼ DROP 1 [0; 1] ⇔ T
ll_prefix_1_2_3=⊢ [0] ≼ [0; 1] ⇒ DROP 3 [0] ≼ DROP 3 [0; 1] ⇔ T
ll_prefix_1_2_9=⊢ [0] ≼ [0; 1] ⇒ DROP 9 [0] ≼ DROP 9 [0; 1] ⇔ T
ll_prefix_1_3_0=⊢ [0] ≼ [0; 1; 2] ⇒ DROP 0 [0] ≼ DROP 0 [0; 1; 2] ⇔ T
ll_prefix_1_3_1=⊢ [0] ≼ [0; 1; 2] ⇒ DROP 1 [0] ≼ DROP 1 [0; 1; 2] ⇔ T
ll_prefix_1_3_3=⊢ [0] ≼ [0; 1; 2] ⇒ DROP 3 [0] ≼ DROP 3 [0; 1; 2] ⇔ T
ll_prefix_1_3_9=⊢ [0] ≼ [0; 1; 2] ⇒ DROP 9 [0] ≼ DROP 9 [0; 1; 2] ⇔ T
ll_prefix_1_4_0=⊢ [0] ≼ [2; 0] ⇒ DROP 0 [0] ≼ DROP 0 [2; 0] ⇔ T
ll_prefix_1_4_1=⊢ [0] ≼ [2; 0] ⇒ DROP 1 [0] ≼ DROP 1 [2; 0] ⇔ T
ll_prefix_1_4_3=⊢ [0] ≼ [2; 0] ⇒ DROP 3 [0] ≼ DROP 3 [2; 0] ⇔ T
ll_prefix_1_4_9=⊢ [0] ≼ [2; 0] ⇒ DROP 9 [0] ≼ DROP 9 [2; 0] ⇔ T
ll_prefix_1_5_0=⊢ [0] ≼ [0; 0] ⇒ DROP 0 [0] ≼ DROP 0 [0; 0] ⇔ T
ll_prefix_1_5_1=⊢ [0] ≼ [0; 0] ⇒ DROP 1 [0] ≼ DROP 1 [0; 0] ⇔ T
ll_prefix_1_5_3=⊢ [0] ≼ [0; 0] ⇒ DROP 3 [0] ≼ DROP 3 [0; 0] ⇔ T
ll_prefix_1_5_9=⊢ [0] ≼ [0; 0] ⇒ DROP 9 [0] ≼ DROP 9 [0; 0] ⇔ T
ll_prefix_2_0_0=⊢ [0; 1] ≼ [] ⇒ DROP 0 [0; 1] ≼ DROP 0 [] ⇔ T
ll_prefix_2_0_1=⊢ [0; 1] ≼ [] ⇒ DROP 1 [0; 1] ≼ DROP 1 [] ⇔ T
ll_prefix_2_0_3=⊢ [0; 1] ≼ [] ⇒ DROP 3 [0; 1] ≼ DROP 3 [] ⇔ T
ll_prefix_2_0_9=⊢ [0; 1] ≼ [] ⇒ DROP 9 [0; 1] ≼ DROP 9 [] ⇔ T
ll_prefix_2_1_0=⊢ [0; 1] ≼ [0] ⇒ DROP 0 [0; 1] ≼ DROP 0 [0] ⇔ T
ll_prefix_2_1_1=⊢ [0; 1] ≼ [0] ⇒ DROP 1 [0; 1] ≼ DROP 1 [0] ⇔ T
ll_prefix_2_1_3=⊢ [0; 1] ≼ [0] ⇒ DROP 3 [0; 1] ≼ DROP 3 [0] ⇔ T
ll_prefix_2_1_9=⊢ [0; 1] ≼ [0] ⇒ DROP 9 [0; 1] ≼ DROP 9 [0] ⇔ T
ll_prefix_2_2_0=⊢ [0; 1] ≼ [0; 1] ⇒ DROP 0 [0; 1] ≼ DROP 0 [0; 1] ⇔ T
ll_prefix_2_2_1=⊢ [0; 1] ≼ [0; 1] ⇒ DROP 1 [0; 1] ≼ DROP 1 [0; 1] ⇔ T
ll_prefix_2_2_3=⊢ [0; 1] ≼ [0; 1] ⇒ DROP 3 [0; 1] ≼ DROP 3 [0; 1] ⇔ T
ll_prefix_2_2_9=⊢ [0; 1] ≼ [0; 1] ⇒ DROP 9 [0; 1] ≼ DROP 9 [0; 1] ⇔ T
ll_prefix_2_3_0=⊢ [0; 1] ≼ [0; 1; 2] ⇒ DROP 0 [0; 1] ≼ DROP 0 [0; 1; 2] ⇔ T
ll_prefix_2_3_1=⊢ [0; 1] ≼ [0; 1; 2] ⇒ DROP 1 [0; 1] ≼ DROP 1 [0; 1; 2] ⇔ T
ll_prefix_2_3_3=⊢ [0; 1] ≼ [0; 1; 2] ⇒ DROP 3 [0; 1] ≼ DROP 3 [0; 1; 2] ⇔ T
ll_prefix_2_3_9=⊢ [0; 1] ≼ [0; 1; 2] ⇒ DROP 9 [0; 1] ≼ DROP 9 [0; 1; 2] ⇔ T
ll_prefix_2_4_0=⊢ [0; 1] ≼ [2; 0] ⇒ DROP 0 [0; 1] ≼ DROP 0 [2; 0] ⇔ T
ll_prefix_2_4_1=⊢ [0; 1] ≼ [2; 0] ⇒ DROP 1 [0; 1] ≼ DROP 1 [2; 0] ⇔ T
ll_prefix_2_4_3=⊢ [0; 1] ≼ [2; 0] ⇒ DROP 3 [0; 1] ≼ DROP 3 [2; 0] ⇔ T
ll_prefix_2_4_9=⊢ [0; 1] ≼ [2; 0] ⇒ DROP 9 [0; 1] ≼ DROP 9 [2; 0] ⇔ T
ll_prefix_2_5_0=⊢ [0; 1] ≼ [0; 0] ⇒ DROP 0 [0; 1] ≼ DROP 0 [0; 0] ⇔ T
ll_prefix_2_5_1=⊢ [0; 1] ≼ [0; 0] ⇒ DROP 1 [0; 1] ≼ DROP 1 [0; 0] ⇔ T
ll_prefix_2_5_3=⊢ [0; 1] ≼ [0; 0] ⇒ DROP 3 [0; 1] ≼ DROP 3 [0; 0] ⇔ T
ll_prefix_2_5_9=⊢ [0; 1] ≼ [0; 0] ⇒ DROP 9 [0; 1] ≼ DROP 9 [0; 0] ⇔ T
ll_prefix_3_0_0=⊢ [0; 1; 2] ≼ [] ⇒ DROP 0 [0; 1; 2] ≼ DROP 0 [] ⇔ T
ll_prefix_3_0_1=⊢ [0; 1; 2] ≼ [] ⇒ DROP 1 [0; 1; 2] ≼ DROP 1 [] ⇔ T
ll_prefix_3_0_3=⊢ [0; 1; 2] ≼ [] ⇒ DROP 3 [0; 1; 2] ≼ DROP 3 [] ⇔ T
ll_prefix_3_0_9=⊢ [0; 1; 2] ≼ [] ⇒ DROP 9 [0; 1; 2] ≼ DROP 9 [] ⇔ T
ll_prefix_3_1_0=⊢ [0; 1; 2] ≼ [0] ⇒ DROP 0 [0; 1; 2] ≼ DROP 0 [0] ⇔ T
ll_prefix_3_1_1=⊢ [0; 1; 2] ≼ [0] ⇒ DROP 1 [0; 1; 2] ≼ DROP 1 [0] ⇔ T
ll_prefix_3_1_3=⊢ [0; 1; 2] ≼ [0] ⇒ DROP 3 [0; 1; 2] ≼ DROP 3 [0] ⇔ T
ll_prefix_3_1_9=⊢ [0; 1; 2] ≼ [0] ⇒ DROP 9 [0; 1; 2] ≼ DROP 9 [0] ⇔ T
ll_prefix_3_2_0=⊢ [0; 1; 2] ≼ [0; 1] ⇒ DROP 0 [0; 1; 2] ≼ DROP 0 [0; 1] ⇔ T
ll_prefix_3_2_1=⊢ [0; 1; 2] ≼ [0; 1] ⇒ DROP 1 [0; 1; 2] ≼ DROP 1 [0; 1] ⇔ T
ll_prefix_3_2_3=⊢ [0; 1; 2] ≼ [0; 1] ⇒ DROP 3 [0; 1; 2] ≼ DROP 3 [0; 1] ⇔ T
ll_prefix_3_2_9=⊢ [0; 1; 2] ≼ [0; 1] ⇒ DROP 9 [0; 1; 2] ≼ DROP 9 [0; 1] ⇔ T
ll_prefix_3_3_0=⊢ [0; 1; 2] ≼ [0; 1; 2] ⇒ DROP 0 [0; 1; 2] ≼ DROP 0 [0; 1; 2] ⇔ T
ll_prefix_3_3_1=⊢ [0; 1; 2] ≼ [0; 1; 2] ⇒ DROP 1 [0; 1; 2] ≼ DROP 1 [0; 1; 2] ⇔ T
ll_prefix_3_3_3=⊢ [0; 1; 2] ≼ [0; 1; 2] ⇒ DROP 3 [0; 1; 2] ≼ DROP 3 [0; 1; 2] ⇔ T
ll_prefix_3_3_9=⊢ [0; 1; 2] ≼ [0; 1; 2] ⇒ DROP 9 [0; 1; 2] ≼ DROP 9 [0; 1; 2] ⇔ T
ll_prefix_3_4_0=⊢ [0; 1; 2] ≼ [2; 0] ⇒ DROP 0 [0; 1; 2] ≼ DROP 0 [2; 0] ⇔ T
ll_prefix_3_4_1=⊢ [0; 1; 2] ≼ [2; 0] ⇒ DROP 1 [0; 1; 2] ≼ DROP 1 [2; 0] ⇔ T
ll_prefix_3_4_3=⊢ [0; 1; 2] ≼ [2; 0] ⇒ DROP 3 [0; 1; 2] ≼ DROP 3 [2; 0] ⇔ T
ll_prefix_3_4_9=⊢ [0; 1; 2] ≼ [2; 0] ⇒ DROP 9 [0; 1; 2] ≼ DROP 9 [2; 0] ⇔ T
ll_prefix_3_5_0=⊢ [0; 1; 2] ≼ [0; 0] ⇒ DROP 0 [0; 1; 2] ≼ DROP 0 [0; 0] ⇔ T
ll_prefix_3_5_1=⊢ [0; 1; 2] ≼ [0; 0] ⇒ DROP 1 [0; 1; 2] ≼ DROP 1 [0; 0] ⇔ T
ll_prefix_3_5_3=⊢ [0; 1; 2] ≼ [0; 0] ⇒ DROP 3 [0; 1; 2] ≼ DROP 3 [0; 0] ⇔ T
ll_prefix_3_5_9=⊢ [0; 1; 2] ≼ [0; 0] ⇒ DROP 9 [0; 1; 2] ≼ DROP 9 [0; 0] ⇔ T
ll_prefix_4_0_0=⊢ [2; 0] ≼ [] ⇒ DROP 0 [2; 0] ≼ DROP 0 [] ⇔ T
ll_prefix_4_0_1=⊢ [2; 0] ≼ [] ⇒ DROP 1 [2; 0] ≼ DROP 1 [] ⇔ T
ll_prefix_4_0_3=⊢ [2; 0] ≼ [] ⇒ DROP 3 [2; 0] ≼ DROP 3 [] ⇔ T
ll_prefix_4_0_9=⊢ [2; 0] ≼ [] ⇒ DROP 9 [2; 0] ≼ DROP 9 [] ⇔ T
ll_prefix_4_1_0=⊢ [2; 0] ≼ [0] ⇒ DROP 0 [2; 0] ≼ DROP 0 [0] ⇔ T
ll_prefix_4_1_1=⊢ [2; 0] ≼ [0] ⇒ DROP 1 [2; 0] ≼ DROP 1 [0] ⇔ T
ll_prefix_4_1_3=⊢ [2; 0] ≼ [0] ⇒ DROP 3 [2; 0] ≼ DROP 3 [0] ⇔ T
ll_prefix_4_1_9=⊢ [2; 0] ≼ [0] ⇒ DROP 9 [2; 0] ≼ DROP 9 [0] ⇔ T
ll_prefix_4_2_0=⊢ [2; 0] ≼ [0; 1] ⇒ DROP 0 [2; 0] ≼ DROP 0 [0; 1] ⇔ T
ll_prefix_4_2_1=⊢ [2; 0] ≼ [0; 1] ⇒ DROP 1 [2; 0] ≼ DROP 1 [0; 1] ⇔ T
ll_prefix_4_2_3=⊢ [2; 0] ≼ [0; 1] ⇒ DROP 3 [2; 0] ≼ DROP 3 [0; 1] ⇔ T
ll_prefix_4_2_9=⊢ [2; 0] ≼ [0; 1] ⇒ DROP 9 [2; 0] ≼ DROP 9 [0; 1] ⇔ T
ll_prefix_4_3_0=⊢ [2; 0] ≼ [0; 1; 2] ⇒ DROP 0 [2; 0] ≼ DROP 0 [0; 1; 2] ⇔ T
ll_prefix_4_3_1=⊢ [2; 0] ≼ [0; 1; 2] ⇒ DROP 1 [2; 0] ≼ DROP 1 [0; 1; 2] ⇔ T
ll_prefix_4_3_3=⊢ [2; 0] ≼ [0; 1; 2] ⇒ DROP 3 [2; 0] ≼ DROP 3 [0; 1; 2] ⇔ T
ll_prefix_4_3_9=⊢ [2; 0] ≼ [0; 1; 2] ⇒ DROP 9 [2; 0] ≼ DROP 9 [0; 1; 2] ⇔ T
ll_prefix_4_4_0=⊢ [2; 0] ≼ [2; 0] ⇒ DROP 0 [2; 0] ≼ DROP 0 [2; 0] ⇔ T
ll_prefix_4_4_1=⊢ [2; 0] ≼ [2; 0] ⇒ DROP 1 [2; 0] ≼ DROP 1 [2; 0] ⇔ T
ll_prefix_4_4_3=⊢ [2; 0] ≼ [2; 0] ⇒ DROP 3 [2; 0] ≼ DROP 3 [2; 0] ⇔ T
ll_prefix_4_4_9=⊢ [2; 0] ≼ [2; 0] ⇒ DROP 9 [2; 0] ≼ DROP 9 [2; 0] ⇔ T
ll_prefix_4_5_0=⊢ [2; 0] ≼ [0; 0] ⇒ DROP 0 [2; 0] ≼ DROP 0 [0; 0] ⇔ T
ll_prefix_4_5_1=⊢ [2; 0] ≼ [0; 0] ⇒ DROP 1 [2; 0] ≼ DROP 1 [0; 0] ⇔ T
ll_prefix_4_5_3=⊢ [2; 0] ≼ [0; 0] ⇒ DROP 3 [2; 0] ≼ DROP 3 [0; 0] ⇔ T
ll_prefix_4_5_9=⊢ [2; 0] ≼ [0; 0] ⇒ DROP 9 [2; 0] ≼ DROP 9 [0; 0] ⇔ T
ll_prefix_5_0_0=⊢ [0; 0] ≼ [] ⇒ DROP 0 [0; 0] ≼ DROP 0 [] ⇔ T
ll_prefix_5_0_1=⊢ [0; 0] ≼ [] ⇒ DROP 1 [0; 0] ≼ DROP 1 [] ⇔ T
ll_prefix_5_0_3=⊢ [0; 0] ≼ [] ⇒ DROP 3 [0; 0] ≼ DROP 3 [] ⇔ T
ll_prefix_5_0_9=⊢ [0; 0] ≼ [] ⇒ DROP 9 [0; 0] ≼ DROP 9 [] ⇔ T
ll_prefix_5_1_0=⊢ [0; 0] ≼ [0] ⇒ DROP 0 [0; 0] ≼ DROP 0 [0] ⇔ T
ll_prefix_5_1_1=⊢ [0; 0] ≼ [0] ⇒ DROP 1 [0; 0] ≼ DROP 1 [0] ⇔ T
ll_prefix_5_1_3=⊢ [0; 0] ≼ [0] ⇒ DROP 3 [0; 0] ≼ DROP 3 [0] ⇔ T
ll_prefix_5_1_9=⊢ [0; 0] ≼ [0] ⇒ DROP 9 [0; 0] ≼ DROP 9 [0] ⇔ T
ll_prefix_5_2_0=⊢ [0; 0] ≼ [0; 1] ⇒ DROP 0 [0; 0] ≼ DROP 0 [0; 1] ⇔ T
ll_prefix_5_2_1=⊢ [0; 0] ≼ [0; 1] ⇒ DROP 1 [0; 0] ≼ DROP 1 [0; 1] ⇔ T
ll_prefix_5_2_3=⊢ [0; 0] ≼ [0; 1] ⇒ DROP 3 [0; 0] ≼ DROP 3 [0; 1] ⇔ T
ll_prefix_5_2_9=⊢ [0; 0] ≼ [0; 1] ⇒ DROP 9 [0; 0] ≼ DROP 9 [0; 1] ⇔ T
ll_prefix_5_3_0=⊢ [0; 0] ≼ [0; 1; 2] ⇒ DROP 0 [0; 0] ≼ DROP 0 [0; 1; 2] ⇔ T
ll_prefix_5_3_1=⊢ [0; 0] ≼ [0; 1; 2] ⇒ DROP 1 [0; 0] ≼ DROP 1 [0; 1; 2] ⇔ T
ll_prefix_5_3_3=⊢ [0; 0] ≼ [0; 1; 2] ⇒ DROP 3 [0; 0] ≼ DROP 3 [0; 1; 2] ⇔ T
ll_prefix_5_3_9=⊢ [0; 0] ≼ [0; 1; 2] ⇒ DROP 9 [0; 0] ≼ DROP 9 [0; 1; 2] ⇔ T
ll_prefix_5_4_0=⊢ [0; 0] ≼ [2; 0] ⇒ DROP 0 [0; 0] ≼ DROP 0 [2; 0] ⇔ T
ll_prefix_5_4_1=⊢ [0; 0] ≼ [2; 0] ⇒ DROP 1 [0; 0] ≼ DROP 1 [2; 0] ⇔ T
ll_prefix_5_4_3=⊢ [0; 0] ≼ [2; 0] ⇒ DROP 3 [0; 0] ≼ DROP 3 [2; 0] ⇔ T
ll_prefix_5_4_9=⊢ [0; 0] ≼ [2; 0] ⇒ DROP 9 [0; 0] ≼ DROP 9 [2; 0] ⇔ T
ll_prefix_5_5_0=⊢ [0; 0] ≼ [0; 0] ⇒ DROP 0 [0; 0] ≼ DROP 0 [0; 0] ⇔ T
ll_prefix_5_5_1=⊢ [0; 0] ≼ [0; 0] ⇒ DROP 1 [0; 0] ≼ DROP 1 [0; 0] ⇔ T
ll_prefix_5_5_3=⊢ [0; 0] ≼ [0; 0] ⇒ DROP 3 [0; 0] ≼ DROP 3 [0; 0] ⇔ T
ll_prefix_5_5_9=⊢ [0; 0] ≼ [0; 0] ⇒ DROP 9 [0; 0] ≼ DROP 9 [0; 0] ⇔ T
ll_lookup_0_0_0=⊢ 0 < 0 ⇒ LLOOKUP [7] (0 − 0) = LLOOKUP [] (0 − (0 + 1)) ⇔ T
ll_lookup_0_0_1=⊢ 0 < 1 ⇒ LLOOKUP [7] (1 − 0) = LLOOKUP [] (1 − (0 + 1)) ⇔ T
ll_lookup_0_0_3=⊢ 0 < 3 ⇒ LLOOKUP [7] (3 − 0) = LLOOKUP [] (3 − (0 + 1)) ⇔ T
ll_lookup_0_1_2=⊢ 1 < 2 ⇒ LLOOKUP [7] (2 − 1) = LLOOKUP [] (2 − (1 + 1)) ⇔ T
ll_lookup_0_2_8=⊢ 2 < 8 ⇒ LLOOKUP [7] (8 − 2) = LLOOKUP [] (8 − (2 + 1)) ⇔ T
ll_lookup_0_8_2=⊢ 8 < 2 ⇒ LLOOKUP [7] (2 − 8) = LLOOKUP [] (2 − (8 + 1)) ⇔ T
ll_lookup_1_0_0=⊢ 0 < 0 ⇒ LLOOKUP [7; 0] (0 − 0) = LLOOKUP [0] (0 − (0 + 1)) ⇔ T
ll_lookup_1_0_1=⊢ 0 < 1 ⇒ LLOOKUP [7; 0] (1 − 0) = LLOOKUP [0] (1 − (0 + 1)) ⇔ T
ll_lookup_1_0_3=⊢ 0 < 3 ⇒ LLOOKUP [7; 0] (3 − 0) = LLOOKUP [0] (3 − (0 + 1)) ⇔ T
ll_lookup_1_1_2=⊢ 1 < 2 ⇒ LLOOKUP [7; 0] (2 − 1) = LLOOKUP [0] (2 − (1 + 1)) ⇔ T
ll_lookup_1_2_8=⊢ 2 < 8 ⇒ LLOOKUP [7; 0] (8 − 2) = LLOOKUP [0] (8 − (2 + 1)) ⇔ T
ll_lookup_1_8_2=⊢ 8 < 2 ⇒ LLOOKUP [7; 0] (2 − 8) = LLOOKUP [0] (2 − (8 + 1)) ⇔ T
ll_lookup_2_0_0=⊢ 0 < 0 ⇒ LLOOKUP [7; 0; 1] (0 − 0) = LLOOKUP [0; 1] (0 − (0 + 1)) ⇔ T
ll_lookup_2_0_1=⊢ 0 < 1 ⇒ LLOOKUP [7; 0; 1] (1 − 0) = LLOOKUP [0; 1] (1 − (0 + 1)) ⇔ T
ll_lookup_2_0_3=⊢ 0 < 3 ⇒ LLOOKUP [7; 0; 1] (3 − 0) = LLOOKUP [0; 1] (3 − (0 + 1)) ⇔ T
ll_lookup_2_1_2=⊢ 1 < 2 ⇒ LLOOKUP [7; 0; 1] (2 − 1) = LLOOKUP [0; 1] (2 − (1 + 1)) ⇔ T
ll_lookup_2_2_8=⊢ 2 < 8 ⇒ LLOOKUP [7; 0; 1] (8 − 2) = LLOOKUP [0; 1] (8 − (2 + 1)) ⇔ T
ll_lookup_2_8_2=⊢ 8 < 2 ⇒ LLOOKUP [7; 0; 1] (2 − 8) = LLOOKUP [0; 1] (2 − (8 + 1)) ⇔ T
ll_lookup_3_0_0=⊢ 0 < 0 ⇒ LLOOKUP [7; 0; 1; 2] (0 − 0) = LLOOKUP [0; 1; 2] (0 − (0 + 1)) ⇔ T
ll_lookup_3_0_1=⊢ 0 < 1 ⇒ LLOOKUP [7; 0; 1; 2] (1 − 0) = LLOOKUP [0; 1; 2] (1 − (0 + 1)) ⇔ T
ll_lookup_3_0_3=⊢ 0 < 3 ⇒ LLOOKUP [7; 0; 1; 2] (3 − 0) = LLOOKUP [0; 1; 2] (3 − (0 + 1)) ⇔ T
ll_lookup_3_1_2=⊢ 1 < 2 ⇒ LLOOKUP [7; 0; 1; 2] (2 − 1) = LLOOKUP [0; 1; 2] (2 − (1 + 1)) ⇔ T
ll_lookup_3_2_8=⊢ 2 < 8 ⇒ LLOOKUP [7; 0; 1; 2] (8 − 2) = LLOOKUP [0; 1; 2] (8 − (2 + 1)) ⇔ T
ll_lookup_3_8_2=⊢ 8 < 2 ⇒ LLOOKUP [7; 0; 1; 2] (2 − 8) = LLOOKUP [0; 1; 2] (2 − (8 + 1)) ⇔ T
ll_lookup_4_0_0=⊢ 0 < 0 ⇒ LLOOKUP [7; 2; 0] (0 − 0) = LLOOKUP [2; 0] (0 − (0 + 1)) ⇔ T
ll_lookup_4_0_1=⊢ 0 < 1 ⇒ LLOOKUP [7; 2; 0] (1 − 0) = LLOOKUP [2; 0] (1 − (0 + 1)) ⇔ T
ll_lookup_4_0_3=⊢ 0 < 3 ⇒ LLOOKUP [7; 2; 0] (3 − 0) = LLOOKUP [2; 0] (3 − (0 + 1)) ⇔ T
ll_lookup_4_1_2=⊢ 1 < 2 ⇒ LLOOKUP [7; 2; 0] (2 − 1) = LLOOKUP [2; 0] (2 − (1 + 1)) ⇔ T
ll_lookup_4_2_8=⊢ 2 < 8 ⇒ LLOOKUP [7; 2; 0] (8 − 2) = LLOOKUP [2; 0] (8 − (2 + 1)) ⇔ T
ll_lookup_4_8_2=⊢ 8 < 2 ⇒ LLOOKUP [7; 2; 0] (2 − 8) = LLOOKUP [2; 0] (2 − (8 + 1)) ⇔ T
ll_lookup_5_0_0=⊢ 0 < 0 ⇒ LLOOKUP [7; 0; 0] (0 − 0) = LLOOKUP [0; 0] (0 − (0 + 1)) ⇔ T
ll_lookup_5_0_1=⊢ 0 < 1 ⇒ LLOOKUP [7; 0; 0] (1 − 0) = LLOOKUP [0; 0] (1 − (0 + 1)) ⇔ T
ll_lookup_5_0_3=⊢ 0 < 3 ⇒ LLOOKUP [7; 0; 0] (3 − 0) = LLOOKUP [0; 0] (3 − (0 + 1)) ⇔ T
ll_lookup_5_1_2=⊢ 1 < 2 ⇒ LLOOKUP [7; 0; 0] (2 − 1) = LLOOKUP [0; 0] (2 − (1 + 1)) ⇔ T
ll_lookup_5_2_8=⊢ 2 < 8 ⇒ LLOOKUP [7; 0; 0] (8 − 2) = LLOOKUP [0; 0] (8 − (2 + 1)) ⇔ T
ll_lookup_5_8_2=⊢ 8 < 2 ⇒ LLOOKUP [7; 0; 0] (2 − 8) = LLOOKUP [0; 0] (2 − (8 + 1)) ⇔ T
ll_even_0_0=⊢ EVEN 0 ∧ EVEN 0 ∧ 0 DIV 2 = 0 DIV 2 ⇒ 0 = 0 ⇔ T
ll_even_0_1=⊢ EVEN 0 ∧ EVEN 1 ∧ 0 DIV 2 = 1 DIV 2 ⇒ 0 = 1 ⇔ T
ll_even_0_2=⊢ EVEN 0 ∧ EVEN 2 ∧ 0 DIV 2 = 2 DIV 2 ⇒ 0 = 2 ⇔ T
ll_even_0_3=⊢ EVEN 0 ∧ EVEN 3 ∧ 0 DIV 2 = 3 DIV 2 ⇒ 0 = 3 ⇔ T
ll_even_0_4=⊢ EVEN 0 ∧ EVEN 4 ∧ 0 DIV 2 = 4 DIV 2 ⇒ 0 = 4 ⇔ T
ll_even_0_5=⊢ EVEN 0 ∧ EVEN 6 ∧ 0 DIV 2 = 6 DIV 2 ⇒ 0 = 6 ⇔ T
ll_even_0_6=⊢ EVEN 0 ∧ EVEN 1208925819614629174706176 ∧ 0 DIV 2 = 1208925819614629174706176 DIV 2 ⇒ 0 = 1208925819614629174706176 ⇔ T
ll_even_0_7=⊢ EVEN 0 ∧ EVEN 1208925819614629174706178 ∧ 0 DIV 2 = 1208925819614629174706178 DIV 2 ⇒ 0 = 1208925819614629174706178 ⇔ T
ll_even_1_0=⊢ EVEN 1 ∧ EVEN 0 ∧ 1 DIV 2 = 0 DIV 2 ⇒ 1 = 0 ⇔ T
ll_even_1_1=⊢ EVEN 1 ∧ EVEN 1 ∧ 1 DIV 2 = 1 DIV 2 ⇒ 1 = 1 ⇔ T
ll_even_1_2=⊢ EVEN 1 ∧ EVEN 2 ∧ 1 DIV 2 = 2 DIV 2 ⇒ 1 = 2 ⇔ T
ll_even_1_3=⊢ EVEN 1 ∧ EVEN 3 ∧ 1 DIV 2 = 3 DIV 2 ⇒ 1 = 3 ⇔ T
ll_even_1_4=⊢ EVEN 1 ∧ EVEN 4 ∧ 1 DIV 2 = 4 DIV 2 ⇒ 1 = 4 ⇔ T
ll_even_1_5=⊢ EVEN 1 ∧ EVEN 6 ∧ 1 DIV 2 = 6 DIV 2 ⇒ 1 = 6 ⇔ T
ll_even_1_6=⊢ EVEN 1 ∧ EVEN 1208925819614629174706176 ∧ 1 DIV 2 = 1208925819614629174706176 DIV 2 ⇒ 1 = 1208925819614629174706176 ⇔ T
ll_even_1_7=⊢ EVEN 1 ∧ EVEN 1208925819614629174706178 ∧ 1 DIV 2 = 1208925819614629174706178 DIV 2 ⇒ 1 = 1208925819614629174706178 ⇔ T
ll_even_2_0=⊢ EVEN 2 ∧ EVEN 0 ∧ 2 DIV 2 = 0 DIV 2 ⇒ 2 = 0 ⇔ T
ll_even_2_1=⊢ EVEN 2 ∧ EVEN 1 ∧ 2 DIV 2 = 1 DIV 2 ⇒ 2 = 1 ⇔ T
ll_even_2_2=⊢ EVEN 2 ∧ EVEN 2 ∧ 2 DIV 2 = 2 DIV 2 ⇒ 2 = 2 ⇔ T
ll_even_2_3=⊢ EVEN 2 ∧ EVEN 3 ∧ 2 DIV 2 = 3 DIV 2 ⇒ 2 = 3 ⇔ T
ll_even_2_4=⊢ EVEN 2 ∧ EVEN 4 ∧ 2 DIV 2 = 4 DIV 2 ⇒ 2 = 4 ⇔ T
ll_even_2_5=⊢ EVEN 2 ∧ EVEN 6 ∧ 2 DIV 2 = 6 DIV 2 ⇒ 2 = 6 ⇔ T
ll_even_2_6=⊢ EVEN 2 ∧ EVEN 1208925819614629174706176 ∧ 2 DIV 2 = 1208925819614629174706176 DIV 2 ⇒ 2 = 1208925819614629174706176 ⇔ T
ll_even_2_7=⊢ EVEN 2 ∧ EVEN 1208925819614629174706178 ∧ 2 DIV 2 = 1208925819614629174706178 DIV 2 ⇒ 2 = 1208925819614629174706178 ⇔ T
ll_even_3_0=⊢ EVEN 3 ∧ EVEN 0 ∧ 3 DIV 2 = 0 DIV 2 ⇒ 3 = 0 ⇔ T
ll_even_3_1=⊢ EVEN 3 ∧ EVEN 1 ∧ 3 DIV 2 = 1 DIV 2 ⇒ 3 = 1 ⇔ T
ll_even_3_2=⊢ EVEN 3 ∧ EVEN 2 ∧ 3 DIV 2 = 2 DIV 2 ⇒ 3 = 2 ⇔ T
ll_even_3_3=⊢ EVEN 3 ∧ EVEN 3 ∧ 3 DIV 2 = 3 DIV 2 ⇒ 3 = 3 ⇔ T
ll_even_3_4=⊢ EVEN 3 ∧ EVEN 4 ∧ 3 DIV 2 = 4 DIV 2 ⇒ 3 = 4 ⇔ T
ll_even_3_5=⊢ EVEN 3 ∧ EVEN 6 ∧ 3 DIV 2 = 6 DIV 2 ⇒ 3 = 6 ⇔ T
ll_even_3_6=⊢ EVEN 3 ∧ EVEN 1208925819614629174706176 ∧ 3 DIV 2 = 1208925819614629174706176 DIV 2 ⇒ 3 = 1208925819614629174706176 ⇔ T
ll_even_3_7=⊢ EVEN 3 ∧ EVEN 1208925819614629174706178 ∧ 3 DIV 2 = 1208925819614629174706178 DIV 2 ⇒ 3 = 1208925819614629174706178 ⇔ T
ll_even_4_0=⊢ EVEN 4 ∧ EVEN 0 ∧ 4 DIV 2 = 0 DIV 2 ⇒ 4 = 0 ⇔ T
ll_even_4_1=⊢ EVEN 4 ∧ EVEN 1 ∧ 4 DIV 2 = 1 DIV 2 ⇒ 4 = 1 ⇔ T
ll_even_4_2=⊢ EVEN 4 ∧ EVEN 2 ∧ 4 DIV 2 = 2 DIV 2 ⇒ 4 = 2 ⇔ T
ll_even_4_3=⊢ EVEN 4 ∧ EVEN 3 ∧ 4 DIV 2 = 3 DIV 2 ⇒ 4 = 3 ⇔ T
ll_even_4_4=⊢ EVEN 4 ∧ EVEN 4 ∧ 4 DIV 2 = 4 DIV 2 ⇒ 4 = 4 ⇔ T
ll_even_4_5=⊢ EVEN 4 ∧ EVEN 6 ∧ 4 DIV 2 = 6 DIV 2 ⇒ 4 = 6 ⇔ T
ll_even_4_6=⊢ EVEN 4 ∧ EVEN 1208925819614629174706176 ∧ 4 DIV 2 = 1208925819614629174706176 DIV 2 ⇒ 4 = 1208925819614629174706176 ⇔ T
ll_even_4_7=⊢ EVEN 4 ∧ EVEN 1208925819614629174706178 ∧ 4 DIV 2 = 1208925819614629174706178 DIV 2 ⇒ 4 = 1208925819614629174706178 ⇔ T
ll_even_5_0=⊢ EVEN 6 ∧ EVEN 0 ∧ 6 DIV 2 = 0 DIV 2 ⇒ 6 = 0 ⇔ T
ll_even_5_1=⊢ EVEN 6 ∧ EVEN 1 ∧ 6 DIV 2 = 1 DIV 2 ⇒ 6 = 1 ⇔ T
ll_even_5_2=⊢ EVEN 6 ∧ EVEN 2 ∧ 6 DIV 2 = 2 DIV 2 ⇒ 6 = 2 ⇔ T
ll_even_5_3=⊢ EVEN 6 ∧ EVEN 3 ∧ 6 DIV 2 = 3 DIV 2 ⇒ 6 = 3 ⇔ T
ll_even_5_4=⊢ EVEN 6 ∧ EVEN 4 ∧ 6 DIV 2 = 4 DIV 2 ⇒ 6 = 4 ⇔ T
ll_even_5_5=⊢ EVEN 6 ∧ EVEN 6 ∧ 6 DIV 2 = 6 DIV 2 ⇒ 6 = 6 ⇔ T
ll_even_5_6=⊢ EVEN 6 ∧ EVEN 1208925819614629174706176 ∧ 6 DIV 2 = 1208925819614629174706176 DIV 2 ⇒ 6 = 1208925819614629174706176 ⇔ T
ll_even_5_7=⊢ EVEN 6 ∧ EVEN 1208925819614629174706178 ∧ 6 DIV 2 = 1208925819614629174706178 DIV 2 ⇒ 6 = 1208925819614629174706178 ⇔ T
ll_even_6_0=⊢ EVEN 1208925819614629174706176 ∧ EVEN 0 ∧ 1208925819614629174706176 DIV 2 = 0 DIV 2 ⇒ 1208925819614629174706176 = 0 ⇔ T
ll_even_6_1=⊢ EVEN 1208925819614629174706176 ∧ EVEN 1 ∧ 1208925819614629174706176 DIV 2 = 1 DIV 2 ⇒ 1208925819614629174706176 = 1 ⇔ T
ll_even_6_2=⊢ EVEN 1208925819614629174706176 ∧ EVEN 2 ∧ 1208925819614629174706176 DIV 2 = 2 DIV 2 ⇒ 1208925819614629174706176 = 2 ⇔ T
ll_even_6_3=⊢ EVEN 1208925819614629174706176 ∧ EVEN 3 ∧ 1208925819614629174706176 DIV 2 = 3 DIV 2 ⇒ 1208925819614629174706176 = 3 ⇔ T
ll_even_6_4=⊢ EVEN 1208925819614629174706176 ∧ EVEN 4 ∧ 1208925819614629174706176 DIV 2 = 4 DIV 2 ⇒ 1208925819614629174706176 = 4 ⇔ T
ll_even_6_5=⊢ EVEN 1208925819614629174706176 ∧ EVEN 6 ∧ 1208925819614629174706176 DIV 2 = 6 DIV 2 ⇒ 1208925819614629174706176 = 6 ⇔ T
ll_even_6_6=⊢ EVEN 1208925819614629174706176 ∧ EVEN 1208925819614629174706176 ∧ 1208925819614629174706176 DIV 2 = 1208925819614629174706176 DIV 2 ⇒ 1208925819614629174706176 = 1208925819614629174706176 ⇔ T
ll_even_6_7=⊢ EVEN 1208925819614629174706176 ∧ EVEN 1208925819614629174706178 ∧ 1208925819614629174706176 DIV 2 = 1208925819614629174706178 DIV 2 ⇒ 1208925819614629174706176 = 1208925819614629174706178 ⇔ T
ll_even_7_0=⊢ EVEN 1208925819614629174706178 ∧ EVEN 0 ∧ 1208925819614629174706178 DIV 2 = 0 DIV 2 ⇒ 1208925819614629174706178 = 0 ⇔ T
ll_even_7_1=⊢ EVEN 1208925819614629174706178 ∧ EVEN 1 ∧ 1208925819614629174706178 DIV 2 = 1 DIV 2 ⇒ 1208925819614629174706178 = 1 ⇔ T
ll_even_7_2=⊢ EVEN 1208925819614629174706178 ∧ EVEN 2 ∧ 1208925819614629174706178 DIV 2 = 2 DIV 2 ⇒ 1208925819614629174706178 = 2 ⇔ T
ll_even_7_3=⊢ EVEN 1208925819614629174706178 ∧ EVEN 3 ∧ 1208925819614629174706178 DIV 2 = 3 DIV 2 ⇒ 1208925819614629174706178 = 3 ⇔ T
ll_even_7_4=⊢ EVEN 1208925819614629174706178 ∧ EVEN 4 ∧ 1208925819614629174706178 DIV 2 = 4 DIV 2 ⇒ 1208925819614629174706178 = 4 ⇔ T
ll_even_7_5=⊢ EVEN 1208925819614629174706178 ∧ EVEN 6 ∧ 1208925819614629174706178 DIV 2 = 6 DIV 2 ⇒ 1208925819614629174706178 = 6 ⇔ T
ll_even_7_6=⊢ EVEN 1208925819614629174706178 ∧ EVEN 1208925819614629174706176 ∧ 1208925819614629174706178 DIV 2 = 1208925819614629174706176 DIV 2 ⇒ 1208925819614629174706178 = 1208925819614629174706176 ⇔ T
ll_even_7_7=⊢ EVEN 1208925819614629174706178 ∧ EVEN 1208925819614629174706178 ∧ 1208925819614629174706178 DIV 2 = 1208925819614629174706178 DIV 2 ⇒ 1208925819614629174706178 = 1208925819614629174706178 ⇔ T
