wc_cp_type=:α prog -> α prog
wc_cpp_type=:α prog -> copy_state -> α prog # copy_state
wc_binop=Seq (Move 0 [(5,1)]) (Inst (Arith (Binop Add 9 5 (Reg 5))))
wc_binop_self=Seq (Move 0 [(5,1)]) (Inst (Arith (Binop Add 5 9 (Reg 1))))
wc_chain=Seq (Move 0 [(5,1)]) (Seq (Move 0 [(9,5)]) (Return 9 [9; 9; 9]))
wc_chain_state=<|to_eq := ⦕ 1 ↦ 0; 5 ↦ 0; 9 ↦ 0 ⦖; from_eq := ⦕ 0 ↦ 9 ⦖; store_to_eq := []; next := 1|>
wc_overlap=(Seq (Move 0 [(5,1); (1,5)]) (Return 1 [1]),<|to_eq := LN; from_eq := LN; store_to_eq := []; next := 0|>)
wc_multi=(Seq (Move 2 [(5,1); (9,13)]) (Raise 9),<|to_eq := ⦕ 1 ↦ 1; 5 ↦ 1; 9 ↦ 0; 13 ↦ 0 ⦖; from_eq := ⦕ 0 ↦ 9; 1 ↦ 5 ⦖; store_to_eq := []; next := 2|>)
wc_nonalloc=(Seq (Move 0 [(4,1)]) (Raise 1),<|to_eq := LN; from_eq := LN; store_to_eq := []; next := 0|>)
wc_const=(Seq (Move 0 [(5,1)]) (Seq (Inst (Const 1 3w)) (Return 1 [5])),<|to_eq := LN; from_eq := LN; store_to_eq := []; next := 0|>)
wc_shift=Seq (Move 0 [(5,1)]) (Seq (Inst (Arith (Shift Lsl 9 5 (Reg 5)))) (Inst (Arith (Shift Asr 5 5 (Reg 1)))))
wc_div=(Seq (Move 0 [(5,1)]) (Inst (Arith (Div 9 5 5))),<|to_eq := ⦕ 1 ↦ 0; 5 ↦ 0 ⦖; from_eq := ⦕ 0 ↦ 5 ⦖; store_to_eq := []; next := 1|>)
wc_carry=(Seq (Move 0 [(5,1); (9,13)]) (Inst (Arith (AddCarry 5 5 9 17))),<|to_eq := LN; from_eq := LN; store_to_eq := []; next := 0|>)
wc_carry_self=Seq (Move 0 [(5,1)]) (Inst (Arith (AddCarry 5 9 1 17)))
wc_overflow=Seq (Move 0 [(5,1)]) (Seq (Inst (Arith (AddOverflow 9 5 5 17))) (Inst (Arith (SubOverflow 21 5 5 25))))
wc_longmul=(Seq (Move 0 [(5,1)]) (Inst (Arith (LongMul 9 13 1 1))),<|to_eq := ⦕ 1 ↦ 0; 5 ↦ 0 ⦖; from_eq := ⦕ 0 ↦ 5 ⦖; store_to_eq := []; next := 1|>)
wc_longdiv=(Seq (Move 0 [(5,1)]) (Inst (Arith (LongDiv 9 13 5 5 5))),<|to_eq := ⦕ 1 ↦ 0; 5 ↦ 0 ⦖; from_eq := ⦕ 0 ↦ 5 ⦖; store_to_eq := []; next := 1|>)
wc_mem=(Seq (Move 0 [(5,1)]) (Seq (Inst (Mem Load 9 (Addr 5 8w))) (Seq (Inst (Mem Store 5 (Addr 5 0w))) (Seq (Inst (Mem Load8 13 (Addr 5 1w))) (Seq (Inst (Mem Store8 5 (Addr 5 2w))) (Seq (Inst (Mem Load16 17 (Addr 5 3w))) (Seq (Inst (Mem Store16 5 (Addr 5 4w))) (Seq (Inst (Mem Load32 21 (Addr 5 5w))) (Inst (Mem Store32 5 (Addr 5 6w)))))))))),<|to_eq := ⦕ 1 ↦ 0; 5 ↦ 0 ⦖; from_eq := ⦕ 0 ↦ 5 ⦖; store_to_eq := []; next := 1|>)
wc_mem_kill=(Seq (Move 0 [(5,1)]) (Inst (Mem Load 1 (Addr 5 8w))),<|to_eq := LN; from_eq := LN; store_to_eq := []; next := 0|>)
wc_fp=(Seq (Move 0 [(5,1)]) (Seq (Inst (FP (FPLess 9 2 3))) (Seq (Inst (FP (FPMovFromReg 4 5 13))) (Seq (Inst (FP (FPMovFromReg 6 1 5))) (Seq (Inst (FP (FPAdd 7 8 9))) (Inst (FP (FPMovToReg 21 25 3))))))),<|to_eq := ⦕ 1 ↦ 0; 5 ↦ 0 ⦖; from_eq := ⦕ 0 ↦ 5 ⦖; store_to_eq := []; next := 1|>)
wc_fp_kill=(Seq (Move 0 [(5,1)]) (Seq (Inst (FP (FPEqual 1 2 3))) (Seq (Move 0 [(9,13)]) (Inst (FP (FPLessEqual 13 2 3))))),<|to_eq := LN; from_eq := LN; store_to_eq := []; next := 0|>)
wc_skip_inst=(Seq (Move 0 [(5,1)]) Skip,<|to_eq := ⦕ 1 ↦ 0; 5 ↦ 0 ⦖; from_eq := ⦕ 0 ↦ 5 ⦖; store_to_eq := []; next := 1|>)
wc_set_get=(Seq (Set NextFree (Var 5)) (Move 0 [(9,5)]),<|to_eq := ⦕ 5 ↦ 0; 9 ↦ 0 ⦖; from_eq := ⦕ 0 ↦ 9 ⦖; store_to_eq := [(NextFree,0)]; next := 1|>)
wc_get_same=(Seq (Set NextFree (Var 5)) Skip,<|to_eq := ⦕ 5 ↦ 0 ⦖; from_eq := ⦕ 0 ↦ 5 ⦖; store_to_eq := [(NextFree,0)]; next := 1|>)
wc_get_none=(Get 9 (Temp 3w),<|to_eq := ⦕ 9 ↦ 0 ⦖; from_eq := ⦕ 0 ↦ 9 ⦖; store_to_eq := [(Temp 3w,0)]; next := 1|>)
wc_set_class=(Seq (Move 0 [(5,1)]) (Seq (Set Handler (Var 5)) (Move 0 [(9,5)])),<|to_eq := ⦕ 1 ↦ 0; 5 ↦ 0; 9 ↦ 0 ⦖; from_eq := ⦕ 0 ↦ 9 ⦖; store_to_eq := [(Handler,0)]; next := 1|>)
wc_set_nonalloc=(Seq (Move 0 [(5,1)]) (Set Handler (Var 2)),<|to_eq := LN; from_eq := LN; store_to_eq := []; next := 0|>)
wc_set_exp=(Seq (Move 0 [(5,1)]) (Set Handler (Const 2w)),<|to_eq := LN; from_eq := LN; store_to_eq := []; next := 0|>)
wc_if=(Seq (Move 0 [(5,1)]) (Seq (If Equal 5 (Reg 5) (Move 0 [(9,5)]) (Seq (Move 0 [(9,5)]) (Move 0 [(13,9)]))) (Return 1 [1; 9; 13])),<|to_eq := ⦕ 1 ↦ 0; 5 ↦ 0; 9 ↦ 0 ⦖; from_eq := LN; store_to_eq := []; next := 1|>)
wc_if_imm=(Seq (Set NextFree (Var 5)) (If Less 5 (Imm 3w) (Move 0 [(9,5)]) Skip),<|to_eq := ⦕ 5 ↦ 0 ⦖; from_eq := LN; store_to_eq := [(NextFree,0)]; next := 1|>)
wc_loop=(Seq (Move 0 [(5,1)]) (Seq (Loop LN (Seq (Move 0 [(9,13)]) (Seq (Raise 9) (Continue 0))) LN) (Return 1 [1])),<|to_eq := LN; from_eq := LN; store_to_eq := []; next := 0|>)
wc_mt=(Seq (Move 0 [(5,1)]) (MustTerminate (Seq Tick (Seq (Break 2) (Raise 5)))),<|to_eq := ⦕ 1 ↦ 0; 5 ↦ 0 ⦖; from_eq := ⦕ 0 ↦ 5 ⦖; store_to_eq := []; next := 1|>)
wc_share=(Seq (Move 0 [(5,1)]) (Seq (ShareInst Load 9 (Op Add [Var 5; Const 4w])) (Seq (ShareInst Store 13 (Var 5)) (ShareInst Load8 17 (Op Sub [Var 1; Const 4w])))),<|to_eq := ⦕ 1 ↦ 0; 5 ↦ 0 ⦖; from_eq := ⦕ 0 ↦ 5 ⦖; store_to_eq := []; next := 1|>)
wc_heap=(Seq (Move 0 [(5,1)]) (Seq (OpCurrHeap Add 9 5) (Seq (OpCurrHeap Add 5 1) (Return 1 [1]))),<|to_eq := LN; from_eq := LN; store_to_eq := []; next := 0|>)
wc_buffers=(Seq (Move 0 [(5,1)]) (Seq (CodeBufferWrite 5 5) (DataBufferWrite 5 9)),<|to_eq := ⦕ 1 ↦ 0; 5 ↦ 0 ⦖; from_eq := ⦕ 0 ↦ 5 ⦖; store_to_eq := []; next := 1|>)
wc_consts=(Seq (Move 0 [(5,1); (9,13)]) (Seq (StoreConsts 2 3 4 6 [(T,1w)]) (Seq (LocValue 7 3) (Return 5 [5; 9]))),<|to_eq := ⦕ 1 ↦ 1; 5 ↦ 1; 9 ↦ 0; 13 ↦ 0 ⦖; from_eq := ⦕ 0 ↦ 9; 1 ↦ 5 ⦖; store_to_eq := []; next := 2|>)
wc_consts_kill=(Seq (Move 0 [(5,1)]) (Seq (StoreConsts 5 3 4 6 []) (Return 1 [1])),<|to_eq := LN; from_eq := LN; store_to_eq := []; next := 0|>)
wc_locvalue_kill=(Seq (Move 0 [(5,1)]) (Seq (LocValue 1 3) (Return 1 [1])),<|to_eq := LN; from_eq := LN; store_to_eq := []; next := 0|>)
wc_call=(Seq (Move 0 [(5,1)]) (Seq (Call NONE (SOME 7) [1] NONE) (Return 1 [1])),<|to_eq := LN; from_eq := LN; store_to_eq := []; next := 0|>)
wc_alloc=(Seq (Move 0 [(5,1)]) (Seq (Alloc 1 (LN,LN)) (Return 1 [1])),<|to_eq := LN; from_eq := LN; store_to_eq := []; next := 0|>)
wc_assign=(Seq (Move 0 [(5,1)]) (Seq (Assign 9 (Var 1)) (Return 1 [1])),<|to_eq := LN; from_eq := LN; store_to_eq := []; next := 0|>)
wc_store=(Seq (Move 0 [(5,1)]) (Seq (Store (Var 1) 1) (Return 1 [1])),<|to_eq := LN; from_eq := LN; store_to_eq := []; next := 0|>)
wc_install=(Seq (Move 0 [(5,1)]) (Seq (Install 2 3 4 6 (LN,LN)) (Raise 1)),<|to_eq := LN; from_eq := LN; store_to_eq := []; next := 0|>)
