wu_ru_type=:α prog -> α prog
wu_mm_type=:(num # num) list -> (num # num) list -> (num # num) list
wu_dsm_move=SOME (3,[(1,2)],Skip)
wu_dsm_seq=SOME (3,[(1,2)],Raise 5)
wu_dsm_other=NONE
wu_mm_basic=[(3,11); (2,99); (1,11)]
wu_mm_dup=[(4,2); (1,2)]
wu_ss_skip_r=Raise 1
wu_ss_skip_l=Raise 1
wu_ss_raise=Raise 1
wu_ss_move_move=Move 4 [(2,11); (1,11)]
wu_ss_move_rest=Seq (Move 1 [(2,11); (1,11)]) (Raise 7)
wu_ss_move_other=Seq (Move 1 [(1,11)]) (Raise 7)
wu_ss_default=Seq Tick (Raise 7)
wu_test=Move 1 [(3,11); (2,99); (1,11)]
wu_after_return=Return 1 [2]
wu_call_none=Call NONE (SOME 7) [1] NONE
wu_call_ret=Seq (Call (SOME ([1],(LN,LN),Move 0 [(5,1)],2,3)) (SOME 7) [1] (SOME (9,Raise 9,4,5))) Tick
wu_if=Seq (If Equal 1 (Imm 0w) (Break 2) (Move 0 [(5,1)])) Tick
wu_loop=Seq (Loop LN (Continue 0) LN) (MustTerminate Tick)
