add_ret_loc_none=[Word 1w]
add_ret_loc_some=[Loc 5 6; Word 1w]
bad_dest_args_nil=T
bad_dest_args_dest=F
bad_dest_args_args=F
const_addresses_hit=T
const_addresses_miss=F
const_addresses_nil=T
const_writes=(Word 101w,Word 2w,Loc 0 0)
stop=5
bad_fun_return_none=T
bad_fun_return_break=T
bad_fun_return_cont=T
bad_fun_return_timeout=F
bad_fun_return_result=F
cont_loop_none=T
cont_loop_zero=T
cont_loop_two=F
cont_loop_break=F
exit_loop_break0=SOME (Break 0)
exit_loop_break3=SOME (Break 2)
exit_loop_cont1=SOME (Continue 0)
exit_loop_timeout=SOME TimeOut
exit_loop_none=NONE
must_terminate_limit_1=28
