wcni_01_mt=(F,T)
wcni_02_seq=(F,T)
wcni_03_loop=(F,T)
wcni_04_if=(F,T)
wcni_05_call=(F,T)
wcni_06_alloc=(T,T)
wcni_07_loc=(T,T)
wcni_08_share=(T,T)
wcni_09_install=(F,T)
wcni_10_skip=(T,T)
wcni_11_move=(T,T)
wcni_12_inst=(T,T)
wcni_13_assign=(T,T)
wcni_14_get=(T,T)
wcni_15_set=(T,T)
wcni_16_store=(T,T)
wcni_17_consts=(T,T)
wcni_18_raise=(T,T)
wcni_19_return=(T,T)
wcni_20_break=(T,T)
wcni_21_continue=(T,T)
wcni_22_tick=(T,T)
wcni_23_heap=(T,T)
wcni_24_code=(T,T)
wcni_25_data=(T,T)
wcni_26_ffi=(T,T)
wcni_call_none_none_width1=(T,T)
wcni_call_return_only_width1=(F,T)
wcni_call_both_present_width1=(F,T)
