kv_full_transitive_key_val_compare=⊢ transitive key_val_compare
kv_full_total_key_val_compare=⊢ total key_val_compare
kv_value_0_0_1=⊢ key_val_compare (0,Word 0w) (0,Word 0w) ⇔ T
kv_value_0_1_1=⊢ key_val_compare (0,Word 0w) (0,Word 1w) ⇔ F
kv_value_0_2_1=⊢ key_val_compare (0,Word 0w) (0,Word 1w) ⇔ F
kv_value_0_3_1=⊢ key_val_compare (0,Word 0w) (0,Loc 0 0) ⇔ T
kv_value_0_4_1=⊢ key_val_compare (0,Word 0w) (0,Loc 0 1) ⇔ T
kv_value_0_5_1=⊢ key_val_compare (0,Word 0w) (0,Loc 1 0) ⇔ T
kv_value_0_6_1=⊢ key_val_compare (0,Word 0w) (1,Word 0w) ⇔ F
kv_value_0_7_1=⊢ key_val_compare (0,Word 0w) (2,Loc 0 0) ⇔ F
kv_value_1_0_1=⊢ key_val_compare (0,Word 1w) (0,Word 0w) ⇔ T
kv_value_1_1_1=⊢ key_val_compare (0,Word 1w) (0,Word 1w) ⇔ T
kv_value_1_2_1=⊢ key_val_compare (0,Word 1w) (0,Word 1w) ⇔ T
kv_value_1_3_1=⊢ key_val_compare (0,Word 1w) (0,Loc 0 0) ⇔ T
kv_value_1_4_1=⊢ key_val_compare (0,Word 1w) (0,Loc 0 1) ⇔ T
kv_value_1_5_1=⊢ key_val_compare (0,Word 1w) (0,Loc 1 0) ⇔ T
kv_value_1_6_1=⊢ key_val_compare (0,Word 1w) (1,Word 0w) ⇔ F
kv_value_1_7_1=⊢ key_val_compare (0,Word 1w) (2,Loc 0 0) ⇔ F
kv_value_2_0_1=⊢ key_val_compare (0,Word 1w) (0,Word 0w) ⇔ T
kv_value_2_1_1=⊢ key_val_compare (0,Word 1w) (0,Word 1w) ⇔ T
kv_value_2_2_1=⊢ key_val_compare (0,Word 1w) (0,Word 1w) ⇔ T
kv_value_2_3_1=⊢ key_val_compare (0,Word 1w) (0,Loc 0 0) ⇔ T
kv_value_2_4_1=⊢ key_val_compare (0,Word 1w) (0,Loc 0 1) ⇔ T
kv_value_2_5_1=⊢ key_val_compare (0,Word 1w) (0,Loc 1 0) ⇔ T
kv_value_2_6_1=⊢ key_val_compare (0,Word 1w) (1,Word 0w) ⇔ F
kv_value_2_7_1=⊢ key_val_compare (0,Word 1w) (2,Loc 0 0) ⇔ F
kv_value_3_0_1=⊢ key_val_compare (0,Loc 0 0) (0,Word 0w) ⇔ F
kv_value_3_1_1=⊢ key_val_compare (0,Loc 0 0) (0,Word 1w) ⇔ F
kv_value_3_2_1=⊢ key_val_compare (0,Loc 0 0) (0,Word 1w) ⇔ F
kv_value_3_3_1=⊢ key_val_compare (0,Loc 0 0) (0,Loc 0 0) ⇔ T
kv_value_3_4_1=⊢ key_val_compare (0,Loc 0 0) (0,Loc 0 1) ⇔ F
kv_value_3_5_1=⊢ key_val_compare (0,Loc 0 0) (0,Loc 1 0) ⇔ F
kv_value_3_6_1=⊢ key_val_compare (0,Loc 0 0) (1,Word 0w) ⇔ F
kv_value_3_7_1=⊢ key_val_compare (0,Loc 0 0) (2,Loc 0 0) ⇔ F
kv_value_4_0_1=⊢ key_val_compare (0,Loc 0 1) (0,Word 0w) ⇔ F
kv_value_4_1_1=⊢ key_val_compare (0,Loc 0 1) (0,Word 1w) ⇔ F
kv_value_4_2_1=⊢ key_val_compare (0,Loc 0 1) (0,Word 1w) ⇔ F
kv_value_4_3_1=⊢ key_val_compare (0,Loc 0 1) (0,Loc 0 0) ⇔ T
kv_value_4_4_1=⊢ key_val_compare (0,Loc 0 1) (0,Loc 0 1) ⇔ T
kv_value_4_5_1=⊢ key_val_compare (0,Loc 0 1) (0,Loc 1 0) ⇔ F
kv_value_4_6_1=⊢ key_val_compare (0,Loc 0 1) (1,Word 0w) ⇔ F
kv_value_4_7_1=⊢ key_val_compare (0,Loc 0 1) (2,Loc 0 0) ⇔ F
kv_value_5_0_1=⊢ key_val_compare (0,Loc 1 0) (0,Word 0w) ⇔ F
kv_value_5_1_1=⊢ key_val_compare (0,Loc 1 0) (0,Word 1w) ⇔ F
kv_value_5_2_1=⊢ key_val_compare (0,Loc 1 0) (0,Word 1w) ⇔ F
kv_value_5_3_1=⊢ key_val_compare (0,Loc 1 0) (0,Loc 0 0) ⇔ T
kv_value_5_4_1=⊢ key_val_compare (0,Loc 1 0) (0,Loc 0 1) ⇔ T
kv_value_5_5_1=⊢ key_val_compare (0,Loc 1 0) (0,Loc 1 0) ⇔ T
kv_value_5_6_1=⊢ key_val_compare (0,Loc 1 0) (1,Word 0w) ⇔ F
kv_value_5_7_1=⊢ key_val_compare (0,Loc 1 0) (2,Loc 0 0) ⇔ F
kv_value_6_0_1=⊢ key_val_compare (1,Word 0w) (0,Word 0w) ⇔ T
kv_value_6_1_1=⊢ key_val_compare (1,Word 0w) (0,Word 1w) ⇔ T
kv_value_6_2_1=⊢ key_val_compare (1,Word 0w) (0,Word 1w) ⇔ T
kv_value_6_3_1=⊢ key_val_compare (1,Word 0w) (0,Loc 0 0) ⇔ T
kv_value_6_4_1=⊢ key_val_compare (1,Word 0w) (0,Loc 0 1) ⇔ T
kv_value_6_5_1=⊢ key_val_compare (1,Word 0w) (0,Loc 1 0) ⇔ T
kv_value_6_6_1=⊢ key_val_compare (1,Word 0w) (1,Word 0w) ⇔ T
kv_value_6_7_1=⊢ key_val_compare (1,Word 0w) (2,Loc 0 0) ⇔ F
kv_value_7_0_1=⊢ key_val_compare (2,Loc 0 0) (0,Word 0w) ⇔ T
kv_value_7_1_1=⊢ key_val_compare (2,Loc 0 0) (0,Word 1w) ⇔ T
kv_value_7_2_1=⊢ key_val_compare (2,Loc 0 0) (0,Word 1w) ⇔ T
kv_value_7_3_1=⊢ key_val_compare (2,Loc 0 0) (0,Loc 0 0) ⇔ T
kv_value_7_4_1=⊢ key_val_compare (2,Loc 0 0) (0,Loc 0 1) ⇔ T
kv_value_7_5_1=⊢ key_val_compare (2,Loc 0 0) (0,Loc 1 0) ⇔ T
kv_value_7_6_1=⊢ key_val_compare (2,Loc 0 0) (1,Word 0w) ⇔ T
kv_value_7_7_1=⊢ key_val_compare (2,Loc 0 0) (2,Loc 0 0) ⇔ T
kv_transit_0_1=⊢ key_val_compare (0,Word 1w) (0,Word 0w) ∧ key_val_compare (0,Word 0w) (0,Word 1w) ⇒ key_val_compare (0,Word 1w) (0,Word 1w) ⇔ T
kv_transit_1_1=⊢ key_val_compare (0,Word 1w) (0,Word 0w) ∧ key_val_compare (0,Word 0w) (0,Loc 0 0) ⇒ key_val_compare (0,Word 1w) (0,Loc 0 0) ⇔ T
kv_transit_2_1=⊢ key_val_compare (0,Word 1w) (0,Loc 0 0) ∧ key_val_compare (0,Loc 0 0) (0,Word 0w) ⇒ key_val_compare (0,Word 1w) (0,Word 0w) ⇔ T
kv_transit_3_1=⊢ key_val_compare (0,Word 1w) (0,Loc 0 0) ∧ key_val_compare (0,Loc 0 0) (0,Loc 0 1) ⇒ key_val_compare (0,Word 1w) (0,Loc 0 1) ⇔ T
kv_transit_4_1=⊢ key_val_compare (0,Loc 0 0) (0,Word 1w) ∧ key_val_compare (0,Word 1w) (0,Word 0w) ⇒ key_val_compare (0,Loc 0 0) (0,Word 0w) ⇔ T
kv_transit_5_1=⊢ key_val_compare (0,Loc 0 0) (0,Word 1w) ∧ key_val_compare (0,Word 1w) (0,Loc 0 1) ⇒ key_val_compare (0,Loc 0 0) (0,Loc 0 1) ⇔ T
kv_transit_6_1=⊢ key_val_compare (0,Loc 1 0) (0,Loc 0 1) ∧ key_val_compare (0,Loc 0 1) (0,Word 0w) ⇒ key_val_compare (0,Loc 1 0) (0,Word 0w) ⇔ T
kv_transit_7_1=⊢ key_val_compare (0,Loc 1 0) (0,Loc 0 1) ∧ key_val_compare (0,Loc 0 1) (0,Loc 0 0) ⇒ key_val_compare (0,Loc 1 0) (0,Loc 0 0) ⇔ T
kv_value_0_0_2=⊢ key_val_compare (0,Word 0w) (0,Word 0w) ⇔ T
kv_value_0_1_2=⊢ key_val_compare (0,Word 0w) (0,Word 3w) ⇔ F
kv_value_0_2_2=⊢ key_val_compare (0,Word 0w) (0,Word 2w) ⇔ F
kv_value_0_3_2=⊢ key_val_compare (0,Word 0w) (0,Loc 0 0) ⇔ T
kv_value_0_4_2=⊢ key_val_compare (0,Word 0w) (0,Loc 0 1) ⇔ T
kv_value_0_5_2=⊢ key_val_compare (0,Word 0w) (0,Loc 1 0) ⇔ T
kv_value_0_6_2=⊢ key_val_compare (0,Word 0w) (1,Word 0w) ⇔ F
kv_value_0_7_2=⊢ key_val_compare (0,Word 0w) (2,Loc 0 0) ⇔ F
kv_value_1_0_2=⊢ key_val_compare (0,Word 3w) (0,Word 0w) ⇔ T
kv_value_1_1_2=⊢ key_val_compare (0,Word 3w) (0,Word 3w) ⇔ T
kv_value_1_2_2=⊢ key_val_compare (0,Word 3w) (0,Word 2w) ⇔ F
kv_value_1_3_2=⊢ key_val_compare (0,Word 3w) (0,Loc 0 0) ⇔ T
kv_value_1_4_2=⊢ key_val_compare (0,Word 3w) (0,Loc 0 1) ⇔ T
kv_value_1_5_2=⊢ key_val_compare (0,Word 3w) (0,Loc 1 0) ⇔ T
kv_value_1_6_2=⊢ key_val_compare (0,Word 3w) (1,Word 0w) ⇔ F
kv_value_1_7_2=⊢ key_val_compare (0,Word 3w) (2,Loc 0 0) ⇔ F
kv_value_2_0_2=⊢ key_val_compare (0,Word 2w) (0,Word 0w) ⇔ T
kv_value_2_1_2=⊢ key_val_compare (0,Word 2w) (0,Word 3w) ⇔ T
kv_value_2_2_2=⊢ key_val_compare (0,Word 2w) (0,Word 2w) ⇔ T
kv_value_2_3_2=⊢ key_val_compare (0,Word 2w) (0,Loc 0 0) ⇔ T
kv_value_2_4_2=⊢ key_val_compare (0,Word 2w) (0,Loc 0 1) ⇔ T
kv_value_2_5_2=⊢ key_val_compare (0,Word 2w) (0,Loc 1 0) ⇔ T
kv_value_2_6_2=⊢ key_val_compare (0,Word 2w) (1,Word 0w) ⇔ F
kv_value_2_7_2=⊢ key_val_compare (0,Word 2w) (2,Loc 0 0) ⇔ F
kv_value_3_0_2=⊢ key_val_compare (0,Loc 0 0) (0,Word 0w) ⇔ F
kv_value_3_1_2=⊢ key_val_compare (0,Loc 0 0) (0,Word 3w) ⇔ F
kv_value_3_2_2=⊢ key_val_compare (0,Loc 0 0) (0,Word 2w) ⇔ F
kv_value_3_3_2=⊢ key_val_compare (0,Loc 0 0) (0,Loc 0 0) ⇔ T
kv_value_3_4_2=⊢ key_val_compare (0,Loc 0 0) (0,Loc 0 1) ⇔ F
kv_value_3_5_2=⊢ key_val_compare (0,Loc 0 0) (0,Loc 1 0) ⇔ F
kv_value_3_6_2=⊢ key_val_compare (0,Loc 0 0) (1,Word 0w) ⇔ F
kv_value_3_7_2=⊢ key_val_compare (0,Loc 0 0) (2,Loc 0 0) ⇔ F
kv_value_4_0_2=⊢ key_val_compare (0,Loc 0 1) (0,Word 0w) ⇔ F
kv_value_4_1_2=⊢ key_val_compare (0,Loc 0 1) (0,Word 3w) ⇔ F
kv_value_4_2_2=⊢ key_val_compare (0,Loc 0 1) (0,Word 2w) ⇔ F
kv_value_4_3_2=⊢ key_val_compare (0,Loc 0 1) (0,Loc 0 0) ⇔ T
kv_value_4_4_2=⊢ key_val_compare (0,Loc 0 1) (0,Loc 0 1) ⇔ T
kv_value_4_5_2=⊢ key_val_compare (0,Loc 0 1) (0,Loc 1 0) ⇔ F
kv_value_4_6_2=⊢ key_val_compare (0,Loc 0 1) (1,Word 0w) ⇔ F
kv_value_4_7_2=⊢ key_val_compare (0,Loc 0 1) (2,Loc 0 0) ⇔ F
kv_value_5_0_2=⊢ key_val_compare (0,Loc 1 0) (0,Word 0w) ⇔ F
kv_value_5_1_2=⊢ key_val_compare (0,Loc 1 0) (0,Word 3w) ⇔ F
kv_value_5_2_2=⊢ key_val_compare (0,Loc 1 0) (0,Word 2w) ⇔ F
kv_value_5_3_2=⊢ key_val_compare (0,Loc 1 0) (0,Loc 0 0) ⇔ T
kv_value_5_4_2=⊢ key_val_compare (0,Loc 1 0) (0,Loc 0 1) ⇔ T
kv_value_5_5_2=⊢ key_val_compare (0,Loc 1 0) (0,Loc 1 0) ⇔ T
kv_value_5_6_2=⊢ key_val_compare (0,Loc 1 0) (1,Word 0w) ⇔ F
kv_value_5_7_2=⊢ key_val_compare (0,Loc 1 0) (2,Loc 0 0) ⇔ F
kv_value_6_0_2=⊢ key_val_compare (1,Word 0w) (0,Word 0w) ⇔ T
kv_value_6_1_2=⊢ key_val_compare (1,Word 0w) (0,Word 3w) ⇔ T
kv_value_6_2_2=⊢ key_val_compare (1,Word 0w) (0,Word 2w) ⇔ T
kv_value_6_3_2=⊢ key_val_compare (1,Word 0w) (0,Loc 0 0) ⇔ T
kv_value_6_4_2=⊢ key_val_compare (1,Word 0w) (0,Loc 0 1) ⇔ T
kv_value_6_5_2=⊢ key_val_compare (1,Word 0w) (0,Loc 1 0) ⇔ T
kv_value_6_6_2=⊢ key_val_compare (1,Word 0w) (1,Word 0w) ⇔ T
kv_value_6_7_2=⊢ key_val_compare (1,Word 0w) (2,Loc 0 0) ⇔ F
kv_value_7_0_2=⊢ key_val_compare (2,Loc 0 0) (0,Word 0w) ⇔ T
kv_value_7_1_2=⊢ key_val_compare (2,Loc 0 0) (0,Word 3w) ⇔ T
kv_value_7_2_2=⊢ key_val_compare (2,Loc 0 0) (0,Word 2w) ⇔ T
kv_value_7_3_2=⊢ key_val_compare (2,Loc 0 0) (0,Loc 0 0) ⇔ T
kv_value_7_4_2=⊢ key_val_compare (2,Loc 0 0) (0,Loc 0 1) ⇔ T
kv_value_7_5_2=⊢ key_val_compare (2,Loc 0 0) (0,Loc 1 0) ⇔ T
kv_value_7_6_2=⊢ key_val_compare (2,Loc 0 0) (1,Word 0w) ⇔ T
kv_value_7_7_2=⊢ key_val_compare (2,Loc 0 0) (2,Loc 0 0) ⇔ T
kv_transit_0_2=⊢ key_val_compare (0,Word 3w) (0,Word 0w) ∧ key_val_compare (0,Word 0w) (0,Word 2w) ⇒ key_val_compare (0,Word 3w) (0,Word 2w) ⇔ T
kv_transit_1_2=⊢ key_val_compare (0,Word 3w) (0,Word 0w) ∧ key_val_compare (0,Word 0w) (0,Loc 0 0) ⇒ key_val_compare (0,Word 3w) (0,Loc 0 0) ⇔ T
kv_transit_2_2=⊢ key_val_compare (0,Word 3w) (0,Loc 0 0) ∧ key_val_compare (0,Loc 0 0) (0,Word 0w) ⇒ key_val_compare (0,Word 3w) (0,Word 0w) ⇔ T
kv_transit_3_2=⊢ key_val_compare (0,Word 3w) (0,Loc 0 0) ∧ key_val_compare (0,Loc 0 0) (0,Loc 0 1) ⇒ key_val_compare (0,Word 3w) (0,Loc 0 1) ⇔ T
kv_transit_4_2=⊢ key_val_compare (0,Loc 0 0) (0,Word 3w) ∧ key_val_compare (0,Word 3w) (0,Word 0w) ⇒ key_val_compare (0,Loc 0 0) (0,Word 0w) ⇔ T
kv_transit_5_2=⊢ key_val_compare (0,Loc 0 0) (0,Word 3w) ∧ key_val_compare (0,Word 3w) (0,Loc 0 1) ⇒ key_val_compare (0,Loc 0 0) (0,Loc 0 1) ⇔ T
kv_transit_6_2=⊢ key_val_compare (0,Loc 1 0) (0,Loc 0 1) ∧ key_val_compare (0,Loc 0 1) (0,Word 0w) ⇒ key_val_compare (0,Loc 1 0) (0,Word 0w) ⇔ T
kv_transit_7_2=⊢ key_val_compare (0,Loc 1 0) (0,Loc 0 1) ∧ key_val_compare (0,Loc 0 1) (0,Loc 0 0) ⇒ key_val_compare (0,Loc 1 0) (0,Loc 0 0) ⇔ T
kv_value_0_0_8=⊢ key_val_compare (0,Word 0w) (0,Word 0w) ⇔ T
kv_value_0_1_8=⊢ key_val_compare (0,Word 0w) (0,Word 255w) ⇔ F
kv_value_0_2_8=⊢ key_val_compare (0,Word 0w) (0,Word 128w) ⇔ F
kv_value_0_3_8=⊢ key_val_compare (0,Word 0w) (0,Loc 0 0) ⇔ T
kv_value_0_4_8=⊢ key_val_compare (0,Word 0w) (0,Loc 0 1) ⇔ T
kv_value_0_5_8=⊢ key_val_compare (0,Word 0w) (0,Loc 1 0) ⇔ T
kv_value_0_6_8=⊢ key_val_compare (0,Word 0w) (1,Word 0w) ⇔ F
kv_value_0_7_8=⊢ key_val_compare (0,Word 0w) (2,Loc 0 0) ⇔ F
kv_value_1_0_8=⊢ key_val_compare (0,Word 255w) (0,Word 0w) ⇔ T
kv_value_1_1_8=⊢ key_val_compare (0,Word 255w) (0,Word 255w) ⇔ T
kv_value_1_2_8=⊢ key_val_compare (0,Word 255w) (0,Word 128w) ⇔ F
kv_value_1_3_8=⊢ key_val_compare (0,Word 255w) (0,Loc 0 0) ⇔ T
kv_value_1_4_8=⊢ key_val_compare (0,Word 255w) (0,Loc 0 1) ⇔ T
kv_value_1_5_8=⊢ key_val_compare (0,Word 255w) (0,Loc 1 0) ⇔ T
kv_value_1_6_8=⊢ key_val_compare (0,Word 255w) (1,Word 0w) ⇔ F
kv_value_1_7_8=⊢ key_val_compare (0,Word 255w) (2,Loc 0 0) ⇔ F
kv_value_2_0_8=⊢ key_val_compare (0,Word 128w) (0,Word 0w) ⇔ T
kv_value_2_1_8=⊢ key_val_compare (0,Word 128w) (0,Word 255w) ⇔ T
kv_value_2_2_8=⊢ key_val_compare (0,Word 128w) (0,Word 128w) ⇔ T
kv_value_2_3_8=⊢ key_val_compare (0,Word 128w) (0,Loc 0 0) ⇔ T
kv_value_2_4_8=⊢ key_val_compare (0,Word 128w) (0,Loc 0 1) ⇔ T
kv_value_2_5_8=⊢ key_val_compare (0,Word 128w) (0,Loc 1 0) ⇔ T
kv_value_2_6_8=⊢ key_val_compare (0,Word 128w) (1,Word 0w) ⇔ F
kv_value_2_7_8=⊢ key_val_compare (0,Word 128w) (2,Loc 0 0) ⇔ F
kv_value_3_0_8=⊢ key_val_compare (0,Loc 0 0) (0,Word 0w) ⇔ F
kv_value_3_1_8=⊢ key_val_compare (0,Loc 0 0) (0,Word 255w) ⇔ F
kv_value_3_2_8=⊢ key_val_compare (0,Loc 0 0) (0,Word 128w) ⇔ F
kv_value_3_3_8=⊢ key_val_compare (0,Loc 0 0) (0,Loc 0 0) ⇔ T
kv_value_3_4_8=⊢ key_val_compare (0,Loc 0 0) (0,Loc 0 1) ⇔ F
kv_value_3_5_8=⊢ key_val_compare (0,Loc 0 0) (0,Loc 1 0) ⇔ F
kv_value_3_6_8=⊢ key_val_compare (0,Loc 0 0) (1,Word 0w) ⇔ F
kv_value_3_7_8=⊢ key_val_compare (0,Loc 0 0) (2,Loc 0 0) ⇔ F
kv_value_4_0_8=⊢ key_val_compare (0,Loc 0 1) (0,Word 0w) ⇔ F
kv_value_4_1_8=⊢ key_val_compare (0,Loc 0 1) (0,Word 255w) ⇔ F
kv_value_4_2_8=⊢ key_val_compare (0,Loc 0 1) (0,Word 128w) ⇔ F
kv_value_4_3_8=⊢ key_val_compare (0,Loc 0 1) (0,Loc 0 0) ⇔ T
kv_value_4_4_8=⊢ key_val_compare (0,Loc 0 1) (0,Loc 0 1) ⇔ T
kv_value_4_5_8=⊢ key_val_compare (0,Loc 0 1) (0,Loc 1 0) ⇔ F
kv_value_4_6_8=⊢ key_val_compare (0,Loc 0 1) (1,Word 0w) ⇔ F
kv_value_4_7_8=⊢ key_val_compare (0,Loc 0 1) (2,Loc 0 0) ⇔ F
kv_value_5_0_8=⊢ key_val_compare (0,Loc 1 0) (0,Word 0w) ⇔ F
kv_value_5_1_8=⊢ key_val_compare (0,Loc 1 0) (0,Word 255w) ⇔ F
kv_value_5_2_8=⊢ key_val_compare (0,Loc 1 0) (0,Word 128w) ⇔ F
kv_value_5_3_8=⊢ key_val_compare (0,Loc 1 0) (0,Loc 0 0) ⇔ T
kv_value_5_4_8=⊢ key_val_compare (0,Loc 1 0) (0,Loc 0 1) ⇔ T
kv_value_5_5_8=⊢ key_val_compare (0,Loc 1 0) (0,Loc 1 0) ⇔ T
kv_value_5_6_8=⊢ key_val_compare (0,Loc 1 0) (1,Word 0w) ⇔ F
kv_value_5_7_8=⊢ key_val_compare (0,Loc 1 0) (2,Loc 0 0) ⇔ F
kv_value_6_0_8=⊢ key_val_compare (1,Word 0w) (0,Word 0w) ⇔ T
kv_value_6_1_8=⊢ key_val_compare (1,Word 0w) (0,Word 255w) ⇔ T
kv_value_6_2_8=⊢ key_val_compare (1,Word 0w) (0,Word 128w) ⇔ T
kv_value_6_3_8=⊢ key_val_compare (1,Word 0w) (0,Loc 0 0) ⇔ T
kv_value_6_4_8=⊢ key_val_compare (1,Word 0w) (0,Loc 0 1) ⇔ T
kv_value_6_5_8=⊢ key_val_compare (1,Word 0w) (0,Loc 1 0) ⇔ T
kv_value_6_6_8=⊢ key_val_compare (1,Word 0w) (1,Word 0w) ⇔ T
kv_value_6_7_8=⊢ key_val_compare (1,Word 0w) (2,Loc 0 0) ⇔ F
kv_value_7_0_8=⊢ key_val_compare (2,Loc 0 0) (0,Word 0w) ⇔ T
kv_value_7_1_8=⊢ key_val_compare (2,Loc 0 0) (0,Word 255w) ⇔ T
kv_value_7_2_8=⊢ key_val_compare (2,Loc 0 0) (0,Word 128w) ⇔ T
kv_value_7_3_8=⊢ key_val_compare (2,Loc 0 0) (0,Loc 0 0) ⇔ T
kv_value_7_4_8=⊢ key_val_compare (2,Loc 0 0) (0,Loc 0 1) ⇔ T
kv_value_7_5_8=⊢ key_val_compare (2,Loc 0 0) (0,Loc 1 0) ⇔ T
kv_value_7_6_8=⊢ key_val_compare (2,Loc 0 0) (1,Word 0w) ⇔ T
kv_value_7_7_8=⊢ key_val_compare (2,Loc 0 0) (2,Loc 0 0) ⇔ T
kv_transit_0_8=⊢ key_val_compare (0,Word 255w) (0,Word 0w) ∧ key_val_compare (0,Word 0w) (0,Word 128w) ⇒ key_val_compare (0,Word 255w) (0,Word 128w) ⇔ T
kv_transit_1_8=⊢ key_val_compare (0,Word 255w) (0,Word 0w) ∧ key_val_compare (0,Word 0w) (0,Loc 0 0) ⇒ key_val_compare (0,Word 255w) (0,Loc 0 0) ⇔ T
kv_transit_2_8=⊢ key_val_compare (0,Word 255w) (0,Loc 0 0) ∧ key_val_compare (0,Loc 0 0) (0,Word 0w) ⇒ key_val_compare (0,Word 255w) (0,Word 0w) ⇔ T
kv_transit_3_8=⊢ key_val_compare (0,Word 255w) (0,Loc 0 0) ∧ key_val_compare (0,Loc 0 0) (0,Loc 0 1) ⇒ key_val_compare (0,Word 255w) (0,Loc 0 1) ⇔ T
kv_transit_4_8=⊢ key_val_compare (0,Loc 0 0) (0,Word 255w) ∧ key_val_compare (0,Word 255w) (0,Word 0w) ⇒ key_val_compare (0,Loc 0 0) (0,Word 0w) ⇔ T
kv_transit_5_8=⊢ key_val_compare (0,Loc 0 0) (0,Word 255w) ∧ key_val_compare (0,Word 255w) (0,Loc 0 1) ⇒ key_val_compare (0,Loc 0 0) (0,Loc 0 1) ⇔ T
kv_transit_6_8=⊢ key_val_compare (0,Loc 1 0) (0,Loc 0 1) ∧ key_val_compare (0,Loc 0 1) (0,Word 0w) ⇒ key_val_compare (0,Loc 1 0) (0,Word 0w) ⇔ T
kv_transit_7_8=⊢ key_val_compare (0,Loc 1 0) (0,Loc 0 1) ∧ key_val_compare (0,Loc 0 1) (0,Loc 0 0) ⇒ key_val_compare (0,Loc 1 0) (0,Loc 0 0) ⇔ T
kv_value_0_0_64=⊢ key_val_compare (0,Word 0w) (0,Word 0w) ⇔ T
kv_value_0_1_64=⊢ key_val_compare (0,Word 0w) (0,Word 0xFFFFFFFFFFFFFFFFw) ⇔ F
kv_value_0_2_64=⊢ key_val_compare (0,Word 0w) (0,Word 0x8000000000000000w) ⇔ F
kv_value_0_3_64=⊢ key_val_compare (0,Word 0w) (0,Loc 0 0) ⇔ T
kv_value_0_4_64=⊢ key_val_compare (0,Word 0w) (0,Loc 0 1) ⇔ T
kv_value_0_5_64=⊢ key_val_compare (0,Word 0w) (0,Loc 1 0) ⇔ T
kv_value_0_6_64=⊢ key_val_compare (0,Word 0w) (1,Word 0w) ⇔ F
kv_value_0_7_64=⊢ key_val_compare (0,Word 0w) (2,Loc 0 0) ⇔ F
kv_value_1_0_64=⊢ key_val_compare (0,Word 0xFFFFFFFFFFFFFFFFw) (0,Word 0w) ⇔ T
kv_value_1_1_64=⊢ key_val_compare (0,Word 0xFFFFFFFFFFFFFFFFw) (0,Word 0xFFFFFFFFFFFFFFFFw) ⇔ T
kv_value_1_2_64=⊢ key_val_compare (0,Word 0xFFFFFFFFFFFFFFFFw) (0,Word 0x8000000000000000w) ⇔ F
kv_value_1_3_64=⊢ key_val_compare (0,Word 0xFFFFFFFFFFFFFFFFw) (0,Loc 0 0) ⇔ T
kv_value_1_4_64=⊢ key_val_compare (0,Word 0xFFFFFFFFFFFFFFFFw) (0,Loc 0 1) ⇔ T
kv_value_1_5_64=⊢ key_val_compare (0,Word 0xFFFFFFFFFFFFFFFFw) (0,Loc 1 0) ⇔ T
kv_value_1_6_64=⊢ key_val_compare (0,Word 0xFFFFFFFFFFFFFFFFw) (1,Word 0w) ⇔ F
kv_value_1_7_64=⊢ key_val_compare (0,Word 0xFFFFFFFFFFFFFFFFw) (2,Loc 0 0) ⇔ F
kv_value_2_0_64=⊢ key_val_compare (0,Word 0x8000000000000000w) (0,Word 0w) ⇔ T
kv_value_2_1_64=⊢ key_val_compare (0,Word 0x8000000000000000w) (0,Word 0xFFFFFFFFFFFFFFFFw) ⇔ T
kv_value_2_2_64=⊢ key_val_compare (0,Word 0x8000000000000000w) (0,Word 0x8000000000000000w) ⇔ T
kv_value_2_3_64=⊢ key_val_compare (0,Word 0x8000000000000000w) (0,Loc 0 0) ⇔ T
kv_value_2_4_64=⊢ key_val_compare (0,Word 0x8000000000000000w) (0,Loc 0 1) ⇔ T
kv_value_2_5_64=⊢ key_val_compare (0,Word 0x8000000000000000w) (0,Loc 1 0) ⇔ T
kv_value_2_6_64=⊢ key_val_compare (0,Word 0x8000000000000000w) (1,Word 0w) ⇔ F
kv_value_2_7_64=⊢ key_val_compare (0,Word 0x8000000000000000w) (2,Loc 0 0) ⇔ F
kv_value_3_0_64=⊢ key_val_compare (0,Loc 0 0) (0,Word 0w) ⇔ F
kv_value_3_1_64=⊢ key_val_compare (0,Loc 0 0) (0,Word 0xFFFFFFFFFFFFFFFFw) ⇔ F
kv_value_3_2_64=⊢ key_val_compare (0,Loc 0 0) (0,Word 0x8000000000000000w) ⇔ F
kv_value_3_3_64=⊢ key_val_compare (0,Loc 0 0) (0,Loc 0 0) ⇔ T
kv_value_3_4_64=⊢ key_val_compare (0,Loc 0 0) (0,Loc 0 1) ⇔ F
kv_value_3_5_64=⊢ key_val_compare (0,Loc 0 0) (0,Loc 1 0) ⇔ F
kv_value_3_6_64=⊢ key_val_compare (0,Loc 0 0) (1,Word 0w) ⇔ F
kv_value_3_7_64=⊢ key_val_compare (0,Loc 0 0) (2,Loc 0 0) ⇔ F
kv_value_4_0_64=⊢ key_val_compare (0,Loc 0 1) (0,Word 0w) ⇔ F
kv_value_4_1_64=⊢ key_val_compare (0,Loc 0 1) (0,Word 0xFFFFFFFFFFFFFFFFw) ⇔ F
kv_value_4_2_64=⊢ key_val_compare (0,Loc 0 1) (0,Word 0x8000000000000000w) ⇔ F
kv_value_4_3_64=⊢ key_val_compare (0,Loc 0 1) (0,Loc 0 0) ⇔ T
kv_value_4_4_64=⊢ key_val_compare (0,Loc 0 1) (0,Loc 0 1) ⇔ T
kv_value_4_5_64=⊢ key_val_compare (0,Loc 0 1) (0,Loc 1 0) ⇔ F
kv_value_4_6_64=⊢ key_val_compare (0,Loc 0 1) (1,Word 0w) ⇔ F
kv_value_4_7_64=⊢ key_val_compare (0,Loc 0 1) (2,Loc 0 0) ⇔ F
kv_value_5_0_64=⊢ key_val_compare (0,Loc 1 0) (0,Word 0w) ⇔ F
kv_value_5_1_64=⊢ key_val_compare (0,Loc 1 0) (0,Word 0xFFFFFFFFFFFFFFFFw) ⇔ F
kv_value_5_2_64=⊢ key_val_compare (0,Loc 1 0) (0,Word 0x8000000000000000w) ⇔ F
kv_value_5_3_64=⊢ key_val_compare (0,Loc 1 0) (0,Loc 0 0) ⇔ T
kv_value_5_4_64=⊢ key_val_compare (0,Loc 1 0) (0,Loc 0 1) ⇔ T
kv_value_5_5_64=⊢ key_val_compare (0,Loc 1 0) (0,Loc 1 0) ⇔ T
kv_value_5_6_64=⊢ key_val_compare (0,Loc 1 0) (1,Word 0w) ⇔ F
kv_value_5_7_64=⊢ key_val_compare (0,Loc 1 0) (2,Loc 0 0) ⇔ F
kv_value_6_0_64=⊢ key_val_compare (1,Word 0w) (0,Word 0w) ⇔ T
kv_value_6_1_64=⊢ key_val_compare (1,Word 0w) (0,Word 0xFFFFFFFFFFFFFFFFw) ⇔ T
kv_value_6_2_64=⊢ key_val_compare (1,Word 0w) (0,Word 0x8000000000000000w) ⇔ T
kv_value_6_3_64=⊢ key_val_compare (1,Word 0w) (0,Loc 0 0) ⇔ T
kv_value_6_4_64=⊢ key_val_compare (1,Word 0w) (0,Loc 0 1) ⇔ T
kv_value_6_5_64=⊢ key_val_compare (1,Word 0w) (0,Loc 1 0) ⇔ T
kv_value_6_6_64=⊢ key_val_compare (1,Word 0w) (1,Word 0w) ⇔ T
kv_value_6_7_64=⊢ key_val_compare (1,Word 0w) (2,Loc 0 0) ⇔ F
kv_value_7_0_64=⊢ key_val_compare (2,Loc 0 0) (0,Word 0w) ⇔ T
kv_value_7_1_64=⊢ key_val_compare (2,Loc 0 0) (0,Word 0xFFFFFFFFFFFFFFFFw) ⇔ T
kv_value_7_2_64=⊢ key_val_compare (2,Loc 0 0) (0,Word 0x8000000000000000w) ⇔ T
kv_value_7_3_64=⊢ key_val_compare (2,Loc 0 0) (0,Loc 0 0) ⇔ T
kv_value_7_4_64=⊢ key_val_compare (2,Loc 0 0) (0,Loc 0 1) ⇔ T
kv_value_7_5_64=⊢ key_val_compare (2,Loc 0 0) (0,Loc 1 0) ⇔ T
kv_value_7_6_64=⊢ key_val_compare (2,Loc 0 0) (1,Word 0w) ⇔ T
kv_value_7_7_64=⊢ key_val_compare (2,Loc 0 0) (2,Loc 0 0) ⇔ T
kv_transit_0_64=⊢ key_val_compare (0,Word 0xFFFFFFFFFFFFFFFFw) (0,Word 0w) ∧ key_val_compare (0,Word 0w) (0,Word 0x8000000000000000w) ⇒ key_val_compare (0,Word 0xFFFFFFFFFFFFFFFFw) (0,Word 0x8000000000000000w) ⇔ T
kv_transit_1_64=⊢ key_val_compare (0,Word 0xFFFFFFFFFFFFFFFFw) (0,Word 0w) ∧ key_val_compare (0,Word 0w) (0,Loc 0 0) ⇒ key_val_compare (0,Word 0xFFFFFFFFFFFFFFFFw) (0,Loc 0 0) ⇔ T
kv_transit_2_64=⊢ key_val_compare (0,Word 0xFFFFFFFFFFFFFFFFw) (0,Loc 0 0) ∧ key_val_compare (0,Loc 0 0) (0,Word 0w) ⇒ key_val_compare (0,Word 0xFFFFFFFFFFFFFFFFw) (0,Word 0w) ⇔ T
kv_transit_3_64=⊢ key_val_compare (0,Word 0xFFFFFFFFFFFFFFFFw) (0,Loc 0 0) ∧ key_val_compare (0,Loc 0 0) (0,Loc 0 1) ⇒ key_val_compare (0,Word 0xFFFFFFFFFFFFFFFFw) (0,Loc 0 1) ⇔ T
kv_transit_4_64=⊢ key_val_compare (0,Loc 0 0) (0,Word 0xFFFFFFFFFFFFFFFFw) ∧ key_val_compare (0,Word 0xFFFFFFFFFFFFFFFFw) (0,Word 0w) ⇒ key_val_compare (0,Loc 0 0) (0,Word 0w) ⇔ T
kv_transit_5_64=⊢ key_val_compare (0,Loc 0 0) (0,Word 0xFFFFFFFFFFFFFFFFw) ∧ key_val_compare (0,Word 0xFFFFFFFFFFFFFFFFw) (0,Loc 0 1) ⇒ key_val_compare (0,Loc 0 0) (0,Loc 0 1) ⇔ T
kv_transit_6_64=⊢ key_val_compare (0,Loc 1 0) (0,Loc 0 1) ∧ key_val_compare (0,Loc 0 1) (0,Word 0w) ⇒ key_val_compare (0,Loc 1 0) (0,Word 0w) ⇔ T
kv_transit_7_64=⊢ key_val_compare (0,Loc 1 0) (0,Loc 0 1) ∧ key_val_compare (0,Loc 0 1) (0,Loc 0 0) ⇒ key_val_compare (0,Loc 1 0) (0,Loc 0 0) ⇔ T
kv_value_0_0_80=⊢ key_val_compare (0,Word 0w) (0,Word 0w) ⇔ T
kv_value_0_1_80=⊢ key_val_compare (0,Word 0w) (0,Word 0xFFFFFFFFFFFFFFFFFFFFw) ⇔ F
kv_value_0_2_80=⊢ key_val_compare (0,Word 0w) (0,Word 0x80000000000000000000w) ⇔ F
kv_value_0_3_80=⊢ key_val_compare (0,Word 0w) (0,Loc 0 0) ⇔ T
kv_value_0_4_80=⊢ key_val_compare (0,Word 0w) (0,Loc 0 1) ⇔ T
kv_value_0_5_80=⊢ key_val_compare (0,Word 0w) (0,Loc 1 0) ⇔ T
kv_value_0_6_80=⊢ key_val_compare (0,Word 0w) (1,Word 0w) ⇔ F
kv_value_0_7_80=⊢ key_val_compare (0,Word 0w) (2,Loc 0 0) ⇔ F
kv_value_1_0_80=⊢ key_val_compare (0,Word 0xFFFFFFFFFFFFFFFFFFFFw) (0,Word 0w) ⇔ T
kv_value_1_1_80=⊢ key_val_compare (0,Word 0xFFFFFFFFFFFFFFFFFFFFw) (0,Word 0xFFFFFFFFFFFFFFFFFFFFw) ⇔ T
kv_value_1_2_80=⊢ key_val_compare (0,Word 0xFFFFFFFFFFFFFFFFFFFFw) (0,Word 0x80000000000000000000w) ⇔ F
kv_value_1_3_80=⊢ key_val_compare (0,Word 0xFFFFFFFFFFFFFFFFFFFFw) (0,Loc 0 0) ⇔ T
kv_value_1_4_80=⊢ key_val_compare (0,Word 0xFFFFFFFFFFFFFFFFFFFFw) (0,Loc 0 1) ⇔ T
kv_value_1_5_80=⊢ key_val_compare (0,Word 0xFFFFFFFFFFFFFFFFFFFFw) (0,Loc 1 0) ⇔ T
kv_value_1_6_80=⊢ key_val_compare (0,Word 0xFFFFFFFFFFFFFFFFFFFFw) (1,Word 0w) ⇔ F
kv_value_1_7_80=⊢ key_val_compare (0,Word 0xFFFFFFFFFFFFFFFFFFFFw) (2,Loc 0 0) ⇔ F
kv_value_2_0_80=⊢ key_val_compare (0,Word 0x80000000000000000000w) (0,Word 0w) ⇔ T
kv_value_2_1_80=⊢ key_val_compare (0,Word 0x80000000000000000000w) (0,Word 0xFFFFFFFFFFFFFFFFFFFFw) ⇔ T
kv_value_2_2_80=⊢ key_val_compare (0,Word 0x80000000000000000000w) (0,Word 0x80000000000000000000w) ⇔ T
kv_value_2_3_80=⊢ key_val_compare (0,Word 0x80000000000000000000w) (0,Loc 0 0) ⇔ T
kv_value_2_4_80=⊢ key_val_compare (0,Word 0x80000000000000000000w) (0,Loc 0 1) ⇔ T
kv_value_2_5_80=⊢ key_val_compare (0,Word 0x80000000000000000000w) (0,Loc 1 0) ⇔ T
kv_value_2_6_80=⊢ key_val_compare (0,Word 0x80000000000000000000w) (1,Word 0w) ⇔ F
kv_value_2_7_80=⊢ key_val_compare (0,Word 0x80000000000000000000w) (2,Loc 0 0) ⇔ F
kv_value_3_0_80=⊢ key_val_compare (0,Loc 0 0) (0,Word 0w) ⇔ F
kv_value_3_1_80=⊢ key_val_compare (0,Loc 0 0) (0,Word 0xFFFFFFFFFFFFFFFFFFFFw) ⇔ F
kv_value_3_2_80=⊢ key_val_compare (0,Loc 0 0) (0,Word 0x80000000000000000000w) ⇔ F
kv_value_3_3_80=⊢ key_val_compare (0,Loc 0 0) (0,Loc 0 0) ⇔ T
kv_value_3_4_80=⊢ key_val_compare (0,Loc 0 0) (0,Loc 0 1) ⇔ F
kv_value_3_5_80=⊢ key_val_compare (0,Loc 0 0) (0,Loc 1 0) ⇔ F
kv_value_3_6_80=⊢ key_val_compare (0,Loc 0 0) (1,Word 0w) ⇔ F
kv_value_3_7_80=⊢ key_val_compare (0,Loc 0 0) (2,Loc 0 0) ⇔ F
kv_value_4_0_80=⊢ key_val_compare (0,Loc 0 1) (0,Word 0w) ⇔ F
kv_value_4_1_80=⊢ key_val_compare (0,Loc 0 1) (0,Word 0xFFFFFFFFFFFFFFFFFFFFw) ⇔ F
kv_value_4_2_80=⊢ key_val_compare (0,Loc 0 1) (0,Word 0x80000000000000000000w) ⇔ F
kv_value_4_3_80=⊢ key_val_compare (0,Loc 0 1) (0,Loc 0 0) ⇔ T
kv_value_4_4_80=⊢ key_val_compare (0,Loc 0 1) (0,Loc 0 1) ⇔ T
kv_value_4_5_80=⊢ key_val_compare (0,Loc 0 1) (0,Loc 1 0) ⇔ F
kv_value_4_6_80=⊢ key_val_compare (0,Loc 0 1) (1,Word 0w) ⇔ F
kv_value_4_7_80=⊢ key_val_compare (0,Loc 0 1) (2,Loc 0 0) ⇔ F
kv_value_5_0_80=⊢ key_val_compare (0,Loc 1 0) (0,Word 0w) ⇔ F
kv_value_5_1_80=⊢ key_val_compare (0,Loc 1 0) (0,Word 0xFFFFFFFFFFFFFFFFFFFFw) ⇔ F
kv_value_5_2_80=⊢ key_val_compare (0,Loc 1 0) (0,Word 0x80000000000000000000w) ⇔ F
kv_value_5_3_80=⊢ key_val_compare (0,Loc 1 0) (0,Loc 0 0) ⇔ T
kv_value_5_4_80=⊢ key_val_compare (0,Loc 1 0) (0,Loc 0 1) ⇔ T
kv_value_5_5_80=⊢ key_val_compare (0,Loc 1 0) (0,Loc 1 0) ⇔ T
kv_value_5_6_80=⊢ key_val_compare (0,Loc 1 0) (1,Word 0w) ⇔ F
kv_value_5_7_80=⊢ key_val_compare (0,Loc 1 0) (2,Loc 0 0) ⇔ F
kv_value_6_0_80=⊢ key_val_compare (1,Word 0w) (0,Word 0w) ⇔ T
kv_value_6_1_80=⊢ key_val_compare (1,Word 0w) (0,Word 0xFFFFFFFFFFFFFFFFFFFFw) ⇔ T
kv_value_6_2_80=⊢ key_val_compare (1,Word 0w) (0,Word 0x80000000000000000000w) ⇔ T
kv_value_6_3_80=⊢ key_val_compare (1,Word 0w) (0,Loc 0 0) ⇔ T
kv_value_6_4_80=⊢ key_val_compare (1,Word 0w) (0,Loc 0 1) ⇔ T
kv_value_6_5_80=⊢ key_val_compare (1,Word 0w) (0,Loc 1 0) ⇔ T
kv_value_6_6_80=⊢ key_val_compare (1,Word 0w) (1,Word 0w) ⇔ T
kv_value_6_7_80=⊢ key_val_compare (1,Word 0w) (2,Loc 0 0) ⇔ F
kv_value_7_0_80=⊢ key_val_compare (2,Loc 0 0) (0,Word 0w) ⇔ T
kv_value_7_1_80=⊢ key_val_compare (2,Loc 0 0) (0,Word 0xFFFFFFFFFFFFFFFFFFFFw) ⇔ T
kv_value_7_2_80=⊢ key_val_compare (2,Loc 0 0) (0,Word 0x80000000000000000000w) ⇔ T
kv_value_7_3_80=⊢ key_val_compare (2,Loc 0 0) (0,Loc 0 0) ⇔ T
kv_value_7_4_80=⊢ key_val_compare (2,Loc 0 0) (0,Loc 0 1) ⇔ T
kv_value_7_5_80=⊢ key_val_compare (2,Loc 0 0) (0,Loc 1 0) ⇔ T
kv_value_7_6_80=⊢ key_val_compare (2,Loc 0 0) (1,Word 0w) ⇔ T
kv_value_7_7_80=⊢ key_val_compare (2,Loc 0 0) (2,Loc 0 0) ⇔ T
kv_transit_0_80=⊢ key_val_compare (0,Word 0xFFFFFFFFFFFFFFFFFFFFw) (0,Word 0w) ∧ key_val_compare (0,Word 0w) (0,Word 0x80000000000000000000w) ⇒ key_val_compare (0,Word 0xFFFFFFFFFFFFFFFFFFFFw) (0,Word 0x80000000000000000000w) ⇔ T
kv_transit_1_80=⊢ key_val_compare (0,Word 0xFFFFFFFFFFFFFFFFFFFFw) (0,Word 0w) ∧ key_val_compare (0,Word 0w) (0,Loc 0 0) ⇒ key_val_compare (0,Word 0xFFFFFFFFFFFFFFFFFFFFw) (0,Loc 0 0) ⇔ T
kv_transit_2_80=⊢ key_val_compare (0,Word 0xFFFFFFFFFFFFFFFFFFFFw) (0,Loc 0 0) ∧ key_val_compare (0,Loc 0 0) (0,Word 0w) ⇒ key_val_compare (0,Word 0xFFFFFFFFFFFFFFFFFFFFw) (0,Word 0w) ⇔ T
kv_transit_3_80=⊢ key_val_compare (0,Word 0xFFFFFFFFFFFFFFFFFFFFw) (0,Loc 0 0) ∧ key_val_compare (0,Loc 0 0) (0,Loc 0 1) ⇒ key_val_compare (0,Word 0xFFFFFFFFFFFFFFFFFFFFw) (0,Loc 0 1) ⇔ T
kv_transit_4_80=⊢ key_val_compare (0,Loc 0 0) (0,Word 0xFFFFFFFFFFFFFFFFFFFFw) ∧ key_val_compare (0,Word 0xFFFFFFFFFFFFFFFFFFFFw) (0,Word 0w) ⇒ key_val_compare (0,Loc 0 0) (0,Word 0w) ⇔ T
kv_transit_5_80=⊢ key_val_compare (0,Loc 0 0) (0,Word 0xFFFFFFFFFFFFFFFFFFFFw) ∧ key_val_compare (0,Word 0xFFFFFFFFFFFFFFFFFFFFw) (0,Loc 0 1) ⇒ key_val_compare (0,Loc 0 0) (0,Loc 0 1) ⇔ T
kv_transit_6_80=⊢ key_val_compare (0,Loc 1 0) (0,Loc 0 1) ∧ key_val_compare (0,Loc 0 1) (0,Word 0w) ⇒ key_val_compare (0,Loc 1 0) (0,Word 0w) ⇔ T
kv_transit_7_80=⊢ key_val_compare (0,Loc 1 0) (0,Loc 0 1) ∧ key_val_compare (0,Loc 0 1) (0,Loc 0 0) ⇒ key_val_compare (0,Loc 1 0) (0,Loc 0 0) ⇔ T
kv_type_compare=:bool
kv_type_word=:80 word_loc
