wts_prog_zero_registers=T
wts_prog_register_only=T
wts_prog_exact_register_args=T
wts_prog_first_stack_arg=T
wts_prog_three_stack_args=T
wts_prog_all_stack_args=T
wts_prog_huge_register_count=T
wts_prog_var_boundary=T
wts_prog_var_first_stack=T
wts_prog_var_odd_stack=T
wts_prog_vars_exceed_args=T
wts_prog_args_exceed_vars=T
wts_prog_perf_tick=T
wts_prog_width_one=T
wts_prog_list_empty=T
wts_prog_list_generic=T
wts_prog_list_duplicates=T
wts_prog_bitmap_order=T
wts_prog_bitmap_reverse=T
wts_prog_bitmap_multiword=T
wts_prog_bitmap_zero_frame=T
