rbi_full_inst=⊢ ∀c perf i bs frame. post_alloc_conventions (FST frame) (Inst i) ∧ 4 ≤ FST frame ∧ (perf ⇔ F) ⇒ reg_bound (FST (comp c perf (Inst i) bs frame)) (FST frame + 2)
rbi_full_share=⊢ ∀c perf op v exp bs frame. post_alloc_conventions (FST frame) (ShareInst op v exp) ∧ 4 ≤ FST frame ∧ (perf ⇔ F) ⇒ reg_bound (FST (comp c perf (ShareInst op v exp) bs frame)) (FST frame + 2)
rbi_1_0_skip_guard=T
rbi_1_0_skip_target=T
rbi_1_0_const_guard=T
rbi_1_0_const_target=T
rbi_1_0_binop_imm_guard=T
rbi_1_0_binop_imm_target=T
rbi_1_0_binop_reg_guard=T
rbi_1_0_binop_reg_target=T
rbi_1_0_shift_imm_guard=T
rbi_1_0_shift_imm_target=T
rbi_1_0_shift_reg_guard=T
rbi_1_0_shift_reg_target=T
rbi_1_0_div_guard=T
rbi_1_0_div_target=T
rbi_1_0_long_mul_guard=T
rbi_1_0_long_mul_target=T
rbi_1_0_long_div_guard=T
rbi_1_0_long_div_target=T
rbi_1_0_carry_guard=T
rbi_1_0_carry_target=T
rbi_1_0_add_overflow_guard=T
rbi_1_0_add_overflow_target=T
rbi_1_0_sub_overflow_guard=T
rbi_1_0_sub_overflow_target=T
rbi_1_0_load_guard=T
rbi_1_0_load_target=T
rbi_1_0_load8_guard=T
rbi_1_0_load8_target=T
rbi_1_0_load16_guard=T
rbi_1_0_load16_target=T
rbi_1_0_load32_guard=T
rbi_1_0_load32_target=T
rbi_1_0_store_guard=T
rbi_1_0_store_target=T
rbi_1_0_store8_guard=T
rbi_1_0_store8_target=T
rbi_1_0_store16_guard=T
rbi_1_0_store16_target=T
rbi_1_0_store32_guard=T
rbi_1_0_store32_target=T
rbi_1_0_fpless_guard=T
rbi_1_0_fpless_target=T
rbi_1_0_fplessequal_guard=T
rbi_1_0_fplessequal_target=T
rbi_1_0_fpequal_guard=T
rbi_1_0_fpequal_target=T
rbi_1_0_fpabs_guard=T
rbi_1_0_fpabs_target=T
rbi_1_0_fpneg_guard=T
rbi_1_0_fpneg_target=T
rbi_1_0_fpsqrt_guard=T
rbi_1_0_fpsqrt_target=T
rbi_1_0_fpadd_guard=T
rbi_1_0_fpadd_target=T
rbi_1_0_fpsub_guard=T
rbi_1_0_fpsub_target=T
rbi_1_0_fpmul_guard=T
rbi_1_0_fpmul_target=T
rbi_1_0_fpdiv_guard=T
rbi_1_0_fpdiv_target=T
rbi_1_0_fpfma_guard=T
rbi_1_0_fpfma_target=T
rbi_1_0_fpmov_guard=T
rbi_1_0_fpmov_target=T
rbi_1_0_fpmovtoreg_guard=T
rbi_1_0_fpmovtoreg_target=T
rbi_1_0_fpmovfromreg_guard=T
rbi_1_0_fpmovfromreg_target=T
rbi_1_0_fptoint_guard=T
rbi_1_0_fptoint_target=T
rbi_1_0_fpfromint_guard=T
rbi_1_0_fpfromint_target=T
rbi_1_0_fpmovtoreg1_guard=T
rbi_1_0_fpmovtoreg1_target=T
rbi_1_0_fpmovfromreg1_guard=T
rbi_1_0_fpmovfromreg1_target=T
rbi_1_0_fpmovtoreg32_guard=T
rbi_1_0_fpmovtoreg32_target=T
rbi_1_0_fpmovfromreg32_guard=T
rbi_1_0_fpmovfromreg32_target=T
rbi_1_0_fpmovtoreg80_guard=T
rbi_1_0_fpmovtoreg80_target=T
rbi_1_0_fpmovfromreg80_guard=T
rbi_1_0_fpmovfromreg80_target=T
rbi_1_0_share_Load_0_guard=T
rbi_1_0_share_Load_0_target=T
rbi_1_0_share_Load_1_guard=T
rbi_1_0_share_Load_1_target=T
rbi_1_0_share_Load_2_guard=T
rbi_1_0_share_Load_2_target=T
rbi_1_0_share_Load8_0_guard=T
rbi_1_0_share_Load8_0_target=T
rbi_1_0_share_Load8_1_guard=T
rbi_1_0_share_Load8_1_target=T
rbi_1_0_share_Load8_2_guard=T
rbi_1_0_share_Load8_2_target=T
rbi_1_0_share_Load16_0_guard=T
rbi_1_0_share_Load16_0_target=T
rbi_1_0_share_Load16_1_guard=T
rbi_1_0_share_Load16_1_target=T
rbi_1_0_share_Load16_2_guard=T
rbi_1_0_share_Load16_2_target=T
rbi_1_0_share_Load32_0_guard=T
rbi_1_0_share_Load32_0_target=T
rbi_1_0_share_Load32_1_guard=T
rbi_1_0_share_Load32_1_target=T
rbi_1_0_share_Load32_2_guard=T
rbi_1_0_share_Load32_2_target=T
rbi_1_0_share_Store_0_guard=T
rbi_1_0_share_Store_0_target=T
rbi_1_0_share_Store_1_guard=T
rbi_1_0_share_Store_1_target=T
rbi_1_0_share_Store_2_guard=T
rbi_1_0_share_Store_2_target=T
rbi_1_0_share_Store8_0_guard=T
rbi_1_0_share_Store8_0_target=T
rbi_1_0_share_Store8_1_guard=T
rbi_1_0_share_Store8_1_target=T
rbi_1_0_share_Store8_2_guard=T
rbi_1_0_share_Store8_2_target=T
rbi_1_0_share_Store16_0_guard=T
rbi_1_0_share_Store16_0_target=T
rbi_1_0_share_Store16_1_guard=T
rbi_1_0_share_Store16_1_target=T
rbi_1_0_share_Store16_2_guard=T
rbi_1_0_share_Store16_2_target=T
rbi_1_0_share_Store32_0_guard=T
rbi_1_0_share_Store32_0_target=T
rbi_1_0_share_Store32_1_guard=T
rbi_1_0_share_Store32_1_target=T
rbi_1_0_share_Store32_2_guard=T
rbi_1_0_share_Store32_2_target=T
rbi_1_1_skip_guard=T
rbi_1_1_skip_target=T
rbi_1_1_const_guard=T
rbi_1_1_const_target=T
rbi_1_1_binop_imm_guard=T
rbi_1_1_binop_imm_target=T
rbi_1_1_binop_reg_guard=T
rbi_1_1_binop_reg_target=T
rbi_1_1_shift_imm_guard=T
rbi_1_1_shift_imm_target=T
rbi_1_1_shift_reg_guard=T
rbi_1_1_shift_reg_target=T
rbi_1_1_div_guard=T
rbi_1_1_div_target=T
rbi_1_1_long_mul_guard=T
rbi_1_1_long_mul_target=T
rbi_1_1_long_div_guard=T
rbi_1_1_long_div_target=T
rbi_1_1_carry_guard=T
rbi_1_1_carry_target=T
rbi_1_1_add_overflow_guard=T
rbi_1_1_add_overflow_target=T
rbi_1_1_sub_overflow_guard=T
rbi_1_1_sub_overflow_target=T
rbi_1_1_load_guard=T
rbi_1_1_load_target=T
rbi_1_1_load8_guard=T
rbi_1_1_load8_target=T
rbi_1_1_load16_guard=T
rbi_1_1_load16_target=T
rbi_1_1_load32_guard=T
rbi_1_1_load32_target=T
rbi_1_1_store_guard=T
rbi_1_1_store_target=T
rbi_1_1_store8_guard=T
rbi_1_1_store8_target=T
rbi_1_1_store16_guard=T
rbi_1_1_store16_target=T
rbi_1_1_store32_guard=T
rbi_1_1_store32_target=T
rbi_1_1_fpless_guard=T
rbi_1_1_fpless_target=T
rbi_1_1_fplessequal_guard=T
rbi_1_1_fplessequal_target=T
rbi_1_1_fpequal_guard=T
rbi_1_1_fpequal_target=T
rbi_1_1_fpabs_guard=T
rbi_1_1_fpabs_target=T
rbi_1_1_fpneg_guard=T
rbi_1_1_fpneg_target=T
rbi_1_1_fpsqrt_guard=T
rbi_1_1_fpsqrt_target=T
rbi_1_1_fpadd_guard=T
rbi_1_1_fpadd_target=T
rbi_1_1_fpsub_guard=T
rbi_1_1_fpsub_target=T
rbi_1_1_fpmul_guard=T
rbi_1_1_fpmul_target=T
rbi_1_1_fpdiv_guard=T
rbi_1_1_fpdiv_target=T
rbi_1_1_fpfma_guard=T
rbi_1_1_fpfma_target=T
rbi_1_1_fpmov_guard=T
rbi_1_1_fpmov_target=T
rbi_1_1_fpmovtoreg_guard=T
rbi_1_1_fpmovtoreg_target=T
rbi_1_1_fpmovfromreg_guard=T
rbi_1_1_fpmovfromreg_target=T
rbi_1_1_fptoint_guard=T
rbi_1_1_fptoint_target=T
rbi_1_1_fpfromint_guard=T
rbi_1_1_fpfromint_target=T
rbi_1_1_fpmovtoreg1_guard=T
rbi_1_1_fpmovtoreg1_target=T
rbi_1_1_fpmovfromreg1_guard=T
rbi_1_1_fpmovfromreg1_target=T
rbi_1_1_fpmovtoreg32_guard=T
rbi_1_1_fpmovtoreg32_target=T
rbi_1_1_fpmovfromreg32_guard=T
rbi_1_1_fpmovfromreg32_target=T
rbi_1_1_fpmovtoreg80_guard=T
rbi_1_1_fpmovtoreg80_target=T
rbi_1_1_fpmovfromreg80_guard=T
rbi_1_1_fpmovfromreg80_target=T
rbi_1_1_share_Load_0_guard=T
rbi_1_1_share_Load_0_target=T
rbi_1_1_share_Load_1_guard=T
rbi_1_1_share_Load_1_target=T
rbi_1_1_share_Load_2_guard=T
rbi_1_1_share_Load_2_target=T
rbi_1_1_share_Load8_0_guard=T
rbi_1_1_share_Load8_0_target=T
rbi_1_1_share_Load8_1_guard=T
rbi_1_1_share_Load8_1_target=T
rbi_1_1_share_Load8_2_guard=T
rbi_1_1_share_Load8_2_target=T
rbi_1_1_share_Load16_0_guard=T
rbi_1_1_share_Load16_0_target=T
rbi_1_1_share_Load16_1_guard=T
rbi_1_1_share_Load16_1_target=T
rbi_1_1_share_Load16_2_guard=T
rbi_1_1_share_Load16_2_target=T
rbi_1_1_share_Load32_0_guard=T
rbi_1_1_share_Load32_0_target=T
rbi_1_1_share_Load32_1_guard=T
rbi_1_1_share_Load32_1_target=T
rbi_1_1_share_Load32_2_guard=T
rbi_1_1_share_Load32_2_target=T
rbi_1_1_share_Store_0_guard=T
rbi_1_1_share_Store_0_target=T
rbi_1_1_share_Store_1_guard=T
rbi_1_1_share_Store_1_target=T
rbi_1_1_share_Store_2_guard=T
rbi_1_1_share_Store_2_target=T
rbi_1_1_share_Store8_0_guard=T
rbi_1_1_share_Store8_0_target=T
rbi_1_1_share_Store8_1_guard=T
rbi_1_1_share_Store8_1_target=T
rbi_1_1_share_Store8_2_guard=T
rbi_1_1_share_Store8_2_target=T
rbi_1_1_share_Store16_0_guard=T
rbi_1_1_share_Store16_0_target=T
rbi_1_1_share_Store16_1_guard=T
rbi_1_1_share_Store16_1_target=T
rbi_1_1_share_Store16_2_guard=T
rbi_1_1_share_Store16_2_target=T
rbi_1_1_share_Store32_0_guard=T
rbi_1_1_share_Store32_0_target=T
rbi_1_1_share_Store32_1_guard=T
rbi_1_1_share_Store32_1_target=T
rbi_1_1_share_Store32_2_guard=T
rbi_1_1_share_Store32_2_target=T
rbi_2_0_skip_guard=T
rbi_2_0_skip_target=T
rbi_2_0_const_guard=T
rbi_2_0_const_target=T
rbi_2_0_binop_imm_guard=T
rbi_2_0_binop_imm_target=T
rbi_2_0_binop_reg_guard=T
rbi_2_0_binop_reg_target=T
rbi_2_0_shift_imm_guard=T
rbi_2_0_shift_imm_target=T
rbi_2_0_shift_reg_guard=T
rbi_2_0_shift_reg_target=T
rbi_2_0_div_guard=T
rbi_2_0_div_target=T
rbi_2_0_long_mul_guard=T
rbi_2_0_long_mul_target=T
rbi_2_0_long_div_guard=T
rbi_2_0_long_div_target=T
rbi_2_0_carry_guard=T
rbi_2_0_carry_target=T
rbi_2_0_add_overflow_guard=T
rbi_2_0_add_overflow_target=T
rbi_2_0_sub_overflow_guard=T
rbi_2_0_sub_overflow_target=T
rbi_2_0_load_guard=T
rbi_2_0_load_target=T
rbi_2_0_load8_guard=T
rbi_2_0_load8_target=T
rbi_2_0_load16_guard=T
rbi_2_0_load16_target=T
rbi_2_0_load32_guard=T
rbi_2_0_load32_target=T
rbi_2_0_store_guard=T
rbi_2_0_store_target=T
rbi_2_0_store8_guard=T
rbi_2_0_store8_target=T
rbi_2_0_store16_guard=T
rbi_2_0_store16_target=T
rbi_2_0_store32_guard=T
rbi_2_0_store32_target=T
rbi_2_0_fpless_guard=T
rbi_2_0_fpless_target=T
rbi_2_0_fplessequal_guard=T
rbi_2_0_fplessequal_target=T
rbi_2_0_fpequal_guard=T
rbi_2_0_fpequal_target=T
rbi_2_0_fpabs_guard=T
rbi_2_0_fpabs_target=T
rbi_2_0_fpneg_guard=T
rbi_2_0_fpneg_target=T
rbi_2_0_fpsqrt_guard=T
rbi_2_0_fpsqrt_target=T
rbi_2_0_fpadd_guard=T
rbi_2_0_fpadd_target=T
rbi_2_0_fpsub_guard=T
rbi_2_0_fpsub_target=T
rbi_2_0_fpmul_guard=T
rbi_2_0_fpmul_target=T
rbi_2_0_fpdiv_guard=T
rbi_2_0_fpdiv_target=T
rbi_2_0_fpfma_guard=T
rbi_2_0_fpfma_target=T
rbi_2_0_fpmov_guard=T
rbi_2_0_fpmov_target=T
rbi_2_0_fpmovtoreg_guard=T
rbi_2_0_fpmovtoreg_target=T
rbi_2_0_fpmovfromreg_guard=T
rbi_2_0_fpmovfromreg_target=T
rbi_2_0_fptoint_guard=T
rbi_2_0_fptoint_target=T
rbi_2_0_fpfromint_guard=T
rbi_2_0_fpfromint_target=T
rbi_2_0_fpmovtoreg1_guard=T
rbi_2_0_fpmovtoreg1_target=T
rbi_2_0_fpmovfromreg1_guard=T
rbi_2_0_fpmovfromreg1_target=T
rbi_2_0_fpmovtoreg32_guard=T
rbi_2_0_fpmovtoreg32_target=T
rbi_2_0_fpmovfromreg32_guard=T
rbi_2_0_fpmovfromreg32_target=T
rbi_2_0_fpmovtoreg80_guard=T
rbi_2_0_fpmovtoreg80_target=T
rbi_2_0_fpmovfromreg80_guard=T
rbi_2_0_fpmovfromreg80_target=T
rbi_2_0_share_Load_0_guard=T
rbi_2_0_share_Load_0_target=T
rbi_2_0_share_Load_1_guard=T
rbi_2_0_share_Load_1_target=T
rbi_2_0_share_Load_2_guard=T
rbi_2_0_share_Load_2_target=T
rbi_2_0_share_Load8_0_guard=T
rbi_2_0_share_Load8_0_target=T
rbi_2_0_share_Load8_1_guard=T
rbi_2_0_share_Load8_1_target=T
rbi_2_0_share_Load8_2_guard=T
rbi_2_0_share_Load8_2_target=T
rbi_2_0_share_Load16_0_guard=T
rbi_2_0_share_Load16_0_target=T
rbi_2_0_share_Load16_1_guard=T
rbi_2_0_share_Load16_1_target=T
rbi_2_0_share_Load16_2_guard=T
rbi_2_0_share_Load16_2_target=T
rbi_2_0_share_Load32_0_guard=T
rbi_2_0_share_Load32_0_target=T
rbi_2_0_share_Load32_1_guard=T
rbi_2_0_share_Load32_1_target=T
rbi_2_0_share_Load32_2_guard=T
rbi_2_0_share_Load32_2_target=T
rbi_2_0_share_Store_0_guard=T
rbi_2_0_share_Store_0_target=T
rbi_2_0_share_Store_1_guard=T
rbi_2_0_share_Store_1_target=T
rbi_2_0_share_Store_2_guard=T
rbi_2_0_share_Store_2_target=T
rbi_2_0_share_Store8_0_guard=T
rbi_2_0_share_Store8_0_target=T
rbi_2_0_share_Store8_1_guard=T
rbi_2_0_share_Store8_1_target=T
rbi_2_0_share_Store8_2_guard=T
rbi_2_0_share_Store8_2_target=T
rbi_2_0_share_Store16_0_guard=T
rbi_2_0_share_Store16_0_target=T
rbi_2_0_share_Store16_1_guard=T
rbi_2_0_share_Store16_1_target=T
rbi_2_0_share_Store16_2_guard=T
rbi_2_0_share_Store16_2_target=T
rbi_2_0_share_Store32_0_guard=T
rbi_2_0_share_Store32_0_target=T
rbi_2_0_share_Store32_1_guard=T
rbi_2_0_share_Store32_1_target=T
rbi_2_0_share_Store32_2_guard=T
rbi_2_0_share_Store32_2_target=T
rbi_2_1_skip_guard=T
rbi_2_1_skip_target=T
rbi_2_1_const_guard=T
rbi_2_1_const_target=T
rbi_2_1_binop_imm_guard=T
rbi_2_1_binop_imm_target=T
rbi_2_1_binop_reg_guard=T
rbi_2_1_binop_reg_target=T
rbi_2_1_shift_imm_guard=T
rbi_2_1_shift_imm_target=T
rbi_2_1_shift_reg_guard=T
rbi_2_1_shift_reg_target=T
rbi_2_1_div_guard=T
rbi_2_1_div_target=T
rbi_2_1_long_mul_guard=T
rbi_2_1_long_mul_target=T
rbi_2_1_long_div_guard=T
rbi_2_1_long_div_target=T
rbi_2_1_carry_guard=T
rbi_2_1_carry_target=T
rbi_2_1_add_overflow_guard=T
rbi_2_1_add_overflow_target=T
rbi_2_1_sub_overflow_guard=T
rbi_2_1_sub_overflow_target=T
rbi_2_1_load_guard=T
rbi_2_1_load_target=T
rbi_2_1_load8_guard=T
rbi_2_1_load8_target=T
rbi_2_1_load16_guard=T
rbi_2_1_load16_target=T
rbi_2_1_load32_guard=T
rbi_2_1_load32_target=T
rbi_2_1_store_guard=T
rbi_2_1_store_target=T
rbi_2_1_store8_guard=T
rbi_2_1_store8_target=T
rbi_2_1_store16_guard=T
rbi_2_1_store16_target=T
rbi_2_1_store32_guard=T
rbi_2_1_store32_target=T
rbi_2_1_fpless_guard=T
rbi_2_1_fpless_target=T
rbi_2_1_fplessequal_guard=T
rbi_2_1_fplessequal_target=T
rbi_2_1_fpequal_guard=T
rbi_2_1_fpequal_target=T
rbi_2_1_fpabs_guard=T
rbi_2_1_fpabs_target=T
rbi_2_1_fpneg_guard=T
rbi_2_1_fpneg_target=T
rbi_2_1_fpsqrt_guard=T
rbi_2_1_fpsqrt_target=T
rbi_2_1_fpadd_guard=T
rbi_2_1_fpadd_target=T
rbi_2_1_fpsub_guard=T
rbi_2_1_fpsub_target=T
rbi_2_1_fpmul_guard=T
rbi_2_1_fpmul_target=T
rbi_2_1_fpdiv_guard=T
rbi_2_1_fpdiv_target=T
rbi_2_1_fpfma_guard=T
rbi_2_1_fpfma_target=T
rbi_2_1_fpmov_guard=T
rbi_2_1_fpmov_target=T
rbi_2_1_fpmovtoreg_guard=T
rbi_2_1_fpmovtoreg_target=T
rbi_2_1_fpmovfromreg_guard=T
rbi_2_1_fpmovfromreg_target=T
rbi_2_1_fptoint_guard=T
rbi_2_1_fptoint_target=T
rbi_2_1_fpfromint_guard=T
rbi_2_1_fpfromint_target=T
rbi_2_1_fpmovtoreg1_guard=T
rbi_2_1_fpmovtoreg1_target=T
rbi_2_1_fpmovfromreg1_guard=T
rbi_2_1_fpmovfromreg1_target=T
rbi_2_1_fpmovtoreg32_guard=T
rbi_2_1_fpmovtoreg32_target=T
rbi_2_1_fpmovfromreg32_guard=T
rbi_2_1_fpmovfromreg32_target=T
rbi_2_1_fpmovtoreg80_guard=T
rbi_2_1_fpmovtoreg80_target=T
rbi_2_1_fpmovfromreg80_guard=T
rbi_2_1_fpmovfromreg80_target=T
rbi_2_1_share_Load_0_guard=T
rbi_2_1_share_Load_0_target=T
rbi_2_1_share_Load_1_guard=T
rbi_2_1_share_Load_1_target=T
rbi_2_1_share_Load_2_guard=T
rbi_2_1_share_Load_2_target=T
rbi_2_1_share_Load8_0_guard=T
rbi_2_1_share_Load8_0_target=T
rbi_2_1_share_Load8_1_guard=T
rbi_2_1_share_Load8_1_target=T
rbi_2_1_share_Load8_2_guard=T
rbi_2_1_share_Load8_2_target=T
rbi_2_1_share_Load16_0_guard=T
rbi_2_1_share_Load16_0_target=T
rbi_2_1_share_Load16_1_guard=T
rbi_2_1_share_Load16_1_target=T
rbi_2_1_share_Load16_2_guard=T
rbi_2_1_share_Load16_2_target=T
rbi_2_1_share_Load32_0_guard=T
rbi_2_1_share_Load32_0_target=T
rbi_2_1_share_Load32_1_guard=T
rbi_2_1_share_Load32_1_target=T
rbi_2_1_share_Load32_2_guard=T
rbi_2_1_share_Load32_2_target=T
rbi_2_1_share_Store_0_guard=T
rbi_2_1_share_Store_0_target=T
rbi_2_1_share_Store_1_guard=T
rbi_2_1_share_Store_1_target=T
rbi_2_1_share_Store_2_guard=T
rbi_2_1_share_Store_2_target=T
rbi_2_1_share_Store8_0_guard=T
rbi_2_1_share_Store8_0_target=T
rbi_2_1_share_Store8_1_guard=T
rbi_2_1_share_Store8_1_target=T
rbi_2_1_share_Store8_2_guard=T
rbi_2_1_share_Store8_2_target=T
rbi_2_1_share_Store16_0_guard=T
rbi_2_1_share_Store16_0_target=T
rbi_2_1_share_Store16_1_guard=T
rbi_2_1_share_Store16_1_target=T
rbi_2_1_share_Store16_2_guard=T
rbi_2_1_share_Store16_2_target=T
rbi_2_1_share_Store32_0_guard=T
rbi_2_1_share_Store32_0_target=T
rbi_2_1_share_Store32_1_guard=T
rbi_2_1_share_Store32_1_target=T
rbi_2_1_share_Store32_2_guard=T
rbi_2_1_share_Store32_2_target=T
rbi_8_0_skip_guard=T
rbi_8_0_skip_target=T
rbi_8_0_const_guard=T
rbi_8_0_const_target=T
rbi_8_0_binop_imm_guard=T
rbi_8_0_binop_imm_target=T
rbi_8_0_binop_reg_guard=T
rbi_8_0_binop_reg_target=T
rbi_8_0_shift_imm_guard=T
rbi_8_0_shift_imm_target=T
rbi_8_0_shift_reg_guard=T
rbi_8_0_shift_reg_target=T
rbi_8_0_div_guard=T
rbi_8_0_div_target=T
rbi_8_0_long_mul_guard=T
rbi_8_0_long_mul_target=T
rbi_8_0_long_div_guard=T
rbi_8_0_long_div_target=T
rbi_8_0_carry_guard=T
rbi_8_0_carry_target=T
rbi_8_0_add_overflow_guard=T
rbi_8_0_add_overflow_target=T
rbi_8_0_sub_overflow_guard=T
rbi_8_0_sub_overflow_target=T
rbi_8_0_load_guard=T
rbi_8_0_load_target=T
rbi_8_0_load8_guard=T
rbi_8_0_load8_target=T
rbi_8_0_load16_guard=T
rbi_8_0_load16_target=T
rbi_8_0_load32_guard=T
rbi_8_0_load32_target=T
rbi_8_0_store_guard=T
rbi_8_0_store_target=T
rbi_8_0_store8_guard=T
rbi_8_0_store8_target=T
rbi_8_0_store16_guard=T
rbi_8_0_store16_target=T
rbi_8_0_store32_guard=T
rbi_8_0_store32_target=T
rbi_8_0_fpless_guard=T
rbi_8_0_fpless_target=T
rbi_8_0_fplessequal_guard=T
rbi_8_0_fplessequal_target=T
rbi_8_0_fpequal_guard=T
rbi_8_0_fpequal_target=T
rbi_8_0_fpabs_guard=T
rbi_8_0_fpabs_target=T
rbi_8_0_fpneg_guard=T
rbi_8_0_fpneg_target=T
rbi_8_0_fpsqrt_guard=T
rbi_8_0_fpsqrt_target=T
rbi_8_0_fpadd_guard=T
rbi_8_0_fpadd_target=T
rbi_8_0_fpsub_guard=T
rbi_8_0_fpsub_target=T
rbi_8_0_fpmul_guard=T
rbi_8_0_fpmul_target=T
rbi_8_0_fpdiv_guard=T
rbi_8_0_fpdiv_target=T
rbi_8_0_fpfma_guard=T
rbi_8_0_fpfma_target=T
rbi_8_0_fpmov_guard=T
rbi_8_0_fpmov_target=T
rbi_8_0_fpmovtoreg_guard=T
rbi_8_0_fpmovtoreg_target=T
rbi_8_0_fpmovfromreg_guard=T
rbi_8_0_fpmovfromreg_target=T
rbi_8_0_fptoint_guard=T
rbi_8_0_fptoint_target=T
rbi_8_0_fpfromint_guard=T
rbi_8_0_fpfromint_target=T
rbi_8_0_fpmovtoreg1_guard=T
rbi_8_0_fpmovtoreg1_target=T
rbi_8_0_fpmovfromreg1_guard=T
rbi_8_0_fpmovfromreg1_target=T
rbi_8_0_fpmovtoreg32_guard=T
rbi_8_0_fpmovtoreg32_target=T
rbi_8_0_fpmovfromreg32_guard=T
rbi_8_0_fpmovfromreg32_target=T
rbi_8_0_fpmovtoreg80_guard=T
rbi_8_0_fpmovtoreg80_target=T
rbi_8_0_fpmovfromreg80_guard=T
rbi_8_0_fpmovfromreg80_target=T
rbi_8_0_share_Load_0_guard=T
rbi_8_0_share_Load_0_target=T
rbi_8_0_share_Load_1_guard=T
rbi_8_0_share_Load_1_target=T
rbi_8_0_share_Load_2_guard=T
rbi_8_0_share_Load_2_target=T
rbi_8_0_share_Load8_0_guard=T
rbi_8_0_share_Load8_0_target=T
rbi_8_0_share_Load8_1_guard=T
rbi_8_0_share_Load8_1_target=T
rbi_8_0_share_Load8_2_guard=T
rbi_8_0_share_Load8_2_target=T
rbi_8_0_share_Load16_0_guard=T
rbi_8_0_share_Load16_0_target=T
rbi_8_0_share_Load16_1_guard=T
rbi_8_0_share_Load16_1_target=T
rbi_8_0_share_Load16_2_guard=T
rbi_8_0_share_Load16_2_target=T
rbi_8_0_share_Load32_0_guard=T
rbi_8_0_share_Load32_0_target=T
rbi_8_0_share_Load32_1_guard=T
rbi_8_0_share_Load32_1_target=T
rbi_8_0_share_Load32_2_guard=T
rbi_8_0_share_Load32_2_target=T
rbi_8_0_share_Store_0_guard=T
rbi_8_0_share_Store_0_target=T
rbi_8_0_share_Store_1_guard=T
rbi_8_0_share_Store_1_target=T
rbi_8_0_share_Store_2_guard=T
rbi_8_0_share_Store_2_target=T
rbi_8_0_share_Store8_0_guard=T
rbi_8_0_share_Store8_0_target=T
rbi_8_0_share_Store8_1_guard=T
rbi_8_0_share_Store8_1_target=T
rbi_8_0_share_Store8_2_guard=T
rbi_8_0_share_Store8_2_target=T
rbi_8_0_share_Store16_0_guard=T
rbi_8_0_share_Store16_0_target=T
rbi_8_0_share_Store16_1_guard=T
rbi_8_0_share_Store16_1_target=T
rbi_8_0_share_Store16_2_guard=T
rbi_8_0_share_Store16_2_target=T
rbi_8_0_share_Store32_0_guard=T
rbi_8_0_share_Store32_0_target=T
rbi_8_0_share_Store32_1_guard=T
rbi_8_0_share_Store32_1_target=T
rbi_8_0_share_Store32_2_guard=T
rbi_8_0_share_Store32_2_target=T
rbi_8_1_skip_guard=T
rbi_8_1_skip_target=T
rbi_8_1_const_guard=T
rbi_8_1_const_target=T
rbi_8_1_binop_imm_guard=T
rbi_8_1_binop_imm_target=T
rbi_8_1_binop_reg_guard=T
rbi_8_1_binop_reg_target=T
rbi_8_1_shift_imm_guard=T
rbi_8_1_shift_imm_target=T
rbi_8_1_shift_reg_guard=T
rbi_8_1_shift_reg_target=T
rbi_8_1_div_guard=T
rbi_8_1_div_target=T
rbi_8_1_long_mul_guard=T
rbi_8_1_long_mul_target=T
rbi_8_1_long_div_guard=T
rbi_8_1_long_div_target=T
rbi_8_1_carry_guard=T
rbi_8_1_carry_target=T
rbi_8_1_add_overflow_guard=T
rbi_8_1_add_overflow_target=T
rbi_8_1_sub_overflow_guard=T
rbi_8_1_sub_overflow_target=T
rbi_8_1_load_guard=T
rbi_8_1_load_target=T
rbi_8_1_load8_guard=T
rbi_8_1_load8_target=T
rbi_8_1_load16_guard=T
rbi_8_1_load16_target=T
rbi_8_1_load32_guard=T
rbi_8_1_load32_target=T
rbi_8_1_store_guard=T
rbi_8_1_store_target=T
rbi_8_1_store8_guard=T
rbi_8_1_store8_target=T
rbi_8_1_store16_guard=T
rbi_8_1_store16_target=T
rbi_8_1_store32_guard=T
rbi_8_1_store32_target=T
rbi_8_1_fpless_guard=T
rbi_8_1_fpless_target=T
rbi_8_1_fplessequal_guard=T
rbi_8_1_fplessequal_target=T
rbi_8_1_fpequal_guard=T
rbi_8_1_fpequal_target=T
rbi_8_1_fpabs_guard=T
rbi_8_1_fpabs_target=T
rbi_8_1_fpneg_guard=T
rbi_8_1_fpneg_target=T
rbi_8_1_fpsqrt_guard=T
rbi_8_1_fpsqrt_target=T
rbi_8_1_fpadd_guard=T
rbi_8_1_fpadd_target=T
rbi_8_1_fpsub_guard=T
rbi_8_1_fpsub_target=T
rbi_8_1_fpmul_guard=T
rbi_8_1_fpmul_target=T
rbi_8_1_fpdiv_guard=T
rbi_8_1_fpdiv_target=T
rbi_8_1_fpfma_guard=T
rbi_8_1_fpfma_target=T
rbi_8_1_fpmov_guard=T
rbi_8_1_fpmov_target=T
rbi_8_1_fpmovtoreg_guard=T
rbi_8_1_fpmovtoreg_target=T
rbi_8_1_fpmovfromreg_guard=T
rbi_8_1_fpmovfromreg_target=T
rbi_8_1_fptoint_guard=T
rbi_8_1_fptoint_target=T
rbi_8_1_fpfromint_guard=T
rbi_8_1_fpfromint_target=T
rbi_8_1_fpmovtoreg1_guard=T
rbi_8_1_fpmovtoreg1_target=T
rbi_8_1_fpmovfromreg1_guard=T
rbi_8_1_fpmovfromreg1_target=T
rbi_8_1_fpmovtoreg32_guard=T
rbi_8_1_fpmovtoreg32_target=T
rbi_8_1_fpmovfromreg32_guard=T
rbi_8_1_fpmovfromreg32_target=T
rbi_8_1_fpmovtoreg80_guard=T
rbi_8_1_fpmovtoreg80_target=T
rbi_8_1_fpmovfromreg80_guard=T
rbi_8_1_fpmovfromreg80_target=T
rbi_8_1_share_Load_0_guard=T
rbi_8_1_share_Load_0_target=T
rbi_8_1_share_Load_1_guard=T
rbi_8_1_share_Load_1_target=T
rbi_8_1_share_Load_2_guard=T
rbi_8_1_share_Load_2_target=T
rbi_8_1_share_Load8_0_guard=T
rbi_8_1_share_Load8_0_target=T
rbi_8_1_share_Load8_1_guard=T
rbi_8_1_share_Load8_1_target=T
rbi_8_1_share_Load8_2_guard=T
rbi_8_1_share_Load8_2_target=T
rbi_8_1_share_Load16_0_guard=T
rbi_8_1_share_Load16_0_target=T
rbi_8_1_share_Load16_1_guard=T
rbi_8_1_share_Load16_1_target=T
rbi_8_1_share_Load16_2_guard=T
rbi_8_1_share_Load16_2_target=T
rbi_8_1_share_Load32_0_guard=T
rbi_8_1_share_Load32_0_target=T
rbi_8_1_share_Load32_1_guard=T
rbi_8_1_share_Load32_1_target=T
rbi_8_1_share_Load32_2_guard=T
rbi_8_1_share_Load32_2_target=T
rbi_8_1_share_Store_0_guard=T
rbi_8_1_share_Store_0_target=T
rbi_8_1_share_Store_1_guard=T
rbi_8_1_share_Store_1_target=T
rbi_8_1_share_Store_2_guard=T
rbi_8_1_share_Store_2_target=T
rbi_8_1_share_Store8_0_guard=T
rbi_8_1_share_Store8_0_target=T
rbi_8_1_share_Store8_1_guard=T
rbi_8_1_share_Store8_1_target=T
rbi_8_1_share_Store8_2_guard=T
rbi_8_1_share_Store8_2_target=T
rbi_8_1_share_Store16_0_guard=T
rbi_8_1_share_Store16_0_target=T
rbi_8_1_share_Store16_1_guard=T
rbi_8_1_share_Store16_1_target=T
rbi_8_1_share_Store16_2_guard=T
rbi_8_1_share_Store16_2_target=T
rbi_8_1_share_Store32_0_guard=T
rbi_8_1_share_Store32_0_target=T
rbi_8_1_share_Store32_1_guard=T
rbi_8_1_share_Store32_1_target=T
rbi_8_1_share_Store32_2_guard=T
rbi_8_1_share_Store32_2_target=T
rbi_64_0_skip_guard=T
rbi_64_0_skip_target=T
rbi_64_0_const_guard=T
rbi_64_0_const_target=T
rbi_64_0_binop_imm_guard=T
rbi_64_0_binop_imm_target=T
rbi_64_0_binop_reg_guard=T
rbi_64_0_binop_reg_target=T
rbi_64_0_shift_imm_guard=T
rbi_64_0_shift_imm_target=T
rbi_64_0_shift_reg_guard=T
rbi_64_0_shift_reg_target=T
rbi_64_0_div_guard=T
rbi_64_0_div_target=T
rbi_64_0_long_mul_guard=T
rbi_64_0_long_mul_target=T
rbi_64_0_long_div_guard=T
rbi_64_0_long_div_target=T
rbi_64_0_carry_guard=T
rbi_64_0_carry_target=T
rbi_64_0_add_overflow_guard=T
rbi_64_0_add_overflow_target=T
rbi_64_0_sub_overflow_guard=T
rbi_64_0_sub_overflow_target=T
rbi_64_0_load_guard=T
rbi_64_0_load_target=T
rbi_64_0_load8_guard=T
rbi_64_0_load8_target=T
rbi_64_0_load16_guard=T
rbi_64_0_load16_target=T
rbi_64_0_load32_guard=T
rbi_64_0_load32_target=T
rbi_64_0_store_guard=T
rbi_64_0_store_target=T
rbi_64_0_store8_guard=T
rbi_64_0_store8_target=T
rbi_64_0_store16_guard=T
rbi_64_0_store16_target=T
rbi_64_0_store32_guard=T
rbi_64_0_store32_target=T
rbi_64_0_fpless_guard=T
rbi_64_0_fpless_target=T
rbi_64_0_fplessequal_guard=T
rbi_64_0_fplessequal_target=T
rbi_64_0_fpequal_guard=T
rbi_64_0_fpequal_target=T
rbi_64_0_fpabs_guard=T
rbi_64_0_fpabs_target=T
rbi_64_0_fpneg_guard=T
rbi_64_0_fpneg_target=T
rbi_64_0_fpsqrt_guard=T
rbi_64_0_fpsqrt_target=T
rbi_64_0_fpadd_guard=T
rbi_64_0_fpadd_target=T
rbi_64_0_fpsub_guard=T
rbi_64_0_fpsub_target=T
rbi_64_0_fpmul_guard=T
rbi_64_0_fpmul_target=T
rbi_64_0_fpdiv_guard=T
rbi_64_0_fpdiv_target=T
rbi_64_0_fpfma_guard=T
rbi_64_0_fpfma_target=T
rbi_64_0_fpmov_guard=T
rbi_64_0_fpmov_target=T
rbi_64_0_fpmovtoreg_guard=T
rbi_64_0_fpmovtoreg_target=T
rbi_64_0_fpmovfromreg_guard=T
rbi_64_0_fpmovfromreg_target=T
rbi_64_0_fptoint_guard=T
rbi_64_0_fptoint_target=T
rbi_64_0_fpfromint_guard=T
rbi_64_0_fpfromint_target=T
rbi_64_0_fpmovtoreg1_guard=T
rbi_64_0_fpmovtoreg1_target=T
rbi_64_0_fpmovfromreg1_guard=T
rbi_64_0_fpmovfromreg1_target=T
rbi_64_0_fpmovtoreg32_guard=T
rbi_64_0_fpmovtoreg32_target=T
rbi_64_0_fpmovfromreg32_guard=T
rbi_64_0_fpmovfromreg32_target=T
rbi_64_0_fpmovtoreg80_guard=T
rbi_64_0_fpmovtoreg80_target=T
rbi_64_0_fpmovfromreg80_guard=T
rbi_64_0_fpmovfromreg80_target=T
rbi_64_0_share_Load_0_guard=T
rbi_64_0_share_Load_0_target=T
rbi_64_0_share_Load_1_guard=T
rbi_64_0_share_Load_1_target=T
rbi_64_0_share_Load_2_guard=T
rbi_64_0_share_Load_2_target=T
rbi_64_0_share_Load8_0_guard=T
rbi_64_0_share_Load8_0_target=T
rbi_64_0_share_Load8_1_guard=T
rbi_64_0_share_Load8_1_target=T
rbi_64_0_share_Load8_2_guard=T
rbi_64_0_share_Load8_2_target=T
rbi_64_0_share_Load16_0_guard=T
rbi_64_0_share_Load16_0_target=T
rbi_64_0_share_Load16_1_guard=T
rbi_64_0_share_Load16_1_target=T
rbi_64_0_share_Load16_2_guard=T
rbi_64_0_share_Load16_2_target=T
rbi_64_0_share_Load32_0_guard=T
rbi_64_0_share_Load32_0_target=T
rbi_64_0_share_Load32_1_guard=T
rbi_64_0_share_Load32_1_target=T
rbi_64_0_share_Load32_2_guard=T
rbi_64_0_share_Load32_2_target=T
rbi_64_0_share_Store_0_guard=T
rbi_64_0_share_Store_0_target=T
rbi_64_0_share_Store_1_guard=T
rbi_64_0_share_Store_1_target=T
rbi_64_0_share_Store_2_guard=T
rbi_64_0_share_Store_2_target=T
rbi_64_0_share_Store8_0_guard=T
rbi_64_0_share_Store8_0_target=T
rbi_64_0_share_Store8_1_guard=T
rbi_64_0_share_Store8_1_target=T
rbi_64_0_share_Store8_2_guard=T
rbi_64_0_share_Store8_2_target=T
rbi_64_0_share_Store16_0_guard=T
rbi_64_0_share_Store16_0_target=T
rbi_64_0_share_Store16_1_guard=T
rbi_64_0_share_Store16_1_target=T
rbi_64_0_share_Store16_2_guard=T
rbi_64_0_share_Store16_2_target=T
rbi_64_0_share_Store32_0_guard=T
rbi_64_0_share_Store32_0_target=T
rbi_64_0_share_Store32_1_guard=T
rbi_64_0_share_Store32_1_target=T
rbi_64_0_share_Store32_2_guard=T
rbi_64_0_share_Store32_2_target=T
rbi_64_1_skip_guard=T
rbi_64_1_skip_target=T
rbi_64_1_const_guard=T
rbi_64_1_const_target=T
rbi_64_1_binop_imm_guard=T
rbi_64_1_binop_imm_target=T
rbi_64_1_binop_reg_guard=T
rbi_64_1_binop_reg_target=T
rbi_64_1_shift_imm_guard=T
rbi_64_1_shift_imm_target=T
rbi_64_1_shift_reg_guard=T
rbi_64_1_shift_reg_target=T
rbi_64_1_div_guard=T
rbi_64_1_div_target=T
rbi_64_1_long_mul_guard=T
rbi_64_1_long_mul_target=T
rbi_64_1_long_div_guard=T
rbi_64_1_long_div_target=T
rbi_64_1_carry_guard=T
rbi_64_1_carry_target=T
rbi_64_1_add_overflow_guard=T
rbi_64_1_add_overflow_target=T
rbi_64_1_sub_overflow_guard=T
rbi_64_1_sub_overflow_target=T
rbi_64_1_load_guard=T
rbi_64_1_load_target=T
rbi_64_1_load8_guard=T
rbi_64_1_load8_target=T
rbi_64_1_load16_guard=T
rbi_64_1_load16_target=T
rbi_64_1_load32_guard=T
rbi_64_1_load32_target=T
rbi_64_1_store_guard=T
rbi_64_1_store_target=T
rbi_64_1_store8_guard=T
rbi_64_1_store8_target=T
rbi_64_1_store16_guard=T
rbi_64_1_store16_target=T
rbi_64_1_store32_guard=T
rbi_64_1_store32_target=T
rbi_64_1_fpless_guard=T
rbi_64_1_fpless_target=T
rbi_64_1_fplessequal_guard=T
rbi_64_1_fplessequal_target=T
rbi_64_1_fpequal_guard=T
rbi_64_1_fpequal_target=T
rbi_64_1_fpabs_guard=T
rbi_64_1_fpabs_target=T
rbi_64_1_fpneg_guard=T
rbi_64_1_fpneg_target=T
rbi_64_1_fpsqrt_guard=T
rbi_64_1_fpsqrt_target=T
rbi_64_1_fpadd_guard=T
rbi_64_1_fpadd_target=T
rbi_64_1_fpsub_guard=T
rbi_64_1_fpsub_target=T
rbi_64_1_fpmul_guard=T
rbi_64_1_fpmul_target=T
rbi_64_1_fpdiv_guard=T
rbi_64_1_fpdiv_target=T
rbi_64_1_fpfma_guard=T
rbi_64_1_fpfma_target=T
rbi_64_1_fpmov_guard=T
rbi_64_1_fpmov_target=T
rbi_64_1_fpmovtoreg_guard=T
rbi_64_1_fpmovtoreg_target=T
rbi_64_1_fpmovfromreg_guard=T
rbi_64_1_fpmovfromreg_target=T
rbi_64_1_fptoint_guard=T
rbi_64_1_fptoint_target=T
rbi_64_1_fpfromint_guard=T
rbi_64_1_fpfromint_target=T
rbi_64_1_fpmovtoreg1_guard=T
rbi_64_1_fpmovtoreg1_target=T
rbi_64_1_fpmovfromreg1_guard=T
rbi_64_1_fpmovfromreg1_target=T
rbi_64_1_fpmovtoreg32_guard=T
rbi_64_1_fpmovtoreg32_target=T
rbi_64_1_fpmovfromreg32_guard=T
rbi_64_1_fpmovfromreg32_target=T
rbi_64_1_fpmovtoreg80_guard=T
rbi_64_1_fpmovtoreg80_target=T
rbi_64_1_fpmovfromreg80_guard=T
rbi_64_1_fpmovfromreg80_target=T
rbi_64_1_share_Load_0_guard=T
rbi_64_1_share_Load_0_target=T
rbi_64_1_share_Load_1_guard=T
rbi_64_1_share_Load_1_target=T
rbi_64_1_share_Load_2_guard=T
rbi_64_1_share_Load_2_target=T
rbi_64_1_share_Load8_0_guard=T
rbi_64_1_share_Load8_0_target=T
rbi_64_1_share_Load8_1_guard=T
rbi_64_1_share_Load8_1_target=T
rbi_64_1_share_Load8_2_guard=T
rbi_64_1_share_Load8_2_target=T
rbi_64_1_share_Load16_0_guard=T
rbi_64_1_share_Load16_0_target=T
rbi_64_1_share_Load16_1_guard=T
rbi_64_1_share_Load16_1_target=T
rbi_64_1_share_Load16_2_guard=T
rbi_64_1_share_Load16_2_target=T
rbi_64_1_share_Load32_0_guard=T
rbi_64_1_share_Load32_0_target=T
rbi_64_1_share_Load32_1_guard=T
rbi_64_1_share_Load32_1_target=T
rbi_64_1_share_Load32_2_guard=T
rbi_64_1_share_Load32_2_target=T
rbi_64_1_share_Store_0_guard=T
rbi_64_1_share_Store_0_target=T
rbi_64_1_share_Store_1_guard=T
rbi_64_1_share_Store_1_target=T
rbi_64_1_share_Store_2_guard=T
rbi_64_1_share_Store_2_target=T
rbi_64_1_share_Store8_0_guard=T
rbi_64_1_share_Store8_0_target=T
rbi_64_1_share_Store8_1_guard=T
rbi_64_1_share_Store8_1_target=T
rbi_64_1_share_Store8_2_guard=T
rbi_64_1_share_Store8_2_target=T
rbi_64_1_share_Store16_0_guard=T
rbi_64_1_share_Store16_0_target=T
rbi_64_1_share_Store16_1_guard=T
rbi_64_1_share_Store16_1_target=T
rbi_64_1_share_Store16_2_guard=T
rbi_64_1_share_Store16_2_target=T
rbi_64_1_share_Store32_0_guard=T
rbi_64_1_share_Store32_0_target=T
rbi_64_1_share_Store32_1_guard=T
rbi_64_1_share_Store32_1_target=T
rbi_64_1_share_Store32_2_guard=T
rbi_64_1_share_Store32_2_target=T
rbi_80_0_skip_guard=T
rbi_80_0_skip_target=T
rbi_80_0_const_guard=T
rbi_80_0_const_target=T
rbi_80_0_binop_imm_guard=T
rbi_80_0_binop_imm_target=T
rbi_80_0_binop_reg_guard=T
rbi_80_0_binop_reg_target=T
rbi_80_0_shift_imm_guard=T
rbi_80_0_shift_imm_target=T
rbi_80_0_shift_reg_guard=T
rbi_80_0_shift_reg_target=T
rbi_80_0_div_guard=T
rbi_80_0_div_target=T
rbi_80_0_long_mul_guard=T
rbi_80_0_long_mul_target=T
rbi_80_0_long_div_guard=T
rbi_80_0_long_div_target=T
rbi_80_0_carry_guard=T
rbi_80_0_carry_target=T
rbi_80_0_add_overflow_guard=T
rbi_80_0_add_overflow_target=T
rbi_80_0_sub_overflow_guard=T
rbi_80_0_sub_overflow_target=T
rbi_80_0_load_guard=T
rbi_80_0_load_target=T
rbi_80_0_load8_guard=T
rbi_80_0_load8_target=T
rbi_80_0_load16_guard=T
rbi_80_0_load16_target=T
rbi_80_0_load32_guard=T
rbi_80_0_load32_target=T
rbi_80_0_store_guard=T
rbi_80_0_store_target=T
rbi_80_0_store8_guard=T
rbi_80_0_store8_target=T
rbi_80_0_store16_guard=T
rbi_80_0_store16_target=T
rbi_80_0_store32_guard=T
rbi_80_0_store32_target=T
rbi_80_0_fpless_guard=T
rbi_80_0_fpless_target=T
rbi_80_0_fplessequal_guard=T
rbi_80_0_fplessequal_target=T
rbi_80_0_fpequal_guard=T
rbi_80_0_fpequal_target=T
rbi_80_0_fpabs_guard=T
rbi_80_0_fpabs_target=T
rbi_80_0_fpneg_guard=T
rbi_80_0_fpneg_target=T
rbi_80_0_fpsqrt_guard=T
rbi_80_0_fpsqrt_target=T
rbi_80_0_fpadd_guard=T
rbi_80_0_fpadd_target=T
rbi_80_0_fpsub_guard=T
rbi_80_0_fpsub_target=T
rbi_80_0_fpmul_guard=T
rbi_80_0_fpmul_target=T
rbi_80_0_fpdiv_guard=T
rbi_80_0_fpdiv_target=T
rbi_80_0_fpfma_guard=T
rbi_80_0_fpfma_target=T
rbi_80_0_fpmov_guard=T
rbi_80_0_fpmov_target=T
rbi_80_0_fpmovtoreg_guard=T
rbi_80_0_fpmovtoreg_target=T
rbi_80_0_fpmovfromreg_guard=T
rbi_80_0_fpmovfromreg_target=T
rbi_80_0_fptoint_guard=T
rbi_80_0_fptoint_target=T
rbi_80_0_fpfromint_guard=T
rbi_80_0_fpfromint_target=T
rbi_80_0_fpmovtoreg1_guard=T
rbi_80_0_fpmovtoreg1_target=T
rbi_80_0_fpmovfromreg1_guard=T
rbi_80_0_fpmovfromreg1_target=T
rbi_80_0_fpmovtoreg32_guard=T
rbi_80_0_fpmovtoreg32_target=T
rbi_80_0_fpmovfromreg32_guard=T
rbi_80_0_fpmovfromreg32_target=T
rbi_80_0_fpmovtoreg80_guard=T
rbi_80_0_fpmovtoreg80_target=T
rbi_80_0_fpmovfromreg80_guard=T
rbi_80_0_fpmovfromreg80_target=T
rbi_80_0_share_Load_0_guard=T
rbi_80_0_share_Load_0_target=T
rbi_80_0_share_Load_1_guard=T
rbi_80_0_share_Load_1_target=T
rbi_80_0_share_Load_2_guard=T
rbi_80_0_share_Load_2_target=T
rbi_80_0_share_Load8_0_guard=T
rbi_80_0_share_Load8_0_target=T
rbi_80_0_share_Load8_1_guard=T
rbi_80_0_share_Load8_1_target=T
rbi_80_0_share_Load8_2_guard=T
rbi_80_0_share_Load8_2_target=T
rbi_80_0_share_Load16_0_guard=T
rbi_80_0_share_Load16_0_target=T
rbi_80_0_share_Load16_1_guard=T
rbi_80_0_share_Load16_1_target=T
rbi_80_0_share_Load16_2_guard=T
rbi_80_0_share_Load16_2_target=T
rbi_80_0_share_Load32_0_guard=T
rbi_80_0_share_Load32_0_target=T
rbi_80_0_share_Load32_1_guard=T
rbi_80_0_share_Load32_1_target=T
rbi_80_0_share_Load32_2_guard=T
rbi_80_0_share_Load32_2_target=T
rbi_80_0_share_Store_0_guard=T
rbi_80_0_share_Store_0_target=T
rbi_80_0_share_Store_1_guard=T
rbi_80_0_share_Store_1_target=T
rbi_80_0_share_Store_2_guard=T
rbi_80_0_share_Store_2_target=T
rbi_80_0_share_Store8_0_guard=T
rbi_80_0_share_Store8_0_target=T
rbi_80_0_share_Store8_1_guard=T
rbi_80_0_share_Store8_1_target=T
rbi_80_0_share_Store8_2_guard=T
rbi_80_0_share_Store8_2_target=T
rbi_80_0_share_Store16_0_guard=T
rbi_80_0_share_Store16_0_target=T
rbi_80_0_share_Store16_1_guard=T
rbi_80_0_share_Store16_1_target=T
rbi_80_0_share_Store16_2_guard=T
rbi_80_0_share_Store16_2_target=T
rbi_80_0_share_Store32_0_guard=T
rbi_80_0_share_Store32_0_target=T
rbi_80_0_share_Store32_1_guard=T
rbi_80_0_share_Store32_1_target=T
rbi_80_0_share_Store32_2_guard=T
rbi_80_0_share_Store32_2_target=T
rbi_80_1_skip_guard=T
rbi_80_1_skip_target=T
rbi_80_1_const_guard=T
rbi_80_1_const_target=T
rbi_80_1_binop_imm_guard=T
rbi_80_1_binop_imm_target=T
rbi_80_1_binop_reg_guard=T
rbi_80_1_binop_reg_target=T
rbi_80_1_shift_imm_guard=T
rbi_80_1_shift_imm_target=T
rbi_80_1_shift_reg_guard=T
rbi_80_1_shift_reg_target=T
rbi_80_1_div_guard=T
rbi_80_1_div_target=T
rbi_80_1_long_mul_guard=T
rbi_80_1_long_mul_target=T
rbi_80_1_long_div_guard=T
rbi_80_1_long_div_target=T
rbi_80_1_carry_guard=T
rbi_80_1_carry_target=T
rbi_80_1_add_overflow_guard=T
rbi_80_1_add_overflow_target=T
rbi_80_1_sub_overflow_guard=T
rbi_80_1_sub_overflow_target=T
rbi_80_1_load_guard=T
rbi_80_1_load_target=T
rbi_80_1_load8_guard=T
rbi_80_1_load8_target=T
rbi_80_1_load16_guard=T
rbi_80_1_load16_target=T
rbi_80_1_load32_guard=T
rbi_80_1_load32_target=T
rbi_80_1_store_guard=T
rbi_80_1_store_target=T
rbi_80_1_store8_guard=T
rbi_80_1_store8_target=T
rbi_80_1_store16_guard=T
rbi_80_1_store16_target=T
rbi_80_1_store32_guard=T
rbi_80_1_store32_target=T
rbi_80_1_fpless_guard=T
rbi_80_1_fpless_target=T
rbi_80_1_fplessequal_guard=T
rbi_80_1_fplessequal_target=T
rbi_80_1_fpequal_guard=T
rbi_80_1_fpequal_target=T
rbi_80_1_fpabs_guard=T
rbi_80_1_fpabs_target=T
rbi_80_1_fpneg_guard=T
rbi_80_1_fpneg_target=T
rbi_80_1_fpsqrt_guard=T
rbi_80_1_fpsqrt_target=T
rbi_80_1_fpadd_guard=T
rbi_80_1_fpadd_target=T
rbi_80_1_fpsub_guard=T
rbi_80_1_fpsub_target=T
rbi_80_1_fpmul_guard=T
rbi_80_1_fpmul_target=T
rbi_80_1_fpdiv_guard=T
rbi_80_1_fpdiv_target=T
rbi_80_1_fpfma_guard=T
rbi_80_1_fpfma_target=T
rbi_80_1_fpmov_guard=T
rbi_80_1_fpmov_target=T
rbi_80_1_fpmovtoreg_guard=T
rbi_80_1_fpmovtoreg_target=T
rbi_80_1_fpmovfromreg_guard=T
rbi_80_1_fpmovfromreg_target=T
rbi_80_1_fptoint_guard=T
rbi_80_1_fptoint_target=T
rbi_80_1_fpfromint_guard=T
rbi_80_1_fpfromint_target=T
rbi_80_1_fpmovtoreg1_guard=T
rbi_80_1_fpmovtoreg1_target=T
rbi_80_1_fpmovfromreg1_guard=T
rbi_80_1_fpmovfromreg1_target=T
rbi_80_1_fpmovtoreg32_guard=T
rbi_80_1_fpmovtoreg32_target=T
rbi_80_1_fpmovfromreg32_guard=T
rbi_80_1_fpmovfromreg32_target=T
rbi_80_1_fpmovtoreg80_guard=T
rbi_80_1_fpmovtoreg80_target=T
rbi_80_1_fpmovfromreg80_guard=T
rbi_80_1_fpmovfromreg80_target=T
rbi_80_1_share_Load_0_guard=T
rbi_80_1_share_Load_0_target=T
rbi_80_1_share_Load_1_guard=T
rbi_80_1_share_Load_1_target=T
rbi_80_1_share_Load_2_guard=T
rbi_80_1_share_Load_2_target=T
rbi_80_1_share_Load8_0_guard=T
rbi_80_1_share_Load8_0_target=T
rbi_80_1_share_Load8_1_guard=T
rbi_80_1_share_Load8_1_target=T
rbi_80_1_share_Load8_2_guard=T
rbi_80_1_share_Load8_2_target=T
rbi_80_1_share_Load16_0_guard=T
rbi_80_1_share_Load16_0_target=T
rbi_80_1_share_Load16_1_guard=T
rbi_80_1_share_Load16_1_target=T
rbi_80_1_share_Load16_2_guard=T
rbi_80_1_share_Load16_2_target=T
rbi_80_1_share_Load32_0_guard=T
rbi_80_1_share_Load32_0_target=T
rbi_80_1_share_Load32_1_guard=T
rbi_80_1_share_Load32_1_target=T
rbi_80_1_share_Load32_2_guard=T
rbi_80_1_share_Load32_2_target=T
rbi_80_1_share_Store_0_guard=T
rbi_80_1_share_Store_0_target=T
rbi_80_1_share_Store_1_guard=T
rbi_80_1_share_Store_1_target=T
rbi_80_1_share_Store_2_guard=T
rbi_80_1_share_Store_2_target=T
rbi_80_1_share_Store8_0_guard=T
rbi_80_1_share_Store8_0_target=T
rbi_80_1_share_Store8_1_guard=T
rbi_80_1_share_Store8_1_target=T
rbi_80_1_share_Store8_2_guard=T
rbi_80_1_share_Store8_2_target=T
rbi_80_1_share_Store16_0_guard=T
rbi_80_1_share_Store16_0_target=T
rbi_80_1_share_Store16_1_guard=T
rbi_80_1_share_Store16_1_target=T
rbi_80_1_share_Store16_2_guard=T
rbi_80_1_share_Store16_2_target=T
rbi_80_1_share_Store32_0_guard=T
rbi_80_1_share_Store32_0_target=T
rbi_80_1_share_Store32_1_guard=T
rbi_80_1_share_Store32_1_target=T
rbi_80_1_share_Store32_2_guard=T
rbi_80_1_share_Store32_2_target=T
