aac_full=⊢ ∀c perf p bs frame. (perf ⇔ F) ⇒ alloc_arg (FST (comp c perf p bs frame))
aac_1_must=T
aac_1_loop=T
aac_1_seq=T
aac_1_if=T
aac_1_tail=T
aac_1_ret=T
aac_1_handler=T
aac_2_must=T
aac_2_loop=T
aac_2_seq=T
aac_2_if=T
aac_2_tail=T
aac_2_ret=T
aac_2_handler=T
aac_8_must=T
aac_8_loop=T
aac_8_seq=T
aac_8_if=T
aac_8_tail=T
aac_8_ret=T
aac_8_handler=T
aac_64_must=T
aac_64_loop=T
aac_64_seq=T
aac_64_if=T
aac_64_tail=T
aac_64_ret=T
aac_64_handler=T
aac_80_must=T
aac_80_loop=T
aac_80_seq=T
aac_80_if=T
aac_80_tail=T
aac_80_ret=T
aac_80_handler=T
