even_colour_empty=T
even_colour_zero=T
even_colour_zero_bad=T
even_colour_physical=T
even_colour_physical_bad=T
even_colour_virtual=T
even_colour_mixed=T
even_colour_mixed_bad=T
even_colour_virtual_large=T
even_colour_physical_large=T
even_colour_physical_large_bad=T
even_colour_duplicate_first_good=T
even_colour_duplicate_first_bad=T
even_colour_duplicate_virtual=T
even_colour_no_zero=T
even_colour_last_bad=T
even_colour_empty_internal=T
even_colour_physical_root_bad=T
even_colour_virtual_left=T
even_colour_physical_right_bad=T
