cca_full=⊢ ∀c perf p bs frame. post_alloc_conventions (FST frame) p ∧ (perf ⇔ F) ⇒ call_args (FST (comp c perf p bs frame)) 1 2 3 4 0
cca_1_skip_guard=T
cca_1_skip_target=T
cca_1_move_guard=T
cca_1_move_target=T
cca_1_inst_guard=T
cca_1_inst_target=T
cca_1_assign_guard=T
cca_1_assign_target=T
cca_1_get_guard=T
cca_1_get_target=T
cca_1_set_guard=T
cca_1_set_target=T
cca_1_store_guard=T
cca_1_store_target=T
cca_1_must_guard=T
cca_1_must_target=T
cca_1_tail_guard=T
cca_1_tail_target=T
cca_1_ret_guard=T
cca_1_ret_target=T
cca_1_handler_guard=T
cca_1_handler_target=T
cca_1_seq_guard=T
cca_1_seq_target=T
cca_1_if_guard=T
cca_1_if_target=T
cca_1_loop_guard=T
cca_1_loop_target=T
cca_1_alloc_guard=T
cca_1_alloc_target=T
cca_1_consts_guard=T
cca_1_consts_target=T
cca_1_raise_guard=T
cca_1_raise_target=T
cca_1_return_guard=T
cca_1_return_target=T
cca_1_break_guard=T
cca_1_break_target=T
cca_1_continue_guard=T
cca_1_continue_target=T
cca_1_tick_guard=T
cca_1_tick_target=T
cca_1_heap_guard=T
cca_1_heap_target=T
cca_1_loc_guard=T
cca_1_loc_target=T
cca_1_install_guard=T
cca_1_install_target=T
cca_1_code_guard=T
cca_1_code_target=T
cca_1_data_guard=T
cca_1_data_target=T
cca_1_ffi_guard=T
cca_1_ffi_target=T
cca_1_share_guard=T
cca_1_share_target=T
cca_2_skip_guard=T
cca_2_skip_target=T
cca_2_move_guard=T
cca_2_move_target=T
cca_2_inst_guard=T
cca_2_inst_target=T
cca_2_assign_guard=T
cca_2_assign_target=T
cca_2_get_guard=T
cca_2_get_target=T
cca_2_set_guard=T
cca_2_set_target=T
cca_2_store_guard=T
cca_2_store_target=T
cca_2_must_guard=T
cca_2_must_target=T
cca_2_tail_guard=T
cca_2_tail_target=T
cca_2_ret_guard=T
cca_2_ret_target=T
cca_2_handler_guard=T
cca_2_handler_target=T
cca_2_seq_guard=T
cca_2_seq_target=T
cca_2_if_guard=T
cca_2_if_target=T
cca_2_loop_guard=T
cca_2_loop_target=T
cca_2_alloc_guard=T
cca_2_alloc_target=T
cca_2_consts_guard=T
cca_2_consts_target=T
cca_2_raise_guard=T
cca_2_raise_target=T
cca_2_return_guard=T
cca_2_return_target=T
cca_2_break_guard=T
cca_2_break_target=T
cca_2_continue_guard=T
cca_2_continue_target=T
cca_2_tick_guard=T
cca_2_tick_target=T
cca_2_heap_guard=T
cca_2_heap_target=T
cca_2_loc_guard=T
cca_2_loc_target=T
cca_2_install_guard=T
cca_2_install_target=T
cca_2_code_guard=T
cca_2_code_target=T
cca_2_data_guard=T
cca_2_data_target=T
cca_2_ffi_guard=T
cca_2_ffi_target=T
cca_2_share_guard=T
cca_2_share_target=T
cca_8_skip_guard=T
cca_8_skip_target=T
cca_8_move_guard=T
cca_8_move_target=T
cca_8_inst_guard=T
cca_8_inst_target=T
cca_8_assign_guard=T
cca_8_assign_target=T
cca_8_get_guard=T
cca_8_get_target=T
cca_8_set_guard=T
cca_8_set_target=T
cca_8_store_guard=T
cca_8_store_target=T
cca_8_must_guard=T
cca_8_must_target=T
cca_8_tail_guard=T
cca_8_tail_target=T
cca_8_ret_guard=T
cca_8_ret_target=T
cca_8_handler_guard=T
cca_8_handler_target=T
cca_8_seq_guard=T
cca_8_seq_target=T
cca_8_if_guard=T
cca_8_if_target=T
cca_8_loop_guard=T
cca_8_loop_target=T
cca_8_alloc_guard=T
cca_8_alloc_target=T
cca_8_consts_guard=T
cca_8_consts_target=T
cca_8_raise_guard=T
cca_8_raise_target=T
cca_8_return_guard=T
cca_8_return_target=T
cca_8_break_guard=T
cca_8_break_target=T
cca_8_continue_guard=T
cca_8_continue_target=T
cca_8_tick_guard=T
cca_8_tick_target=T
cca_8_heap_guard=T
cca_8_heap_target=T
cca_8_loc_guard=T
cca_8_loc_target=T
cca_8_install_guard=T
cca_8_install_target=T
cca_8_code_guard=T
cca_8_code_target=T
cca_8_data_guard=T
cca_8_data_target=T
cca_8_ffi_guard=T
cca_8_ffi_target=T
cca_8_share_guard=T
cca_8_share_target=T
cca_64_skip_guard=T
cca_64_skip_target=T
cca_64_move_guard=T
cca_64_move_target=T
cca_64_inst_guard=T
cca_64_inst_target=T
cca_64_assign_guard=T
cca_64_assign_target=T
cca_64_get_guard=T
cca_64_get_target=T
cca_64_set_guard=T
cca_64_set_target=T
cca_64_store_guard=T
cca_64_store_target=T
cca_64_must_guard=T
cca_64_must_target=T
cca_64_tail_guard=T
cca_64_tail_target=T
cca_64_ret_guard=T
cca_64_ret_target=T
cca_64_handler_guard=T
cca_64_handler_target=T
cca_64_seq_guard=T
cca_64_seq_target=T
cca_64_if_guard=T
cca_64_if_target=T
cca_64_loop_guard=T
cca_64_loop_target=T
cca_64_alloc_guard=T
cca_64_alloc_target=T
cca_64_consts_guard=T
cca_64_consts_target=T
cca_64_raise_guard=T
cca_64_raise_target=T
cca_64_return_guard=T
cca_64_return_target=T
cca_64_break_guard=T
cca_64_break_target=T
cca_64_continue_guard=T
cca_64_continue_target=T
cca_64_tick_guard=T
cca_64_tick_target=T
cca_64_heap_guard=T
cca_64_heap_target=T
cca_64_loc_guard=T
cca_64_loc_target=T
cca_64_install_guard=T
cca_64_install_target=T
cca_64_code_guard=T
cca_64_code_target=T
cca_64_data_guard=T
cca_64_data_target=T
cca_64_ffi_guard=T
cca_64_ffi_target=T
cca_64_share_guard=T
cca_64_share_target=T
cca_80_skip_guard=T
cca_80_skip_target=T
cca_80_move_guard=T
cca_80_move_target=T
cca_80_inst_guard=T
cca_80_inst_target=T
cca_80_assign_guard=T
cca_80_assign_target=T
cca_80_get_guard=T
cca_80_get_target=T
cca_80_set_guard=T
cca_80_set_target=T
cca_80_store_guard=T
cca_80_store_target=T
cca_80_must_guard=T
cca_80_must_target=T
cca_80_tail_guard=T
cca_80_tail_target=T
cca_80_ret_guard=T
cca_80_ret_target=T
cca_80_handler_guard=T
cca_80_handler_target=T
cca_80_seq_guard=T
cca_80_seq_target=T
cca_80_if_guard=T
cca_80_if_target=T
cca_80_loop_guard=T
cca_80_loop_target=T
cca_80_alloc_guard=T
cca_80_alloc_target=T
cca_80_consts_guard=T
cca_80_consts_target=T
cca_80_raise_guard=T
cca_80_raise_target=T
cca_80_return_guard=T
cca_80_return_target=T
cca_80_break_guard=T
cca_80_break_target=T
cca_80_continue_guard=T
cca_80_continue_target=T
cca_80_tick_guard=T
cca_80_tick_target=T
cca_80_heap_guard=T
cca_80_heap_target=T
cca_80_loc_guard=T
cca_80_loc_target=T
cca_80_install_guard=T
cca_80_install_target=T
cca_80_code_guard=T
cca_80_code_target=T
cca_80_data_guard=T
cca_80_data_target=T
cca_80_ffi_guard=T
cca_80_ffi_target=T
cca_80_share_guard=T
cca_80_share_target=T
