raa_full_stack_move_alloc_arg=⊢ ∀n st off i p. alloc_arg p ⇒ alloc_arg (stack_move n st off i p)
raa_full_alloc_arg_copy_ret_aux=⊢ ∀k f n. alloc_arg (copy_ret_aux k f n)
raa_full_alloc_arg_copy_ret=⊢ alloc_arg (copy_ret perf b kf vs kont) ⇔ alloc_arg kont
raa_move_1_0_0=⊢ (alloc_arg Skip,alloc_arg (stack_move 0 1180591620717411303425 0 1180591620717411303427 Skip)) = (T,T) ⇔ T
raa_move_1_0_1=⊢ (alloc_arg (Alloc 1),alloc_arg (stack_move 0 1180591620717411303425 0 1180591620717411303427 (Alloc 1))) = (T,T) ⇔ T
raa_move_1_0_2=⊢ (alloc_arg (Alloc 2),alloc_arg (stack_move 0 1180591620717411303425 0 1180591620717411303427 (Alloc 2))) = (F,F) ⇔ T
raa_move_1_0_3=⊢ (alloc_arg (Seq (Alloc 1) (Loop (Alloc 2))),alloc_arg (stack_move 0 1180591620717411303425 0 1180591620717411303427 (Seq (Alloc 1) (Loop (Alloc 2))))) = (F,F) ⇔ T
raa_move_1_0_4=⊢ (alloc_arg (Call NONE (INL 0) (SOME (Alloc 2,3,4))),alloc_arg (stack_move 0 1180591620717411303425 0 1180591620717411303427 (Call NONE (INL 0) (SOME (Alloc 2,3,4))))) = (F,F) ⇔ T
raa_move_1_0_5=⊢ (alloc_arg (Call (SOME (Alloc 1,0,1,2)) (INL 0) (SOME (Alloc 1,3,4))),alloc_arg (stack_move 0 1180591620717411303425 0 1180591620717411303427 (Call (SOME (Alloc 1,0,1,2)) (INL 0) (SOME (Alloc 1,3,4))))) = (T,T) ⇔ T
raa_move_1_1_0=⊢ (alloc_arg Skip,alloc_arg (stack_move 1 1180591620717411303425 0 1180591620717411303427 Skip)) = (T,T) ⇔ T
raa_move_1_1_1=⊢ (alloc_arg (Alloc 1),alloc_arg (stack_move 1 1180591620717411303425 0 1180591620717411303427 (Alloc 1))) = (T,T) ⇔ T
raa_move_1_1_2=⊢ (alloc_arg (Alloc 2),alloc_arg (stack_move 1 1180591620717411303425 0 1180591620717411303427 (Alloc 2))) = (F,F) ⇔ T
raa_move_1_1_3=⊢ (alloc_arg (Seq (Alloc 1) (Loop (Alloc 2))),alloc_arg (stack_move 1 1180591620717411303425 0 1180591620717411303427 (Seq (Alloc 1) (Loop (Alloc 2))))) = (F,F) ⇔ T
raa_move_1_1_4=⊢ (alloc_arg (Call NONE (INL 0) (SOME (Alloc 2,3,4))),alloc_arg (stack_move 1 1180591620717411303425 0 1180591620717411303427 (Call NONE (INL 0) (SOME (Alloc 2,3,4))))) = (F,F) ⇔ T
raa_move_1_1_5=⊢ (alloc_arg (Call (SOME (Alloc 1,0,1,2)) (INL 0) (SOME (Alloc 1,3,4))),alloc_arg (stack_move 1 1180591620717411303425 0 1180591620717411303427 (Call (SOME (Alloc 1,0,1,2)) (INL 0) (SOME (Alloc 1,3,4))))) = (T,T) ⇔ T
raa_move_1_4_0=⊢ (alloc_arg Skip,alloc_arg (stack_move 4 1180591620717411303425 0 1180591620717411303427 Skip)) = (T,T) ⇔ T
raa_move_1_4_1=⊢ (alloc_arg (Alloc 1),alloc_arg (stack_move 4 1180591620717411303425 0 1180591620717411303427 (Alloc 1))) = (T,T) ⇔ T
raa_move_1_4_2=⊢ (alloc_arg (Alloc 2),alloc_arg (stack_move 4 1180591620717411303425 0 1180591620717411303427 (Alloc 2))) = (F,F) ⇔ T
raa_move_1_4_3=⊢ (alloc_arg (Seq (Alloc 1) (Loop (Alloc 2))),alloc_arg (stack_move 4 1180591620717411303425 0 1180591620717411303427 (Seq (Alloc 1) (Loop (Alloc 2))))) = (F,F) ⇔ T
raa_move_1_4_4=⊢ (alloc_arg (Call NONE (INL 0) (SOME (Alloc 2,3,4))),alloc_arg (stack_move 4 1180591620717411303425 0 1180591620717411303427 (Call NONE (INL 0) (SOME (Alloc 2,3,4))))) = (F,F) ⇔ T
raa_move_1_4_5=⊢ (alloc_arg (Call (SOME (Alloc 1,0,1,2)) (INL 0) (SOME (Alloc 1,3,4))),alloc_arg (stack_move 4 1180591620717411303425 0 1180591620717411303427 (Call (SOME (Alloc 1,0,1,2)) (INL 0) (SOME (Alloc 1,3,4))))) = (T,T) ⇔ T
raa_ret_1_0_0_0_1=⊢ (alloc_arg (Alloc 1),alloc_arg (copy_ret F F (0,0,T) [T; F; T] (Alloc 1))) = (T,T) ⇔ T
raa_ret_1_0_0_0_4=⊢ (alloc_arg (Call NONE (INL 0) (SOME (Alloc 2,3,4))),alloc_arg (copy_ret F F (0,0,T) [T; F; T] (Call NONE (INL 0) (SOME (Alloc 2,3,4))))) = (F,F) ⇔ T
raa_ret_1_0_0_1_1=⊢ (alloc_arg (Alloc 1),alloc_arg (copy_ret F F (4,0,F) [T; F] (Alloc 1))) = (T,T) ⇔ T
raa_ret_1_0_0_1_4=⊢ (alloc_arg (Call NONE (INL 0) (SOME (Alloc 2,3,4))),alloc_arg (copy_ret F F (4,0,F) [T; F] (Call NONE (INL 0) (SOME (Alloc 2,3,4))))) = (F,F) ⇔ T
raa_ret_1_0_0_2_1=⊢ (alloc_arg (Alloc 1),alloc_arg (copy_ret F F (1,1180591620717411303424,T) [T; F; T] (Alloc 1))) = (T,T) ⇔ T
raa_ret_1_0_0_2_4=⊢ (alloc_arg (Call NONE (INL 0) (SOME (Alloc 2,3,4))),alloc_arg (copy_ret F F (1,1180591620717411303424,T) [T; F; T] (Call NONE (INL 0) (SOME (Alloc 2,3,4))))) = (F,F) ⇔ T
raa_ret_1_0_1_0_1=⊢ (alloc_arg (Alloc 1),alloc_arg (copy_ret F T (0,0,T) [T; F; T] (Alloc 1))) = (T,T) ⇔ T
raa_ret_1_0_1_0_4=⊢ (alloc_arg (Call NONE (INL 0) (SOME (Alloc 2,3,4))),alloc_arg (copy_ret F T (0,0,T) [T; F; T] (Call NONE (INL 0) (SOME (Alloc 2,3,4))))) = (F,F) ⇔ T
raa_ret_1_0_1_1_1=⊢ (alloc_arg (Alloc 1),alloc_arg (copy_ret F T (4,0,F) [T; F] (Alloc 1))) = (T,T) ⇔ T
raa_ret_1_0_1_1_4=⊢ (alloc_arg (Call NONE (INL 0) (SOME (Alloc 2,3,4))),alloc_arg (copy_ret F T (4,0,F) [T; F] (Call NONE (INL 0) (SOME (Alloc 2,3,4))))) = (F,F) ⇔ T
raa_ret_1_0_1_2_1=⊢ (alloc_arg (Alloc 1),alloc_arg (copy_ret F T (1,1180591620717411303424,T) [T; F; T] (Alloc 1))) = (T,T) ⇔ T
raa_ret_1_0_1_2_4=⊢ (alloc_arg (Call NONE (INL 0) (SOME (Alloc 2,3,4))),alloc_arg (copy_ret F T (1,1180591620717411303424,T) [T; F; T] (Call NONE (INL 0) (SOME (Alloc 2,3,4))))) = (F,F) ⇔ T
raa_ret_1_1_0_0_1=⊢ (alloc_arg (Alloc 1),alloc_arg (copy_ret T F (0,0,T) [T; F; T] (Alloc 1))) = (T,T) ⇔ T
raa_ret_1_1_0_0_4=⊢ (alloc_arg (Call NONE (INL 0) (SOME (Alloc 2,3,4))),alloc_arg (copy_ret T F (0,0,T) [T; F; T] (Call NONE (INL 0) (SOME (Alloc 2,3,4))))) = (F,F) ⇔ T
raa_ret_1_1_0_1_1=⊢ (alloc_arg (Alloc 1),alloc_arg (copy_ret T F (4,0,F) [T; F] (Alloc 1))) = (T,T) ⇔ T
raa_ret_1_1_0_1_4=⊢ (alloc_arg (Call NONE (INL 0) (SOME (Alloc 2,3,4))),alloc_arg (copy_ret T F (4,0,F) [T; F] (Call NONE (INL 0) (SOME (Alloc 2,3,4))))) = (F,F) ⇔ T
raa_ret_1_1_0_2_1=⊢ (alloc_arg (Alloc 1),alloc_arg (copy_ret T F (1,1180591620717411303424,T) [T; F; T] (Alloc 1))) = (T,T) ⇔ T
raa_ret_1_1_0_2_4=⊢ (alloc_arg (Call NONE (INL 0) (SOME (Alloc 2,3,4))),alloc_arg (copy_ret T F (1,1180591620717411303424,T) [T; F; T] (Call NONE (INL 0) (SOME (Alloc 2,3,4))))) = (F,F) ⇔ T
raa_ret_1_1_1_0_1=⊢ (alloc_arg (Alloc 1),alloc_arg (copy_ret T T (0,0,T) [T; F; T] (Alloc 1))) = (T,T) ⇔ T
raa_ret_1_1_1_0_4=⊢ (alloc_arg (Call NONE (INL 0) (SOME (Alloc 2,3,4))),alloc_arg (copy_ret T T (0,0,T) [T; F; T] (Call NONE (INL 0) (SOME (Alloc 2,3,4))))) = (F,F) ⇔ T
raa_ret_1_1_1_1_1=⊢ (alloc_arg (Alloc 1),alloc_arg (copy_ret T T (4,0,F) [T; F] (Alloc 1))) = (T,T) ⇔ T
raa_ret_1_1_1_1_4=⊢ (alloc_arg (Call NONE (INL 0) (SOME (Alloc 2,3,4))),alloc_arg (copy_ret T T (4,0,F) [T; F] (Call NONE (INL 0) (SOME (Alloc 2,3,4))))) = (F,F) ⇔ T
raa_ret_1_1_1_2_1=⊢ (alloc_arg (Alloc 1),alloc_arg (copy_ret T T (1,1180591620717411303424,T) [T; F; T] (Alloc 1))) = (T,T) ⇔ T
raa_ret_1_1_1_2_4=⊢ (alloc_arg (Call NONE (INL 0) (SOME (Alloc 2,3,4))),alloc_arg (copy_ret T T (1,1180591620717411303424,T) [T; F; T] (Call NONE (INL 0) (SOME (Alloc 2,3,4))))) = (F,F) ⇔ T
raa_move_2_0_0=⊢ (alloc_arg Skip,alloc_arg (stack_move 0 1180591620717411303425 0 1180591620717411303427 Skip)) = (T,T) ⇔ T
raa_move_2_0_1=⊢ (alloc_arg (Alloc 1),alloc_arg (stack_move 0 1180591620717411303425 0 1180591620717411303427 (Alloc 1))) = (T,T) ⇔ T
raa_move_2_0_2=⊢ (alloc_arg (Alloc 2),alloc_arg (stack_move 0 1180591620717411303425 0 1180591620717411303427 (Alloc 2))) = (F,F) ⇔ T
raa_move_2_0_3=⊢ (alloc_arg (Seq (Alloc 1) (Loop (Alloc 2))),alloc_arg (stack_move 0 1180591620717411303425 0 1180591620717411303427 (Seq (Alloc 1) (Loop (Alloc 2))))) = (F,F) ⇔ T
raa_move_2_0_4=⊢ (alloc_arg (Call NONE (INL 0) (SOME (Alloc 2,3,4))),alloc_arg (stack_move 0 1180591620717411303425 0 1180591620717411303427 (Call NONE (INL 0) (SOME (Alloc 2,3,4))))) = (F,F) ⇔ T
raa_move_2_0_5=⊢ (alloc_arg (Call (SOME (Alloc 1,0,1,2)) (INL 0) (SOME (Alloc 1,3,4))),alloc_arg (stack_move 0 1180591620717411303425 0 1180591620717411303427 (Call (SOME (Alloc 1,0,1,2)) (INL 0) (SOME (Alloc 1,3,4))))) = (T,T) ⇔ T
raa_move_2_1_0=⊢ (alloc_arg Skip,alloc_arg (stack_move 1 1180591620717411303425 0 1180591620717411303427 Skip)) = (T,T) ⇔ T
raa_move_2_1_1=⊢ (alloc_arg (Alloc 1),alloc_arg (stack_move 1 1180591620717411303425 0 1180591620717411303427 (Alloc 1))) = (T,T) ⇔ T
raa_move_2_1_2=⊢ (alloc_arg (Alloc 2),alloc_arg (stack_move 1 1180591620717411303425 0 1180591620717411303427 (Alloc 2))) = (F,F) ⇔ T
raa_move_2_1_3=⊢ (alloc_arg (Seq (Alloc 1) (Loop (Alloc 2))),alloc_arg (stack_move 1 1180591620717411303425 0 1180591620717411303427 (Seq (Alloc 1) (Loop (Alloc 2))))) = (F,F) ⇔ T
raa_move_2_1_4=⊢ (alloc_arg (Call NONE (INL 0) (SOME (Alloc 2,3,4))),alloc_arg (stack_move 1 1180591620717411303425 0 1180591620717411303427 (Call NONE (INL 0) (SOME (Alloc 2,3,4))))) = (F,F) ⇔ T
raa_move_2_1_5=⊢ (alloc_arg (Call (SOME (Alloc 1,0,1,2)) (INL 0) (SOME (Alloc 1,3,4))),alloc_arg (stack_move 1 1180591620717411303425 0 1180591620717411303427 (Call (SOME (Alloc 1,0,1,2)) (INL 0) (SOME (Alloc 1,3,4))))) = (T,T) ⇔ T
raa_move_2_4_0=⊢ (alloc_arg Skip,alloc_arg (stack_move 4 1180591620717411303425 0 1180591620717411303427 Skip)) = (T,T) ⇔ T
raa_move_2_4_1=⊢ (alloc_arg (Alloc 1),alloc_arg (stack_move 4 1180591620717411303425 0 1180591620717411303427 (Alloc 1))) = (T,T) ⇔ T
raa_move_2_4_2=⊢ (alloc_arg (Alloc 2),alloc_arg (stack_move 4 1180591620717411303425 0 1180591620717411303427 (Alloc 2))) = (F,F) ⇔ T
raa_move_2_4_3=⊢ (alloc_arg (Seq (Alloc 1) (Loop (Alloc 2))),alloc_arg (stack_move 4 1180591620717411303425 0 1180591620717411303427 (Seq (Alloc 1) (Loop (Alloc 2))))) = (F,F) ⇔ T
raa_move_2_4_4=⊢ (alloc_arg (Call NONE (INL 0) (SOME (Alloc 2,3,4))),alloc_arg (stack_move 4 1180591620717411303425 0 1180591620717411303427 (Call NONE (INL 0) (SOME (Alloc 2,3,4))))) = (F,F) ⇔ T
raa_move_2_4_5=⊢ (alloc_arg (Call (SOME (Alloc 1,0,1,2)) (INL 0) (SOME (Alloc 1,3,4))),alloc_arg (stack_move 4 1180591620717411303425 0 1180591620717411303427 (Call (SOME (Alloc 1,0,1,2)) (INL 0) (SOME (Alloc 1,3,4))))) = (T,T) ⇔ T
raa_ret_2_0_0_0_1=⊢ (alloc_arg (Alloc 1),alloc_arg (copy_ret F F (0,0,T) [T; F; T] (Alloc 1))) = (T,T) ⇔ T
raa_ret_2_0_0_0_4=⊢ (alloc_arg (Call NONE (INL 0) (SOME (Alloc 2,3,4))),alloc_arg (copy_ret F F (0,0,T) [T; F; T] (Call NONE (INL 0) (SOME (Alloc 2,3,4))))) = (F,F) ⇔ T
raa_ret_2_0_0_1_1=⊢ (alloc_arg (Alloc 1),alloc_arg (copy_ret F F (4,0,F) [T; F] (Alloc 1))) = (T,T) ⇔ T
raa_ret_2_0_0_1_4=⊢ (alloc_arg (Call NONE (INL 0) (SOME (Alloc 2,3,4))),alloc_arg (copy_ret F F (4,0,F) [T; F] (Call NONE (INL 0) (SOME (Alloc 2,3,4))))) = (F,F) ⇔ T
raa_ret_2_0_0_2_1=⊢ (alloc_arg (Alloc 1),alloc_arg (copy_ret F F (1,1180591620717411303424,T) [T; F; T] (Alloc 1))) = (T,T) ⇔ T
raa_ret_2_0_0_2_4=⊢ (alloc_arg (Call NONE (INL 0) (SOME (Alloc 2,3,4))),alloc_arg (copy_ret F F (1,1180591620717411303424,T) [T; F; T] (Call NONE (INL 0) (SOME (Alloc 2,3,4))))) = (F,F) ⇔ T
raa_ret_2_0_1_0_1=⊢ (alloc_arg (Alloc 1),alloc_arg (copy_ret F T (0,0,T) [T; F; T] (Alloc 1))) = (T,T) ⇔ T
raa_ret_2_0_1_0_4=⊢ (alloc_arg (Call NONE (INL 0) (SOME (Alloc 2,3,4))),alloc_arg (copy_ret F T (0,0,T) [T; F; T] (Call NONE (INL 0) (SOME (Alloc 2,3,4))))) = (F,F) ⇔ T
raa_ret_2_0_1_1_1=⊢ (alloc_arg (Alloc 1),alloc_arg (copy_ret F T (4,0,F) [T; F] (Alloc 1))) = (T,T) ⇔ T
raa_ret_2_0_1_1_4=⊢ (alloc_arg (Call NONE (INL 0) (SOME (Alloc 2,3,4))),alloc_arg (copy_ret F T (4,0,F) [T; F] (Call NONE (INL 0) (SOME (Alloc 2,3,4))))) = (F,F) ⇔ T
raa_ret_2_0_1_2_1=⊢ (alloc_arg (Alloc 1),alloc_arg (copy_ret F T (1,1180591620717411303424,T) [T; F; T] (Alloc 1))) = (T,T) ⇔ T
raa_ret_2_0_1_2_4=⊢ (alloc_arg (Call NONE (INL 0) (SOME (Alloc 2,3,4))),alloc_arg (copy_ret F T (1,1180591620717411303424,T) [T; F; T] (Call NONE (INL 0) (SOME (Alloc 2,3,4))))) = (F,F) ⇔ T
raa_ret_2_1_0_0_1=⊢ (alloc_arg (Alloc 1),alloc_arg (copy_ret T F (0,0,T) [T; F; T] (Alloc 1))) = (T,T) ⇔ T
raa_ret_2_1_0_0_4=⊢ (alloc_arg (Call NONE (INL 0) (SOME (Alloc 2,3,4))),alloc_arg (copy_ret T F (0,0,T) [T; F; T] (Call NONE (INL 0) (SOME (Alloc 2,3,4))))) = (F,F) ⇔ T
raa_ret_2_1_0_1_1=⊢ (alloc_arg (Alloc 1),alloc_arg (copy_ret T F (4,0,F) [T; F] (Alloc 1))) = (T,T) ⇔ T
raa_ret_2_1_0_1_4=⊢ (alloc_arg (Call NONE (INL 0) (SOME (Alloc 2,3,4))),alloc_arg (copy_ret T F (4,0,F) [T; F] (Call NONE (INL 0) (SOME (Alloc 2,3,4))))) = (F,F) ⇔ T
raa_ret_2_1_0_2_1=⊢ (alloc_arg (Alloc 1),alloc_arg (copy_ret T F (1,1180591620717411303424,T) [T; F; T] (Alloc 1))) = (T,T) ⇔ T
raa_ret_2_1_0_2_4=⊢ (alloc_arg (Call NONE (INL 0) (SOME (Alloc 2,3,4))),alloc_arg (copy_ret T F (1,1180591620717411303424,T) [T; F; T] (Call NONE (INL 0) (SOME (Alloc 2,3,4))))) = (F,F) ⇔ T
raa_ret_2_1_1_0_1=⊢ (alloc_arg (Alloc 1),alloc_arg (copy_ret T T (0,0,T) [T; F; T] (Alloc 1))) = (T,T) ⇔ T
raa_ret_2_1_1_0_4=⊢ (alloc_arg (Call NONE (INL 0) (SOME (Alloc 2,3,4))),alloc_arg (copy_ret T T (0,0,T) [T; F; T] (Call NONE (INL 0) (SOME (Alloc 2,3,4))))) = (F,F) ⇔ T
raa_ret_2_1_1_1_1=⊢ (alloc_arg (Alloc 1),alloc_arg (copy_ret T T (4,0,F) [T; F] (Alloc 1))) = (T,T) ⇔ T
raa_ret_2_1_1_1_4=⊢ (alloc_arg (Call NONE (INL 0) (SOME (Alloc 2,3,4))),alloc_arg (copy_ret T T (4,0,F) [T; F] (Call NONE (INL 0) (SOME (Alloc 2,3,4))))) = (F,F) ⇔ T
raa_ret_2_1_1_2_1=⊢ (alloc_arg (Alloc 1),alloc_arg (copy_ret T T (1,1180591620717411303424,T) [T; F; T] (Alloc 1))) = (T,T) ⇔ T
raa_ret_2_1_1_2_4=⊢ (alloc_arg (Call NONE (INL 0) (SOME (Alloc 2,3,4))),alloc_arg (copy_ret T T (1,1180591620717411303424,T) [T; F; T] (Call NONE (INL 0) (SOME (Alloc 2,3,4))))) = (F,F) ⇔ T
raa_move_8_0_0=⊢ (alloc_arg Skip,alloc_arg (stack_move 0 1180591620717411303425 0 1180591620717411303427 Skip)) = (T,T) ⇔ T
raa_move_8_0_1=⊢ (alloc_arg (Alloc 1),alloc_arg (stack_move 0 1180591620717411303425 0 1180591620717411303427 (Alloc 1))) = (T,T) ⇔ T
raa_move_8_0_2=⊢ (alloc_arg (Alloc 2),alloc_arg (stack_move 0 1180591620717411303425 0 1180591620717411303427 (Alloc 2))) = (F,F) ⇔ T
raa_move_8_0_3=⊢ (alloc_arg (Seq (Alloc 1) (Loop (Alloc 2))),alloc_arg (stack_move 0 1180591620717411303425 0 1180591620717411303427 (Seq (Alloc 1) (Loop (Alloc 2))))) = (F,F) ⇔ T
raa_move_8_0_4=⊢ (alloc_arg (Call NONE (INL 0) (SOME (Alloc 2,3,4))),alloc_arg (stack_move 0 1180591620717411303425 0 1180591620717411303427 (Call NONE (INL 0) (SOME (Alloc 2,3,4))))) = (F,F) ⇔ T
raa_move_8_0_5=⊢ (alloc_arg (Call (SOME (Alloc 1,0,1,2)) (INL 0) (SOME (Alloc 1,3,4))),alloc_arg (stack_move 0 1180591620717411303425 0 1180591620717411303427 (Call (SOME (Alloc 1,0,1,2)) (INL 0) (SOME (Alloc 1,3,4))))) = (T,T) ⇔ T
raa_move_8_1_0=⊢ (alloc_arg Skip,alloc_arg (stack_move 1 1180591620717411303425 0 1180591620717411303427 Skip)) = (T,T) ⇔ T
raa_move_8_1_1=⊢ (alloc_arg (Alloc 1),alloc_arg (stack_move 1 1180591620717411303425 0 1180591620717411303427 (Alloc 1))) = (T,T) ⇔ T
raa_move_8_1_2=⊢ (alloc_arg (Alloc 2),alloc_arg (stack_move 1 1180591620717411303425 0 1180591620717411303427 (Alloc 2))) = (F,F) ⇔ T
raa_move_8_1_3=⊢ (alloc_arg (Seq (Alloc 1) (Loop (Alloc 2))),alloc_arg (stack_move 1 1180591620717411303425 0 1180591620717411303427 (Seq (Alloc 1) (Loop (Alloc 2))))) = (F,F) ⇔ T
raa_move_8_1_4=⊢ (alloc_arg (Call NONE (INL 0) (SOME (Alloc 2,3,4))),alloc_arg (stack_move 1 1180591620717411303425 0 1180591620717411303427 (Call NONE (INL 0) (SOME (Alloc 2,3,4))))) = (F,F) ⇔ T
raa_move_8_1_5=⊢ (alloc_arg (Call (SOME (Alloc 1,0,1,2)) (INL 0) (SOME (Alloc 1,3,4))),alloc_arg (stack_move 1 1180591620717411303425 0 1180591620717411303427 (Call (SOME (Alloc 1,0,1,2)) (INL 0) (SOME (Alloc 1,3,4))))) = (T,T) ⇔ T
raa_move_8_4_0=⊢ (alloc_arg Skip,alloc_arg (stack_move 4 1180591620717411303425 0 1180591620717411303427 Skip)) = (T,T) ⇔ T
raa_move_8_4_1=⊢ (alloc_arg (Alloc 1),alloc_arg (stack_move 4 1180591620717411303425 0 1180591620717411303427 (Alloc 1))) = (T,T) ⇔ T
raa_move_8_4_2=⊢ (alloc_arg (Alloc 2),alloc_arg (stack_move 4 1180591620717411303425 0 1180591620717411303427 (Alloc 2))) = (F,F) ⇔ T
raa_move_8_4_3=⊢ (alloc_arg (Seq (Alloc 1) (Loop (Alloc 2))),alloc_arg (stack_move 4 1180591620717411303425 0 1180591620717411303427 (Seq (Alloc 1) (Loop (Alloc 2))))) = (F,F) ⇔ T
raa_move_8_4_4=⊢ (alloc_arg (Call NONE (INL 0) (SOME (Alloc 2,3,4))),alloc_arg (stack_move 4 1180591620717411303425 0 1180591620717411303427 (Call NONE (INL 0) (SOME (Alloc 2,3,4))))) = (F,F) ⇔ T
raa_move_8_4_5=⊢ (alloc_arg (Call (SOME (Alloc 1,0,1,2)) (INL 0) (SOME (Alloc 1,3,4))),alloc_arg (stack_move 4 1180591620717411303425 0 1180591620717411303427 (Call (SOME (Alloc 1,0,1,2)) (INL 0) (SOME (Alloc 1,3,4))))) = (T,T) ⇔ T
raa_ret_8_0_0_0_1=⊢ (alloc_arg (Alloc 1),alloc_arg (copy_ret F F (0,0,T) [T; F; T] (Alloc 1))) = (T,T) ⇔ T
raa_ret_8_0_0_0_4=⊢ (alloc_arg (Call NONE (INL 0) (SOME (Alloc 2,3,4))),alloc_arg (copy_ret F F (0,0,T) [T; F; T] (Call NONE (INL 0) (SOME (Alloc 2,3,4))))) = (F,F) ⇔ T
raa_ret_8_0_0_1_1=⊢ (alloc_arg (Alloc 1),alloc_arg (copy_ret F F (4,0,F) [T; F] (Alloc 1))) = (T,T) ⇔ T
raa_ret_8_0_0_1_4=⊢ (alloc_arg (Call NONE (INL 0) (SOME (Alloc 2,3,4))),alloc_arg (copy_ret F F (4,0,F) [T; F] (Call NONE (INL 0) (SOME (Alloc 2,3,4))))) = (F,F) ⇔ T
raa_ret_8_0_0_2_1=⊢ (alloc_arg (Alloc 1),alloc_arg (copy_ret F F (1,1180591620717411303424,T) [T; F; T] (Alloc 1))) = (T,T) ⇔ T
raa_ret_8_0_0_2_4=⊢ (alloc_arg (Call NONE (INL 0) (SOME (Alloc 2,3,4))),alloc_arg (copy_ret F F (1,1180591620717411303424,T) [T; F; T] (Call NONE (INL 0) (SOME (Alloc 2,3,4))))) = (F,F) ⇔ T
raa_ret_8_0_1_0_1=⊢ (alloc_arg (Alloc 1),alloc_arg (copy_ret F T (0,0,T) [T; F; T] (Alloc 1))) = (T,T) ⇔ T
raa_ret_8_0_1_0_4=⊢ (alloc_arg (Call NONE (INL 0) (SOME (Alloc 2,3,4))),alloc_arg (copy_ret F T (0,0,T) [T; F; T] (Call NONE (INL 0) (SOME (Alloc 2,3,4))))) = (F,F) ⇔ T
raa_ret_8_0_1_1_1=⊢ (alloc_arg (Alloc 1),alloc_arg (copy_ret F T (4,0,F) [T; F] (Alloc 1))) = (T,T) ⇔ T
raa_ret_8_0_1_1_4=⊢ (alloc_arg (Call NONE (INL 0) (SOME (Alloc 2,3,4))),alloc_arg (copy_ret F T (4,0,F) [T; F] (Call NONE (INL 0) (SOME (Alloc 2,3,4))))) = (F,F) ⇔ T
raa_ret_8_0_1_2_1=⊢ (alloc_arg (Alloc 1),alloc_arg (copy_ret F T (1,1180591620717411303424,T) [T; F; T] (Alloc 1))) = (T,T) ⇔ T
raa_ret_8_0_1_2_4=⊢ (alloc_arg (Call NONE (INL 0) (SOME (Alloc 2,3,4))),alloc_arg (copy_ret F T (1,1180591620717411303424,T) [T; F; T] (Call NONE (INL 0) (SOME (Alloc 2,3,4))))) = (F,F) ⇔ T
raa_ret_8_1_0_0_1=⊢ (alloc_arg (Alloc 1),alloc_arg (copy_ret T F (0,0,T) [T; F; T] (Alloc 1))) = (T,T) ⇔ T
raa_ret_8_1_0_0_4=⊢ (alloc_arg (Call NONE (INL 0) (SOME (Alloc 2,3,4))),alloc_arg (copy_ret T F (0,0,T) [T; F; T] (Call NONE (INL 0) (SOME (Alloc 2,3,4))))) = (F,F) ⇔ T
raa_ret_8_1_0_1_1=⊢ (alloc_arg (Alloc 1),alloc_arg (copy_ret T F (4,0,F) [T; F] (Alloc 1))) = (T,T) ⇔ T
raa_ret_8_1_0_1_4=⊢ (alloc_arg (Call NONE (INL 0) (SOME (Alloc 2,3,4))),alloc_arg (copy_ret T F (4,0,F) [T; F] (Call NONE (INL 0) (SOME (Alloc 2,3,4))))) = (F,F) ⇔ T
raa_ret_8_1_0_2_1=⊢ (alloc_arg (Alloc 1),alloc_arg (copy_ret T F (1,1180591620717411303424,T) [T; F; T] (Alloc 1))) = (T,T) ⇔ T
raa_ret_8_1_0_2_4=⊢ (alloc_arg (Call NONE (INL 0) (SOME (Alloc 2,3,4))),alloc_arg (copy_ret T F (1,1180591620717411303424,T) [T; F; T] (Call NONE (INL 0) (SOME (Alloc 2,3,4))))) = (F,F) ⇔ T
raa_ret_8_1_1_0_1=⊢ (alloc_arg (Alloc 1),alloc_arg (copy_ret T T (0,0,T) [T; F; T] (Alloc 1))) = (T,T) ⇔ T
raa_ret_8_1_1_0_4=⊢ (alloc_arg (Call NONE (INL 0) (SOME (Alloc 2,3,4))),alloc_arg (copy_ret T T (0,0,T) [T; F; T] (Call NONE (INL 0) (SOME (Alloc 2,3,4))))) = (F,F) ⇔ T
raa_ret_8_1_1_1_1=⊢ (alloc_arg (Alloc 1),alloc_arg (copy_ret T T (4,0,F) [T; F] (Alloc 1))) = (T,T) ⇔ T
raa_ret_8_1_1_1_4=⊢ (alloc_arg (Call NONE (INL 0) (SOME (Alloc 2,3,4))),alloc_arg (copy_ret T T (4,0,F) [T; F] (Call NONE (INL 0) (SOME (Alloc 2,3,4))))) = (F,F) ⇔ T
raa_ret_8_1_1_2_1=⊢ (alloc_arg (Alloc 1),alloc_arg (copy_ret T T (1,1180591620717411303424,T) [T; F; T] (Alloc 1))) = (T,T) ⇔ T
raa_ret_8_1_1_2_4=⊢ (alloc_arg (Call NONE (INL 0) (SOME (Alloc 2,3,4))),alloc_arg (copy_ret T T (1,1180591620717411303424,T) [T; F; T] (Call NONE (INL 0) (SOME (Alloc 2,3,4))))) = (F,F) ⇔ T
raa_move_64_0_0=⊢ (alloc_arg Skip,alloc_arg (stack_move 0 1180591620717411303425 0 1180591620717411303427 Skip)) = (T,T) ⇔ T
raa_move_64_0_1=⊢ (alloc_arg (Alloc 1),alloc_arg (stack_move 0 1180591620717411303425 0 1180591620717411303427 (Alloc 1))) = (T,T) ⇔ T
raa_move_64_0_2=⊢ (alloc_arg (Alloc 2),alloc_arg (stack_move 0 1180591620717411303425 0 1180591620717411303427 (Alloc 2))) = (F,F) ⇔ T
raa_move_64_0_3=⊢ (alloc_arg (Seq (Alloc 1) (Loop (Alloc 2))),alloc_arg (stack_move 0 1180591620717411303425 0 1180591620717411303427 (Seq (Alloc 1) (Loop (Alloc 2))))) = (F,F) ⇔ T
raa_move_64_0_4=⊢ (alloc_arg (Call NONE (INL 0) (SOME (Alloc 2,3,4))),alloc_arg (stack_move 0 1180591620717411303425 0 1180591620717411303427 (Call NONE (INL 0) (SOME (Alloc 2,3,4))))) = (F,F) ⇔ T
raa_move_64_0_5=⊢ (alloc_arg (Call (SOME (Alloc 1,0,1,2)) (INL 0) (SOME (Alloc 1,3,4))),alloc_arg (stack_move 0 1180591620717411303425 0 1180591620717411303427 (Call (SOME (Alloc 1,0,1,2)) (INL 0) (SOME (Alloc 1,3,4))))) = (T,T) ⇔ T
raa_move_64_1_0=⊢ (alloc_arg Skip,alloc_arg (stack_move 1 1180591620717411303425 0 1180591620717411303427 Skip)) = (T,T) ⇔ T
raa_move_64_1_1=⊢ (alloc_arg (Alloc 1),alloc_arg (stack_move 1 1180591620717411303425 0 1180591620717411303427 (Alloc 1))) = (T,T) ⇔ T
raa_move_64_1_2=⊢ (alloc_arg (Alloc 2),alloc_arg (stack_move 1 1180591620717411303425 0 1180591620717411303427 (Alloc 2))) = (F,F) ⇔ T
raa_move_64_1_3=⊢ (alloc_arg (Seq (Alloc 1) (Loop (Alloc 2))),alloc_arg (stack_move 1 1180591620717411303425 0 1180591620717411303427 (Seq (Alloc 1) (Loop (Alloc 2))))) = (F,F) ⇔ T
raa_move_64_1_4=⊢ (alloc_arg (Call NONE (INL 0) (SOME (Alloc 2,3,4))),alloc_arg (stack_move 1 1180591620717411303425 0 1180591620717411303427 (Call NONE (INL 0) (SOME (Alloc 2,3,4))))) = (F,F) ⇔ T
raa_move_64_1_5=⊢ (alloc_arg (Call (SOME (Alloc 1,0,1,2)) (INL 0) (SOME (Alloc 1,3,4))),alloc_arg (stack_move 1 1180591620717411303425 0 1180591620717411303427 (Call (SOME (Alloc 1,0,1,2)) (INL 0) (SOME (Alloc 1,3,4))))) = (T,T) ⇔ T
raa_move_64_4_0=⊢ (alloc_arg Skip,alloc_arg (stack_move 4 1180591620717411303425 0 1180591620717411303427 Skip)) = (T,T) ⇔ T
raa_move_64_4_1=⊢ (alloc_arg (Alloc 1),alloc_arg (stack_move 4 1180591620717411303425 0 1180591620717411303427 (Alloc 1))) = (T,T) ⇔ T
raa_move_64_4_2=⊢ (alloc_arg (Alloc 2),alloc_arg (stack_move 4 1180591620717411303425 0 1180591620717411303427 (Alloc 2))) = (F,F) ⇔ T
raa_move_64_4_3=⊢ (alloc_arg (Seq (Alloc 1) (Loop (Alloc 2))),alloc_arg (stack_move 4 1180591620717411303425 0 1180591620717411303427 (Seq (Alloc 1) (Loop (Alloc 2))))) = (F,F) ⇔ T
raa_move_64_4_4=⊢ (alloc_arg (Call NONE (INL 0) (SOME (Alloc 2,3,4))),alloc_arg (stack_move 4 1180591620717411303425 0 1180591620717411303427 (Call NONE (INL 0) (SOME (Alloc 2,3,4))))) = (F,F) ⇔ T
raa_move_64_4_5=⊢ (alloc_arg (Call (SOME (Alloc 1,0,1,2)) (INL 0) (SOME (Alloc 1,3,4))),alloc_arg (stack_move 4 1180591620717411303425 0 1180591620717411303427 (Call (SOME (Alloc 1,0,1,2)) (INL 0) (SOME (Alloc 1,3,4))))) = (T,T) ⇔ T
raa_ret_64_0_0_0_1=⊢ (alloc_arg (Alloc 1),alloc_arg (copy_ret F F (0,0,T) [T; F; T] (Alloc 1))) = (T,T) ⇔ T
raa_ret_64_0_0_0_4=⊢ (alloc_arg (Call NONE (INL 0) (SOME (Alloc 2,3,4))),alloc_arg (copy_ret F F (0,0,T) [T; F; T] (Call NONE (INL 0) (SOME (Alloc 2,3,4))))) = (F,F) ⇔ T
raa_ret_64_0_0_1_1=⊢ (alloc_arg (Alloc 1),alloc_arg (copy_ret F F (4,0,F) [T; F] (Alloc 1))) = (T,T) ⇔ T
raa_ret_64_0_0_1_4=⊢ (alloc_arg (Call NONE (INL 0) (SOME (Alloc 2,3,4))),alloc_arg (copy_ret F F (4,0,F) [T; F] (Call NONE (INL 0) (SOME (Alloc 2,3,4))))) = (F,F) ⇔ T
raa_ret_64_0_0_2_1=⊢ (alloc_arg (Alloc 1),alloc_arg (copy_ret F F (1,1180591620717411303424,T) [T; F; T] (Alloc 1))) = (T,T) ⇔ T
raa_ret_64_0_0_2_4=⊢ (alloc_arg (Call NONE (INL 0) (SOME (Alloc 2,3,4))),alloc_arg (copy_ret F F (1,1180591620717411303424,T) [T; F; T] (Call NONE (INL 0) (SOME (Alloc 2,3,4))))) = (F,F) ⇔ T
raa_ret_64_0_1_0_1=⊢ (alloc_arg (Alloc 1),alloc_arg (copy_ret F T (0,0,T) [T; F; T] (Alloc 1))) = (T,T) ⇔ T
raa_ret_64_0_1_0_4=⊢ (alloc_arg (Call NONE (INL 0) (SOME (Alloc 2,3,4))),alloc_arg (copy_ret F T (0,0,T) [T; F; T] (Call NONE (INL 0) (SOME (Alloc 2,3,4))))) = (F,F) ⇔ T
raa_ret_64_0_1_1_1=⊢ (alloc_arg (Alloc 1),alloc_arg (copy_ret F T (4,0,F) [T; F] (Alloc 1))) = (T,T) ⇔ T
raa_ret_64_0_1_1_4=⊢ (alloc_arg (Call NONE (INL 0) (SOME (Alloc 2,3,4))),alloc_arg (copy_ret F T (4,0,F) [T; F] (Call NONE (INL 0) (SOME (Alloc 2,3,4))))) = (F,F) ⇔ T
raa_ret_64_0_1_2_1=⊢ (alloc_arg (Alloc 1),alloc_arg (copy_ret F T (1,1180591620717411303424,T) [T; F; T] (Alloc 1))) = (T,T) ⇔ T
raa_ret_64_0_1_2_4=⊢ (alloc_arg (Call NONE (INL 0) (SOME (Alloc 2,3,4))),alloc_arg (copy_ret F T (1,1180591620717411303424,T) [T; F; T] (Call NONE (INL 0) (SOME (Alloc 2,3,4))))) = (F,F) ⇔ T
raa_ret_64_1_0_0_1=⊢ (alloc_arg (Alloc 1),alloc_arg (copy_ret T F (0,0,T) [T; F; T] (Alloc 1))) = (T,T) ⇔ T
raa_ret_64_1_0_0_4=⊢ (alloc_arg (Call NONE (INL 0) (SOME (Alloc 2,3,4))),alloc_arg (copy_ret T F (0,0,T) [T; F; T] (Call NONE (INL 0) (SOME (Alloc 2,3,4))))) = (F,F) ⇔ T
raa_ret_64_1_0_1_1=⊢ (alloc_arg (Alloc 1),alloc_arg (copy_ret T F (4,0,F) [T; F] (Alloc 1))) = (T,T) ⇔ T
raa_ret_64_1_0_1_4=⊢ (alloc_arg (Call NONE (INL 0) (SOME (Alloc 2,3,4))),alloc_arg (copy_ret T F (4,0,F) [T; F] (Call NONE (INL 0) (SOME (Alloc 2,3,4))))) = (F,F) ⇔ T
raa_ret_64_1_0_2_1=⊢ (alloc_arg (Alloc 1),alloc_arg (copy_ret T F (1,1180591620717411303424,T) [T; F; T] (Alloc 1))) = (T,T) ⇔ T
raa_ret_64_1_0_2_4=⊢ (alloc_arg (Call NONE (INL 0) (SOME (Alloc 2,3,4))),alloc_arg (copy_ret T F (1,1180591620717411303424,T) [T; F; T] (Call NONE (INL 0) (SOME (Alloc 2,3,4))))) = (F,F) ⇔ T
raa_ret_64_1_1_0_1=⊢ (alloc_arg (Alloc 1),alloc_arg (copy_ret T T (0,0,T) [T; F; T] (Alloc 1))) = (T,T) ⇔ T
raa_ret_64_1_1_0_4=⊢ (alloc_arg (Call NONE (INL 0) (SOME (Alloc 2,3,4))),alloc_arg (copy_ret T T (0,0,T) [T; F; T] (Call NONE (INL 0) (SOME (Alloc 2,3,4))))) = (F,F) ⇔ T
raa_ret_64_1_1_1_1=⊢ (alloc_arg (Alloc 1),alloc_arg (copy_ret T T (4,0,F) [T; F] (Alloc 1))) = (T,T) ⇔ T
raa_ret_64_1_1_1_4=⊢ (alloc_arg (Call NONE (INL 0) (SOME (Alloc 2,3,4))),alloc_arg (copy_ret T T (4,0,F) [T; F] (Call NONE (INL 0) (SOME (Alloc 2,3,4))))) = (F,F) ⇔ T
raa_ret_64_1_1_2_1=⊢ (alloc_arg (Alloc 1),alloc_arg (copy_ret T T (1,1180591620717411303424,T) [T; F; T] (Alloc 1))) = (T,T) ⇔ T
raa_ret_64_1_1_2_4=⊢ (alloc_arg (Call NONE (INL 0) (SOME (Alloc 2,3,4))),alloc_arg (copy_ret T T (1,1180591620717411303424,T) [T; F; T] (Call NONE (INL 0) (SOME (Alloc 2,3,4))))) = (F,F) ⇔ T
raa_move_80_0_0=⊢ (alloc_arg Skip,alloc_arg (stack_move 0 1180591620717411303425 0 1180591620717411303427 Skip)) = (T,T) ⇔ T
raa_move_80_0_1=⊢ (alloc_arg (Alloc 1),alloc_arg (stack_move 0 1180591620717411303425 0 1180591620717411303427 (Alloc 1))) = (T,T) ⇔ T
raa_move_80_0_2=⊢ (alloc_arg (Alloc 2),alloc_arg (stack_move 0 1180591620717411303425 0 1180591620717411303427 (Alloc 2))) = (F,F) ⇔ T
raa_move_80_0_3=⊢ (alloc_arg (Seq (Alloc 1) (Loop (Alloc 2))),alloc_arg (stack_move 0 1180591620717411303425 0 1180591620717411303427 (Seq (Alloc 1) (Loop (Alloc 2))))) = (F,F) ⇔ T
raa_move_80_0_4=⊢ (alloc_arg (Call NONE (INL 0) (SOME (Alloc 2,3,4))),alloc_arg (stack_move 0 1180591620717411303425 0 1180591620717411303427 (Call NONE (INL 0) (SOME (Alloc 2,3,4))))) = (F,F) ⇔ T
raa_move_80_0_5=⊢ (alloc_arg (Call (SOME (Alloc 1,0,1,2)) (INL 0) (SOME (Alloc 1,3,4))),alloc_arg (stack_move 0 1180591620717411303425 0 1180591620717411303427 (Call (SOME (Alloc 1,0,1,2)) (INL 0) (SOME (Alloc 1,3,4))))) = (T,T) ⇔ T
raa_move_80_1_0=⊢ (alloc_arg Skip,alloc_arg (stack_move 1 1180591620717411303425 0 1180591620717411303427 Skip)) = (T,T) ⇔ T
raa_move_80_1_1=⊢ (alloc_arg (Alloc 1),alloc_arg (stack_move 1 1180591620717411303425 0 1180591620717411303427 (Alloc 1))) = (T,T) ⇔ T
raa_move_80_1_2=⊢ (alloc_arg (Alloc 2),alloc_arg (stack_move 1 1180591620717411303425 0 1180591620717411303427 (Alloc 2))) = (F,F) ⇔ T
raa_move_80_1_3=⊢ (alloc_arg (Seq (Alloc 1) (Loop (Alloc 2))),alloc_arg (stack_move 1 1180591620717411303425 0 1180591620717411303427 (Seq (Alloc 1) (Loop (Alloc 2))))) = (F,F) ⇔ T
raa_move_80_1_4=⊢ (alloc_arg (Call NONE (INL 0) (SOME (Alloc 2,3,4))),alloc_arg (stack_move 1 1180591620717411303425 0 1180591620717411303427 (Call NONE (INL 0) (SOME (Alloc 2,3,4))))) = (F,F) ⇔ T
raa_move_80_1_5=⊢ (alloc_arg (Call (SOME (Alloc 1,0,1,2)) (INL 0) (SOME (Alloc 1,3,4))),alloc_arg (stack_move 1 1180591620717411303425 0 1180591620717411303427 (Call (SOME (Alloc 1,0,1,2)) (INL 0) (SOME (Alloc 1,3,4))))) = (T,T) ⇔ T
raa_move_80_4_0=⊢ (alloc_arg Skip,alloc_arg (stack_move 4 1180591620717411303425 0 1180591620717411303427 Skip)) = (T,T) ⇔ T
raa_move_80_4_1=⊢ (alloc_arg (Alloc 1),alloc_arg (stack_move 4 1180591620717411303425 0 1180591620717411303427 (Alloc 1))) = (T,T) ⇔ T
raa_move_80_4_2=⊢ (alloc_arg (Alloc 2),alloc_arg (stack_move 4 1180591620717411303425 0 1180591620717411303427 (Alloc 2))) = (F,F) ⇔ T
raa_move_80_4_3=⊢ (alloc_arg (Seq (Alloc 1) (Loop (Alloc 2))),alloc_arg (stack_move 4 1180591620717411303425 0 1180591620717411303427 (Seq (Alloc 1) (Loop (Alloc 2))))) = (F,F) ⇔ T
raa_move_80_4_4=⊢ (alloc_arg (Call NONE (INL 0) (SOME (Alloc 2,3,4))),alloc_arg (stack_move 4 1180591620717411303425 0 1180591620717411303427 (Call NONE (INL 0) (SOME (Alloc 2,3,4))))) = (F,F) ⇔ T
raa_move_80_4_5=⊢ (alloc_arg (Call (SOME (Alloc 1,0,1,2)) (INL 0) (SOME (Alloc 1,3,4))),alloc_arg (stack_move 4 1180591620717411303425 0 1180591620717411303427 (Call (SOME (Alloc 1,0,1,2)) (INL 0) (SOME (Alloc 1,3,4))))) = (T,T) ⇔ T
raa_ret_80_0_0_0_1=⊢ (alloc_arg (Alloc 1),alloc_arg (copy_ret F F (0,0,T) [T; F; T] (Alloc 1))) = (T,T) ⇔ T
raa_ret_80_0_0_0_4=⊢ (alloc_arg (Call NONE (INL 0) (SOME (Alloc 2,3,4))),alloc_arg (copy_ret F F (0,0,T) [T; F; T] (Call NONE (INL 0) (SOME (Alloc 2,3,4))))) = (F,F) ⇔ T
raa_ret_80_0_0_1_1=⊢ (alloc_arg (Alloc 1),alloc_arg (copy_ret F F (4,0,F) [T; F] (Alloc 1))) = (T,T) ⇔ T
raa_ret_80_0_0_1_4=⊢ (alloc_arg (Call NONE (INL 0) (SOME (Alloc 2,3,4))),alloc_arg (copy_ret F F (4,0,F) [T; F] (Call NONE (INL 0) (SOME (Alloc 2,3,4))))) = (F,F) ⇔ T
raa_ret_80_0_0_2_1=⊢ (alloc_arg (Alloc 1),alloc_arg (copy_ret F F (1,1180591620717411303424,T) [T; F; T] (Alloc 1))) = (T,T) ⇔ T
raa_ret_80_0_0_2_4=⊢ (alloc_arg (Call NONE (INL 0) (SOME (Alloc 2,3,4))),alloc_arg (copy_ret F F (1,1180591620717411303424,T) [T; F; T] (Call NONE (INL 0) (SOME (Alloc 2,3,4))))) = (F,F) ⇔ T
raa_ret_80_0_1_0_1=⊢ (alloc_arg (Alloc 1),alloc_arg (copy_ret F T (0,0,T) [T; F; T] (Alloc 1))) = (T,T) ⇔ T
raa_ret_80_0_1_0_4=⊢ (alloc_arg (Call NONE (INL 0) (SOME (Alloc 2,3,4))),alloc_arg (copy_ret F T (0,0,T) [T; F; T] (Call NONE (INL 0) (SOME (Alloc 2,3,4))))) = (F,F) ⇔ T
raa_ret_80_0_1_1_1=⊢ (alloc_arg (Alloc 1),alloc_arg (copy_ret F T (4,0,F) [T; F] (Alloc 1))) = (T,T) ⇔ T
raa_ret_80_0_1_1_4=⊢ (alloc_arg (Call NONE (INL 0) (SOME (Alloc 2,3,4))),alloc_arg (copy_ret F T (4,0,F) [T; F] (Call NONE (INL 0) (SOME (Alloc 2,3,4))))) = (F,F) ⇔ T
raa_ret_80_0_1_2_1=⊢ (alloc_arg (Alloc 1),alloc_arg (copy_ret F T (1,1180591620717411303424,T) [T; F; T] (Alloc 1))) = (T,T) ⇔ T
raa_ret_80_0_1_2_4=⊢ (alloc_arg (Call NONE (INL 0) (SOME (Alloc 2,3,4))),alloc_arg (copy_ret F T (1,1180591620717411303424,T) [T; F; T] (Call NONE (INL 0) (SOME (Alloc 2,3,4))))) = (F,F) ⇔ T
raa_ret_80_1_0_0_1=⊢ (alloc_arg (Alloc 1),alloc_arg (copy_ret T F (0,0,T) [T; F; T] (Alloc 1))) = (T,T) ⇔ T
raa_ret_80_1_0_0_4=⊢ (alloc_arg (Call NONE (INL 0) (SOME (Alloc 2,3,4))),alloc_arg (copy_ret T F (0,0,T) [T; F; T] (Call NONE (INL 0) (SOME (Alloc 2,3,4))))) = (F,F) ⇔ T
raa_ret_80_1_0_1_1=⊢ (alloc_arg (Alloc 1),alloc_arg (copy_ret T F (4,0,F) [T; F] (Alloc 1))) = (T,T) ⇔ T
raa_ret_80_1_0_1_4=⊢ (alloc_arg (Call NONE (INL 0) (SOME (Alloc 2,3,4))),alloc_arg (copy_ret T F (4,0,F) [T; F] (Call NONE (INL 0) (SOME (Alloc 2,3,4))))) = (F,F) ⇔ T
raa_ret_80_1_0_2_1=⊢ (alloc_arg (Alloc 1),alloc_arg (copy_ret T F (1,1180591620717411303424,T) [T; F; T] (Alloc 1))) = (T,T) ⇔ T
raa_ret_80_1_0_2_4=⊢ (alloc_arg (Call NONE (INL 0) (SOME (Alloc 2,3,4))),alloc_arg (copy_ret T F (1,1180591620717411303424,T) [T; F; T] (Call NONE (INL 0) (SOME (Alloc 2,3,4))))) = (F,F) ⇔ T
raa_ret_80_1_1_0_1=⊢ (alloc_arg (Alloc 1),alloc_arg (copy_ret T T (0,0,T) [T; F; T] (Alloc 1))) = (T,T) ⇔ T
raa_ret_80_1_1_0_4=⊢ (alloc_arg (Call NONE (INL 0) (SOME (Alloc 2,3,4))),alloc_arg (copy_ret T T (0,0,T) [T; F; T] (Call NONE (INL 0) (SOME (Alloc 2,3,4))))) = (F,F) ⇔ T
raa_ret_80_1_1_1_1=⊢ (alloc_arg (Alloc 1),alloc_arg (copy_ret T T (4,0,F) [T; F] (Alloc 1))) = (T,T) ⇔ T
raa_ret_80_1_1_1_4=⊢ (alloc_arg (Call NONE (INL 0) (SOME (Alloc 2,3,4))),alloc_arg (copy_ret T T (4,0,F) [T; F] (Call NONE (INL 0) (SOME (Alloc 2,3,4))))) = (F,F) ⇔ T
raa_ret_80_1_1_2_1=⊢ (alloc_arg (Alloc 1),alloc_arg (copy_ret T T (1,1180591620717411303424,T) [T; F; T] (Alloc 1))) = (T,T) ⇔ T
raa_ret_80_1_1_2_4=⊢ (alloc_arg (Call NONE (INL 0) (SOME (Alloc 2,3,4))),alloc_arg (copy_ret T T (1,1180591620717411303424,T) [T; F; T] (Call NONE (INL 0) (SOME (Alloc 2,3,4))))) = (F,F) ⇔ T
