hi_skip=T
hi_const=T
hi_binreg=T
hi_shiftreg=T
hi_div=T
hi_binimm=T
hi_shiftimm=T
hi_carry=T
hi_addoverflow=T
hi_suboverflow=T
hi_longmul=T
hi_longdiv=T
hi_load=T
hi_load32=T
hi_load8=T
hi_store=T
hi_store32=T
hi_store8=T
hi_fpless=T
hi_fplessequal=T
hi_fpequal=T
hi_to_1=T
hi_from_1=T
hi_to_32=T
hi_from_32=T
hi_to_64=T
hi_from_64=T
hi_to_128=T
hi_from_128=T
hi_bin_alias=T
hi_carry_alias=T
hi_longdiv_alias=T
hi_to_alias=T
hi_from_alias=T
hi_existing=T
hi_large=T
hi_const_raw=T
hi_load16_raw=T
hi_store16_raw=T
hi_fpabs_raw=T
hi_fpneg_raw=T
hi_fpsqrt_raw=T
hi_fpadd_raw=T
hi_fpsub_raw=T
hi_fpmul_raw=T
hi_fpdiv_raw=T
hi_fpfma_raw=T
hi_fpmov_raw=T
hi_fptoint_raw=T
hi_fpfromint_raw=T
