skip=(NONE,[(3,Loc 5 0); (9,Word 1w); (8,Word 16w); (2,Word 7w)],3)
seq_tick=(NONE,[(3,Loc 5 0); (1,Word 5w); (9,Word 1w); (8,Word 16w); (2,Word 7w)],2)
tick_zero=(SOME TimeOut,[],0)
if_true=(NONE,[(3,Loc 5 0); (1,Word 1w); (9,Word 1w); (8,Word 16w); (2,Word 7w)],3)
if_false=(NONE,[(3,Loc 5 0); (1,Word 0w); (9,Word 1w); (8,Word 16w); (2,Word 7w)],3)
if_error=(SOME Error,[(3,Loc 5 0); (9,Word 1w); (8,Word 16w); (2,Word 7w)],3)
loop_break=(NONE,[(2,Word 7w)],3)
loop_timeout=(SOME TimeOut,[],0)
loop_exit=(SOME (Break 0),[],3)
return=(SOME (Result (Loc 5 0) [Word 7w]),[],3)
raise_nohandler=(SOME Error,[(3,Loc 5 0); (9,Word 1w); (8,Word 16w); (2,Word 7w)],3)
raise_handler=(SOME (Exception (Loc 7 8) (Word 7w)),[(4,Word 1w); (6,Word 2w)],3)
must_terminate_zero=(SOME Error,[(3,Loc 5 0); (9,Word 1w); (8,Word 16w); (2,Word 7w)],3)
must_terminate=(NONE,[(3,Loc 5 0); (1,Word 9w); (9,Word 1w); (8,Word 16w); (2,Word 7w)],3)
move=(NONE,
 [(3,Loc 5 0); (9,Word 1w); (5,Word 7w); (8,Word 16w); (2,Word 7w);
  (6,Loc 5 0)],3)
move_dup=(SOME Error,[(3,Loc 5 0); (9,Word 1w); (8,Word 16w); (2,Word 7w)],3)
set_get=(NONE,[(3,Loc 5 0); (1,Word 4w); (9,Word 1w); (8,Word 16w); (2,Word 7w)],3)
set_handler=(SOME Error,[(3,Loc 5 0); (9,Word 1w); (8,Word 16w); (2,Word 7w)],3)
loc_value=(NONE,[(3,Loc 5 0); (1,Loc 5 0); (9,Word 1w); (8,Word 16w); (2,Word 7w)],3)
loc_value_missing=(SOME Error,[(3,Loc 5 0); (9,Word 1w); (8,Word 16w); (2,Word 7w)],3)
store_consts=(NONE,[(3,Loc 5 0); (9,Word 1w); (8,Word 24w); (2,Word 7w)],3)
call_tail=(SOME (Result (Loc 5 0) [Loc 5 0]),[],2)
call_tail_timeout=(SOME TimeOut,[],0)
call_ret=(NONE,[(3,Loc 5 0); (4,Word 7w); (2,Word 7w)],2)
call_ret_empty_names=(SOME Error,[(3,Loc 5 0); (9,Word 1w); (8,Word 16w); (2,Word 7w)],3)
call_missing=(SOME Error,[(3,Loc 5 0); (9,Word 1w); (8,Word 16w); (2,Word 7w)],3)
ffi_missing_len=(SOME Error,[(3,Loc 5 0); (9,Word 1w); (8,Word 16w); (2,Word 7w)],3)
ffi_ok=(NONE,[(2,Word 7w)],3)
