fb_full_IMP_filter_bitmap_EQ_SOME_NIL=⊢ ∀xs ys zs. LENGTH xs = LENGTH ys ∧ zs = MAP FST (FILTER SND (ZIP (ys,xs))) ⇒ filter_bitmap xs ys = SOME (zs,[])
fb_full_filter_bitmap_length=⊢ ∀bs ls xs ys. filter_bitmap bs ls = SOME (xs,ys) ⇒ LENGTH xs ≤ LENGTH bs
fb_full_filter_bitmap_length_input=⊢ ∀xs ys ls. filter_bitmap xs ys = SOME ls ⇒ LENGTH xs ≤ LENGTH ys
fb_full_filter_bitmap_MAP_IMP=⊢ ∀ys xs l. filter_bitmap ys (MAP SND xs) = SOME (MAP SND l,[]) ∧ filter_bitmap ys (MAP FST xs) = SOME (MAP FST l,[]) ⇒ filter_bitmap ys xs = SOME (l,[])
fb_full_filter_bitmap_IMP_MAP_SND=⊢ ∀ys xs l. filter_bitmap ys xs = SOME (l,[]) ⇒ filter_bitmap ys (MAP SND xs) = SOME (MAP SND l,[])
fb_full_filter_bitmap_IMP_MAP_FST=⊢ ∀ys xs l. filter_bitmap ys xs = SOME (l,[]) ⇒ filter_bitmap ys (MAP FST xs) = SOME (MAP FST l,[])
fb_full_filter_bitmap_TAKE_LENGTH_IMP=⊢ ∀h5 x4 l. filter_bitmap h5 (TAKE (LENGTH h5) x4) = SOME (MAP SND l,[]) ⇒ filter_bitmap h5 x4 = SOME (MAP SND l,DROP (LENGTH h5) x4)
fb_full_filter_bitmap_lemma=⊢ filter_bitmap h5 (index_list (TAKE (LENGTH h5) x4) k) = SOME (l,[]) ⇒ filter_bitmap h5 x4 = SOME (MAP SND l,DROP (LENGTH h5) x4)
fb_full_filter_bitmap_MEM=⊢ ∀b ls ls' x. filter_bitmap b ls = SOME (ls',[]) ∧ MEM x ls' ⇒ MEM x ls
fb_output_0_0=⊢ filter_bitmap [] [] = SOME ([],[]) ⇔ T
fb_pair_output_0_0=⊢ filter_bitmap [] [] = SOME ([],[]) ⇔ T
fb_bounds_mem_0_0=⊢ LENGTH [] ≤ LENGTH [] ∧ LENGTH [] ≤ LENGTH [] ∧ EVERY (λx. MEM x []) [] ⇔ T
fb_index_0_0_0=⊢ filter_bitmap [] (index_list [] 0) = SOME ([],[]) ⇔ T
fb_index_0_0_7=⊢ filter_bitmap [] (index_list [] 7) = SOME ([],[]) ⇔ T
fb_output_0_1=⊢ filter_bitmap [] [3] = SOME ([],[3]) ⇔ T
fb_pair_output_0_1=⊢ filter_bitmap [] [(3,96)] = SOME ([],[(3,96)]) ⇔ T
fb_bounds_mem_0_1=⊢ LENGTH [] ≤ LENGTH [] ∧ LENGTH [] ≤ LENGTH [3] ∧ EVERY (λx. MEM x [3]) [] ⇔ T
fb_index_0_1_0=⊢ filter_bitmap [] (index_list [] 0) = SOME ([],[]) ⇔ T
fb_index_0_1_7=⊢ filter_bitmap [] (index_list [] 7) = SOME ([],[]) ⇔ T
fb_output_0_2=⊢ filter_bitmap [] [2; 5] = SOME ([],[2; 5]) ⇔ T
fb_pair_output_0_2=⊢ filter_bitmap [] [(2,97); (5,94)] = SOME ([],[(2,97); (5,94)]) ⇔ T
fb_bounds_mem_0_2=⊢ LENGTH [] ≤ LENGTH [] ∧ LENGTH [] ≤ LENGTH [2; 5] ∧ EVERY (λx. MEM x [2; 5]) [] ⇔ T
fb_index_0_2_0=⊢ filter_bitmap [] (index_list [] 0) = SOME ([],[]) ⇔ T
fb_index_0_2_7=⊢ filter_bitmap [] (index_list [] 7) = SOME ([],[]) ⇔ T
fb_output_0_3=⊢ filter_bitmap [] [8; 3; 6; 1] = SOME ([],[8; 3; 6; 1]) ⇔ T
fb_pair_output_0_3=⊢ filter_bitmap [] [(8,91); (3,96); (6,93); (1,98)] = SOME ([],[(8,91); (3,96); (6,93); (1,98)]) ⇔ T
fb_bounds_mem_0_3=⊢ LENGTH [] ≤ LENGTH [] ∧ LENGTH [] ≤ LENGTH [8; 3; 6; 1] ∧ EVERY (λx. MEM x [8; 3; 6; 1]) [] ⇔ T
fb_index_0_3_0=⊢ filter_bitmap [] (index_list [] 0) = SOME ([],[]) ⇔ T
fb_index_0_3_7=⊢ filter_bitmap [] (index_list [] 7) = SOME ([],[]) ⇔ T
fb_zip_reconstruct_0=⊢ filter_bitmap [] [] = SOME (MAP FST (FILTER SND (ZIP ([],[]))),[]) ⇔ T
fb_output_1_0=⊢ filter_bitmap [F] [] = NONE ⇔ T
fb_pair_output_1_0=⊢ filter_bitmap [F] [] = NONE ⇔ T
fb_index_1_0_0=⊢ filter_bitmap [F] (index_list [] 0) = NONE ⇔ T
fb_index_1_0_7=⊢ filter_bitmap [F] (index_list [] 7) = NONE ⇔ T
fb_output_1_1=⊢ filter_bitmap [F] [3] = SOME ([],[]) ⇔ T
fb_pair_output_1_1=⊢ filter_bitmap [F] [(3,96)] = SOME ([],[]) ⇔ T
fb_bounds_mem_1_1=⊢ LENGTH [] ≤ LENGTH [F] ∧ LENGTH [F] ≤ LENGTH [3] ∧ EVERY (λx. MEM x [3]) [] ⇔ T
fb_index_1_1_0=⊢ filter_bitmap [F] (index_list [3] 0) = SOME ([],[]) ⇔ T
fb_index_1_1_7=⊢ filter_bitmap [F] (index_list [3] 7) = SOME ([],[]) ⇔ T
fb_output_1_2=⊢ filter_bitmap [F] [2; 5] = SOME ([],[5]) ⇔ T
fb_pair_output_1_2=⊢ filter_bitmap [F] [(2,97); (5,94)] = SOME ([],[(5,94)]) ⇔ T
fb_bounds_mem_1_2=⊢ LENGTH [] ≤ LENGTH [F] ∧ LENGTH [F] ≤ LENGTH [2; 5] ∧ EVERY (λx. MEM x [2; 5]) [] ⇔ T
fb_index_1_2_0=⊢ filter_bitmap [F] (index_list [2] 0) = SOME ([],[]) ⇔ T
fb_index_1_2_7=⊢ filter_bitmap [F] (index_list [2] 7) = SOME ([],[]) ⇔ T
fb_output_1_3=⊢ filter_bitmap [F] [8; 3; 6; 1] = SOME ([],[3; 6; 1]) ⇔ T
fb_pair_output_1_3=⊢ filter_bitmap [F] [(8,91); (3,96); (6,93); (1,98)] = SOME ([],[(3,96); (6,93); (1,98)]) ⇔ T
fb_bounds_mem_1_3=⊢ LENGTH [] ≤ LENGTH [F] ∧ LENGTH [F] ≤ LENGTH [8; 3; 6; 1] ∧ EVERY (λx. MEM x [8; 3; 6; 1]) [] ⇔ T
fb_index_1_3_0=⊢ filter_bitmap [F] (index_list [8] 0) = SOME ([],[]) ⇔ T
fb_index_1_3_7=⊢ filter_bitmap [F] (index_list [8] 7) = SOME ([],[]) ⇔ T
fb_zip_reconstruct_1=⊢ filter_bitmap [F] [0] = SOME (MAP FST (FILTER SND (ZIP ([0],[F]))),[]) ⇔ T
fb_output_2_0=⊢ filter_bitmap [T] [] = NONE ⇔ T
fb_pair_output_2_0=⊢ filter_bitmap [T] [] = NONE ⇔ T
fb_index_2_0_0=⊢ filter_bitmap [T] (index_list [] 0) = NONE ⇔ T
fb_index_2_0_7=⊢ filter_bitmap [T] (index_list [] 7) = NONE ⇔ T
fb_output_2_1=⊢ filter_bitmap [T] [3] = SOME ([3],[]) ⇔ T
fb_pair_output_2_1=⊢ filter_bitmap [T] [(3,96)] = SOME ([(3,96)],[]) ⇔ T
fb_bounds_mem_2_1=⊢ LENGTH [3] ≤ LENGTH [T] ∧ LENGTH [T] ≤ LENGTH [3] ∧ EVERY (λx. MEM x [3]) [3] ⇔ T
fb_index_2_1_0=⊢ filter_bitmap [T] (index_list [3] 0) = SOME ([(0,3)],[]) ⇔ T
fb_index_2_1_7=⊢ filter_bitmap [T] (index_list [3] 7) = SOME ([(7,3)],[]) ⇔ T
fb_output_2_2=⊢ filter_bitmap [T] [2; 5] = SOME ([2],[5]) ⇔ T
fb_pair_output_2_2=⊢ filter_bitmap [T] [(2,97); (5,94)] = SOME ([(2,97)],[(5,94)]) ⇔ T
fb_bounds_mem_2_2=⊢ LENGTH [2] ≤ LENGTH [T] ∧ LENGTH [T] ≤ LENGTH [2; 5] ∧ EVERY (λx. MEM x [2; 5]) [2] ⇔ T
fb_index_2_2_0=⊢ filter_bitmap [T] (index_list [2] 0) = SOME ([(0,2)],[]) ⇔ T
fb_index_2_2_7=⊢ filter_bitmap [T] (index_list [2] 7) = SOME ([(7,2)],[]) ⇔ T
fb_output_2_3=⊢ filter_bitmap [T] [8; 3; 6; 1] = SOME ([8],[3; 6; 1]) ⇔ T
fb_pair_output_2_3=⊢ filter_bitmap [T] [(8,91); (3,96); (6,93); (1,98)] = SOME ([(8,91)],[(3,96); (6,93); (1,98)]) ⇔ T
fb_bounds_mem_2_3=⊢ LENGTH [8] ≤ LENGTH [T] ∧ LENGTH [T] ≤ LENGTH [8; 3; 6; 1] ∧ EVERY (λx. MEM x [8; 3; 6; 1]) [8] ⇔ T
fb_index_2_3_0=⊢ filter_bitmap [T] (index_list [8] 0) = SOME ([(0,8)],[]) ⇔ T
fb_index_2_3_7=⊢ filter_bitmap [T] (index_list [8] 7) = SOME ([(7,8)],[]) ⇔ T
fb_zip_reconstruct_2=⊢ filter_bitmap [T] [0] = SOME (MAP FST (FILTER SND (ZIP ([0],[T]))),[]) ⇔ T
fb_output_3_0=⊢ filter_bitmap [F; F] [] = NONE ⇔ T
fb_pair_output_3_0=⊢ filter_bitmap [F; F] [] = NONE ⇔ T
fb_index_3_0_0=⊢ filter_bitmap [F; F] (index_list [] 0) = NONE ⇔ T
fb_index_3_0_7=⊢ filter_bitmap [F; F] (index_list [] 7) = NONE ⇔ T
fb_output_3_1=⊢ filter_bitmap [F; F] [3] = NONE ⇔ T
fb_pair_output_3_1=⊢ filter_bitmap [F; F] [(3,96)] = NONE ⇔ T
fb_index_3_1_0=⊢ filter_bitmap [F; F] (index_list [3] 0) = NONE ⇔ T
fb_index_3_1_7=⊢ filter_bitmap [F; F] (index_list [3] 7) = NONE ⇔ T
fb_output_3_2=⊢ filter_bitmap [F; F] [2; 5] = SOME ([],[]) ⇔ T
fb_pair_output_3_2=⊢ filter_bitmap [F; F] [(2,97); (5,94)] = SOME ([],[]) ⇔ T
fb_bounds_mem_3_2=⊢ LENGTH [] ≤ LENGTH [F; F] ∧ LENGTH [F; F] ≤ LENGTH [2; 5] ∧ EVERY (λx. MEM x [2; 5]) [] ⇔ T
fb_index_3_2_0=⊢ filter_bitmap [F; F] (index_list [2; 5] 0) = SOME ([],[]) ⇔ T
fb_index_3_2_7=⊢ filter_bitmap [F; F] (index_list [2; 5] 7) = SOME ([],[]) ⇔ T
fb_output_3_3=⊢ filter_bitmap [F; F] [8; 3; 6; 1] = SOME ([],[6; 1]) ⇔ T
fb_pair_output_3_3=⊢ filter_bitmap [F; F] [(8,91); (3,96); (6,93); (1,98)] = SOME ([],[(6,93); (1,98)]) ⇔ T
fb_bounds_mem_3_3=⊢ LENGTH [] ≤ LENGTH [F; F] ∧ LENGTH [F; F] ≤ LENGTH [8; 3; 6; 1] ∧ EVERY (λx. MEM x [8; 3; 6; 1]) [] ⇔ T
fb_index_3_3_0=⊢ filter_bitmap [F; F] (index_list [8; 3] 0) = SOME ([],[]) ⇔ T
fb_index_3_3_7=⊢ filter_bitmap [F; F] (index_list [8; 3] 7) = SOME ([],[]) ⇔ T
fb_zip_reconstruct_3=⊢ filter_bitmap [F; F] [0; 1] = SOME (MAP FST (FILTER SND (ZIP ([0; 1],[F; F]))),[]) ⇔ T
fb_output_4_0=⊢ filter_bitmap [T; F] [] = NONE ⇔ T
fb_pair_output_4_0=⊢ filter_bitmap [T; F] [] = NONE ⇔ T
fb_index_4_0_0=⊢ filter_bitmap [T; F] (index_list [] 0) = NONE ⇔ T
fb_index_4_0_7=⊢ filter_bitmap [T; F] (index_list [] 7) = NONE ⇔ T
fb_output_4_1=⊢ filter_bitmap [T; F] [3] = NONE ⇔ T
fb_pair_output_4_1=⊢ filter_bitmap [T; F] [(3,96)] = NONE ⇔ T
fb_index_4_1_0=⊢ filter_bitmap [T; F] (index_list [3] 0) = NONE ⇔ T
fb_index_4_1_7=⊢ filter_bitmap [T; F] (index_list [3] 7) = NONE ⇔ T
fb_output_4_2=⊢ filter_bitmap [T; F] [2; 5] = SOME ([2],[]) ⇔ T
fb_pair_output_4_2=⊢ filter_bitmap [T; F] [(2,97); (5,94)] = SOME ([(2,97)],[]) ⇔ T
fb_bounds_mem_4_2=⊢ LENGTH [2] ≤ LENGTH [T; F] ∧ LENGTH [T; F] ≤ LENGTH [2; 5] ∧ EVERY (λx. MEM x [2; 5]) [2] ⇔ T
fb_index_4_2_0=⊢ filter_bitmap [T; F] (index_list [2; 5] 0) = SOME ([(1,2)],[]) ⇔ T
fb_index_4_2_7=⊢ filter_bitmap [T; F] (index_list [2; 5] 7) = SOME ([(8,2)],[]) ⇔ T
fb_output_4_3=⊢ filter_bitmap [T; F] [8; 3; 6; 1] = SOME ([8],[6; 1]) ⇔ T
fb_pair_output_4_3=⊢ filter_bitmap [T; F] [(8,91); (3,96); (6,93); (1,98)] = SOME ([(8,91)],[(6,93); (1,98)]) ⇔ T
fb_bounds_mem_4_3=⊢ LENGTH [8] ≤ LENGTH [T; F] ∧ LENGTH [T; F] ≤ LENGTH [8; 3; 6; 1] ∧ EVERY (λx. MEM x [8; 3; 6; 1]) [8] ⇔ T
fb_index_4_3_0=⊢ filter_bitmap [T; F] (index_list [8; 3] 0) = SOME ([(1,8)],[]) ⇔ T
fb_index_4_3_7=⊢ filter_bitmap [T; F] (index_list [8; 3] 7) = SOME ([(8,8)],[]) ⇔ T
fb_zip_reconstruct_4=⊢ filter_bitmap [T; F] [0; 1] = SOME (MAP FST (FILTER SND (ZIP ([0; 1],[T; F]))),[]) ⇔ T
fb_output_5_0=⊢ filter_bitmap [F; T] [] = NONE ⇔ T
fb_pair_output_5_0=⊢ filter_bitmap [F; T] [] = NONE ⇔ T
fb_index_5_0_0=⊢ filter_bitmap [F; T] (index_list [] 0) = NONE ⇔ T
fb_index_5_0_7=⊢ filter_bitmap [F; T] (index_list [] 7) = NONE ⇔ T
fb_output_5_1=⊢ filter_bitmap [F; T] [3] = NONE ⇔ T
fb_pair_output_5_1=⊢ filter_bitmap [F; T] [(3,96)] = NONE ⇔ T
fb_index_5_1_0=⊢ filter_bitmap [F; T] (index_list [3] 0) = NONE ⇔ T
fb_index_5_1_7=⊢ filter_bitmap [F; T] (index_list [3] 7) = NONE ⇔ T
fb_output_5_2=⊢ filter_bitmap [F; T] [2; 5] = SOME ([5],[]) ⇔ T
fb_pair_output_5_2=⊢ filter_bitmap [F; T] [(2,97); (5,94)] = SOME ([(5,94)],[]) ⇔ T
fb_bounds_mem_5_2=⊢ LENGTH [5] ≤ LENGTH [F; T] ∧ LENGTH [F; T] ≤ LENGTH [2; 5] ∧ EVERY (λx. MEM x [2; 5]) [5] ⇔ T
fb_index_5_2_0=⊢ filter_bitmap [F; T] (index_list [2; 5] 0) = SOME ([(0,5)],[]) ⇔ T
fb_index_5_2_7=⊢ filter_bitmap [F; T] (index_list [2; 5] 7) = SOME ([(7,5)],[]) ⇔ T
fb_output_5_3=⊢ filter_bitmap [F; T] [8; 3; 6; 1] = SOME ([3],[6; 1]) ⇔ T
fb_pair_output_5_3=⊢ filter_bitmap [F; T] [(8,91); (3,96); (6,93); (1,98)] = SOME ([(3,96)],[(6,93); (1,98)]) ⇔ T
fb_bounds_mem_5_3=⊢ LENGTH [3] ≤ LENGTH [F; T] ∧ LENGTH [F; T] ≤ LENGTH [8; 3; 6; 1] ∧ EVERY (λx. MEM x [8; 3; 6; 1]) [3] ⇔ T
fb_index_5_3_0=⊢ filter_bitmap [F; T] (index_list [8; 3] 0) = SOME ([(0,3)],[]) ⇔ T
fb_index_5_3_7=⊢ filter_bitmap [F; T] (index_list [8; 3] 7) = SOME ([(7,3)],[]) ⇔ T
fb_zip_reconstruct_5=⊢ filter_bitmap [F; T] [0; 1] = SOME (MAP FST (FILTER SND (ZIP ([0; 1],[F; T]))),[]) ⇔ T
fb_output_6_0=⊢ filter_bitmap [T; T] [] = NONE ⇔ T
fb_pair_output_6_0=⊢ filter_bitmap [T; T] [] = NONE ⇔ T
fb_index_6_0_0=⊢ filter_bitmap [T; T] (index_list [] 0) = NONE ⇔ T
fb_index_6_0_7=⊢ filter_bitmap [T; T] (index_list [] 7) = NONE ⇔ T
fb_output_6_1=⊢ filter_bitmap [T; T] [3] = NONE ⇔ T
fb_pair_output_6_1=⊢ filter_bitmap [T; T] [(3,96)] = NONE ⇔ T
fb_index_6_1_0=⊢ filter_bitmap [T; T] (index_list [3] 0) = NONE ⇔ T
fb_index_6_1_7=⊢ filter_bitmap [T; T] (index_list [3] 7) = NONE ⇔ T
fb_output_6_2=⊢ filter_bitmap [T; T] [2; 5] = SOME ([2; 5],[]) ⇔ T
fb_pair_output_6_2=⊢ filter_bitmap [T; T] [(2,97); (5,94)] = SOME ([(2,97); (5,94)],[]) ⇔ T
fb_bounds_mem_6_2=⊢ LENGTH [2; 5] ≤ LENGTH [T; T] ∧ LENGTH [T; T] ≤ LENGTH [2; 5] ∧ EVERY (λx. MEM x [2; 5]) [2; 5] ⇔ T
fb_index_6_2_0=⊢ filter_bitmap [T; T] (index_list [2; 5] 0) = SOME ([(1,2); (0,5)],[]) ⇔ T
fb_index_6_2_7=⊢ filter_bitmap [T; T] (index_list [2; 5] 7) = SOME ([(8,2); (7,5)],[]) ⇔ T
fb_output_6_3=⊢ filter_bitmap [T; T] [8; 3; 6; 1] = SOME ([8; 3],[6; 1]) ⇔ T
fb_pair_output_6_3=⊢ filter_bitmap [T; T] [(8,91); (3,96); (6,93); (1,98)] = SOME ([(8,91); (3,96)],[(6,93); (1,98)]) ⇔ T
fb_bounds_mem_6_3=⊢ LENGTH [8; 3] ≤ LENGTH [T; T] ∧ LENGTH [T; T] ≤ LENGTH [8; 3; 6; 1] ∧ EVERY (λx. MEM x [8; 3; 6; 1]) [8; 3] ⇔ T
fb_index_6_3_0=⊢ filter_bitmap [T; T] (index_list [8; 3] 0) = SOME ([(1,8); (0,3)],[]) ⇔ T
fb_index_6_3_7=⊢ filter_bitmap [T; T] (index_list [8; 3] 7) = SOME ([(8,8); (7,3)],[]) ⇔ T
fb_zip_reconstruct_6=⊢ filter_bitmap [T; T] [0; 1] = SOME (MAP FST (FILTER SND (ZIP ([0; 1],[T; T]))),[]) ⇔ T
fb_output_7_0=⊢ filter_bitmap [T; F; T] [] = NONE ⇔ T
fb_pair_output_7_0=⊢ filter_bitmap [T; F; T] [] = NONE ⇔ T
fb_index_7_0_0=⊢ filter_bitmap [T; F; T] (index_list [] 0) = NONE ⇔ T
fb_index_7_0_7=⊢ filter_bitmap [T; F; T] (index_list [] 7) = NONE ⇔ T
fb_output_7_1=⊢ filter_bitmap [T; F; T] [3] = NONE ⇔ T
fb_pair_output_7_1=⊢ filter_bitmap [T; F; T] [(3,96)] = NONE ⇔ T
fb_index_7_1_0=⊢ filter_bitmap [T; F; T] (index_list [3] 0) = NONE ⇔ T
fb_index_7_1_7=⊢ filter_bitmap [T; F; T] (index_list [3] 7) = NONE ⇔ T
fb_output_7_2=⊢ filter_bitmap [T; F; T] [2; 5] = NONE ⇔ T
fb_pair_output_7_2=⊢ filter_bitmap [T; F; T] [(2,97); (5,94)] = NONE ⇔ T
fb_index_7_2_0=⊢ filter_bitmap [T; F; T] (index_list [2; 5] 0) = NONE ⇔ T
fb_index_7_2_7=⊢ filter_bitmap [T; F; T] (index_list [2; 5] 7) = NONE ⇔ T
fb_output_7_3=⊢ filter_bitmap [T; F; T] [8; 3; 6; 1] = SOME ([8; 6],[1]) ⇔ T
fb_pair_output_7_3=⊢ filter_bitmap [T; F; T] [(8,91); (3,96); (6,93); (1,98)] = SOME ([(8,91); (6,93)],[(1,98)]) ⇔ T
fb_bounds_mem_7_3=⊢ LENGTH [8; 6] ≤ LENGTH [T; F; T] ∧ LENGTH [T; F; T] ≤ LENGTH [8; 3; 6; 1] ∧ EVERY (λx. MEM x [8; 3; 6; 1]) [8; 6] ⇔ T
fb_index_7_3_0=⊢ filter_bitmap [T; F; T] (index_list [8; 3; 6] 0) = SOME ([(2,8); (0,6)],[]) ⇔ T
fb_index_7_3_7=⊢ filter_bitmap [T; F; T] (index_list [8; 3; 6] 7) = SOME ([(9,8); (7,6)],[]) ⇔ T
fb_zip_reconstruct_7=⊢ filter_bitmap [T; F; T] [0; 1; 2] = SOME (MAP FST (FILTER SND (ZIP ([0; 1; 2],[T; F; T]))),[]) ⇔ T
