anf_full=⊢ ∀c perf p bs kf. (perf ⇔ F) ∧ post_alloc_conventions (FST kf) p ∧ full_inst_ok_less c p ∧ (c.two_reg_arith ⇒ every_inst two_reg_inst p) ∧ (no_share_inst p ∨ c.ISA ≠ Ag32) ∧ FST kf + 1 < c.reg_count − LENGTH c.avoid_regs ∧ 4 < FST kf ⇒ stack_asm_name c (FST (comp c perf p bs kf))
anf_1_skip_valid=T
anf_1_skip_guard=T
anf_1_skip_target=T
anf_1_move_valid=T
anf_1_move_guard=T
anf_1_move_target=T
anf_1_assign_valid=T
anf_1_assign_guard=T
anf_1_assign_target=T
anf_1_get_valid=T
anf_1_get_guard=T
anf_1_get_target=T
anf_1_set_valid=T
anf_1_set_guard=T
anf_1_set_target=T
anf_1_store_valid=T
anf_1_store_guard=T
anf_1_store_target=T
anf_1_alloc_valid=T
anf_1_alloc_guard=T
anf_1_alloc_target=T
anf_1_store_consts_valid=T
anf_1_store_consts_guard=T
anf_1_store_consts_target=T
anf_1_raise_valid=T
anf_1_raise_guard=T
anf_1_raise_target=T
anf_1_return_valid=T
anf_1_return_guard=T
anf_1_return_target=T
anf_1_break_valid=T
anf_1_break_guard=T
anf_1_break_target=T
anf_1_continue_valid=T
anf_1_continue_guard=T
anf_1_continue_target=T
anf_1_tick_valid=T
anf_1_tick_guard=T
anf_1_tick_target=T
anf_1_heap_valid=T
anf_1_heap_guard=T
anf_1_heap_target=T
anf_1_location_valid=T
anf_1_location_guard=T
anf_1_location_target=T
anf_1_install_valid=T
anf_1_install_guard=T
anf_1_install_target=T
anf_1_code_valid=T
anf_1_code_guard=T
anf_1_code_target=T
anf_1_data_valid=T
anf_1_data_guard=T
anf_1_data_target=T
anf_1_ffi_valid=T
anf_1_ffi_guard=T
anf_1_ffi_target=T
anf_1_move_empty_valid=T
anf_1_move_empty_guard=T
anf_1_move_empty_target=T
anf_1_move_odd_valid=T
anf_1_move_odd_guard=F
anf_1_move_odd_target=T
anf_1_set_bitmap_valid=T
anf_1_set_bitmap_guard=T
anf_1_set_bitmap_target=T
anf_1_set_nonvar_valid=T
anf_1_set_nonvar_guard=T
anf_1_set_nonvar_target=T
anf_1_alloc_empty_valid=T
anf_1_alloc_empty_guard=T
anf_1_alloc_empty_target=T
anf_1_return_zero_valid=T
anf_1_return_zero_guard=T
anf_1_return_zero_target=T
anf_1_constants_empty_valid=T
anf_1_constants_empty_guard=T
anf_1_constants_empty_target=T
anf_1_heap_reject_valid=T
anf_1_heap_reject_guard=F
anf_1_heap_reject_target=F
anf_1_code_underflow_valid=T
anf_1_code_underflow_guard=F
anf_1_code_underflow_target=F
anf_1_move_minimum_valid=T
anf_1_move_minimum_guard=F
anf_1_move_minimum_target=T
anf_1_return_odd_valid=T
anf_1_return_odd_guard=F
anf_1_return_odd_target=T
anf_1_ffi_reject_valid=T
anf_1_ffi_reject_guard=F
anf_1_ffi_reject_target=T
anf_2_skip_valid=T
anf_2_skip_guard=T
anf_2_skip_target=T
anf_2_move_valid=T
anf_2_move_guard=T
anf_2_move_target=T
anf_2_assign_valid=T
anf_2_assign_guard=T
anf_2_assign_target=T
anf_2_get_valid=T
anf_2_get_guard=T
anf_2_get_target=T
anf_2_set_valid=T
anf_2_set_guard=T
anf_2_set_target=T
anf_2_store_valid=T
anf_2_store_guard=T
anf_2_store_target=T
anf_2_alloc_valid=T
anf_2_alloc_guard=T
anf_2_alloc_target=T
anf_2_store_consts_valid=T
anf_2_store_consts_guard=T
anf_2_store_consts_target=T
anf_2_raise_valid=T
anf_2_raise_guard=T
anf_2_raise_target=T
anf_2_return_valid=T
anf_2_return_guard=T
anf_2_return_target=T
anf_2_break_valid=T
anf_2_break_guard=T
anf_2_break_target=T
anf_2_continue_valid=T
anf_2_continue_guard=T
anf_2_continue_target=T
anf_2_tick_valid=T
anf_2_tick_guard=T
anf_2_tick_target=T
anf_2_heap_valid=T
anf_2_heap_guard=T
anf_2_heap_target=T
anf_2_location_valid=T
anf_2_location_guard=T
anf_2_location_target=T
anf_2_install_valid=T
anf_2_install_guard=T
anf_2_install_target=T
anf_2_code_valid=T
anf_2_code_guard=T
anf_2_code_target=T
anf_2_data_valid=T
anf_2_data_guard=T
anf_2_data_target=T
anf_2_ffi_valid=T
anf_2_ffi_guard=T
anf_2_ffi_target=T
anf_2_move_empty_valid=T
anf_2_move_empty_guard=T
anf_2_move_empty_target=T
anf_2_move_odd_valid=T
anf_2_move_odd_guard=F
anf_2_move_odd_target=T
anf_2_set_bitmap_valid=T
anf_2_set_bitmap_guard=T
anf_2_set_bitmap_target=T
anf_2_set_nonvar_valid=T
anf_2_set_nonvar_guard=T
anf_2_set_nonvar_target=T
anf_2_alloc_empty_valid=T
anf_2_alloc_empty_guard=T
anf_2_alloc_empty_target=T
anf_2_return_zero_valid=T
anf_2_return_zero_guard=T
anf_2_return_zero_target=T
anf_2_constants_empty_valid=T
anf_2_constants_empty_guard=T
anf_2_constants_empty_target=T
anf_2_heap_reject_valid=T
anf_2_heap_reject_guard=F
anf_2_heap_reject_target=F
anf_2_code_underflow_valid=T
anf_2_code_underflow_guard=F
anf_2_code_underflow_target=F
anf_2_move_minimum_valid=T
anf_2_move_minimum_guard=F
anf_2_move_minimum_target=T
anf_2_return_odd_valid=T
anf_2_return_odd_guard=F
anf_2_return_odd_target=T
anf_2_ffi_reject_valid=T
anf_2_ffi_reject_guard=F
anf_2_ffi_reject_target=T
anf_8_skip_valid=T
anf_8_skip_guard=T
anf_8_skip_target=T
anf_8_move_valid=T
anf_8_move_guard=T
anf_8_move_target=T
anf_8_assign_valid=T
anf_8_assign_guard=T
anf_8_assign_target=T
anf_8_get_valid=T
anf_8_get_guard=T
anf_8_get_target=T
anf_8_set_valid=T
anf_8_set_guard=T
anf_8_set_target=T
anf_8_store_valid=T
anf_8_store_guard=T
anf_8_store_target=T
anf_8_alloc_valid=T
anf_8_alloc_guard=T
anf_8_alloc_target=T
anf_8_store_consts_valid=T
anf_8_store_consts_guard=T
anf_8_store_consts_target=T
anf_8_raise_valid=T
anf_8_raise_guard=T
anf_8_raise_target=T
anf_8_return_valid=T
anf_8_return_guard=T
anf_8_return_target=T
anf_8_break_valid=T
anf_8_break_guard=T
anf_8_break_target=T
anf_8_continue_valid=T
anf_8_continue_guard=T
anf_8_continue_target=T
anf_8_tick_valid=T
anf_8_tick_guard=T
anf_8_tick_target=T
anf_8_heap_valid=T
anf_8_heap_guard=T
anf_8_heap_target=T
anf_8_location_valid=T
anf_8_location_guard=T
anf_8_location_target=T
anf_8_install_valid=T
anf_8_install_guard=T
anf_8_install_target=T
anf_8_code_valid=T
anf_8_code_guard=T
anf_8_code_target=T
anf_8_data_valid=T
anf_8_data_guard=T
anf_8_data_target=T
anf_8_ffi_valid=T
anf_8_ffi_guard=T
anf_8_ffi_target=T
anf_8_move_empty_valid=T
anf_8_move_empty_guard=T
anf_8_move_empty_target=T
anf_8_move_odd_valid=T
anf_8_move_odd_guard=F
anf_8_move_odd_target=T
anf_8_set_bitmap_valid=T
anf_8_set_bitmap_guard=T
anf_8_set_bitmap_target=T
anf_8_set_nonvar_valid=T
anf_8_set_nonvar_guard=T
anf_8_set_nonvar_target=T
anf_8_alloc_empty_valid=T
anf_8_alloc_empty_guard=T
anf_8_alloc_empty_target=T
anf_8_return_zero_valid=T
anf_8_return_zero_guard=T
anf_8_return_zero_target=T
anf_8_constants_empty_valid=T
anf_8_constants_empty_guard=T
anf_8_constants_empty_target=T
anf_8_heap_reject_valid=T
anf_8_heap_reject_guard=F
anf_8_heap_reject_target=F
anf_8_code_underflow_valid=T
anf_8_code_underflow_guard=F
anf_8_code_underflow_target=F
anf_8_move_minimum_valid=T
anf_8_move_minimum_guard=F
anf_8_move_minimum_target=T
anf_8_return_odd_valid=T
anf_8_return_odd_guard=F
anf_8_return_odd_target=T
anf_8_ffi_reject_valid=T
anf_8_ffi_reject_guard=F
anf_8_ffi_reject_target=T
anf_32_skip_valid=T
anf_32_skip_guard=T
anf_32_skip_target=T
anf_32_move_valid=T
anf_32_move_guard=T
anf_32_move_target=T
anf_32_assign_valid=T
anf_32_assign_guard=T
anf_32_assign_target=T
anf_32_get_valid=T
anf_32_get_guard=T
anf_32_get_target=T
anf_32_set_valid=T
anf_32_set_guard=T
anf_32_set_target=T
anf_32_store_valid=T
anf_32_store_guard=T
anf_32_store_target=T
anf_32_alloc_valid=T
anf_32_alloc_guard=T
anf_32_alloc_target=T
anf_32_store_consts_valid=T
anf_32_store_consts_guard=T
anf_32_store_consts_target=T
anf_32_raise_valid=T
anf_32_raise_guard=T
anf_32_raise_target=T
anf_32_return_valid=T
anf_32_return_guard=T
anf_32_return_target=T
anf_32_break_valid=T
anf_32_break_guard=T
anf_32_break_target=T
anf_32_continue_valid=T
anf_32_continue_guard=T
anf_32_continue_target=T
anf_32_tick_valid=T
anf_32_tick_guard=T
anf_32_tick_target=T
anf_32_heap_valid=T
anf_32_heap_guard=T
anf_32_heap_target=T
anf_32_location_valid=T
anf_32_location_guard=T
anf_32_location_target=T
anf_32_install_valid=T
anf_32_install_guard=T
anf_32_install_target=T
anf_32_code_valid=T
anf_32_code_guard=T
anf_32_code_target=T
anf_32_data_valid=T
anf_32_data_guard=T
anf_32_data_target=T
anf_32_ffi_valid=T
anf_32_ffi_guard=T
anf_32_ffi_target=T
anf_32_move_empty_valid=T
anf_32_move_empty_guard=T
anf_32_move_empty_target=T
anf_32_move_odd_valid=T
anf_32_move_odd_guard=F
anf_32_move_odd_target=T
anf_32_set_bitmap_valid=T
anf_32_set_bitmap_guard=T
anf_32_set_bitmap_target=T
anf_32_set_nonvar_valid=T
anf_32_set_nonvar_guard=T
anf_32_set_nonvar_target=T
anf_32_alloc_empty_valid=T
anf_32_alloc_empty_guard=T
anf_32_alloc_empty_target=T
anf_32_return_zero_valid=T
anf_32_return_zero_guard=T
anf_32_return_zero_target=T
anf_32_constants_empty_valid=T
anf_32_constants_empty_guard=T
anf_32_constants_empty_target=T
anf_32_heap_reject_valid=T
anf_32_heap_reject_guard=F
anf_32_heap_reject_target=F
anf_32_code_underflow_valid=T
anf_32_code_underflow_guard=F
anf_32_code_underflow_target=F
anf_32_move_minimum_valid=T
anf_32_move_minimum_guard=F
anf_32_move_minimum_target=T
anf_32_return_odd_valid=T
anf_32_return_odd_guard=F
anf_32_return_odd_target=T
anf_32_ffi_reject_valid=T
anf_32_ffi_reject_guard=F
anf_32_ffi_reject_target=T
anf_64_skip_valid=T
anf_64_skip_guard=T
anf_64_skip_target=T
anf_64_move_valid=T
anf_64_move_guard=T
anf_64_move_target=T
anf_64_assign_valid=T
anf_64_assign_guard=T
anf_64_assign_target=T
anf_64_get_valid=T
anf_64_get_guard=T
anf_64_get_target=T
anf_64_set_valid=T
anf_64_set_guard=T
anf_64_set_target=T
anf_64_store_valid=T
anf_64_store_guard=T
anf_64_store_target=T
anf_64_alloc_valid=T
anf_64_alloc_guard=T
anf_64_alloc_target=T
anf_64_store_consts_valid=T
anf_64_store_consts_guard=T
anf_64_store_consts_target=T
anf_64_raise_valid=T
anf_64_raise_guard=T
anf_64_raise_target=T
anf_64_return_valid=T
anf_64_return_guard=T
anf_64_return_target=T
anf_64_break_valid=T
anf_64_break_guard=T
anf_64_break_target=T
anf_64_continue_valid=T
anf_64_continue_guard=T
anf_64_continue_target=T
anf_64_tick_valid=T
anf_64_tick_guard=T
anf_64_tick_target=T
anf_64_heap_valid=T
anf_64_heap_guard=T
anf_64_heap_target=T
anf_64_location_valid=T
anf_64_location_guard=T
anf_64_location_target=T
anf_64_install_valid=T
anf_64_install_guard=T
anf_64_install_target=T
anf_64_code_valid=T
anf_64_code_guard=T
anf_64_code_target=T
anf_64_data_valid=T
anf_64_data_guard=T
anf_64_data_target=T
anf_64_ffi_valid=T
anf_64_ffi_guard=T
anf_64_ffi_target=T
anf_64_move_empty_valid=T
anf_64_move_empty_guard=T
anf_64_move_empty_target=T
anf_64_move_odd_valid=T
anf_64_move_odd_guard=F
anf_64_move_odd_target=T
anf_64_set_bitmap_valid=T
anf_64_set_bitmap_guard=T
anf_64_set_bitmap_target=T
anf_64_set_nonvar_valid=T
anf_64_set_nonvar_guard=T
anf_64_set_nonvar_target=T
anf_64_alloc_empty_valid=T
anf_64_alloc_empty_guard=T
anf_64_alloc_empty_target=T
anf_64_return_zero_valid=T
anf_64_return_zero_guard=T
anf_64_return_zero_target=T
anf_64_constants_empty_valid=T
anf_64_constants_empty_guard=T
anf_64_constants_empty_target=T
anf_64_heap_reject_valid=T
anf_64_heap_reject_guard=F
anf_64_heap_reject_target=F
anf_64_code_underflow_valid=T
anf_64_code_underflow_guard=F
anf_64_code_underflow_target=F
anf_64_move_minimum_valid=T
anf_64_move_minimum_guard=F
anf_64_move_minimum_target=T
anf_64_return_odd_valid=T
anf_64_return_odd_guard=F
anf_64_return_odd_target=T
anf_64_ffi_reject_valid=T
anf_64_ffi_reject_guard=F
anf_64_ffi_reject_target=T
anf_80_skip_valid=T
anf_80_skip_guard=T
anf_80_skip_target=T
anf_80_move_valid=T
anf_80_move_guard=T
anf_80_move_target=T
anf_80_assign_valid=T
anf_80_assign_guard=T
anf_80_assign_target=T
anf_80_get_valid=T
anf_80_get_guard=T
anf_80_get_target=T
anf_80_set_valid=T
anf_80_set_guard=T
anf_80_set_target=T
anf_80_store_valid=T
anf_80_store_guard=T
anf_80_store_target=T
anf_80_alloc_valid=T
anf_80_alloc_guard=T
anf_80_alloc_target=T
anf_80_store_consts_valid=T
anf_80_store_consts_guard=T
anf_80_store_consts_target=T
anf_80_raise_valid=T
anf_80_raise_guard=T
anf_80_raise_target=T
anf_80_return_valid=T
anf_80_return_guard=T
anf_80_return_target=T
anf_80_break_valid=T
anf_80_break_guard=T
anf_80_break_target=T
anf_80_continue_valid=T
anf_80_continue_guard=T
anf_80_continue_target=T
anf_80_tick_valid=T
anf_80_tick_guard=T
anf_80_tick_target=T
anf_80_heap_valid=T
anf_80_heap_guard=T
anf_80_heap_target=T
anf_80_location_valid=T
anf_80_location_guard=T
anf_80_location_target=T
anf_80_install_valid=T
anf_80_install_guard=T
anf_80_install_target=T
anf_80_code_valid=T
anf_80_code_guard=T
anf_80_code_target=T
anf_80_data_valid=T
anf_80_data_guard=T
anf_80_data_target=T
anf_80_ffi_valid=T
anf_80_ffi_guard=T
anf_80_ffi_target=T
anf_80_move_empty_valid=T
anf_80_move_empty_guard=T
anf_80_move_empty_target=T
anf_80_move_odd_valid=T
anf_80_move_odd_guard=F
anf_80_move_odd_target=T
anf_80_set_bitmap_valid=T
anf_80_set_bitmap_guard=T
anf_80_set_bitmap_target=T
anf_80_set_nonvar_valid=T
anf_80_set_nonvar_guard=T
anf_80_set_nonvar_target=T
anf_80_alloc_empty_valid=T
anf_80_alloc_empty_guard=T
anf_80_alloc_empty_target=T
anf_80_return_zero_valid=T
anf_80_return_zero_guard=T
anf_80_return_zero_target=T
anf_80_constants_empty_valid=T
anf_80_constants_empty_guard=T
anf_80_constants_empty_target=T
anf_80_heap_reject_valid=T
anf_80_heap_reject_guard=F
anf_80_heap_reject_target=F
anf_80_code_underflow_valid=T
anf_80_code_underflow_guard=F
anf_80_code_underflow_target=F
anf_80_move_minimum_valid=T
anf_80_move_minimum_guard=F
anf_80_move_minimum_target=T
anf_80_return_odd_valid=T
anf_80_return_odd_guard=F
anf_80_return_odd_target=T
anf_80_ffi_reject_valid=T
anf_80_ffi_reject_guard=F
anf_80_ffi_reject_target=T
