rbm_full=⊢ ∀p k k'. reg_bound p k ∧ k ≤ k' ⇒ reg_bound p k'
rbm_inst_8_0_1=(T,T)
rbm_inst_8_100_1=(T,T)
rbm_inst_9_1_1=(F,T)
rbm_inst_9_2_1=(T,T)
rbm_inst_10_2_1=(F,T)
rbm_inst_10_3_1=(T,T)
rbm_inst_11_2_1=(F,T)
rbm_inst_11_3_1=(T,T)
rbm_inst_12_2_1=(F,T)
rbm_inst_12_3_1=(T,T)
rbm_inst_13_2_1=(F,T)
rbm_inst_13_3_1=(T,T)
rbm_inst_14_2_1=(F,T)
rbm_inst_14_3_1=(T,T)
rbm_inst_15_2_1=(F,T)
rbm_inst_15_3_1=(T,T)
rbm_inst_16_2_1=(F,T)
rbm_inst_16_3_1=(T,T)
rbm_inst_17_2_1=(F,T)
rbm_inst_17_3_1=(T,T)
rbm_inst_18_3_1=(F,T)
rbm_inst_18_4_1=(T,T)
rbm_inst_19_2_1=(F,T)
rbm_inst_19_3_1=(T,T)
rbm_inst_20_3_1=(F,T)
rbm_inst_20_4_1=(T,T)
rbm_inst_21_2_1=(F,T)
rbm_inst_21_3_1=(T,T)
rbm_inst_22_3_1=(F,T)
rbm_inst_22_4_1=(T,T)
rbm_inst_23_4_1=(F,T)
rbm_inst_23_5_1=(T,T)
rbm_inst_24_5_1=(F,T)
rbm_inst_24_6_1=(T,T)
rbm_inst_25_4_1=(F,T)
rbm_inst_25_5_1=(T,T)
rbm_inst_26_4_1=(F,T)
rbm_inst_26_5_1=(T,T)
rbm_inst_27_4_1=(F,T)
rbm_inst_27_5_1=(T,T)
rbm_inst_28_1_1=(F,T)
rbm_inst_28_2_1=(T,T)
rbm_inst_29_1_1=(F,T)
rbm_inst_29_2_1=(T,T)
rbm_inst_30_1_1=(F,T)
rbm_inst_30_2_1=(T,T)
rbm_inst_31_0_1=(T,T)
rbm_inst_31_100_1=(T,T)
rbm_inst_32_0_1=(T,T)
rbm_inst_32_100_1=(T,T)
rbm_inst_33_0_1=(T,T)
rbm_inst_33_100_1=(T,T)
rbm_inst_34_0_1=(T,T)
rbm_inst_34_100_1=(T,T)
rbm_inst_35_0_1=(T,T)
rbm_inst_35_100_1=(T,T)
rbm_inst_36_0_1=(T,T)
rbm_inst_36_100_1=(T,T)
rbm_inst_37_0_1=(T,T)
rbm_inst_37_100_1=(T,T)
rbm_inst_38_0_1=(T,T)
rbm_inst_38_100_1=(T,T)
rbm_inst_39_0_1=(T,T)
rbm_inst_39_100_1=(T,T)
rbm_inst_40_0_1=(T,T)
rbm_inst_40_100_1=(T,T)
rbm_inst_41_0_1=(T,T)
rbm_inst_41_100_1=(T,T)
rbm_inst_42_2_1=(F,T)
rbm_inst_42_3_1=(T,T)
rbm_inst_43_2_1=(F,T)
rbm_inst_43_3_1=(T,T)
rbm_prog_44_0_1=(T,T)
rbm_prog_44_100_1=(T,T)
rbm_prog_45_1_1=(F,T)
rbm_prog_45_2_1=(T,T)
rbm_prog_46_1_1=(F,T)
rbm_prog_46_2_1=(T,T)
rbm_prog_47_1_1=(F,T)
rbm_prog_47_2_1=(T,T)
rbm_prog_48_0_1=(F,F)
rbm_prog_48_100_1=(F,F)
rbm_prog_49_2_1=(F,T)
rbm_prog_49_3_1=(T,T)
rbm_prog_50_0_1=(T,T)
rbm_prog_50_100_1=(T,T)
rbm_prog_51_2_1=(F,T)
rbm_prog_51_3_1=(T,T)
rbm_prog_52_3_1=(F,T)
rbm_prog_52_4_1=(T,T)
rbm_prog_53_2_1=(F,T)
rbm_prog_53_3_1=(T,T)
rbm_prog_54_3_1=(F,T)
rbm_prog_54_4_1=(T,T)
rbm_prog_55_1_1=(F,T)
rbm_prog_55_2_1=(T,T)
rbm_prog_56_2_1=(F,T)
rbm_prog_56_3_1=(T,T)
rbm_prog_57_2_1=(F,T)
rbm_prog_57_3_1=(T,T)
rbm_prog_58_0_1=(T,T)
rbm_prog_58_100_1=(T,T)
rbm_prog_59_3_1=(F,T)
rbm_prog_59_4_1=(T,T)
rbm_prog_60_1_1=(F,T)
rbm_prog_60_2_1=(T,T)
rbm_prog_61_1_1=(F,T)
rbm_prog_61_2_1=(T,T)
rbm_prog_62_0_1=(T,T)
rbm_prog_62_100_1=(T,T)
rbm_prog_63_0_1=(T,T)
rbm_prog_63_100_1=(T,T)
rbm_prog_64_5_1=(F,T)
rbm_prog_64_6_1=(T,T)
rbm_prog_65_0_1=(T,T)
rbm_prog_65_100_1=(T,T)
rbm_prog_66_1_1=(F,T)
rbm_prog_66_2_1=(T,T)
rbm_prog_67_5_1=(F,T)
rbm_prog_67_6_1=(T,T)
rbm_prog_68_2_1=(F,T)
rbm_prog_68_3_1=(T,T)
rbm_prog_69_2_1=(F,T)
rbm_prog_69_3_1=(T,T)
rbm_prog_70_2_1=(F,T)
rbm_prog_70_3_1=(T,T)
rbm_prog_71_0_1=(T,T)
rbm_prog_71_100_1=(T,T)
rbm_prog_72_0_1=(T,T)
rbm_prog_72_100_1=(T,T)
rbm_prog_73_0_1=(T,T)
rbm_prog_73_100_1=(T,T)
rbm_prog_74_1_1=(F,T)
rbm_prog_74_2_1=(T,T)
rbm_prog_75_999_1=(F,T)
rbm_prog_75_1000_1=(T,T)
rbm_prog_76_1_1=(F,T)
rbm_prog_76_2_1=(T,T)
rbm_prog_77_999_1=(F,T)
rbm_prog_77_1000_1=(T,T)
rbm_prog_78_2_1=(F,T)
rbm_prog_78_3_1=(T,T)
rbm_prog_79_2_1=(F,T)
rbm_prog_79_3_1=(T,T)
rbm_prog_80_1_1=(F,T)
rbm_prog_80_2_1=(T,T)
rbm_prog_81_1_1=(F,T)
rbm_prog_81_2_1=(T,T)
rbm_prog_82_2_1=(F,T)
rbm_prog_82_3_1=(T,T)
rbm_prog_83_1_1=(F,T)
rbm_prog_83_2_1=(T,T)
rbm_inst_8_0_64=(T,T)
rbm_inst_8_100_64=(T,T)
rbm_inst_9_1_64=(F,T)
rbm_inst_9_2_64=(T,T)
rbm_inst_10_2_64=(F,T)
rbm_inst_10_3_64=(T,T)
rbm_inst_11_2_64=(F,T)
rbm_inst_11_3_64=(T,T)
rbm_inst_12_2_64=(F,T)
rbm_inst_12_3_64=(T,T)
rbm_inst_13_2_64=(F,T)
rbm_inst_13_3_64=(T,T)
rbm_inst_14_2_64=(F,T)
rbm_inst_14_3_64=(T,T)
rbm_inst_15_2_64=(F,T)
rbm_inst_15_3_64=(T,T)
rbm_inst_16_2_64=(F,T)
rbm_inst_16_3_64=(T,T)
rbm_inst_17_2_64=(F,T)
rbm_inst_17_3_64=(T,T)
rbm_inst_18_3_64=(F,T)
rbm_inst_18_4_64=(T,T)
rbm_inst_19_2_64=(F,T)
rbm_inst_19_3_64=(T,T)
rbm_inst_20_3_64=(F,T)
rbm_inst_20_4_64=(T,T)
rbm_inst_21_2_64=(F,T)
rbm_inst_21_3_64=(T,T)
rbm_inst_22_3_64=(F,T)
rbm_inst_22_4_64=(T,T)
rbm_inst_23_4_64=(F,T)
rbm_inst_23_5_64=(T,T)
rbm_inst_24_5_64=(F,T)
rbm_inst_24_6_64=(T,T)
rbm_inst_25_4_64=(F,T)
rbm_inst_25_5_64=(T,T)
rbm_inst_26_4_64=(F,T)
rbm_inst_26_5_64=(T,T)
rbm_inst_27_4_64=(F,T)
rbm_inst_27_5_64=(T,T)
rbm_inst_28_1_64=(F,T)
rbm_inst_28_2_64=(T,T)
rbm_inst_29_1_64=(F,T)
rbm_inst_29_2_64=(T,T)
rbm_inst_30_1_64=(F,T)
rbm_inst_30_2_64=(T,T)
rbm_inst_31_0_64=(T,T)
rbm_inst_31_100_64=(T,T)
rbm_inst_32_0_64=(T,T)
rbm_inst_32_100_64=(T,T)
rbm_inst_33_0_64=(T,T)
rbm_inst_33_100_64=(T,T)
rbm_inst_34_0_64=(T,T)
rbm_inst_34_100_64=(T,T)
rbm_inst_35_0_64=(T,T)
rbm_inst_35_100_64=(T,T)
rbm_inst_36_0_64=(T,T)
rbm_inst_36_100_64=(T,T)
rbm_inst_37_0_64=(T,T)
rbm_inst_37_100_64=(T,T)
rbm_inst_38_0_64=(T,T)
rbm_inst_38_100_64=(T,T)
rbm_inst_39_0_64=(T,T)
rbm_inst_39_100_64=(T,T)
rbm_inst_40_0_64=(T,T)
rbm_inst_40_100_64=(T,T)
rbm_inst_41_0_64=(T,T)
rbm_inst_41_100_64=(T,T)
rbm_inst_42_2_64=(F,T)
rbm_inst_42_3_64=(T,T)
rbm_inst_43_2_64=(F,T)
rbm_inst_43_3_64=(T,T)
rbm_prog_44_0_64=(T,T)
rbm_prog_44_100_64=(T,T)
rbm_prog_45_1_64=(F,T)
rbm_prog_45_2_64=(T,T)
rbm_prog_46_1_64=(F,T)
rbm_prog_46_2_64=(T,T)
rbm_prog_47_1_64=(F,T)
rbm_prog_47_2_64=(T,T)
rbm_prog_48_0_64=(F,F)
rbm_prog_48_100_64=(F,F)
rbm_prog_49_2_64=(F,T)
rbm_prog_49_3_64=(T,T)
rbm_prog_50_0_64=(T,T)
rbm_prog_50_100_64=(T,T)
rbm_prog_51_2_64=(F,T)
rbm_prog_51_3_64=(T,T)
rbm_prog_52_3_64=(F,T)
rbm_prog_52_4_64=(T,T)
rbm_prog_53_2_64=(F,T)
rbm_prog_53_3_64=(T,T)
rbm_prog_54_3_64=(F,T)
rbm_prog_54_4_64=(T,T)
rbm_prog_55_1_64=(F,T)
rbm_prog_55_2_64=(T,T)
rbm_prog_56_2_64=(F,T)
rbm_prog_56_3_64=(T,T)
rbm_prog_57_2_64=(F,T)
rbm_prog_57_3_64=(T,T)
rbm_prog_58_0_64=(T,T)
rbm_prog_58_100_64=(T,T)
rbm_prog_59_3_64=(F,T)
rbm_prog_59_4_64=(T,T)
rbm_prog_60_1_64=(F,T)
rbm_prog_60_2_64=(T,T)
rbm_prog_61_1_64=(F,T)
rbm_prog_61_2_64=(T,T)
rbm_prog_62_0_64=(T,T)
rbm_prog_62_100_64=(T,T)
rbm_prog_63_0_64=(T,T)
rbm_prog_63_100_64=(T,T)
rbm_prog_64_5_64=(F,T)
rbm_prog_64_6_64=(T,T)
rbm_prog_65_0_64=(T,T)
rbm_prog_65_100_64=(T,T)
rbm_prog_66_1_64=(F,T)
rbm_prog_66_2_64=(T,T)
rbm_prog_67_5_64=(F,T)
rbm_prog_67_6_64=(T,T)
rbm_prog_68_2_64=(F,T)
rbm_prog_68_3_64=(T,T)
rbm_prog_69_2_64=(F,T)
rbm_prog_69_3_64=(T,T)
rbm_prog_70_2_64=(F,T)
rbm_prog_70_3_64=(T,T)
rbm_prog_71_0_64=(T,T)
rbm_prog_71_100_64=(T,T)
rbm_prog_72_0_64=(T,T)
rbm_prog_72_100_64=(T,T)
rbm_prog_73_0_64=(T,T)
rbm_prog_73_100_64=(T,T)
rbm_prog_74_1_64=(F,T)
rbm_prog_74_2_64=(T,T)
rbm_prog_75_999_64=(F,T)
rbm_prog_75_1000_64=(T,T)
rbm_prog_76_1_64=(F,T)
rbm_prog_76_2_64=(T,T)
rbm_prog_77_999_64=(F,T)
rbm_prog_77_1000_64=(T,T)
rbm_prog_78_2_64=(F,T)
rbm_prog_78_3_64=(T,T)
rbm_prog_79_2_64=(F,T)
rbm_prog_79_3_64=(T,T)
rbm_prog_80_1_64=(F,T)
rbm_prog_80_2_64=(T,T)
rbm_prog_81_1_64=(F,T)
rbm_prog_81_2_64=(T,T)
rbm_prog_82_2_64=(F,T)
rbm_prog_82_3_64=(T,T)
rbm_prog_83_1_64=(F,T)
rbm_prog_83_2_64=(T,T)
rbm_inst_8_0_80=(T,T)
rbm_inst_8_100_80=(T,T)
rbm_inst_9_1_80=(F,T)
rbm_inst_9_2_80=(T,T)
rbm_inst_10_2_80=(F,T)
rbm_inst_10_3_80=(T,T)
rbm_inst_11_2_80=(F,T)
rbm_inst_11_3_80=(T,T)
rbm_inst_12_2_80=(F,T)
rbm_inst_12_3_80=(T,T)
rbm_inst_13_2_80=(F,T)
rbm_inst_13_3_80=(T,T)
rbm_inst_14_2_80=(F,T)
rbm_inst_14_3_80=(T,T)
rbm_inst_15_2_80=(F,T)
rbm_inst_15_3_80=(T,T)
rbm_inst_16_2_80=(F,T)
rbm_inst_16_3_80=(T,T)
rbm_inst_17_2_80=(F,T)
rbm_inst_17_3_80=(T,T)
rbm_inst_18_3_80=(F,T)
rbm_inst_18_4_80=(T,T)
rbm_inst_19_2_80=(F,T)
rbm_inst_19_3_80=(T,T)
rbm_inst_20_3_80=(F,T)
rbm_inst_20_4_80=(T,T)
rbm_inst_21_2_80=(F,T)
rbm_inst_21_3_80=(T,T)
rbm_inst_22_3_80=(F,T)
rbm_inst_22_4_80=(T,T)
rbm_inst_23_4_80=(F,T)
rbm_inst_23_5_80=(T,T)
rbm_inst_24_5_80=(F,T)
rbm_inst_24_6_80=(T,T)
rbm_inst_25_4_80=(F,T)
rbm_inst_25_5_80=(T,T)
rbm_inst_26_4_80=(F,T)
rbm_inst_26_5_80=(T,T)
rbm_inst_27_4_80=(F,T)
rbm_inst_27_5_80=(T,T)
rbm_inst_28_1_80=(F,T)
rbm_inst_28_2_80=(T,T)
rbm_inst_29_1_80=(F,T)
rbm_inst_29_2_80=(T,T)
rbm_inst_30_1_80=(F,T)
rbm_inst_30_2_80=(T,T)
rbm_inst_31_0_80=(T,T)
rbm_inst_31_100_80=(T,T)
rbm_inst_32_0_80=(T,T)
rbm_inst_32_100_80=(T,T)
rbm_inst_33_0_80=(T,T)
rbm_inst_33_100_80=(T,T)
rbm_inst_34_0_80=(T,T)
rbm_inst_34_100_80=(T,T)
rbm_inst_35_0_80=(T,T)
rbm_inst_35_100_80=(T,T)
rbm_inst_36_0_80=(T,T)
rbm_inst_36_100_80=(T,T)
rbm_inst_37_0_80=(T,T)
rbm_inst_37_100_80=(T,T)
rbm_inst_38_0_80=(T,T)
rbm_inst_38_100_80=(T,T)
rbm_inst_39_0_80=(T,T)
rbm_inst_39_100_80=(T,T)
rbm_inst_40_0_80=(T,T)
rbm_inst_40_100_80=(T,T)
rbm_inst_41_0_80=(T,T)
rbm_inst_41_100_80=(T,T)
rbm_inst_42_2_80=(F,T)
rbm_inst_42_3_80=(T,T)
rbm_inst_43_2_80=(F,T)
rbm_inst_43_3_80=(T,T)
rbm_prog_44_0_80=(T,T)
rbm_prog_44_100_80=(T,T)
rbm_prog_45_1_80=(F,T)
rbm_prog_45_2_80=(T,T)
rbm_prog_46_1_80=(F,T)
rbm_prog_46_2_80=(T,T)
rbm_prog_47_1_80=(F,T)
rbm_prog_47_2_80=(T,T)
rbm_prog_48_0_80=(F,F)
rbm_prog_48_100_80=(F,F)
rbm_prog_49_2_80=(F,T)
rbm_prog_49_3_80=(T,T)
rbm_prog_50_0_80=(T,T)
rbm_prog_50_100_80=(T,T)
rbm_prog_51_2_80=(F,T)
rbm_prog_51_3_80=(T,T)
rbm_prog_52_3_80=(F,T)
rbm_prog_52_4_80=(T,T)
rbm_prog_53_2_80=(F,T)
rbm_prog_53_3_80=(T,T)
rbm_prog_54_3_80=(F,T)
rbm_prog_54_4_80=(T,T)
rbm_prog_55_1_80=(F,T)
rbm_prog_55_2_80=(T,T)
rbm_prog_56_2_80=(F,T)
rbm_prog_56_3_80=(T,T)
rbm_prog_57_2_80=(F,T)
rbm_prog_57_3_80=(T,T)
rbm_prog_58_0_80=(T,T)
rbm_prog_58_100_80=(T,T)
rbm_prog_59_3_80=(F,T)
rbm_prog_59_4_80=(T,T)
rbm_prog_60_1_80=(F,T)
rbm_prog_60_2_80=(T,T)
rbm_prog_61_1_80=(F,T)
rbm_prog_61_2_80=(T,T)
rbm_prog_62_0_80=(T,T)
rbm_prog_62_100_80=(T,T)
rbm_prog_63_0_80=(T,T)
rbm_prog_63_100_80=(T,T)
rbm_prog_64_5_80=(F,T)
rbm_prog_64_6_80=(T,T)
rbm_prog_65_0_80=(T,T)
rbm_prog_65_100_80=(T,T)
rbm_prog_66_1_80=(F,T)
rbm_prog_66_2_80=(T,T)
rbm_prog_67_5_80=(F,T)
rbm_prog_67_6_80=(T,T)
rbm_prog_68_2_80=(F,T)
rbm_prog_68_3_80=(T,T)
rbm_prog_69_2_80=(F,T)
rbm_prog_69_3_80=(T,T)
rbm_prog_70_2_80=(F,T)
rbm_prog_70_3_80=(T,T)
rbm_prog_71_0_80=(T,T)
rbm_prog_71_100_80=(T,T)
rbm_prog_72_0_80=(T,T)
rbm_prog_72_100_80=(T,T)
rbm_prog_73_0_80=(T,T)
rbm_prog_73_100_80=(T,T)
rbm_prog_74_1_80=(F,T)
rbm_prog_74_2_80=(T,T)
rbm_prog_75_999_80=(F,T)
rbm_prog_75_1000_80=(T,T)
rbm_prog_76_1_80=(F,T)
rbm_prog_76_2_80=(T,T)
rbm_prog_77_999_80=(F,T)
rbm_prog_77_1000_80=(T,T)
rbm_prog_78_2_80=(F,T)
rbm_prog_78_3_80=(T,T)
rbm_prog_79_2_80=(F,T)
rbm_prog_79_3_80=(T,T)
rbm_prog_80_1_80=(F,T)
rbm_prog_80_2_80=(T,T)
rbm_prog_81_1_80=(F,T)
rbm_prog_81_2_80=(T,T)
rbm_prog_82_2_80=(F,T)
rbm_prog_82_3_80=(T,T)
rbm_prog_83_1_80=(F,T)
rbm_prog_83_2_80=(T,T)
