ci_full=⊢ ∀ac perf prog bs kf prog' bs'. no_install prog ∧ comp ac perf prog bs kf = (prog',bs') ∧ (perf ⇔ F) ⇒ no_install prog'
ci_conf_type=:α asm_config
ci_perf_type=:bool
ci_source_type=:α prog
ci_bitmap_type=:α word app_list # num
ci_frame_type=:num # num # num
ci_target_type=:α stackLang$prog
ci_residual_type=:α word app_list # num
ci_skip_64=T
ci_move_64=T
ci_inst_64=T
ci_assign_64=T
ci_get_64=T
ci_set_64=T
ci_store_64=T
ci_alloc_64=T
ci_store_consts_64=T
ci_raise_64=T
ci_return_64=T
ci_break_64=T
ci_continue_64=T
ci_tick_64=T
ci_heap_64=T
ci_loc_64=T
ci_install_64=T
ci_code_write_64=T
ci_data_write_64=T
ci_ffi_64=T
ci_share_64=T
ci_must_64=T
ci_loop_64=T
ci_seq_64=T
ci_branch_64=T
ci_call_64=T
ci_nested_1=T
ci_if_1=T
ci_ignored_1=T
ci_nested_32=T
ci_if_32=T
ci_ignored_32=T
ci_nested_64=T
ci_if_64=T
ci_ignored_64=T
ci_nested_80=T
ci_if_80=T
ci_ignored_80=T
ci_ignored_install=T
