wcna_01_mt=(F,T)
wcna_02_seq=(F,T)
wcna_03_loop=(F,T)
wcna_04_if=(F,T)
wcna_05_call=(F,T)
wcna_06_alloc=(F,T)
wcna_07_loc=(T,T)
wcna_08_share=(T,T)
wcna_09_install=(T,T)
wcna_10_skip=(T,T)
wcna_11_move=(T,T)
wcna_12_inst=(T,T)
wcna_13_assign=(T,T)
wcna_14_get=(T,T)
wcna_15_set=(T,T)
wcna_16_store=(T,T)
wcna_17_consts=(T,T)
wcna_18_raise=(T,T)
wcna_19_return=(T,T)
wcna_20_break=(T,T)
wcna_21_continue=(T,T)
wcna_22_tick=(T,T)
wcna_23_heap=(T,T)
wcna_24_code=(T,T)
wcna_25_data=(T,T)
wcna_26_ffi=(T,T)
wcna_call_none_none_width1=(T,T)
wcna_call_return_only_width1=(F,T)
wcna_call_both_present_width1=(F,T)
