sc_skip=(Skip,BN (BS LN 10 (LS 12)) (BN LN (LS 11)),21)
sc_move=(Move1 [(21,11); (25,10)],BN (BS LN 21 (LS 12)) (BN (LS 25) (LS 21)),29)
sc_storeconsts=(Seq (Move1 [(4,10); (6,11)]) (Seq (StoreConsts 0 2 4 6 [(T,7w)]) (Move1 [(25,4); (21,6)])),BN (BS LN 25 (LS 12)) (BN LN (LS 21)),29)
sc_inst=(Inst (Const 21 5w),BN (BS LN 21 (LS 12)) (BN LN (LS 11)),25)
sc_assign=(Assign 21 (Op Add [Var 10; Var 12]),BN (BS LN 10 (LS 12)) (BN LN (LS 21)),25)
sc_get=(Get 21 NextFree,BN (BS LN 21 (LS 12)) (BN LN (LS 11)),25)
sc_store=(Store (Var 11) 12,BN (BS LN 10 (LS 12)) (BN LN (LS 11)),21)
sc_seq=(Seq (Assign 21 (Var 10)) (Assign 25 (Var 21)),BN (BS LN 25 (LS 12)) (BN LN (LS 21)),29)
sc_mustterminate=(MustTerminate (Assign 21 (Var 10)),BN (BS LN 10 (LS 12)) (BN LN (LS 21)),25)
sc_if=(If Equal 10 (Reg 11) (Seq (Assign 21 (Var 10)) (Seq (Move1 [(29,21)]) (Seq Skip (Inst (Const 33 0w))))) (Seq (Assign 25 (Var 12)) (Seq (Move1 [(29,11)]) (Seq Skip (Move1 [(33,25)])))),BN (BS LN 10 (LS 12)) (BN (LS 33) (LS 29)),37)
sc_if_skip=(If Less 10 (Imm 1w) (Seq Skip (Seq (Move 2 [(25,11)]) Skip)) (Seq (Assign 21 (Var 12)) (Seq (Move1 [(25,21)]) Skip)),BN (BS LN 10 (LS 12)) (BN LN (LS 25)),29)
sc_alloc=(Seq (Move0 [(23,12); (27,10)]) (Seq (Move1 [(2,11)]) (Seq (Alloc 2 (BN LN (BN LN (BN (BN (LS ()) LN) LN)),BN LN (BN LN (BN LN (BN (LS ()) LN))))) (Move0 [(33,23); (37,27)]))),BN (BS LN 37 (LS 33)) LN,41)
sc_raise=(Seq (Move1 [(2,11)]) (Raise 2),BN (BS LN 10 (LS 12)) (BN LN (LS 11)),21)
sc_opcurrheap=(OpCurrHeap Add 21 11,BN (BS LN 10 (LS 12)) (BN (LS 21) (LS 11)),25)
sc_return=(Seq (Move0 [(2,11); (4,12)]) (Return 10 [2; 4]),BN (BS LN 10 (LS 12)) (BN LN (LS 11)),21)
sc_tick=(Tick,BN (BS LN 10 (LS 12)) (BN LN (LS 11)),21)
sc_set=(Set NextFree (Var 11),BN (BS LN 10 (LS 12)) (BN LN (LS 11)),21)
sc_locvalue=(LocValue 21 9,BN (BS LN 10 (LS 12)) (BN LN (LS 21)),25)
sc_install=(Seq (Move0 [(23,12); (27,10)]) (Seq (Move1 [(2,27); (4,11)]) (Seq (Install 2 4 23 0 (BN LN (BN LN (BN (BN (LS ()) LN) LN)),BN LN (BN LN (BN LN (BN (LS ()) LN))))) (Seq (Move1 [(33,2)]) (Move0 [(37,23); (41,33)])))),BN (BS LN 41 (LS 37)) LN,45)
sc_codebufferwrite=(CodeBufferWrite 10 11,BN (BS LN 10 (LS 12)) (BN LN (LS 11)),21)
sc_databufferwrite=(DataBufferWrite 12 0,BN (BS LN 10 (LS 12)) (BN LN (LS 11)),21)
sc_ffi=(Seq (Move0 [(23,12); (27,10)]) (Seq (Move1 [(2,27); (4,11); (6,23); (8,0)]) (Seq (FFI «f» 2 4 6 8 (BN LN (BN LN (BN (BN (LS ()) LN) LN)),BN LN (BN LN (BN LN (BN (LS ()) LN))))) (Move0 [(33,23); (37,27)]))),BN (BS LN 37 (LS 33)) LN,41)
sc_call_tail=(Seq (Move1 [(0,11); (2,10)]) (Call NONE (SOME 7) [0; 2] NONE),BN (BS LN 10 (LS 12)) (BN LN (LS 11)),21)
sc_call_ret=(Seq (Move0 [(23,12); (27,10)]) (Seq (Move1 [(2,11)]) (Call (SOME ([2],(BN LN (BN LN (BN (BN (LS ()) LN) LN)),BN LN (BN LN (BN LN (BN (LS ()) LN)))),Seq (Move0 [(33,23); (37,27)]) (Seq (Move1 [(41,2)]) (Assign 45 (Var 41))),7,8)) (SOME 7) [2] NONE)),BN (BS LN 37 (LS 33)) (BN (LS 41) (LS 45)),49)
sc_call_handler=(Seq (Move0 [(23,12); (27,10)]) (Seq (Move1 [(2,11)]) (Call (SOME ([2],(BN LN (BN LN (BN (BN (LS ()) LN) LN)),BN LN (BN LN (BN LN (BN (LS ()) LN)))),Seq (Seq (Move0 [(33,23); (37,27)]) (Seq (Move1 [(41,2)]) (Assign 45 (Var 41)))) (Seq (Move1 [(57,33)]) (Seq (Seq (Seq Skip (Move1 [(61,41)])) (Inst (Const 65 0w))) (Move1 [(69,45)]))),7,8)) (SOME 7) [2] (SOME (2,Seq (Seq (Move0 [(33,23); (37,27)]) (Seq (Move1 [(49,2)]) (Assign 53 (Var 49)))) (Seq (Move1 [(57,53)]) (Seq (Seq (Seq Skip (Inst (Const 61 0w))) (Move1 [(65,49)])) (Inst (Const 69 0w)))),7,9)))),BN (BS LN 37 (LS 57)) (BN (BS LN 61 (LS 65)) (LS 69)),73)
sc_shareinst_load=(ShareInst Load 21 (Var 10),BN (BS LN 10 (LS 12)) (BN LN (LS 21)),25)
sc_shareinst_store=(ShareInst Store 11 (Var 10),BN (BS LN 10 (LS 12)) (BN LN (LS 11)),21)
sc_loop=(Seq (Seq Skip (Move0 [(21,11); (25,10)])) (Loop (BN LN (BN (BN LN (BN (LS ()) LN)) LN)) (Seq (Seq (Assign 29 (Var 25)) (Seq (Move1 [(25,29)]) (Continue 0))) (Move1 [(25,29)])) (BN LN (BN (BN (BN LN (LS ())) LN) LN))),BN LN (BN LN (LS 21)),33)
sc_loop_break=(Seq (Seq (Seq (Inst (Const 21 0w)) Skip) (Move0 [(25,11); (29,10)])) (Loop (BN LN (BN (BN (BN (LS ()) (LS ())) LN) LN)) (Seq (Assign 33 (Var 29)) (Seq (Move1 [(25,33)]) (Break 0))) (BN LN (BN (BN LN (BN (LS ()) LN)) LN))),BN LN (BN LN (LS 25)),37)
sc_break_free=(Break 4,BN (BS LN 10 (LS 12)) (BN LN (LS 11)),21)
sc_continue_free=(Continue 0,BN (BS LN 10 (LS 12)) (BN LN (LS 11)),21)
