wcnm_01_mt=(F,T)
wcnm_02_seq=(F,T)
wcnm_03_loop=(F,T)
wcnm_04_if=(F,T)
wcnm_05_call=(F,T)
wcnm_06_alloc=(T,T)
wcnm_07_loc=(T,T)
wcnm_08_share=(T,T)
wcnm_09_install=(T,T)
wcnm_10_skip=(T,T)
wcnm_11_move=(T,T)
wcnm_12_inst=(T,T)
wcnm_13_assign=(T,T)
wcnm_14_get=(T,T)
wcnm_15_set=(T,T)
wcnm_16_store=(T,T)
wcnm_17_consts=(T,T)
wcnm_18_raise=(T,T)
wcnm_19_return=(T,T)
wcnm_20_break=(T,T)
wcnm_21_continue=(T,T)
wcnm_22_tick=(T,T)
wcnm_23_heap=(T,T)
wcnm_24_code=(T,T)
wcnm_25_data=(T,T)
wcnm_26_ffi=(T,T)
wcnm_call_none_none_width1=(T,T)
wcnm_call_return_only_width1=(F,T)
wcnm_call_both_present_width1=(F,T)
